******************************************************************************
                  TI ARM Linker PC v20.2.5                     
******************************************************************************
>> Linked Sun May 14 14:09:36 2023

OUTPUT FILE NAME:   <single_phase_dq.out>
ENTRY POINT SYMBOL: "_c_int00_noargs"  address: 00003cf1


MEMORY CONFIGURATION

         name            origin    length      used     unused   attr    fill
----------------------  --------  ---------  --------  --------  ----  --------
  FLASH                 00000000   00040000  000042be  0003bd42  R  X
  SRAM                  20000000   00008000  00002c44  000053bc  RW X


SEGMENT ALLOCATION MAP

run origin  load origin   length   init length attrs members
----------  ----------- ---------- ----------- ----- -------
00000000    00000000    000042c8   000042c8    r-x
  00000000    00000000    0000026c   0000026c    r-- .intvecs
  0000026c    0000026c    00003d26   00003d26    r-x .text
  00003f98    00003f98    00000284   00000284    r-- .const
  00004220    00004220    000000a8   000000a8    r-- .cinit
20000000    20000000    00002c48   00000000    rw-
  20000000    20000000    0000026c   00000000    rw- .vtable
  20000270    20000270    00001000   00000000    rw- .stack
  20001270    20001270    00001000   00000000    rw- .sysmem
  20002270    20002270    000006d8   00000000    rw- .data
  20002948    20002948    00000300   00000000    rw- .bss


SECTION ALLOCATION MAP

 output                                  attributes/
section   page    origin      length       input sections
--------  ----  ----------  ----------   ----------------
.intvecs   0    00000000    0000026c     
                  00000000    0000026c     tm4c123gh6pz_startup_ccs.obj (.intvecs)

.text      0    0000026c    00003d26     
                  0000026c    00000dfc     main.obj (.text)
                  00001068    00000a80     LCD12864_rom_enable.obj (.text)
                  00001ae8    00000800     IQmathLib.lib : IQtables.obj (.text:isqrt_table)
                  000022e8    00000308     blue.obj (.text)
                  000025f0    000001c0     IQ_TOOLS.obj (.text)
                  000027b0    000001b6     rtsv7M4_T_le_v4SPD16_eabi.lib : fd_add_t2.asm.obj (.text)
                  00002966    00000002                                   : _lock.c.obj (.text:_nop)
                  00002968    000001a8     ADS8688_TIVA_FPGA.obj (.text)
                  00002b10    00000188     bus_fpga.obj (.text)
                  00002c98    0000016c     driverlib.lib : gpio.obj (.text:GPIOPadConfigSet)
                  00002e04    00000158     rtsv7M4_T_le_v4SPD16_eabi.lib : e_sqrt.c.obj (.text:sqrt)
                  00002f5c    00000136                                   : fd_div_t2.asm.obj (.text)
                  00003092    00000002     --HOLE-- [fill = 0]
                  00003094    00000118     driverlib.lib : sysctl.obj (.text:SysCtlClockGet)
                  000031ac    000000fc     rtsv7M4_T_le_v4SPD16_eabi.lib : fd_mul_t2.asm.obj (.text)
                  000032a8    000000f4     driverlib.lib : sysctl.obj (.text:SysCtlClockSet)
                  0000339c    000000e4     rtsv7M4_T_le_v4SPD16_eabi.lib : memory.c.obj (.text:free)
                  00003480    000000c0     Txiang_utools.obj (.text)
                  00003540    0000009c     rtsv7M4_T_le_v4SPD16_eabi.lib : memcpy_t2.asm.obj (.text)
                  000035dc    00000090     IQmathLib.lib : IQNdiv.obj (.text:_IQ15div)
                  0000366c    00000090                   : IQNdiv.obj (.text:_IQ20div)
                  000036fc    0000007a     rtsv7M4_T_le_v4SPD16_eabi.lib : memset_t2.asm.obj (.text)
                  00003776    0000006e                                   : fd_tos_t2.asm.obj (.text)
                  000037e4    0000006c     IQmathLib.lib : IQNsqrt.obj (.text:_IQ20sqrt)
                  00003850    00000068     driverlib.lib : flash.obj (.text:FlashProgram)
                  000038b8    00000068                   : interrupt.obj (.text:IntEnable)
                  00003920    00000068     rtsv7M4_T_le_v4SPD16_eabi.lib : copy_decompress_lzss.c.obj (.text:decompress:lzss:__TI_decompress_lzss)
                  00003988    00000060     driverlib.lib : timer.obj (.text:TimerConfigure)
                  000039e8    0000004c                   : gpio.obj (.text:GPIOPinConfigure)
                  00003a34    0000004c                   : timer.obj (.text:_TimerIntNumberGet)
                  00003a80    00000048     rtsv7M4_T_le_v4SPD16_eabi.lib : fd_toi_t2.asm.obj (.text)
                  00003ac8    00000046     driverlib.lib : uart.obj (.text:UARTConfigSetExpClk)
                  00003b0e    00000002     --HOLE-- [fill = 0]
                  00003b10    00000044     rtsv7M4_T_le_v4SPD16_eabi.lib : autoinit.c.obj (.text:__TI_auto_init_nobinit_nopinit:__TI_auto_init_nobinit_nopinit)
                  00003b54    00000044                                   : fd_tou_t2.asm.obj (.text)
                  00003b98    00000040     driverlib.lib : uart.obj (.text:_UARTIntNumberGet)
                  00003bd8    00000040     rtsv7M4_T_le_v4SPD16_eabi.lib : ll_tofd_t2.asm.obj (.text)
                  00003c18    00000038                                   : fs_tod_t2.asm.obj (.text)
                  00003c50    00000036                                   : ull_tofs_t2.asm.obj (.text)
                  00003c86    00000002     --HOLE-- [fill = 0]
                  00003c88    00000034     driverlib.lib : interrupt.obj (.text:IntRegister)
                  00003cbc    00000034                   : sysctl.obj (.text:SysCtlPeripheralEnable)
                  00003cf0    00000034     rtsv7M4_T_le_v4SPD16_eabi.lib : boot_cortex_m.c.obj (.text:_c_int00_noargs:_c_int00_noargs)
                  00003d24    00000030     driverlib.lib : flash.obj (.text:FlashErase)
                  00003d54    0000002e     rtsv7M4_T_le_v4SPD16_eabi.lib : i_tofd_t2.asm.obj (.text)
                  00003d82    0000002c     driverlib.lib : gpio.obj (.text:GPIODirModeSet)
                  00003dae    00000002     --HOLE-- [fill = 0]
                  00003db0    00000028     rtsv7M4_T_le_v4SPD16_eabi.lib : memory.c.obj (.text:free_list_insert)
                  00003dd8    00000020     driverlib.lib : uart.obj (.text:UARTDisable)
                  00003df8    00000020     rtsv7M4_T_le_v4SPD16_eabi.lib : u_tofd_t2.asm.obj (.text)
                  00003e18    0000001c                                   : memory.c.obj (.text:free_list_remove)
                  00003e34    00000018     driverlib.lib : timer.obj (.text:TimerIntRegister)
                  00003e4c    00000018                   : uart.obj (.text:UARTIntRegister)
                  00003e64    00000016                   : gpio.obj (.text:GPIOPinTypeUART)
                  00003e7a    00000014                   : uart.obj (.text:UARTEnable)
                  00003e8e    00000012                   : timer.obj (.text:TimerLoadSet)
                  00003ea0    00000010                   : fpu.obj (.text:FPUEnable)
                  00003eb0    00000010                   : fpu.obj (.text:FPULazyStackingEnable)
                  00003ec0    00000010                   : interrupt.obj (.text:IntMasterEnable)
                  00003ed0    00000010     IQmathLib.lib : IQNmpy.obj (.text:_IQ20mpy)
                  00003ee0    0000000e     driverlib.lib : timer.obj (.text:TimerEnable)
                  00003eee    0000000e                   : uart.obj (.text:UARTCharGetNonBlocking)
                  00003efc    0000000e                   : uart.obj (.text:UARTCharsAvail)
                  00003f0a    0000000e     rtsv7M4_T_le_v4SPD16_eabi.lib : copy_decompress_none.c.obj (.text:decompress:none:__TI_decompress_none)
                  00003f18    0000000c     driverlib.lib : cpu.obj (.text:CPUcpsie)
                  00003f24    0000000c     rtsv7M4_T_le_v4SPD16_eabi.lib : copy_zero_init.c.obj (.text:decompress:ZI:__TI_zero_init)
                  00003f30    0000000c     tm4c123gh6pz_startup_ccs.obj (.text)
                  00003f3c    0000000a     driverlib.lib : uart.obj (.text:UARTCharPut)
                  00003f46    0000000a                   : uart.obj (.text:UARTFIFODisable)
                  00003f50    0000000a                   : uart.obj (.text:UARTIntStatus)
                  00003f5a    00000008                   : timer.obj (.text:TimerIntEnable)
                  00003f62    00000008                   : uart.obj (.text:UARTBusy)
                  00003f6a    00000008                   : uart.obj (.text:UARTIntEnable)
                  00003f72    00000002     --HOLE-- [fill = 0]
                  00003f74    00000008     rtsv7M4_T_le_v4SPD16_eabi.lib : errno.c.obj (.text:__aeabi_errno_addr)
                  00003f7c    00000006     driverlib.lib : sysctl.obj (.text:SysCtlDelay)
                  00003f82    00000004                   : timer.obj (.text:TimerIntClear)
                  00003f86    00000004                   : uart.obj (.text:UARTIntClear)
                  00003f8a    00000004     rtsv7M4_T_le_v4SPD16_eabi.lib : pre_init.c.obj (.text:_system_pre_init)
                  00003f8e    00000004                                   : exit.c.obj (.text:abort:abort)

.const     0    00003f98    00000284     
                  00003f98    00000090     driverlib.lib : gpio.obj (.const:g_pui32GPIOBaseAddrs)
                  00004028    0000006c                   : sysctl.obj (.const:g_pui32Xtals)
                  00004094    00000060                   : timer.obj (.const:g_ppui32TimerIntMap)
                  000040f4    00000004     --HOLE-- [fill = 0]
                  000040f8    00000048     LCD12864_rom_enable.obj (.const:numtab)
                  00004140    00000040     driverlib.lib : timer.obj (.const:g_ppui32TimerIntMapSnowflake)
                  00004180    00000040                   : uart.obj (.const:g_ppui32UARTIntMap)
                  000041c0    00000040                   : uart.obj (.const:g_ppui32UARTIntMapSnowflake)
                  00004200    00000014                   : interrupt.obj (.const:g_pui32EnRegs)
                  00004214    00000008     LCD12864_rom_enable.obj (.const:.string:linetab)

.cinit     0    00004220    000000a8     
                  00004220    00000072     (.cinit..data.load) [load image, compression = lzss]
                  00004292    00000002     --HOLE-- [fill = 0]
                  00004294    0000000c     (__TI_handler_table)
                  000042a0    00000008     (.cinit..bss.load) [load image, compression = zero_init]
                  000042a8    00000008     (.cinit..vtable.load) [load image, compression = zero_init]
                  000042b0    00000018     (__TI_cinit_table)

.init_array 
*          0    00000000    00000000     UNINITIALIZED

.vtable    0    20000000    0000026c     UNINITIALIZED
                  20000000    0000026c     driverlib.lib : interrupt.obj (.vtable)

.stack     0    20000270    00001000     UNINITIALIZED
                  20000270    00000004     rtsv7M4_T_le_v4SPD16_eabi.lib : boot_cortex_m.c.obj (.stack)
                  20000274    00000ffc     --HOLE--

.sysmem    0    20001270    00001000     UNINITIALIZED
                  20001270    00000010     rtsv7M4_T_le_v4SPD16_eabi.lib : memory.c.obj (.sysmem)
                  20001280    00000ff0     --HOLE--

.data      0    20002270    000006d8     UNINITIALIZED
                  20002270    00000200     blue.obj (.data:buffer1)
                  20002470    00000200     blue.obj (.data:buffer2)
                  20002670    00000200     blue.obj (.data:buffer3)
                  20002870    0000008c     main.obj (.data)
                  200028fc    00000024     main.obj (.data:paremeter)
                  20002920    00000008     rtsv7M4_T_le_v4SPD16_eabi.lib : _lock.c.obj (.data:$O1$$)
                  20002928    00000008                                   : memory.c.obj (.data:$O1$$)
                  20002930    00000008     main.obj (.data:model_func_pointer)
                  20002938    00000005     blue.obj (.data)
                  2000293d    00000003     --HOLE--
                  20002940    00000004     IQ_TOOLS.obj (.data)
                  20002944    00000004     rtsv7M4_T_le_v4SPD16_eabi.lib : errno.c.obj (.data)

.bss       0    20002948    00000300     UNINITIALIZED
                  20002948    000000d0     (.common:I_data)
                  20002a18    000000d0     (.common:U_data)
                  20002ae8    00000030     (.common:d_loop)
                  20002b18    00000030     (.common:q_loop)
                  20002b48    00000030     (.common:vsi_loop)
                  20002b78    0000002c     (.common:udc_mean)
                  20002ba4    00000008     (.common:I_alpha_beta)
                  20002bac    00000008     (.common:I_in_U)
                  20002bb4    00000008     (.common:U_alpha_beta)
                  20002bbc    00000008     (.common:U_in_U)
                  20002bc4    00000008     (.common:U_out_alpha_beta)
                  20002bcc    00000008     (.common:U_out_dq)
                  20002bd4    00000008     (.common:theta)
                  20002bdc    00000004     (.common:I_now)
                  20002be0    00000004     (.common:I_pop)
                  20002be4    00000004     (.common:U_now)
                  20002be8    00000004     (.common:U_pop)
                  20002bec    00000004     (.common:ch1)
                  20002bf0    00000004     (.common:ch4)
                  20002bf4    00000004     (.common:ch5)
                  20002bf8    00000004     (.common:cons_0_387)
                  20002bfc    00000004     (.common:cons_100)
                  20002c00    00000004     (.common:cons_10_24)
                  20002c04    00000004     (.common:cons_37_55)
                  20002c08    00000004     (.common:cons_512)
                  20002c0c    00000004     (.common:cons_56_32)
                  20002c10    00000004     (.common:cons_5_12)
                  20002c14    00000004     (.common:cons_65535)
                  20002c18    00000004     (.common:cons_idref)
                  20002c1c    00000004     (.common:cons_iqref)
                  20002c20    00000004     (.common:cons_u_b)
                  20002c24    00000004     (.common:cons_u_k)
                  20002c28    00000004     (.common:cons_w_L)
                  20002c2c    00000004     (.common:monitorData1)
                  20002c30    00000004     (.common:monitorData2)
                  20002c34    00000004     (.common:monitorData3)
                  20002c38    00000004     (.common:monitorData4)
                  20002c3c    00000004     (.common:u_out_final)
                  20002c40    00000004     (.common:ubus_s)
                  20002c44    00000004     (.common:udc)

__llvm_prf_cnts 
*          0    20000000    00000000     UNINITIALIZED

MODULE SUMMARY

       Module                         code    ro data   rw data
       ------                         ----    -------   -------
    .\
       main.obj                       3580    0         936    
       LCD12864_rom_enable.obj        2688    80        0      
       blue.obj                       776     0         1557   
       tm4c123gh6pz_startup_ccs.obj   12      620       0      
       IQ_TOOLS.obj                   448     0         4      
       ADS8688_TIVA_FPGA.obj          424     0         0      
       bus_fpga.obj                   392     0         0      
       Txiang_utools.obj              192     0         0      
    +--+------------------------------+-------+---------+---------+
       Total:                         8512    700       2497   
                                                               
    ../IQmath/ccs/IQmathLib/Debug/IQmathLib.lib
       IQtables.obj                   0       2048      0      
       IQNdiv.obj                     288     0         0      
       IQNsqrt.obj                    108     0         0      
       IQNmpy.obj                     16      0         0      
    +--+------------------------------+-------+---------+---------+
       Total:                         412     2048      0      
                                                               
    C:/ti/TivaWare_C_Series-2.2.0.295/driverlib/ccs/Debug/driverlib.lib
       interrupt.obj                  172     20        620    
       sysctl.obj                     582     108       0      
       gpio.obj                       506     144       0      
       uart.obj                       288     128       0      
       timer.obj                      240     160       0      
       flash.obj                      152     0         0      
       fpu.obj                        32      0         0      
       cpu.obj                        12      0         0      
    +--+------------------------------+-------+---------+---------+
       Total:                         1984    560       620    
                                                               
    C:\ti\ccs1110\ccs\tools\compiler\ti-cgt-arm_20.2.5.LTS\lib\rtsv7M4_T_le_v4SPD16_eabi.lib
       fd_add_t2.asm.obj              438     0         0      
       e_sqrt.c.obj                   344     0         0      
       fd_div_t2.asm.obj              310     0         0      
       memory.c.obj                   296     0         8      
       fd_mul_t2.asm.obj              252     0         0      
       memcpy_t2.asm.obj              156     0         0      
       memset_t2.asm.obj              122     0         0      
       fd_tos_t2.asm.obj              110     0         0      
       copy_decompress_lzss.c.obj     104     0         0      
       fd_toi_t2.asm.obj              72      0         0      
       autoinit.c.obj                 68      0         0      
       fd_tou_t2.asm.obj              68      0         0      
       ll_tofd_t2.asm.obj             64      0         0      
       fs_tod_t2.asm.obj              56      0         0      
       ull_tofs_t2.asm.obj            54      0         0      
       boot_cortex_m.c.obj            52      0         0      
       i_tofd_t2.asm.obj              46      0         0      
       u_tofd_t2.asm.obj              32      0         0      
       copy_decompress_none.c.obj     14      0         0      
       copy_zero_init.c.obj           12      0         0      
       errno.c.obj                    8       0         4      
       _lock.c.obj                    2       0         8      
       exit.c.obj                     4       0         0      
       pre_init.c.obj                 4       0         0      
    +--+------------------------------+-------+---------+---------+
       Total:                         2688    0         20     
                                                               
       Heap:                          0       0         4096   
       Stack:                         0       0         4096   
       Linker Generated:              0       166       0      
    +--+------------------------------+-------+---------+---------+
       Grand Total:                   13596   3474      11329  


LINKER GENERATED COPY TABLES

__TI_cinit_table @ 000042b0 records: 3, size/record: 8, table size: 24
	.data: load addr=00004220, load size=00000072 bytes, run addr=20002270, run size=000006d8 bytes, compression=lzss
	.bss: load addr=000042a0, load size=00000008 bytes, run addr=20002948, run size=00000300 bytes, compression=zero_init
	.vtable: load addr=000042a8, load size=00000008 bytes, run addr=20000000, run size=0000026c bytes, compression=zero_init


LINKER GENERATED HANDLER TABLE

__TI_handler_table @ 00004294 records: 3, size/record: 4, table size: 12
	index: 0, handler: __TI_zero_init
	index: 1, handler: __TI_decompress_lzss
	index: 2, handler: __TI_decompress_none


GLOBAL SYMBOLS: SORTED ALPHABETICALLY BY Name 

address   name                          
-------   ----                          
00002bf1  BUS_Init                      
00003f8f  C$$EXIT                       
00003f19  CPUcpsie                      
00001aaf  DispChar5x8                   
00001a81  DispClear                     
00001a5d  DispClear_line                
00001579  DispExtern16x16               
000019e1  DispFloat                     
00001891  DispFloat5x8                  
00001799  DispFloat8x16                 
00001719  DispNumber5x8                 
000016a7  DispNumber8x16                
0000166b  DispString5x8                 
000015dd  Disp_GB2312_string_16x16      
00000889  Display                       
000015b5  Display_128x64                
00003ea1  FPUEnable                     
00003eb1  FPULazyStackingEnable         
00003d25  FlashErase                    
00003851  FlashProgram                  
000022fd  Float2Str                     
00003d83  GPIODirModeSet                
00002c99  GPIOPadConfigSet              
000039e9  GPIOPinConfigure              
00003e65  GPIOPinTypeUART               
00002b81  IORD                          
00002b11  IOWR                          
20002ba4  I_alpha_beta                  
20002948  I_data                        
20002bac  I_in_U                        
20002bdc  I_now                         
20002be0  I_pop                         
000038b9  IntEnable                     
00003ec1  IntMasterEnable               
00003c89  IntRegister                   
00000b4d  KeyToControl                  
00000eb5  PID                           
0000276b  PID_Q_step                    
00002749  PID_init_Q                    
00000a5d  ReadKey                       
00003f31  ResetISR                      
00003095  SysCtlClockGet                
000032a9  SysCtlClockSet                
00003f7d  SysCtlDelay                   
00003cbd  SysCtlPeripheralEnable        
00000f87  Timer0IntHandler              
00000e11  Timer1AIntHandler             
00003989  TimerConfigure                
00003ee1  TimerEnable                   
00003f83  TimerIntClear                 
00003f5b  TimerIntEnable                
00003e35  TimerIntRegister              
00003e8f  TimerLoadSet                  
000024a5  UART1IntHandler               
00003f63  UARTBusy                      
00003eef  UARTCharGetNonBlocking        
00003f3d  UARTCharPut                   
00003efd  UARTCharsAvail                
00003ac9  UARTConfigSetExpClk           
00003dd9  UARTDisable                   
00003e7b  UARTEnable                    
00003f47  UARTFIFODisable               
00003f87  UARTIntClear                  
00003f6b  UARTIntEnable                 
00003e4d  UARTIntRegister               
00003f51  UARTIntStatus                 
00002587  UARTStringPut                 
20002bb4  U_alpha_beta                  
20002a18  U_data                        
20002bbc  U_in_U                        
20002be4  U_now                         
20002bc4  U_out_alpha_beta              
20002bcc  U_out_dq                      
20002be8  U_pop                         
000035dd  _IQ15div                      
0000366d  _IQ20div                      
00003ed1  _IQ20mpy                      
000037e5  _IQ20sqrt                     
20001270  __STACK_END                   
00001000  __STACK_SIZE                  
20000470  __STACK_TOP                   
00001000  __SYSMEM_SIZE                 
000042b0  __TI_CINIT_Base               
000042c8  __TI_CINIT_Limit              
00004294  __TI_Handler_Table_Base       
000042a0  __TI_Handler_Table_Limit      
00003b11  __TI_auto_init_nobinit_nopinit
00003921  __TI_decompress_lzss          
00003f0b  __TI_decompress_none          
ffffffff  __TI_pprof_out_hndl           
ffffffff  __TI_prof_data_size           
ffffffff  __TI_prof_data_start          
00000000  __TI_static_base__            
00003f25  __TI_zero_init                
00003777  __aeabi_d2f                   
00003a81  __aeabi_d2iz                  
00003b55  __aeabi_d2uiz                 
000027bb  __aeabi_dadd                  
00002f5d  __aeabi_ddiv                  
000031ad  __aeabi_dmul                  
000027b1  __aeabi_dsub                  
00003f75  __aeabi_errno_addr            
00003c19  __aeabi_f2d                   
00003d55  __aeabi_i2d                   
00003bd9  __aeabi_l2d                   
000036fd  __aeabi_memclr                
000036fd  __aeabi_memclr4               
000036fd  __aeabi_memclr8               
00003541  __aeabi_memcpy                
00003541  __aeabi_memcpy4               
00003541  __aeabi_memcpy8               
000036ff  __aeabi_memset                
000036ff  __aeabi_memset4               
000036ff  __aeabi_memset8               
00003df9  __aeabi_ui2d                  
00003c51  __aeabi_ul2f                  
ffffffff  __binit__                     
ffffffff  __c_args__                    
UNDEFED   __mpu_init                    
20000270  __stack                       
20000000  __start___llvm_prf_cnts       
20000000  __stop___llvm_prf_cnts        
00003cf1  _c_int00_noargs               
20002920  _lock                         
00002967  _nop                          
20001270  _sys_memory                   
UNDEFED   _system_post_cinit            
00003f8b  _system_pre_init              
20002924  _unlock                       
200028e4  a                             
200028e8  a_last                        
0000271f  abc2alpha_beta                
00003f8f  abort                         
200028c4  adj                           
000026a9  alpha_beta2dq                 
20002940  alpha_beta_L                  
00002691  ave_queue_push                
0000267d  ave_queue_sum                 
200028b8  b1                            
ffffffff  binit                         
00002581  blue1                         
0000257b  blue2                         
00002575  blue3                         
0000256f  blue4                         
20002270  buffer1                       
20002470  buffer2                       
20002670  buffer3                       
20002bec  ch1                           
20002bf0  ch4                           
20002bf4  ch5                           
2000293c  charget                       
20002bf8  cons_0_387                    
20002bfc  cons_100                      
20002c00  cons_10_24                    
20002c04  cons_37_55                    
20002c08  cons_512                      
20002c0c  cons_56_32                    
20002c10  cons_5_12                     
20002c14  cons_65535                    
20002c18  cons_idref                    
20002c1c  cons_iqref                    
20002c20  cons_u_b                      
20002c24  cons_u_k                      
20002c28  cons_w_L                      
20002898  d_kd                          
20002894  d_ki                          
20002890  d_kp                          
20002ae8  d_loop                        
20002938  debug_count                   
00001579  display_graphic_16x16         
00001555  display_graphic_5x8           
00001515  display_graphic_8x16          
000014a3  display_vertical_line         
0000026d  doADC                         
00002647  dq2alpha_beta                 
200028f4  duty_0                        
200028ec  duty_i1                       
200028f0  duty_u2                       
20002944  errno                         
200028c0  fhz                           
200028bc  fhz_last                      
00003523  float_ave_init                
000034f7  float_ave_step                
0000339d  free                          
20000000  g_pfnRAMVectors               
00000000  g_pfnVectors                  
000024d7  getStringFVT                  
00002ad5  getVoltage                    
00002a25  getVoltageMean                
00002969  getVoltageRMS                 
00001429  get_and_write_16x16           
000013b7  get_and_write_5x8             
0000133d  get_and_write_8x16            
200028d0  i_rms                         
20002880  i_set                         
20002884  idref                         
00000741  init                          
0000244b  initialize_uart               
200028c8  iq_test_f                     
20002888  iqref                         
00001ae8  isqrt_table                   
200028b4  k1                            
200028f8  key_flag                      
200028e0  keydat                        
200028e1  keydat_last                   
0000115d  lcd12864_init                 
000010e3  lcd_write_com                 
00001069  lcd_write_data                
00004214  linetab                       
00000c55  main                          
00003541  memcpy                        
00003705  memset                        
20002870  mode_flag                     
20002930  model_func_pointer            
20002c2c  monitorData1                  
20002c30  monitorData2                  
20002c34  monitorData3                  
20002c38  monitorData4                  
000022e9  num_pow                       
000040f8  numtab                        
200028fc  paremeter                     
00000679  paremeter_add                 
00000631  paremeter_choose_add          
200028d8  paremeter_choose_flag         
000005dd  paremeter_choose_sub          
000004c1  paremeter_display             
200028dc  paremeter_flag                
00000453  paremeter_group_add           
200028d4  paremeter_group_flag          
00000415  paremeter_group_sub           
00000387  paremeter_sub                 
2000288c  pid_flag                      
000023bb  printCharFVT                  
000023a5  printStringFVT                
20002874  protect_flag                  
200028a4  q_kd                          
200028a0  q_ki                          
2000289c  q_kp                          
20002b18  q_loop                        
0000262f  queue_clear                   
00002611  queue_pop                     
000025f1  queue_push                    
000034dd  read_float_from_flash         
000034c7  read_int_from_flash           
0000031b  rest                          
000023c3  sentdata                      
00002e05  sqrt                          
00002e05  sqrtl                         
20002bd4  theta                         
20002878  time_flag                     
20002c3c  u_out_final                   
200028cc  u_rms                         
20002c40  ubus_s                        
2000287c  ubus_set                      
20002c44  udc                           
20002b78  udc_mean                      
200028b0  vsi_kd                        
200028ac  vsi_ki                        
200028a8  vsi_kp                        
20002b48  vsi_loop                      
0000349b  write_float_to_flash          
00003481  write_int_to_flash            


GLOBAL SYMBOLS: SORTED BY Symbol Address 

address   name                          
-------   ----                          
00000000  __TI_static_base__            
00000000  g_pfnVectors                  
0000026d  doADC                         
0000031b  rest                          
00000387  paremeter_sub                 
00000415  paremeter_group_sub           
00000453  paremeter_group_add           
000004c1  paremeter_display             
000005dd  paremeter_choose_sub          
00000631  paremeter_choose_add          
00000679  paremeter_add                 
00000741  init                          
00000889  Display                       
00000a5d  ReadKey                       
00000b4d  KeyToControl                  
00000c55  main                          
00000e11  Timer1AIntHandler             
00000eb5  PID                           
00000f87  Timer0IntHandler              
00001000  __STACK_SIZE                  
00001000  __SYSMEM_SIZE                 
00001069  lcd_write_data                
000010e3  lcd_write_com                 
0000115d  lcd12864_init                 
0000133d  get_and_write_8x16            
000013b7  get_and_write_5x8             
00001429  get_and_write_16x16           
000014a3  display_vertical_line         
00001515  display_graphic_8x16          
00001555  display_graphic_5x8           
00001579  DispExtern16x16               
00001579  display_graphic_16x16         
000015b5  Display_128x64                
000015dd  Disp_GB2312_string_16x16      
0000166b  DispString5x8                 
000016a7  DispNumber8x16                
00001719  DispNumber5x8                 
00001799  DispFloat8x16                 
00001891  DispFloat5x8                  
000019e1  DispFloat                     
00001a5d  DispClear_line                
00001a81  DispClear                     
00001aaf  DispChar5x8                   
00001ae8  isqrt_table                   
000022e9  num_pow                       
000022fd  Float2Str                     
000023a5  printStringFVT                
000023bb  printCharFVT                  
000023c3  sentdata                      
0000244b  initialize_uart               
000024a5  UART1IntHandler               
000024d7  getStringFVT                  
0000256f  blue4                         
00002575  blue3                         
0000257b  blue2                         
00002581  blue1                         
00002587  UARTStringPut                 
000025f1  queue_push                    
00002611  queue_pop                     
0000262f  queue_clear                   
00002647  dq2alpha_beta                 
0000267d  ave_queue_sum                 
00002691  ave_queue_push                
000026a9  alpha_beta2dq                 
0000271f  abc2alpha_beta                
00002749  PID_init_Q                    
0000276b  PID_Q_step                    
000027b1  __aeabi_dsub                  
000027bb  __aeabi_dadd                  
00002967  _nop                          
00002969  getVoltageRMS                 
00002a25  getVoltageMean                
00002ad5  getVoltage                    
00002b11  IOWR                          
00002b81  IORD                          
00002bf1  BUS_Init                      
00002c99  GPIOPadConfigSet              
00002e05  sqrt                          
00002e05  sqrtl                         
00002f5d  __aeabi_ddiv                  
00003095  SysCtlClockGet                
000031ad  __aeabi_dmul                  
000032a9  SysCtlClockSet                
0000339d  free                          
00003481  write_int_to_flash            
0000349b  write_float_to_flash          
000034c7  read_int_from_flash           
000034dd  read_float_from_flash         
000034f7  float_ave_step                
00003523  float_ave_init                
00003541  __aeabi_memcpy                
00003541  __aeabi_memcpy4               
00003541  __aeabi_memcpy8               
00003541  memcpy                        
000035dd  _IQ15div                      
0000366d  _IQ20div                      
000036fd  __aeabi_memclr                
000036fd  __aeabi_memclr4               
000036fd  __aeabi_memclr8               
000036ff  __aeabi_memset                
000036ff  __aeabi_memset4               
000036ff  __aeabi_memset8               
00003705  memset                        
00003777  __aeabi_d2f                   
000037e5  _IQ20sqrt                     
00003851  FlashProgram                  
000038b9  IntEnable                     
00003921  __TI_decompress_lzss          
00003989  TimerConfigure                
000039e9  GPIOPinConfigure              
00003a81  __aeabi_d2iz                  
00003ac9  UARTConfigSetExpClk           
00003b11  __TI_auto_init_nobinit_nopinit
00003b55  __aeabi_d2uiz                 
00003bd9  __aeabi_l2d                   
00003c19  __aeabi_f2d                   
00003c51  __aeabi_ul2f                  
00003c89  IntRegister                   
00003cbd  SysCtlPeripheralEnable        
00003cf1  _c_int00_noargs               
00003d25  FlashErase                    
00003d55  __aeabi_i2d                   
00003d83  GPIODirModeSet                
00003dd9  UARTDisable                   
00003df9  __aeabi_ui2d                  
00003e35  TimerIntRegister              
00003e4d  UARTIntRegister               
00003e65  GPIOPinTypeUART               
00003e7b  UARTEnable                    
00003e8f  TimerLoadSet                  
00003ea1  FPUEnable                     
00003eb1  FPULazyStackingEnable         
00003ec1  IntMasterEnable               
00003ed1  _IQ20mpy                      
00003ee1  TimerEnable                   
00003eef  UARTCharGetNonBlocking        
00003efd  UARTCharsAvail                
00003f0b  __TI_decompress_none          
00003f19  CPUcpsie                      
00003f25  __TI_zero_init                
00003f31  ResetISR                      
00003f3d  UARTCharPut                   
00003f47  UARTFIFODisable               
00003f51  UARTIntStatus                 
00003f5b  TimerIntEnable                
00003f63  UARTBusy                      
00003f6b  UARTIntEnable                 
00003f75  __aeabi_errno_addr            
00003f7d  SysCtlDelay                   
00003f83  TimerIntClear                 
00003f87  UARTIntClear                  
00003f8b  _system_pre_init              
00003f8f  C$$EXIT                       
00003f8f  abort                         
000040f8  numtab                        
00004214  linetab                       
00004294  __TI_Handler_Table_Base       
000042a0  __TI_Handler_Table_Limit      
000042b0  __TI_CINIT_Base               
000042c8  __TI_CINIT_Limit              
20000000  __start___llvm_prf_cnts       
20000000  __stop___llvm_prf_cnts        
20000000  g_pfnRAMVectors               
20000270  __stack                       
20000470  __STACK_TOP                   
20001270  __STACK_END                   
20001270  _sys_memory                   
20002270  buffer1                       
20002470  buffer2                       
20002670  buffer3                       
20002870  mode_flag                     
20002874  protect_flag                  
20002878  time_flag                     
2000287c  ubus_set                      
20002880  i_set                         
20002884  idref                         
20002888  iqref                         
2000288c  pid_flag                      
20002890  d_kp                          
20002894  d_ki                          
20002898  d_kd                          
2000289c  q_kp                          
200028a0  q_ki                          
200028a4  q_kd                          
200028a8  vsi_kp                        
200028ac  vsi_ki                        
200028b0  vsi_kd                        
200028b4  k1                            
200028b8  b1                            
200028bc  fhz_last                      
200028c0  fhz                           
200028c4  adj                           
200028c8  iq_test_f                     
200028cc  u_rms                         
200028d0  i_rms                         
200028d4  paremeter_group_flag          
200028d8  paremeter_choose_flag         
200028dc  paremeter_flag                
200028e0  keydat                        
200028e1  keydat_last                   
200028e4  a                             
200028e8  a_last                        
200028ec  duty_i1                       
200028f0  duty_u2                       
200028f4  duty_0                        
200028f8  key_flag                      
200028fc  paremeter                     
20002920  _lock                         
20002924  _unlock                       
20002930  model_func_pointer            
20002938  debug_count                   
2000293c  charget                       
20002940  alpha_beta_L                  
20002944  errno                         
20002948  I_data                        
20002a18  U_data                        
20002ae8  d_loop                        
20002b18  q_loop                        
20002b48  vsi_loop                      
20002b78  udc_mean                      
20002ba4  I_alpha_beta                  
20002bac  I_in_U                        
20002bb4  U_alpha_beta                  
20002bbc  U_in_U                        
20002bc4  U_out_alpha_beta              
20002bcc  U_out_dq                      
20002bd4  theta                         
20002bdc  I_now                         
20002be0  I_pop                         
20002be4  U_now                         
20002be8  U_pop                         
20002bec  ch1                           
20002bf0  ch4                           
20002bf4  ch5                           
20002bf8  cons_0_387                    
20002bfc  cons_100                      
20002c00  cons_10_24                    
20002c04  cons_37_55                    
20002c08  cons_512                      
20002c0c  cons_56_32                    
20002c10  cons_5_12                     
20002c14  cons_65535                    
20002c18  cons_idref                    
20002c1c  cons_iqref                    
20002c20  cons_u_b                      
20002c24  cons_u_k                      
20002c28  cons_w_L                      
20002c2c  monitorData1                  
20002c30  monitorData2                  
20002c34  monitorData3                  
20002c38  monitorData4                  
20002c3c  u_out_final                   
20002c40  ubus_s                        
20002c44  udc                           
ffffffff  __TI_pprof_out_hndl           
ffffffff  __TI_prof_data_size           
ffffffff  __TI_prof_data_start          
ffffffff  __binit__                     
ffffffff  __c_args__                    
ffffffff  binit                         
UNDEFED   __mpu_init                    
UNDEFED   _system_post_cinit            

[262 symbols]
