<?xml version="1.0" encoding="ISO-8859-1" ?>
<link_info>
   <banner>TI ARM Linker PC v20.2.5.LTS</banner>
   <copyright>Copyright (c) 1996-2018 Texas Instruments Incorporated</copyright>
   <link_time>0x64607af2</link_time>
   <link_errors>0x0</link_errors>
   <output_file>single_phase_dq.out</output_file>
   <entry_point>
      <name>_c_int00_noargs</name>
      <address>0x3995</address>
   </entry_point>
   <input_file_list>
      <input_file id="fl-2">
         <path>.\</path>
         <kind>object</kind>
         <file>ADS8688_TIVA_FPGA.obj</file>
         <name>ADS8688_TIVA_FPGA.obj</name>
      </input_file>
      <input_file id="fl-3">
         <path>.\</path>
         <kind>object</kind>
         <file>IQ_TOOLS.obj</file>
         <name>IQ_TOOLS.obj</name>
      </input_file>
      <input_file id="fl-4">
         <path>.\</path>
         <kind>object</kind>
         <file>LCD12864_rom_enable.obj</file>
         <name>LCD12864_rom_enable.obj</name>
      </input_file>
      <input_file id="fl-5">
         <path>.\</path>
         <kind>object</kind>
         <file>SPWM_TIVA_FPGA.obj</file>
         <name>SPWM_TIVA_FPGA.obj</name>
      </input_file>
      <input_file id="fl-6">
         <path>.\</path>
         <kind>object</kind>
         <file>Txiang_utools.obj</file>
         <name>Txiang_utools.obj</name>
      </input_file>
      <input_file id="fl-7">
         <path>.\</path>
         <kind>object</kind>
         <file>blue.obj</file>
         <name>blue.obj</name>
      </input_file>
      <input_file id="fl-8">
         <path>.\</path>
         <kind>object</kind>
         <file>bus_fpga.obj</file>
         <name>bus_fpga.obj</name>
      </input_file>
      <input_file id="fl-9">
         <path>.\</path>
         <kind>object</kind>
         <file>main.obj</file>
         <name>main.obj</name>
      </input_file>
      <input_file id="fl-a">
         <path>.\</path>
         <kind>object</kind>
         <file>pid.obj</file>
         <name>pid.obj</name>
      </input_file>
      <input_file id="fl-c">
         <path>.\</path>
         <kind>object</kind>
         <file>uartstdio.obj</file>
         <name>uartstdio.obj</name>
      </input_file>
      <input_file id="fl-cf">
         <path>C:\ti\ccs1110\ccs\tools\compiler\ti-cgt-arm_20.2.5.LTS\lib\</path>
         <kind>archive</kind>
         <file>rtsv7M4_T_le_v4SPD16_eabi.lib</file>
         <name>e_sqrt.c.obj</name>
      </input_file>
      <input_file id="fl-de">
         <path>C:\ti\ccs1110\ccs\tools\compiler\ti-cgt-arm_20.2.5.LTS\lib\</path>
         <kind>archive</kind>
         <file>rtsv7M4_T_le_v4SPD16_eabi.lib</file>
         <name>copy_zero_init.c.obj</name>
      </input_file>
      <input_file id="fl-df">
         <path>C:\ti\ccs1110\ccs\tools\compiler\ti-cgt-arm_20.2.5.LTS\lib\</path>
         <kind>archive</kind>
         <file>rtsv7M4_T_le_v4SPD16_eabi.lib</file>
         <name>copy_decompress_none.c.obj</name>
      </input_file>
      <input_file id="fl-e0">
         <path>C:\ti\ccs1110\ccs\tools\compiler\ti-cgt-arm_20.2.5.LTS\lib\</path>
         <kind>archive</kind>
         <file>rtsv7M4_T_le_v4SPD16_eabi.lib</file>
         <name>copy_decompress_lzss.c.obj</name>
      </input_file>
      <input_file id="fl-e1">
         <path>C:\ti\ccs1110\ccs\tools\compiler\ti-cgt-arm_20.2.5.LTS\lib\</path>
         <kind>archive</kind>
         <file>rtsv7M4_T_le_v4SPD16_eabi.lib</file>
         <name>memory.c.obj</name>
      </input_file>
      <input_file id="fl-e7">
         <path>C:\ti\ccs1110\ccs\tools\compiler\ti-cgt-arm_20.2.5.LTS\lib\</path>
         <kind>archive</kind>
         <file>rtsv7M4_T_le_v4SPD16_eabi.lib</file>
         <name>pre_init.c.obj</name>
      </input_file>
      <input_file id="fl-e8">
         <path>C:\ti\ccs1110\ccs\tools\compiler\ti-cgt-arm_20.2.5.LTS\lib\</path>
         <kind>archive</kind>
         <file>rtsv7M4_T_le_v4SPD16_eabi.lib</file>
         <name>cpy_tbl.c.obj</name>
      </input_file>
      <input_file id="fl-ea">
         <path>C:\ti\ccs1110\ccs\tools\compiler\ti-cgt-arm_20.2.5.LTS\lib\</path>
         <kind>archive</kind>
         <file>rtsv7M4_T_le_v4SPD16_eabi.lib</file>
         <name>_lock.c.obj</name>
      </input_file>
      <input_file id="fl-f4">
         <path>C:\Users\ZHUTIA~1\AppData\Local\Temp\</path>
         <kind>object</kind>
         <file>{732124D6-E08C-4A62-85E3-0CC81C3FA47A}</file>
         <name>{732124D6-E08C-4A62-85E3-0CC81C3FA47A}</name>
      </input_file>
      <input_file id="fl-b">
         <path>.\</path>
         <kind>object</kind>
         <file>tm4c123gh6pz_startup_ccs.obj</file>
         <name>tm4c123gh6pz_startup_ccs.obj</name>
      </input_file>
      <input_file id="fl-15">
         <kind>object</kind>
         <file>&lt;internal&gt;</file>
         <name>&lt;internal&gt;</name>
      </input_file>
      <input_file id="fl-16">
         <path>..\IQmath\ccs\IQmathLib\Debug\</path>
         <kind>archive</kind>
         <file>IQmathLib.lib</file>
         <name>IQNdiv.obj</name>
      </input_file>
      <input_file id="fl-17">
         <path>..\IQmath\ccs\IQmathLib\Debug\</path>
         <kind>archive</kind>
         <file>IQmathLib.lib</file>
         <name>IQNmpy.obj</name>
      </input_file>
      <input_file id="fl-18">
         <path>..\IQmath\ccs\IQmathLib\Debug\</path>
         <kind>archive</kind>
         <file>IQmathLib.lib</file>
         <name>IQNsqrt.obj</name>
      </input_file>
      <input_file id="fl-19">
         <path>..\IQmath\ccs\IQmathLib\Debug\</path>
         <kind>archive</kind>
         <file>IQmathLib.lib</file>
         <name>IQtables.obj</name>
      </input_file>
      <input_file id="fl-d0">
         <path>C:\ti\ccs1110\ccs\tools\compiler\ti-cgt-arm_20.2.5.LTS\lib\</path>
         <kind>archive</kind>
         <file>rtsv7M4_T_le_v4SPD16_eabi.lib</file>
         <name>fd_add_t2.asm.obj</name>
      </input_file>
      <input_file id="fl-d1">
         <path>C:\ti\ccs1110\ccs\tools\compiler\ti-cgt-arm_20.2.5.LTS\lib\</path>
         <kind>archive</kind>
         <file>rtsv7M4_T_le_v4SPD16_eabi.lib</file>
         <name>fd_cmp_t2.asm.obj</name>
      </input_file>
      <input_file id="fl-d2">
         <path>C:\ti\ccs1110\ccs\tools\compiler\ti-cgt-arm_20.2.5.LTS\lib\</path>
         <kind>archive</kind>
         <file>rtsv7M4_T_le_v4SPD16_eabi.lib</file>
         <name>fd_div_t2.asm.obj</name>
      </input_file>
      <input_file id="fl-d3">
         <path>C:\ti\ccs1110\ccs\tools\compiler\ti-cgt-arm_20.2.5.LTS\lib\</path>
         <kind>archive</kind>
         <file>rtsv7M4_T_le_v4SPD16_eabi.lib</file>
         <name>fd_mul_t2.asm.obj</name>
      </input_file>
      <input_file id="fl-d4">
         <path>C:\ti\ccs1110\ccs\tools\compiler\ti-cgt-arm_20.2.5.LTS\lib\</path>
         <kind>archive</kind>
         <file>rtsv7M4_T_le_v4SPD16_eabi.lib</file>
         <name>fd_toi_t2.asm.obj</name>
      </input_file>
      <input_file id="fl-d5">
         <path>C:\ti\ccs1110\ccs\tools\compiler\ti-cgt-arm_20.2.5.LTS\lib\</path>
         <kind>archive</kind>
         <file>rtsv7M4_T_le_v4SPD16_eabi.lib</file>
         <name>fd_tos_t2.asm.obj</name>
      </input_file>
      <input_file id="fl-d6">
         <path>C:\ti\ccs1110\ccs\tools\compiler\ti-cgt-arm_20.2.5.LTS\lib\</path>
         <kind>archive</kind>
         <file>rtsv7M4_T_le_v4SPD16_eabi.lib</file>
         <name>fd_tou_t2.asm.obj</name>
      </input_file>
      <input_file id="fl-d7">
         <path>C:\ti\ccs1110\ccs\tools\compiler\ti-cgt-arm_20.2.5.LTS\lib\</path>
         <kind>archive</kind>
         <file>rtsv7M4_T_le_v4SPD16_eabi.lib</file>
         <name>fs_tod_t2.asm.obj</name>
      </input_file>
      <input_file id="fl-d8">
         <path>C:\ti\ccs1110\ccs\tools\compiler\ti-cgt-arm_20.2.5.LTS\lib\</path>
         <kind>archive</kind>
         <file>rtsv7M4_T_le_v4SPD16_eabi.lib</file>
         <name>i_tofd_t2.asm.obj</name>
      </input_file>
      <input_file id="fl-d9">
         <path>C:\ti\ccs1110\ccs\tools\compiler\ti-cgt-arm_20.2.5.LTS\lib\</path>
         <kind>archive</kind>
         <file>rtsv7M4_T_le_v4SPD16_eabi.lib</file>
         <name>ll_tofd_t2.asm.obj</name>
      </input_file>
      <input_file id="fl-da">
         <path>C:\ti\ccs1110\ccs\tools\compiler\ti-cgt-arm_20.2.5.LTS\lib\</path>
         <kind>archive</kind>
         <file>rtsv7M4_T_le_v4SPD16_eabi.lib</file>
         <name>u_tofd_t2.asm.obj</name>
      </input_file>
      <input_file id="fl-db">
         <path>C:\ti\ccs1110\ccs\tools\compiler\ti-cgt-arm_20.2.5.LTS\lib\</path>
         <kind>archive</kind>
         <file>rtsv7M4_T_le_v4SPD16_eabi.lib</file>
         <name>ull_tofs_t2.asm.obj</name>
      </input_file>
      <input_file id="fl-dc">
         <path>C:\ti\ccs1110\ccs\tools\compiler\ti-cgt-arm_20.2.5.LTS\lib\</path>
         <kind>archive</kind>
         <file>rtsv7M4_T_le_v4SPD16_eabi.lib</file>
         <name>u_divt2.asm.obj</name>
      </input_file>
      <input_file id="fl-dd">
         <path>C:\ti\ccs1110\ccs\tools\compiler\ti-cgt-arm_20.2.5.LTS\lib\</path>
         <kind>archive</kind>
         <file>rtsv7M4_T_le_v4SPD16_eabi.lib</file>
         <name>memset_t2.asm.obj</name>
      </input_file>
      <input_file id="fl-e2">
         <path>C:\ti\ccs1110\ccs\tools\compiler\ti-cgt-arm_20.2.5.LTS\lib\</path>
         <kind>archive</kind>
         <file>rtsv7M4_T_le_v4SPD16_eabi.lib</file>
         <name>errno.c.obj</name>
      </input_file>
      <input_file id="fl-e3">
         <path>C:\ti\ccs1110\ccs\tools\compiler\ti-cgt-arm_20.2.5.LTS\lib\</path>
         <kind>archive</kind>
         <file>rtsv7M4_T_le_v4SPD16_eabi.lib</file>
         <name>boot_cortex_m.c.obj</name>
      </input_file>
      <input_file id="fl-e4">
         <path>C:\ti\ccs1110\ccs\tools\compiler\ti-cgt-arm_20.2.5.LTS\lib\</path>
         <kind>archive</kind>
         <file>rtsv7M4_T_le_v4SPD16_eabi.lib</file>
         <name>div0.asm.obj</name>
      </input_file>
      <input_file id="fl-e5">
         <path>C:\ti\ccs1110\ccs\tools\compiler\ti-cgt-arm_20.2.5.LTS\lib\</path>
         <kind>archive</kind>
         <file>rtsv7M4_T_le_v4SPD16_eabi.lib</file>
         <name>memcpy_t2.asm.obj</name>
      </input_file>
      <input_file id="fl-e6">
         <path>C:\ti\ccs1110\ccs\tools\compiler\ti-cgt-arm_20.2.5.LTS\lib\</path>
         <kind>archive</kind>
         <file>rtsv7M4_T_le_v4SPD16_eabi.lib</file>
         <name>autoinit.c.obj</name>
      </input_file>
      <input_file id="fl-e9">
         <path>C:\ti\ccs1110\ccs\tools\compiler\ti-cgt-arm_20.2.5.LTS\lib\</path>
         <kind>archive</kind>
         <file>rtsv7M4_T_le_v4SPD16_eabi.lib</file>
         <name>exit.c.obj</name>
      </input_file>
      <input_file id="fl-eb">
         <path>C:\ti\ccs1110\ccs\tools\compiler\ti-cgt-arm_20.2.5.LTS\lib\</path>
         <kind>archive</kind>
         <file>rtsv7M4_T_le_v4SPD16_eabi.lib</file>
         <name>args_main.c.obj</name>
      </input_file>
      <input_file id="fl-ec">
         <path>C:\ti\TivaWare_C_Series-2.2.0.295\driverlib\ccs\Debug\</path>
         <kind>archive</kind>
         <file>driverlib.lib</file>
         <name>flash.obj</name>
      </input_file>
      <input_file id="fl-ed">
         <path>C:\ti\TivaWare_C_Series-2.2.0.295\driverlib\ccs\Debug\</path>
         <kind>archive</kind>
         <file>driverlib.lib</file>
         <name>fpu.obj</name>
      </input_file>
      <input_file id="fl-ee">
         <path>C:\ti\TivaWare_C_Series-2.2.0.295\driverlib\ccs\Debug\</path>
         <kind>archive</kind>
         <file>driverlib.lib</file>
         <name>gpio.obj</name>
      </input_file>
      <input_file id="fl-ef">
         <path>C:\ti\TivaWare_C_Series-2.2.0.295\driverlib\ccs\Debug\</path>
         <kind>archive</kind>
         <file>driverlib.lib</file>
         <name>interrupt.obj</name>
      </input_file>
      <input_file id="fl-f0">
         <path>C:\ti\TivaWare_C_Series-2.2.0.295\driverlib\ccs\Debug\</path>
         <kind>archive</kind>
         <file>driverlib.lib</file>
         <name>sysctl.obj</name>
      </input_file>
      <input_file id="fl-f1">
         <path>C:\ti\TivaWare_C_Series-2.2.0.295\driverlib\ccs\Debug\</path>
         <kind>archive</kind>
         <file>driverlib.lib</file>
         <name>timer.obj</name>
      </input_file>
      <input_file id="fl-f2">
         <path>C:\ti\TivaWare_C_Series-2.2.0.295\driverlib\ccs\Debug\</path>
         <kind>archive</kind>
         <file>driverlib.lib</file>
         <name>uart.obj</name>
      </input_file>
      <input_file id="fl-f3">
         <path>C:\ti\TivaWare_C_Series-2.2.0.295\driverlib\ccs\Debug\</path>
         <kind>archive</kind>
         <file>driverlib.lib</file>
         <name>cpu.obj</name>
      </input_file>
   </input_file_list>
   <object_component_list>
      <object_component id="oc-12">
         <name>.intvecs</name>
         <load_address>0x0</load_address>
         <run_address>0x0</run_address>
         <size>0x26c</size>
         <input_file_ref idref="fl-b"/>
      </object_component>
      <object_component id="oc-c8">
         <name>.text</name>
         <load_address>0x270</load_address>
         <run_address>0x270</run_address>
         <size>0x123f</size>
         <input_file_ref idref="fl-9"/>
      </object_component>
      <object_component id="oc-20a">
         <name>.text:isqrt_table</name>
         <load_address>0x14b0</load_address>
         <run_address>0x14b0</run_address>
         <size>0x800</size>
         <input_file_ref idref="fl-19"/>
      </object_component>
      <object_component id="oc-13a">
         <name>.text</name>
         <load_address>0x1cb0</load_address>
         <run_address>0x1cb0</run_address>
         <size>0x4fc</size>
         <input_file_ref idref="fl-4"/>
      </object_component>
      <object_component id="oc-eb">
         <name>.text:TimerIntClear</name>
         <load_address>0x21ac</load_address>
         <run_address>0x21ac</run_address>
         <size>0x4</size>
         <input_file_ref idref="fl-f1"/>
      </object_component>
      <object_component id="oc-16a">
         <name>.text</name>
         <load_address>0x21b0</load_address>
         <run_address>0x21b0</run_address>
         <size>0x364</size>
         <input_file_ref idref="fl-7"/>
      </object_component>
      <object_component id="oc-220">
         <name>.text</name>
         <load_address>0x2514</load_address>
         <run_address>0x2514</run_address>
         <size>0x1b6</size>
         <input_file_ref idref="fl-d0"/>
      </object_component>
      <object_component id="oc-331">
         <name>.text:_nop</name>
         <load_address>0x26ca</load_address>
         <run_address>0x26ca</run_address>
         <size>0x2</size>
         <input_file_ref idref="fl-ea"/>
      </object_component>
      <object_component id="oc-236">
         <name>.text:GPIOPadConfigSet</name>
         <load_address>0x26cc</load_address>
         <run_address>0x26cc</run_address>
         <size>0x16c</size>
         <input_file_ref idref="fl-ee"/>
      </object_component>
      <object_component id="oc-1f6">
         <name>.text:sqrt</name>
         <load_address>0x2838</load_address>
         <run_address>0x2838</run_address>
         <size>0x158</size>
         <input_file_ref idref="fl-cf"/>
      </object_component>
      <object_component id="oc-ff">
         <name>.text</name>
         <load_address>0x2990</load_address>
         <run_address>0x2990</run_address>
         <size>0x13a</size>
         <input_file_ref idref="fl-8"/>
      </object_component>
      <object_component id="oc-1f1">
         <name>.text</name>
         <load_address>0x2aca</load_address>
         <run_address>0x2aca</run_address>
         <size>0x136</size>
         <input_file_ref idref="fl-d2"/>
      </object_component>
      <object_component id="oc-2ad">
         <name>.text:free</name>
         <load_address>0x2c00</load_address>
         <run_address>0x2c00</run_address>
         <size>0x120</size>
         <input_file_ref idref="fl-e1"/>
      </object_component>
      <object_component id="oc-14c">
         <name>.text:SysCtlClockGet</name>
         <load_address>0x2d20</load_address>
         <run_address>0x2d20</run_address>
         <size>0x118</size>
         <input_file_ref idref="fl-f0"/>
      </object_component>
      <object_component id="oc-1fc">
         <name>.text</name>
         <load_address>0x2e38</load_address>
         <run_address>0x2e38</run_address>
         <size>0xfc</size>
         <input_file_ref idref="fl-d3"/>
      </object_component>
      <object_component id="oc-134">
         <name>.text:SysCtlClockSet</name>
         <load_address>0x2f34</load_address>
         <run_address>0x2f34</run_address>
         <size>0xf4</size>
         <input_file_ref idref="fl-f0"/>
      </object_component>
      <object_component id="oc-f1">
         <name>.text</name>
         <load_address>0x3028</load_address>
         <run_address>0x3028</run_address>
         <size>0xbc</size>
         <input_file_ref idref="fl-2"/>
      </object_component>
      <object_component id="oc-3e">
         <name>.text</name>
         <load_address>0x30e4</load_address>
         <run_address>0x30e4</run_address>
         <size>0x9c</size>
         <input_file_ref idref="fl-e5"/>
      </object_component>
      <object_component id="oc-105">
         <name>.text:_IQ15div</name>
         <load_address>0x3180</load_address>
         <run_address>0x3180</run_address>
         <size>0x90</size>
         <input_file_ref idref="fl-16"/>
      </object_component>
      <object_component id="oc-115">
         <name>.text:_IQ20div</name>
         <load_address>0x3210</load_address>
         <run_address>0x3210</run_address>
         <size>0x90</size>
         <input_file_ref idref="fl-16"/>
      </object_component>
      <object_component id="oc-10f">
         <name>.text</name>
         <load_address>0x32a0</load_address>
         <run_address>0x32a0</run_address>
         <size>0x86</size>
         <input_file_ref idref="fl-3"/>
      </object_component>
      <object_component id="oc-bc">
         <name>.text</name>
         <load_address>0x3326</load_address>
         <run_address>0x3326</run_address>
         <size>0x7a</size>
         <input_file_ref idref="fl-dd"/>
      </object_component>
      <object_component id="oc-19b">
         <name>.text</name>
         <load_address>0x33a0</load_address>
         <run_address>0x33a0</run_address>
         <size>0x78</size>
         <input_file_ref idref="fl-6"/>
      </object_component>
      <object_component id="oc-f7">
         <name>.text</name>
         <load_address>0x3418</load_address>
         <run_address>0x3418</run_address>
         <size>0x6e</size>
         <input_file_ref idref="fl-d5"/>
      </object_component>
      <object_component id="oc-11a">
         <name>.text:_IQ20sqrt</name>
         <load_address>0x3488</load_address>
         <run_address>0x3488</run_address>
         <size>0x6c</size>
         <input_file_ref idref="fl-18"/>
      </object_component>
      <object_component id="oc-2a7">
         <name>.text:FlashProgram</name>
         <load_address>0x34f4</load_address>
         <run_address>0x34f4</run_address>
         <size>0x68</size>
         <input_file_ref idref="fl-ec"/>
      </object_component>
      <object_component id="oc-15e">
         <name>.text:IntEnable</name>
         <load_address>0x355c</load_address>
         <run_address>0x355c</run_address>
         <size>0x68</size>
         <input_file_ref idref="fl-ef"/>
      </object_component>
      <object_component id="oc-15">
         <name>.text:decompress:lzss:__TI_decompress_lzss</name>
         <load_address>0x35c4</load_address>
         <run_address>0x35c4</run_address>
         <size>0x68</size>
         <input_file_ref idref="fl-e0"/>
      </object_component>
      <object_component id="oc-17c">
         <name>.text:TimerConfigure</name>
         <load_address>0x362c</load_address>
         <run_address>0x362c</run_address>
         <size>0x60</size>
         <input_file_ref idref="fl-f1"/>
      </object_component>
      <object_component id="oc-140">
         <name>.text:GPIOPinConfigure</name>
         <load_address>0x368c</load_address>
         <run_address>0x368c</run_address>
         <size>0x4c</size>
         <input_file_ref idref="fl-ee"/>
      </object_component>
      <object_component id="oc-299">
         <name>.text:_TimerIntNumberGet</name>
         <load_address>0x36d8</load_address>
         <run_address>0x36d8</run_address>
         <size>0x4c</size>
         <input_file_ref idref="fl-f1"/>
      </object_component>
      <object_component id="oc-225">
         <name>.text</name>
         <load_address>0x3724</load_address>
         <run_address>0x3724</run_address>
         <size>0x48</size>
         <input_file_ref idref="fl-d4"/>
      </object_component>
      <object_component id="oc-152">
         <name>.text:UARTConfigSetExpClk</name>
         <load_address>0x376c</load_address>
         <run_address>0x376c</run_address>
         <size>0x46</size>
         <input_file_ref idref="fl-f2"/>
      </object_component>
      <object_component id="oc-1ae">
         <name>.text:__TI_auto_init_nobinit_nopinit:__TI_auto_init_nobinit_nopinit</name>
         <load_address>0x37b4</load_address>
         <run_address>0x37b4</run_address>
         <size>0x44</size>
         <input_file_ref idref="fl-e6"/>
      </object_component>
      <object_component id="oc-277">
         <name>.text</name>
         <load_address>0x37f8</load_address>
         <run_address>0x37f8</run_address>
         <size>0x44</size>
         <input_file_ref idref="fl-d6"/>
      </object_component>
      <object_component id="oc-282">
         <name>.text:_UARTIntNumberGet</name>
         <load_address>0x383c</load_address>
         <run_address>0x383c</run_address>
         <size>0x40</size>
         <input_file_ref idref="fl-f2"/>
      </object_component>
      <object_component id="oc-1e7">
         <name>.text</name>
         <load_address>0x387c</load_address>
         <run_address>0x387c</run_address>
         <size>0x40</size>
         <input_file_ref idref="fl-d9"/>
      </object_component>
      <object_component id="oc-21b">
         <name>.text</name>
         <load_address>0x38bc</load_address>
         <run_address>0x38bc</run_address>
         <size>0x38</size>
         <input_file_ref idref="fl-d7"/>
      </object_component>
      <object_component id="oc-216">
         <name>.text</name>
         <load_address>0x38f4</load_address>
         <run_address>0x38f4</run_address>
         <size>0x36</size>
         <input_file_ref idref="fl-db"/>
      </object_component>
      <object_component id="oc-288">
         <name>.text:IntRegister</name>
         <load_address>0x392c</load_address>
         <run_address>0x392c</run_address>
         <size>0x34</size>
         <input_file_ref idref="fl-ef"/>
      </object_component>
      <object_component id="oc-12e">
         <name>.text:SysCtlPeripheralEnable</name>
         <load_address>0x3960</load_address>
         <run_address>0x3960</run_address>
         <size>0x34</size>
         <input_file_ref idref="fl-f0"/>
      </object_component>
      <object_component id="oc-59">
         <name>.text:_c_int00_noargs:_c_int00_noargs</name>
         <load_address>0x3994</load_address>
         <run_address>0x3994</run_address>
         <size>0x34</size>
         <input_file_ref idref="fl-e3"/>
      </object_component>
      <object_component id="oc-2a1">
         <name>.text:FlashErase</name>
         <load_address>0x39c8</load_address>
         <run_address>0x39c8</run_address>
         <size>0x30</size>
         <input_file_ref idref="fl-ec"/>
      </object_component>
      <object_component id="oc-1ec">
         <name>.text</name>
         <load_address>0x39f8</load_address>
         <run_address>0x39f8</run_address>
         <size>0x2e</size>
         <input_file_ref idref="fl-d8"/>
      </object_component>
      <object_component id="oc-230">
         <name>.text:GPIODirModeSet</name>
         <load_address>0x3a26</load_address>
         <run_address>0x3a26</run_address>
         <size>0x2c</size>
         <input_file_ref idref="fl-ee"/>
      </object_component>
      <object_component id="oc-241">
         <name>.text:UARTDisable</name>
         <load_address>0x3a54</load_address>
         <run_address>0x3a54</run_address>
         <size>0x20</size>
         <input_file_ref idref="fl-f2"/>
      </object_component>
      <object_component id="oc-27c">
         <name>.text</name>
         <load_address>0x3a74</load_address>
         <run_address>0x3a74</run_address>
         <size>0x20</size>
         <input_file_ref idref="fl-da"/>
      </object_component>
      <object_component id="oc-47">
         <name>.text:decompress:ZI:__TI_zero_init_nomemset:__TI_zero_init_nomemset</name>
         <load_address>0x3a94</load_address>
         <run_address>0x3a94</run_address>
         <size>0x1c</size>
         <input_file_ref idref="fl-de"/>
      </object_component>
      <object_component id="oc-2a">
         <name>.text</name>
         <load_address>0x3ab0</load_address>
         <run_address>0x3ab0</run_address>
         <size>0x1a</size>
         <input_file_ref idref="fl-b"/>
      </object_component>
      <object_component id="oc-18e">
         <name>.text:TimerIntRegister</name>
         <load_address>0x3aca</load_address>
         <run_address>0x3aca</run_address>
         <size>0x18</size>
         <input_file_ref idref="fl-f1"/>
      </object_component>
      <object_component id="oc-170">
         <name>.text:UARTIntRegister</name>
         <load_address>0x3ae2</load_address>
         <run_address>0x3ae2</run_address>
         <size>0x18</size>
         <input_file_ref idref="fl-f2"/>
      </object_component>
      <object_component id="oc-146">
         <name>.text:GPIOPinTypeUART</name>
         <load_address>0x3afa</load_address>
         <run_address>0x3afa</run_address>
         <size>0x16</size>
         <input_file_ref idref="fl-ee"/>
      </object_component>
      <object_component id="oc-247">
         <name>.text:UARTEnable</name>
         <load_address>0x3b10</load_address>
         <run_address>0x3b10</run_address>
         <size>0x14</size>
         <input_file_ref idref="fl-f2"/>
      </object_component>
      <object_component id="oc-182">
         <name>.text:TimerLoadSet</name>
         <load_address>0x3b24</load_address>
         <run_address>0x3b24</run_address>
         <size>0x12</size>
         <input_file_ref idref="fl-f1"/>
      </object_component>
      <object_component id="oc-128">
         <name>.text:FPUEnable</name>
         <load_address>0x3b38</load_address>
         <run_address>0x3b38</run_address>
         <size>0x10</size>
         <input_file_ref idref="fl-ed"/>
      </object_component>
      <object_component id="oc-122">
         <name>.text:FPULazyStackingEnable</name>
         <load_address>0x3b48</load_address>
         <run_address>0x3b48</run_address>
         <size>0x10</size>
         <input_file_ref idref="fl-ed"/>
      </object_component>
      <object_component id="oc-176">
         <name>.text:IntMasterEnable</name>
         <load_address>0x3b58</load_address>
         <run_address>0x3b58</run_address>
         <size>0x10</size>
         <input_file_ref idref="fl-ef"/>
      </object_component>
      <object_component id="oc-10a">
         <name>.text:_IQ20mpy</name>
         <load_address>0x3b68</load_address>
         <run_address>0x3b68</run_address>
         <size>0x10</size>
         <input_file_ref idref="fl-17"/>
      </object_component>
      <object_component id="oc-194">
         <name>.text:TimerEnable</name>
         <load_address>0x3b78</load_address>
         <run_address>0x3b78</run_address>
         <size>0xe</size>
         <input_file_ref idref="fl-f1"/>
      </object_component>
      <object_component id="oc-271">
         <name>.text:UARTCharGetNonBlocking</name>
         <load_address>0x3b86</load_address>
         <run_address>0x3b86</run_address>
         <size>0xe</size>
         <input_file_ref idref="fl-f2"/>
      </object_component>
      <object_component id="oc-268">
         <name>.text:UARTCharsAvail</name>
         <load_address>0x3b94</load_address>
         <run_address>0x3b94</run_address>
         <size>0xe</size>
         <input_file_ref idref="fl-f2"/>
      </object_component>
      <object_component id="oc-1b">
         <name>.text:decompress:none:__TI_decompress_none</name>
         <load_address>0x3ba2</load_address>
         <run_address>0x3ba2</run_address>
         <size>0xe</size>
         <input_file_ref idref="fl-df"/>
      </object_component>
      <object_component id="oc-28f">
         <name>.text:CPUcpsie</name>
         <load_address>0x3bb0</load_address>
         <run_address>0x3bb0</run_address>
         <size>0xc</size>
         <input_file_ref idref="fl-f3"/>
      </object_component>
      <object_component id="oc-256">
         <name>.text:UARTCharPut</name>
         <load_address>0x3bbc</load_address>
         <run_address>0x3bbc</run_address>
         <size>0xa</size>
         <input_file_ref idref="fl-f2"/>
      </object_component>
      <object_component id="oc-158">
         <name>.text:UARTFIFODisable</name>
         <load_address>0x3bc6</load_address>
         <run_address>0x3bc6</run_address>
         <size>0xa</size>
         <input_file_ref idref="fl-f2"/>
      </object_component>
      <object_component id="oc-25c">
         <name>.text:UARTIntStatus</name>
         <load_address>0x3bd0</load_address>
         <run_address>0x3bd0</run_address>
         <size>0xa</size>
         <input_file_ref idref="fl-f2"/>
      </object_component>
      <object_component id="oc-188">
         <name>.text:TimerIntEnable</name>
         <load_address>0x3bda</load_address>
         <run_address>0x3bda</run_address>
         <size>0x8</size>
         <input_file_ref idref="fl-f1"/>
      </object_component>
      <object_component id="oc-164">
         <name>.text:UARTIntEnable</name>
         <load_address>0x3be2</load_address>
         <run_address>0x3be2</run_address>
         <size>0x8</size>
         <input_file_ref idref="fl-f2"/>
      </object_component>
      <object_component id="oc-2e3">
         <name>.text:__aeabi_errno_addr</name>
         <load_address>0x3bec</load_address>
         <run_address>0x3bec</run_address>
         <size>0x8</size>
         <input_file_ref idref="fl-e2"/>
      </object_component>
      <object_component id="oc-19a">
         <name>.text:SysCtlDelay</name>
         <load_address>0x3bf4</load_address>
         <run_address>0x3bf4</run_address>
         <size>0x6</size>
         <input_file_ref idref="fl-f0"/>
      </object_component>
      <object_component id="oc-262">
         <name>.text:UARTIntClear</name>
         <load_address>0x3bfa</load_address>
         <run_address>0x3bfa</run_address>
         <size>0x4</size>
         <input_file_ref idref="fl-f2"/>
      </object_component>
      <object_component id="oc-c2">
         <name>.text:_system_pre_init</name>
         <load_address>0x3bfe</load_address>
         <run_address>0x3bfe</run_address>
         <size>0x4</size>
         <input_file_ref idref="fl-e7"/>
      </object_component>
      <object_component id="oc-1a2">
         <name>.text:abort:abort</name>
         <load_address>0x3c02</load_address>
         <run_address>0x3c02</run_address>
         <size>0x4</size>
         <input_file_ref idref="fl-e9"/>
      </object_component>
      <object_component id="oc-22b">
         <name>.const:g_pui32GPIOBaseAddrs</name>
         <load_address>0x3c08</load_address>
         <run_address>0x3c08</run_address>
         <size>0x90</size>
         <input_file_ref idref="fl-ee"/>
      </object_component>
      <object_component id="oc-23d">
         <name>.const:g_pui32Xtals</name>
         <load_address>0x3c98</load_address>
         <run_address>0x3c98</run_address>
         <size>0x6c</size>
         <input_file_ref idref="fl-f0"/>
      </object_component>
      <object_component id="oc-321">
         <name>.const:g_ppui32TimerIntMap</name>
         <load_address>0x3d04</load_address>
         <run_address>0x3d04</run_address>
         <size>0x60</size>
         <input_file_ref idref="fl-f1"/>
      </object_component>
      <object_component id="oc-213">
         <name>.const:$O1$$</name>
         <load_address>0x3d68</load_address>
         <run_address>0x3d68</run_address>
         <size>0x50</size>
         <input_file_ref idref="fl-4"/>
      </object_component>
      <object_component id="oc-324">
         <name>.const:g_ppui32TimerIntMapSnowflake</name>
         <load_address>0x3db8</load_address>
         <run_address>0x3db8</run_address>
         <size>0x40</size>
         <input_file_ref idref="fl-f1"/>
      </object_component>
      <object_component id="oc-315">
         <name>.const:g_ppui32UARTIntMap</name>
         <load_address>0x3df8</load_address>
         <run_address>0x3df8</run_address>
         <size>0x40</size>
         <input_file_ref idref="fl-f2"/>
      </object_component>
      <object_component id="oc-318">
         <name>.const:g_ppui32UARTIntMapSnowflake</name>
         <load_address>0x3e38</load_address>
         <run_address>0x3e38</run_address>
         <size>0x40</size>
         <input_file_ref idref="fl-f2"/>
      </object_component>
      <object_component id="oc-250">
         <name>.const:g_pui32EnRegs</name>
         <load_address>0x3e78</load_address>
         <run_address>0x3e78</run_address>
         <size>0x14</size>
         <input_file_ref idref="fl-ef"/>
      </object_component>
      <object_component id="oc-391">
         <name>.cinit..data.load</name>
         <load_address>0x3e90</load_address>
         <run_address>0x3e90</run_address>
         <size>0x5e</size>
      </object_component>
      <object_component id="oc-38e">
         <name>__TI_handler_table</name>
         <load_address>0x3ef0</load_address>
         <run_address>0x3ef0</run_address>
         <size>0xc</size>
      </object_component>
      <object_component id="oc-390">
         <name>.cinit..vtable.load</name>
         <load_address>0x3f00</load_address>
         <run_address>0x3f00</run_address>
         <size>0x8</size>
      </object_component>
      <object_component id="oc-38f">
         <name>__TI_cinit_table</name>
         <load_address>0x3f08</load_address>
         <run_address>0x3f08</run_address>
         <size>0x10</size>
      </object_component>
      <object_component id="oc-31c">
         <name>.vtable</name>
         <uninitialized>true</uninitialized>
         <run_address>0x20000000</run_address>
         <size>0x26c</size>
         <input_file_ref idref="fl-ef"/>
      </object_component>
      <object_component id="oc-348">
         <name>.data</name>
         <load_address>0x20002c14</load_address>
         <run_address>0x20002c14</run_address>
         <size>0x4</size>
         <input_file_ref idref="fl-e2"/>
      </object_component>
      <object_component id="oc-11f">
         <name>.data</name>
         <load_address>0x20002c10</load_address>
         <run_address>0x20002c10</run_address>
         <size>0x4</size>
         <input_file_ref idref="fl-3"/>
      </object_component>
      <object_component id="oc-26e">
         <name>.data:$O2$$</name>
         <load_address>0x20002270</load_address>
         <run_address>0x20002270</run_address>
         <size>0x614</size>
         <input_file_ref idref="fl-7"/>
      </object_component>
      <object_component id="oc-fc">
         <name>.data:$O3$$</name>
         <load_address>0x20002884</load_address>
         <run_address>0x20002884</run_address>
         <size>0x37c</size>
         <input_file_ref idref="fl-9"/>
      </object_component>
      <object_component id="oc-32b">
         <name>.data:$O6$$</name>
         <load_address>0x20002c00</load_address>
         <run_address>0x20002c00</run_address>
         <size>0x8</size>
         <input_file_ref idref="fl-e1"/>
      </object_component>
      <object_component id="oc-2b8">
         <name>.data:$O7$$</name>
         <load_address>0x20002c08</load_address>
         <run_address>0x20002c08</run_address>
         <size>0x8</size>
         <input_file_ref idref="fl-ea"/>
      </object_component>
      <object_component id="oc-24">
         <name>.sysmem</name>
         <uninitialized>true</uninitialized>
         <run_address>0x20001270</run_address>
         <size>0x10</size>
         <input_file_ref idref="fl-e1"/>
      </object_component>
      <object_component id="oc-394">
         <name>.sysmem</name>
         <uninitialized>true</uninitialized>
         <run_address>0x20001270</run_address>
         <size>0x0</size>
      </object_component>
      <object_component id="oc-27">
         <name>.stack</name>
         <uninitialized>true</uninitialized>
         <run_address>0x20000270</run_address>
         <size>0x4</size>
         <input_file_ref idref="fl-e3"/>
      </object_component>
      <object_component id="oc-393">
         <name>.stack</name>
         <uninitialized>true</uninitialized>
         <run_address>0x20000270</run_address>
         <size>0x0</size>
      </object_component>
      <object_component id="oc-32">
         <name>.debug_info</name>
         <load_address>0x0</load_address>
         <run_address>0x0</run_address>
         <size>0x2b7</size>
         <input_file_ref idref="fl-b"/>
      </object_component>
      <object_component id="oc-13">
         <name>.debug_info</name>
         <load_address>0x2b7</load_address>
         <run_address>0x2b7</run_address>
         <size>0xf6</size>
         <input_file_ref idref="fl-b"/>
      </object_component>
      <object_component id="oc-2b">
         <name>.debug_info</name>
         <load_address>0x3ad</load_address>
         <run_address>0x3ad</run_address>
         <size>0x272</size>
         <input_file_ref idref="fl-b"/>
      </object_component>
      <object_component id="oc-6f">
         <name>.debug_info</name>
         <load_address>0x61f</load_address>
         <run_address>0x61f</run_address>
         <size>0x84</size>
         <input_file_ref idref="fl-b"/>
      </object_component>
      <object_component id="oc-e4">
         <name>.debug_info</name>
         <load_address>0x6a3</load_address>
         <run_address>0x6a3</run_address>
         <size>0x2a4</size>
         <input_file_ref idref="fl-b"/>
      </object_component>
      <object_component id="oc-7c">
         <name>.debug_info</name>
         <load_address>0x947</load_address>
         <run_address>0x947</run_address>
         <size>0xbb</size>
         <input_file_ref idref="fl-b"/>
      </object_component>
      <object_component id="oc-107">
         <name>.debug_info</name>
         <load_address>0xa02</load_address>
         <run_address>0xa02</run_address>
         <size>0x1bf</size>
         <input_file_ref idref="fl-16"/>
      </object_component>
      <object_component id="oc-117">
         <name>.debug_info</name>
         <load_address>0xbc1</load_address>
         <run_address>0xbc1</run_address>
         <size>0x1bf</size>
         <input_file_ref idref="fl-16"/>
      </object_component>
      <object_component id="oc-10d">
         <name>.debug_info</name>
         <load_address>0xd80</load_address>
         <run_address>0xd80</run_address>
         <size>0x1b1</size>
         <input_file_ref idref="fl-17"/>
      </object_component>
      <object_component id="oc-11c">
         <name>.debug_info</name>
         <load_address>0xf31</load_address>
         <run_address>0xf31</run_address>
         <size>0x1bb</size>
         <input_file_ref idref="fl-18"/>
      </object_component>
      <object_component id="oc-221">
         <name>.debug_info</name>
         <load_address>0x10ec</load_address>
         <run_address>0x10ec</run_address>
         <size>0x14c</size>
         <input_file_ref idref="fl-d0"/>
      </object_component>
      <object_component id="oc-1f3">
         <name>.debug_info</name>
         <load_address>0x1238</load_address>
         <run_address>0x1238</run_address>
         <size>0x13a</size>
         <input_file_ref idref="fl-d2"/>
      </object_component>
      <object_component id="oc-1ff">
         <name>.debug_info</name>
         <load_address>0x1372</load_address>
         <run_address>0x1372</run_address>
         <size>0x13a</size>
         <input_file_ref idref="fl-d3"/>
      </object_component>
      <object_component id="oc-227">
         <name>.debug_info</name>
         <load_address>0x14ac</load_address>
         <run_address>0x14ac</run_address>
         <size>0x12e</size>
         <input_file_ref idref="fl-d4"/>
      </object_component>
      <object_component id="oc-f9">
         <name>.debug_info</name>
         <load_address>0x15da</load_address>
         <run_address>0x15da</run_address>
         <size>0x13e</size>
         <input_file_ref idref="fl-d5"/>
      </object_component>
      <object_component id="oc-278">
         <name>.debug_info</name>
         <load_address>0x1718</load_address>
         <run_address>0x1718</run_address>
         <size>0x139</size>
         <input_file_ref idref="fl-d6"/>
      </object_component>
      <object_component id="oc-21e">
         <name>.debug_info</name>
         <load_address>0x1851</load_address>
         <run_address>0x1851</run_address>
         <size>0x12c</size>
         <input_file_ref idref="fl-d7"/>
      </object_component>
      <object_component id="oc-1ed">
         <name>.debug_info</name>
         <load_address>0x197d</load_address>
         <run_address>0x197d</run_address>
         <size>0x12c</size>
         <input_file_ref idref="fl-d8"/>
      </object_component>
      <object_component id="oc-1e9">
         <name>.debug_info</name>
         <load_address>0x1aa9</load_address>
         <run_address>0x1aa9</run_address>
         <size>0x127</size>
         <input_file_ref idref="fl-d9"/>
      </object_component>
      <object_component id="oc-27f">
         <name>.debug_info</name>
         <load_address>0x1bd0</load_address>
         <run_address>0x1bd0</run_address>
         <size>0x12e</size>
         <input_file_ref idref="fl-da"/>
      </object_component>
      <object_component id="oc-219">
         <name>.debug_info</name>
         <load_address>0x1cfe</load_address>
         <run_address>0x1cfe</run_address>
         <size>0x12d</size>
         <input_file_ref idref="fl-db"/>
      </object_component>
      <object_component id="oc-bd">
         <name>.debug_info</name>
         <load_address>0x1e2b</load_address>
         <run_address>0x1e2b</run_address>
         <size>0x147</size>
         <input_file_ref idref="fl-dd"/>
      </object_component>
      <object_component id="oc-34c">
         <name>.debug_info</name>
         <load_address>0x1f72</load_address>
         <run_address>0x1f72</run_address>
         <size>0x289</size>
         <input_file_ref idref="fl-e2"/>
      </object_component>
      <object_component id="oc-349">
         <name>.debug_info</name>
         <load_address>0x21fb</load_address>
         <run_address>0x21fb</run_address>
         <size>0x10e</size>
         <input_file_ref idref="fl-e2"/>
      </object_component>
      <object_component id="oc-2e5">
         <name>.debug_info</name>
         <load_address>0x2309</load_address>
         <run_address>0x2309</run_address>
         <size>0x14e</size>
         <input_file_ref idref="fl-e2"/>
      </object_component>
      <object_component id="oc-28">
         <name>.debug_info</name>
         <load_address>0x2457</load_address>
         <run_address>0x2457</run_address>
         <size>0x10b</size>
         <input_file_ref idref="fl-e3"/>
      </object_component>
      <object_component id="oc-5d">
         <name>.debug_info</name>
         <load_address>0x2562</load_address>
         <run_address>0x2562</run_address>
         <size>0x1a9</size>
         <input_file_ref idref="fl-e3"/>
      </object_component>
      <object_component id="oc-3f">
         <name>.debug_info</name>
         <load_address>0x270b</load_address>
         <run_address>0x270b</run_address>
         <size>0x119</size>
         <input_file_ref idref="fl-e5"/>
      </object_component>
      <object_component id="oc-2bf">
         <name>.debug_info</name>
         <load_address>0x2824</load_address>
         <run_address>0x2824</run_address>
         <size>0x4b3</size>
         <input_file_ref idref="fl-e6"/>
      </object_component>
      <object_component id="oc-1b0">
         <name>.debug_info</name>
         <load_address>0x2cd7</load_address>
         <run_address>0x2cd7</run_address>
         <size>0x1a6</size>
         <input_file_ref idref="fl-e6"/>
      </object_component>
      <object_component id="oc-33d">
         <name>.debug_info</name>
         <load_address>0x2e7d</load_address>
         <run_address>0x2e7d</run_address>
         <size>0x39</size>
         <input_file_ref idref="fl-e6"/>
      </object_component>
      <object_component id="oc-35c">
         <name>.debug_info</name>
         <load_address>0x2eb6</load_address>
         <run_address>0x2eb6</run_address>
         <size>0x39</size>
         <input_file_ref idref="fl-e6"/>
      </object_component>
      <object_component id="oc-342">
         <name>.debug_info</name>
         <load_address>0x2eef</load_address>
         <run_address>0x2eef</run_address>
         <size>0x39</size>
         <input_file_ref idref="fl-e6"/>
      </object_component>
      <object_component id="oc-1a3">
         <name>.debug_info</name>
         <load_address>0x2f28</load_address>
         <run_address>0x2f28</run_address>
         <size>0x122</size>
         <input_file_ref idref="fl-e9"/>
      </object_component>
      <object_component id="oc-329">
         <name>.debug_info</name>
         <load_address>0x304a</load_address>
         <run_address>0x304a</run_address>
         <size>0x3ac</size>
         <input_file_ref idref="fl-ec"/>
      </object_component>
      <object_component id="oc-2a8">
         <name>.debug_info</name>
         <load_address>0x33f6</load_address>
         <run_address>0x33f6</run_address>
         <size>0x2d1</size>
         <input_file_ref idref="fl-ec"/>
      </object_component>
      <object_component id="oc-2a2">
         <name>.debug_info</name>
         <load_address>0x36c7</load_address>
         <run_address>0x36c7</run_address>
         <size>0x260</size>
         <input_file_ref idref="fl-ec"/>
      </object_component>
      <object_component id="oc-2db">
         <name>.debug_info</name>
         <load_address>0x3927</load_address>
         <run_address>0x3927</run_address>
         <size>0x26b</size>
         <input_file_ref idref="fl-ec"/>
      </object_component>
      <object_component id="oc-2d4">
         <name>.debug_info</name>
         <load_address>0x3b92</load_address>
         <run_address>0x3b92</run_address>
         <size>0x297</size>
         <input_file_ref idref="fl-ec"/>
      </object_component>
      <object_component id="oc-2f1">
         <name>.debug_info</name>
         <load_address>0x3e29</load_address>
         <run_address>0x3e29</run_address>
         <size>0xef</size>
         <input_file_ref idref="fl-ec"/>
      </object_component>
      <object_component id="oc-1e1">
         <name>.debug_info</name>
         <load_address>0x3f18</load_address>
         <run_address>0x3f18</run_address>
         <size>0xbb</size>
         <input_file_ref idref="fl-ec"/>
      </object_component>
      <object_component id="oc-125">
         <name>.debug_info</name>
         <load_address>0x3fd3</load_address>
         <run_address>0x3fd3</run_address>
         <size>0x22e</size>
         <input_file_ref idref="fl-ed"/>
      </object_component>
      <object_component id="oc-12a">
         <name>.debug_info</name>
         <load_address>0x4201</load_address>
         <run_address>0x4201</run_address>
         <size>0x216</size>
         <input_file_ref idref="fl-ed"/>
      </object_component>
      <object_component id="oc-22f">
         <name>.debug_info</name>
         <load_address>0x4417</load_address>
         <run_address>0x4417</run_address>
         <size>0x3e4</size>
         <input_file_ref idref="fl-ee"/>
      </object_component>
      <object_component id="oc-22c">
         <name>.debug_info</name>
         <load_address>0x47fb</load_address>
         <run_address>0x47fb</run_address>
         <size>0x164</size>
         <input_file_ref idref="fl-ee"/>
      </object_component>
      <object_component id="oc-231">
         <name>.debug_info</name>
         <load_address>0x495f</load_address>
         <run_address>0x495f</run_address>
         <size>0x2bc</size>
         <input_file_ref idref="fl-ee"/>
      </object_component>
      <object_component id="oc-237">
         <name>.debug_info</name>
         <load_address>0x4c1b</load_address>
         <run_address>0x4c1b</run_address>
         <size>0x31f</size>
         <input_file_ref idref="fl-ee"/>
      </object_component>
      <object_component id="oc-147">
         <name>.debug_info</name>
         <load_address>0x4f3a</load_address>
         <run_address>0x4f3a</run_address>
         <size>0x29b</size>
         <input_file_ref idref="fl-ee"/>
      </object_component>
      <object_component id="oc-142">
         <name>.debug_info</name>
         <load_address>0x51d5</load_address>
         <run_address>0x51d5</run_address>
         <size>0x289</size>
         <input_file_ref idref="fl-ee"/>
      </object_component>
      <object_component id="oc-254">
         <name>.debug_info</name>
         <load_address>0x545e</load_address>
         <run_address>0x545e</run_address>
         <size>0x3b7</size>
         <input_file_ref idref="fl-ef"/>
      </object_component>
      <object_component id="oc-251">
         <name>.debug_info</name>
         <load_address>0x5815</load_address>
         <run_address>0x5815</run_address>
         <size>0x15b</size>
         <input_file_ref idref="fl-ef"/>
      </object_component>
      <object_component id="oc-31d">
         <name>.debug_info</name>
         <load_address>0x5970</load_address>
         <run_address>0x5970</run_address>
         <size>0x160</size>
         <input_file_ref idref="fl-ef"/>
      </object_component>
      <object_component id="oc-289">
         <name>.debug_info</name>
         <load_address>0x5ad0</load_address>
         <run_address>0x5ad0</run_address>
         <size>0x2ca</size>
         <input_file_ref idref="fl-ef"/>
      </object_component>
      <object_component id="oc-177">
         <name>.debug_info</name>
         <load_address>0x5d9a</load_address>
         <run_address>0x5d9a</run_address>
         <size>0x247</size>
         <input_file_ref idref="fl-ef"/>
      </object_component>
      <object_component id="oc-15f">
         <name>.debug_info</name>
         <load_address>0x5fe1</load_address>
         <run_address>0x5fe1</run_address>
         <size>0x271</size>
         <input_file_ref idref="fl-ef"/>
      </object_component>
      <object_component id="oc-211">
         <name>.debug_info</name>
         <load_address>0x6252</load_address>
         <run_address>0x6252</run_address>
         <size>0x441</size>
         <input_file_ref idref="fl-f0"/>
      </object_component>
      <object_component id="oc-23e">
         <name>.debug_info</name>
         <load_address>0x6693</load_address>
         <run_address>0x6693</run_address>
         <size>0x156</size>
         <input_file_ref idref="fl-f0"/>
      </object_component>
      <object_component id="oc-12f">
         <name>.debug_info</name>
         <load_address>0x67e9</load_address>
         <run_address>0x67e9</run_address>
         <size>0x286</size>
         <input_file_ref idref="fl-f0"/>
      </object_component>
      <object_component id="oc-135">
         <name>.debug_info</name>
         <load_address>0x6a6f</load_address>
         <run_address>0x6a6f</run_address>
         <size>0x2e4</size>
         <input_file_ref idref="fl-f0"/>
      </object_component>
      <object_component id="oc-14d">
         <name>.debug_info</name>
         <load_address>0x6d53</load_address>
         <run_address>0x6d53</run_address>
         <size>0x2be</size>
         <input_file_ref idref="fl-f0"/>
      </object_component>
      <object_component id="oc-2ed">
         <name>.debug_info</name>
         <load_address>0x7011</load_address>
         <run_address>0x7011</run_address>
         <size>0x51</size>
         <input_file_ref idref="fl-f0"/>
      </object_component>
      <object_component id="oc-1e6">
         <name>.debug_info</name>
         <load_address>0x7062</load_address>
         <run_address>0x7062</run_address>
         <size>0x3c7</size>
         <input_file_ref idref="fl-f1"/>
      </object_component>
      <object_component id="oc-322">
         <name>.debug_info</name>
         <load_address>0x7429</load_address>
         <run_address>0x7429</run_address>
         <size>0x163</size>
         <input_file_ref idref="fl-f1"/>
      </object_component>
      <object_component id="oc-325">
         <name>.debug_info</name>
         <load_address>0x758c</load_address>
         <run_address>0x758c</run_address>
         <size>0x175</size>
         <input_file_ref idref="fl-f1"/>
      </object_component>
      <object_component id="oc-183">
         <name>.debug_info</name>
         <load_address>0x7701</load_address>
         <run_address>0x7701</run_address>
         <size>0x2c3</size>
         <input_file_ref idref="fl-f1"/>
      </object_component>
      <object_component id="oc-29b">
         <name>.debug_info</name>
         <load_address>0x79c4</load_address>
         <run_address>0x79c4</run_address>
         <size>0x2f4</size>
         <input_file_ref idref="fl-f1"/>
      </object_component>
      <object_component id="oc-190">
         <name>.debug_info</name>
         <load_address>0x7cb8</load_address>
         <run_address>0x7cb8</run_address>
         <size>0x2ed</size>
         <input_file_ref idref="fl-f1"/>
      </object_component>
      <object_component id="oc-18a">
         <name>.debug_info</name>
         <load_address>0x7fa5</load_address>
         <run_address>0x7fa5</run_address>
         <size>0x29d</size>
         <input_file_ref idref="fl-f1"/>
      </object_component>
      <object_component id="oc-ed">
         <name>.debug_info</name>
         <load_address>0x8242</load_address>
         <run_address>0x8242</run_address>
         <size>0x29b</size>
         <input_file_ref idref="fl-f1"/>
      </object_component>
      <object_component id="oc-196">
         <name>.debug_info</name>
         <load_address>0x84dd</load_address>
         <run_address>0x84dd</run_address>
         <size>0x288</size>
         <input_file_ref idref="fl-f1"/>
      </object_component>
      <object_component id="oc-17d">
         <name>.debug_info</name>
         <load_address>0x8765</load_address>
         <run_address>0x8765</run_address>
         <size>0x295</size>
         <input_file_ref idref="fl-f1"/>
      </object_component>
      <object_component id="oc-24e">
         <name>.debug_info</name>
         <load_address>0x89fa</load_address>
         <run_address>0x89fa</run_address>
         <size>0x3cb</size>
         <input_file_ref idref="fl-f2"/>
      </object_component>
      <object_component id="oc-316">
         <name>.debug_info</name>
         <load_address>0x8dc5</load_address>
         <run_address>0x8dc5</run_address>
         <size>0x160</size>
         <input_file_ref idref="fl-f2"/>
      </object_component>
      <object_component id="oc-319">
         <name>.debug_info</name>
         <load_address>0x8f25</load_address>
         <run_address>0x8f25</run_address>
         <size>0x172</size>
         <input_file_ref idref="fl-f2"/>
      </object_component>
      <object_component id="oc-283">
         <name>.debug_info</name>
         <load_address>0x9097</load_address>
         <run_address>0x9097</run_address>
         <size>0x287</size>
         <input_file_ref idref="fl-f2"/>
      </object_component>
      <object_component id="oc-25d">
         <name>.debug_info</name>
         <load_address>0x931e</load_address>
         <run_address>0x931e</run_address>
         <size>0x288</size>
         <input_file_ref idref="fl-f2"/>
      </object_component>
      <object_component id="oc-171">
         <name>.debug_info</name>
         <load_address>0x95a6</load_address>
         <run_address>0x95a6</run_address>
         <size>0x2cc</size>
         <input_file_ref idref="fl-f2"/>
      </object_component>
      <object_component id="oc-165">
         <name>.debug_info</name>
         <load_address>0x9872</load_address>
         <run_address>0x9872</run_address>
         <size>0x298</size>
         <input_file_ref idref="fl-f2"/>
      </object_component>
      <object_component id="oc-263">
         <name>.debug_info</name>
         <load_address>0x9b0a</load_address>
         <run_address>0x9b0a</run_address>
         <size>0x296</size>
         <input_file_ref idref="fl-f2"/>
      </object_component>
      <object_component id="oc-159">
         <name>.debug_info</name>
         <load_address>0x9da0</load_address>
         <run_address>0x9da0</run_address>
         <size>0x25a</size>
         <input_file_ref idref="fl-f2"/>
      </object_component>
      <object_component id="oc-248">
         <name>.debug_info</name>
         <load_address>0x9ffa</load_address>
         <run_address>0x9ffa</run_address>
         <size>0x250</size>
         <input_file_ref idref="fl-f2"/>
      </object_component>
      <object_component id="oc-242">
         <name>.debug_info</name>
         <load_address>0xa24a</load_address>
         <run_address>0xa24a</run_address>
         <size>0x252</size>
         <input_file_ref idref="fl-f2"/>
      </object_component>
      <object_component id="oc-153">
         <name>.debug_info</name>
         <load_address>0xa49c</load_address>
         <run_address>0xa49c</run_address>
         <size>0x32f</size>
         <input_file_ref idref="fl-f2"/>
      </object_component>
      <object_component id="oc-269">
         <name>.debug_info</name>
         <load_address>0xa7cb</load_address>
         <run_address>0xa7cb</run_address>
         <size>0x25c</size>
         <input_file_ref idref="fl-f2"/>
      </object_component>
      <object_component id="oc-258">
         <name>.debug_info</name>
         <load_address>0xaa27</load_address>
         <run_address>0xaa27</run_address>
         <size>0x27c</size>
         <input_file_ref idref="fl-f2"/>
      </object_component>
      <object_component id="oc-273">
         <name>.debug_info</name>
         <load_address>0xaca3</load_address>
         <run_address>0xaca3</run_address>
         <size>0x26c</size>
         <input_file_ref idref="fl-f2"/>
      </object_component>
      <object_component id="oc-291">
         <name>.debug_info</name>
         <load_address>0xaf0f</load_address>
         <run_address>0xaf0f</run_address>
         <size>0x21b</size>
         <input_file_ref idref="fl-f3"/>
      </object_component>
      <object_component id="oc-44">
         <name>.debug_info</name>
         <load_address>0xb12a</load_address>
         <run_address>0xb12a</run_address>
         <size>0x164b</size>
         <input_file_ref idref="fl-f4"/>
      </object_component>
      <object_component id="oc-120">
         <name>.debug_info</name>
         <load_address>0xc775</load_address>
         <run_address>0xc775</run_address>
         <size>0xd8</size>
         <input_file_ref idref="fl-f4"/>
      </object_component>
      <object_component id="oc-25">
         <name>.debug_info</name>
         <load_address>0xc84d</load_address>
         <run_address>0xc84d</run_address>
         <size>0xd6</size>
         <input_file_ref idref="fl-f4"/>
      </object_component>
      <object_component id="oc-214">
         <name>.debug_info</name>
         <load_address>0xc923</load_address>
         <run_address>0xc923</run_address>
         <size>0xeb</size>
         <input_file_ref idref="fl-f4"/>
      </object_component>
      <object_component id="oc-26f">
         <name>.debug_info</name>
         <load_address>0xca0e</load_address>
         <run_address>0xca0e</run_address>
         <size>0x1cf</size>
         <input_file_ref idref="fl-f4"/>
      </object_component>
      <object_component id="oc-fd">
         <name>.debug_info</name>
         <load_address>0xcbdd</load_address>
         <run_address>0xcbdd</run_address>
         <size>0x87b</size>
         <input_file_ref idref="fl-f4"/>
      </object_component>
      <object_component id="oc-32c">
         <name>.debug_info</name>
         <load_address>0xd458</load_address>
         <run_address>0xd458</run_address>
         <size>0x10f</size>
         <input_file_ref idref="fl-f4"/>
      </object_component>
      <object_component id="oc-2b9">
         <name>.debug_info</name>
         <load_address>0xd567</load_address>
         <run_address>0xd567</run_address>
         <size>0xe9</size>
         <input_file_ref idref="fl-f4"/>
      </object_component>
      <object_component id="oc-1f8">
         <name>.debug_info</name>
         <load_address>0xd650</load_address>
         <run_address>0xd650</run_address>
         <size>0x20d</size>
         <input_file_ref idref="fl-f4"/>
      </object_component>
      <object_component id="oc-f2">
         <name>.debug_info</name>
         <load_address>0xd85d</load_address>
         <run_address>0xd85d</run_address>
         <size>0x20b</size>
         <input_file_ref idref="fl-f4"/>
      </object_component>
      <object_component id="oc-c9">
         <name>.debug_info</name>
         <load_address>0xda68</load_address>
         <run_address>0xda68</run_address>
         <size>0xe45</size>
         <input_file_ref idref="fl-f4"/>
      </object_component>
      <object_component id="oc-16b">
         <name>.debug_info</name>
         <load_address>0xe8ad</load_address>
         <run_address>0xe8ad</run_address>
         <size>0x5ae</size>
         <input_file_ref idref="fl-f4"/>
      </object_component>
      <object_component id="oc-332">
         <name>.debug_info</name>
         <load_address>0xee5b</load_address>
         <run_address>0xee5b</run_address>
         <size>0xee</size>
         <input_file_ref idref="fl-f4"/>
      </object_component>
      <object_component id="oc-110">
         <name>.debug_info</name>
         <load_address>0xef49</load_address>
         <run_address>0xef49</run_address>
         <size>0x1f1</size>
         <input_file_ref idref="fl-f4"/>
      </object_component>
      <object_component id="oc-100">
         <name>.debug_info</name>
         <load_address>0xf13a</load_address>
         <run_address>0xf13a</run_address>
         <size>0x23e</size>
         <input_file_ref idref="fl-f4"/>
      </object_component>
      <object_component id="oc-13b">
         <name>.debug_info</name>
         <load_address>0xf378</load_address>
         <run_address>0xf378</run_address>
         <size>0xaa7</size>
         <input_file_ref idref="fl-f4"/>
      </object_component>
      <object_component id="oc-2ae">
         <name>.debug_info</name>
         <load_address>0xfe1f</load_address>
         <run_address>0xfe1f</run_address>
         <size>0x218</size>
         <input_file_ref idref="fl-f4"/>
      </object_component>
      <object_component id="oc-19c">
         <name>.debug_info</name>
         <load_address>0x10037</load_address>
         <run_address>0x10037</run_address>
         <size>0x163</size>
         <input_file_ref idref="fl-f4"/>
      </object_component>
      <object_component id="oc-c3">
         <name>.debug_info</name>
         <load_address>0x1019a</load_address>
         <run_address>0x1019a</run_address>
         <size>0x110</size>
         <input_file_ref idref="fl-f4"/>
      </object_component>
      <object_component id="oc-48">
         <name>.debug_info</name>
         <load_address>0x102aa</load_address>
         <run_address>0x102aa</run_address>
         <size>0x189</size>
         <input_file_ref idref="fl-f4"/>
      </object_component>
      <object_component id="oc-1c">
         <name>.debug_info</name>
         <load_address>0x10433</load_address>
         <run_address>0x10433</run_address>
         <size>0x19b</size>
         <input_file_ref idref="fl-f4"/>
      </object_component>
      <object_component id="oc-16">
         <name>.debug_info</name>
         <load_address>0x105ce</load_address>
         <run_address>0x105ce</run_address>
         <size>0x201</size>
         <input_file_ref idref="fl-f4"/>
      </object_component>
      <object_component id="oc-77">
         <name>.debug_info</name>
         <load_address>0x107cf</load_address>
         <run_address>0x107cf</run_address>
         <size>0x26b</size>
         <input_file_ref idref="fl-f4"/>
      </object_component>
      <object_component id="oc-89">
         <name>.debug_info</name>
         <load_address>0x10a3a</load_address>
         <run_address>0x10a3a</run_address>
         <size>0x2ca</size>
         <input_file_ref idref="fl-f4"/>
      </object_component>
      <object_component id="oc-b1">
         <name>.debug_info</name>
         <load_address>0x10d04</load_address>
         <run_address>0x10d04</run_address>
         <size>0xb2</size>
         <input_file_ref idref="fl-f4"/>
      </object_component>
      <object_component id="oc-39">
         <name>.debug_info</name>
         <load_address>0x10db6</load_address>
         <run_address>0x10db6</run_address>
         <size>0x8b</size>
         <input_file_ref idref="fl-f4"/>
      </object_component>
      <object_component id="oc-8e">
         <name>.debug_info</name>
         <load_address>0x10e41</load_address>
         <run_address>0x10e41</run_address>
         <size>0x2c</size>
         <input_file_ref idref="fl-f4"/>
      </object_component>
      <object_component id="oc-df">
         <name>.debug_info</name>
         <load_address>0x10e6d</load_address>
         <run_address>0x10e6d</run_address>
         <size>0x249</size>
         <input_file_ref idref="fl-f4"/>
      </object_component>
      <object_component id="oc-93">
         <name>.debug_info</name>
         <load_address>0x110b6</load_address>
         <run_address>0x110b6</run_address>
         <size>0x87</size>
         <input_file_ref idref="fl-f4"/>
      </object_component>
      <object_component id="oc-34">
         <name>.debug_info</name>
         <load_address>0x1113d</load_address>
         <run_address>0x1113d</run_address>
         <size>0x60</size>
         <input_file_ref idref="fl-f4"/>
      </object_component>
      <object_component id="oc-da">
         <name>.debug_info</name>
         <load_address>0x1119d</load_address>
         <run_address>0x1119d</run_address>
         <size>0x7a</size>
         <input_file_ref idref="fl-f4"/>
      </object_component>
      <object_component id="oc-98">
         <name>.debug_info</name>
         <load_address>0x11217</load_address>
         <run_address>0x11217</run_address>
         <size>0x53</size>
         <input_file_ref idref="fl-f4"/>
      </object_component>
      <object_component id="oc-81">
         <name>.debug_info</name>
         <load_address>0x1126a</load_address>
         <run_address>0x1126a</run_address>
         <size>0x39</size>
         <input_file_ref idref="fl-f4"/>
      </object_component>
      <object_component id="oc-9d">
         <name>.debug_info</name>
         <load_address>0x112a3</load_address>
         <run_address>0x112a3</run_address>
         <size>0x2c</size>
         <input_file_ref idref="fl-f4"/>
      </object_component>
      <object_component id="oc-b7">
         <name>.debug_info</name>
         <load_address>0x112cf</load_address>
         <run_address>0x112cf</run_address>
         <size>0x2c</size>
         <input_file_ref idref="fl-f4"/>
      </object_component>
      <object_component id="oc-a2">
         <name>.debug_info</name>
         <load_address>0x112fb</load_address>
         <run_address>0x112fb</run_address>
         <size>0x1b2</size>
         <input_file_ref idref="fl-f4"/>
      </object_component>
      <object_component id="oc-a7">
         <name>.debug_info</name>
         <load_address>0x114ad</load_address>
         <run_address>0x114ad</run_address>
         <size>0x35</size>
         <input_file_ref idref="fl-f4"/>
      </object_component>
      <object_component id="oc-ac">
         <name>.debug_info</name>
         <load_address>0x114e2</load_address>
         <run_address>0x114e2</run_address>
         <size>0xcd</size>
         <input_file_ref idref="fl-f4"/>
      </object_component>
      <object_component id="oc-395">
         <name>.debug_info</name>
         <load_address>0x115af</load_address>
         <run_address>0x115af</run_address>
         <size>0xa9</size>
      </object_component>
      <object_component id="oc-76">
         <name>.debug_line</name>
         <load_address>0x0</load_address>
         <run_address>0x0</run_address>
         <size>0x41</size>
         <input_file_ref idref="fl-b"/>
      </object_component>
      <object_component id="oc-31">
         <name>.debug_line</name>
         <load_address>0x41</load_address>
         <run_address>0x41</run_address>
         <size>0x41</size>
         <input_file_ref idref="fl-b"/>
      </object_component>
      <object_component id="oc-2e">
         <name>.debug_line</name>
         <load_address>0x82</load_address>
         <run_address>0x82</run_address>
         <size>0x9b</size>
         <input_file_ref idref="fl-b"/>
      </object_component>
      <object_component id="oc-72">
         <name>.debug_line</name>
         <load_address>0x11d</load_address>
         <run_address>0x11d</run_address>
         <size>0x20</size>
         <input_file_ref idref="fl-b"/>
      </object_component>
      <object_component id="oc-e7">
         <name>.debug_line</name>
         <load_address>0x13d</load_address>
         <run_address>0x13d</run_address>
         <size>0x73</size>
         <input_file_ref idref="fl-b"/>
      </object_component>
      <object_component id="oc-7f">
         <name>.debug_line</name>
         <load_address>0x1b0</load_address>
         <run_address>0x1b0</run_address>
         <size>0x70</size>
         <input_file_ref idref="fl-b"/>
      </object_component>
      <object_component id="oc-106">
         <name>.debug_line</name>
         <load_address>0x220</load_address>
         <run_address>0x220</run_address>
         <size>0xbe</size>
         <input_file_ref idref="fl-16"/>
      </object_component>
      <object_component id="oc-116">
         <name>.debug_line</name>
         <load_address>0x2de</load_address>
         <run_address>0x2de</run_address>
         <size>0xbe</size>
         <input_file_ref idref="fl-16"/>
      </object_component>
      <object_component id="oc-10b">
         <name>.debug_line</name>
         <load_address>0x39c</load_address>
         <run_address>0x39c</run_address>
         <size>0x92</size>
         <input_file_ref idref="fl-17"/>
      </object_component>
      <object_component id="oc-11b">
         <name>.debug_line</name>
         <load_address>0x42e</load_address>
         <run_address>0x42e</run_address>
         <size>0xac</size>
         <input_file_ref idref="fl-18"/>
      </object_component>
      <object_component id="oc-224">
         <name>.debug_line</name>
         <load_address>0x4da</load_address>
         <run_address>0x4da</run_address>
         <size>0xd2</size>
         <input_file_ref idref="fl-d0"/>
      </object_component>
      <object_component id="oc-1f5">
         <name>.debug_line</name>
         <load_address>0x5ac</load_address>
         <run_address>0x5ac</run_address>
         <size>0xa8</size>
         <input_file_ref idref="fl-d2"/>
      </object_component>
      <object_component id="oc-1fd">
         <name>.debug_line</name>
         <load_address>0x654</load_address>
         <run_address>0x654</run_address>
         <size>0x8e</size>
         <input_file_ref idref="fl-d3"/>
      </object_component>
      <object_component id="oc-226">
         <name>.debug_line</name>
         <load_address>0x6e2</load_address>
         <run_address>0x6e2</run_address>
         <size>0x5a</size>
         <input_file_ref idref="fl-d4"/>
      </object_component>
      <object_component id="oc-f8">
         <name>.debug_line</name>
         <load_address>0x73c</load_address>
         <run_address>0x73c</run_address>
         <size>0x67</size>
         <input_file_ref idref="fl-d5"/>
      </object_component>
      <object_component id="oc-27b">
         <name>.debug_line</name>
         <load_address>0x7a3</load_address>
         <run_address>0x7a3</run_address>
         <size>0x59</size>
         <input_file_ref idref="fl-d6"/>
      </object_component>
      <object_component id="oc-21c">
         <name>.debug_line</name>
         <load_address>0x7fc</load_address>
         <run_address>0x7fc</run_address>
         <size>0x57</size>
         <input_file_ref idref="fl-d7"/>
      </object_component>
      <object_component id="oc-1f0">
         <name>.debug_line</name>
         <load_address>0x853</load_address>
         <run_address>0x853</run_address>
         <size>0x50</size>
         <input_file_ref idref="fl-d8"/>
      </object_component>
      <object_component id="oc-1eb">
         <name>.debug_line</name>
         <load_address>0x8a3</load_address>
         <run_address>0x8a3</run_address>
         <size>0x57</size>
         <input_file_ref idref="fl-d9"/>
      </object_component>
      <object_component id="oc-27e">
         <name>.debug_line</name>
         <load_address>0x8fa</load_address>
         <run_address>0x8fa</run_address>
         <size>0x4c</size>
         <input_file_ref idref="fl-da"/>
      </object_component>
      <object_component id="oc-217">
         <name>.debug_line</name>
         <load_address>0x946</load_address>
         <run_address>0x946</run_address>
         <size>0x57</size>
         <input_file_ref idref="fl-db"/>
      </object_component>
      <object_component id="oc-c0">
         <name>.debug_line</name>
         <load_address>0x99d</load_address>
         <run_address>0x99d</run_address>
         <size>0x79</size>
         <input_file_ref idref="fl-dd"/>
      </object_component>
      <object_component id="oc-364">
         <name>.debug_line</name>
         <load_address>0xa16</load_address>
         <run_address>0xa16</run_address>
         <size>0x20</size>
         <input_file_ref idref="fl-e2"/>
      </object_component>
      <object_component id="oc-362">
         <name>.debug_line</name>
         <load_address>0xa36</load_address>
         <run_address>0xa36</run_address>
         <size>0x2b</size>
         <input_file_ref idref="fl-e2"/>
      </object_component>
      <object_component id="oc-2e7">
         <name>.debug_line</name>
         <load_address>0xa61</load_address>
         <run_address>0xa61</run_address>
         <size>0x40</size>
         <input_file_ref idref="fl-e2"/>
      </object_component>
      <object_component id="oc-6e">
         <name>.debug_line</name>
         <load_address>0xaa1</load_address>
         <run_address>0xaa1</run_address>
         <size>0x33</size>
         <input_file_ref idref="fl-e3"/>
      </object_component>
      <object_component id="oc-5a">
         <name>.debug_line</name>
         <load_address>0xad4</load_address>
         <run_address>0xad4</run_address>
         <size>0x45</size>
         <input_file_ref idref="fl-e3"/>
      </object_component>
      <object_component id="oc-42">
         <name>.debug_line</name>
         <load_address>0xb19</load_address>
         <run_address>0xb19</run_address>
         <size>0x88</size>
         <input_file_ref idref="fl-e5"/>
      </object_component>
      <object_component id="oc-33c">
         <name>.debug_line</name>
         <load_address>0xba1</load_address>
         <run_address>0xba1</run_address>
         <size>0xbf</size>
         <input_file_ref idref="fl-e6"/>
      </object_component>
      <object_component id="oc-1af">
         <name>.debug_line</name>
         <load_address>0xc60</load_address>
         <run_address>0xc60</run_address>
         <size>0x6f</size>
         <input_file_ref idref="fl-e6"/>
      </object_component>
      <object_component id="oc-340">
         <name>.debug_line</name>
         <load_address>0xccf</load_address>
         <run_address>0xccf</run_address>
         <size>0x2e</size>
         <input_file_ref idref="fl-e6"/>
      </object_component>
      <object_component id="oc-35f">
         <name>.debug_line</name>
         <load_address>0xcfd</load_address>
         <run_address>0xcfd</run_address>
         <size>0x9a</size>
         <input_file_ref idref="fl-e6"/>
      </object_component>
      <object_component id="oc-345">
         <name>.debug_line</name>
         <load_address>0xd97</load_address>
         <run_address>0xd97</run_address>
         <size>0x97</size>
         <input_file_ref idref="fl-e6"/>
      </object_component>
      <object_component id="oc-1a7">
         <name>.debug_line</name>
         <load_address>0xe2e</load_address>
         <run_address>0xe2e</run_address>
         <size>0x3c</size>
         <input_file_ref idref="fl-e9"/>
      </object_component>
      <object_component id="oc-358">
         <name>.debug_line</name>
         <load_address>0xe6a</load_address>
         <run_address>0xe6a</run_address>
         <size>0x82</size>
         <input_file_ref idref="fl-ec"/>
      </object_component>
      <object_component id="oc-2ac">
         <name>.debug_line</name>
         <load_address>0xeec</load_address>
         <run_address>0xeec</run_address>
         <size>0xbd</size>
         <input_file_ref idref="fl-ec"/>
      </object_component>
      <object_component id="oc-2a5">
         <name>.debug_line</name>
         <load_address>0xfa9</load_address>
         <run_address>0xfa9</run_address>
         <size>0x9a</size>
         <input_file_ref idref="fl-ec"/>
      </object_component>
      <object_component id="oc-2de">
         <name>.debug_line</name>
         <load_address>0x1043</load_address>
         <run_address>0x1043</run_address>
         <size>0x71</size>
         <input_file_ref idref="fl-ec"/>
      </object_component>
      <object_component id="oc-2d7">
         <name>.debug_line</name>
         <load_address>0x10b4</load_address>
         <run_address>0x10b4</run_address>
         <size>0x75</size>
         <input_file_ref idref="fl-ec"/>
      </object_component>
      <object_component id="oc-2f4">
         <name>.debug_line</name>
         <load_address>0x1129</load_address>
         <run_address>0x1129</run_address>
         <size>0x71</size>
         <input_file_ref idref="fl-ec"/>
      </object_component>
      <object_component id="oc-1e4">
         <name>.debug_line</name>
         <load_address>0x119a</load_address>
         <run_address>0x119a</run_address>
         <size>0x72</size>
         <input_file_ref idref="fl-ec"/>
      </object_component>
      <object_component id="oc-123">
         <name>.debug_line</name>
         <load_address>0x120c</load_address>
         <run_address>0x120c</run_address>
         <size>0x91</size>
         <input_file_ref idref="fl-ed"/>
      </object_component>
      <object_component id="oc-129">
         <name>.debug_line</name>
         <load_address>0x129d</load_address>
[...]
         <value>0x2a31</value>
         <object_component_ref idref="oc-ff"/>
      </symbol>
      <symbol id="sm-22f">
         <name>ch5</name>
         <value>0x200028a8</value>
         <object_component_ref idref="oc-fc"/>
      </symbol>
      <symbol id="sm-230">
         <name>ch4</name>
         <value>0x200028a4</value>
         <object_component_ref idref="oc-fc"/>
      </symbol>
      <symbol id="sm-231">
         <name>ch1</name>
         <value>0x200028a0</value>
         <object_component_ref idref="oc-fc"/>
      </symbol>
      <symbol id="sm-232">
         <name>write_float_to_flash</name>
         <value>0x33a1</value>
         <object_component_ref idref="oc-19b"/>
      </symbol>
      <symbol id="sm-233">
         <name>cons_u_k</name>
         <value>0x200028f4</value>
         <object_component_ref idref="oc-fc"/>
      </symbol>
      <symbol id="sm-234">
         <name>cons_u_b</name>
         <value>0x200028f8</value>
         <object_component_ref idref="oc-fc"/>
      </symbol>
      <symbol id="sm-235">
         <name>lcd_write_data</name>
         <value>0x1d61</value>
         <object_component_ref idref="oc-13a"/>
      </symbol>
      <symbol id="sm-236">
         <name>PID</name>
         <value>0x371</value>
         <object_component_ref idref="oc-c8"/>
      </symbol>
      <symbol id="sm-237">
         <name>main</name>
         <value>0x671</value>
         <object_component_ref idref="oc-c8"/>
      </symbol>
      <symbol id="sm-238">
         <name>_lock</name>
         <value>0x20002c08</value>
         <object_component_ref idref="oc-2b8"/>
      </symbol>
      <symbol id="sm-239">
         <name>I_in_U</name>
         <value>0x20002960</value>
         <object_component_ref idref="oc-fc"/>
      </symbol>
      <symbol id="sm-23a">
         <name>protect_flag</name>
         <value>0x2000288c</value>
         <object_component_ref idref="oc-fc"/>
      </symbol>
      <symbol id="sm-23b">
         <name>U_in_U</name>
         <value>0x20002958</value>
         <object_component_ref idref="oc-fc"/>
      </symbol>
      <symbol id="sm-23c">
         <name>Timer1AIntHandler</name>
         <value>0x271</value>
         <object_component_ref idref="oc-c8"/>
      </symbol>
      <symbol id="sm-23d">
         <name>cons_37_55</name>
         <value>0x200028e8</value>
         <object_component_ref idref="oc-fc"/>
      </symbol>
      <symbol id="sm-23e">
         <name>DispFloat5x8</name>
         <value>0x2049</value>
         <object_component_ref idref="oc-13a"/>
      </symbol>
      <symbol id="sm-23f">
         <name>_unlock</name>
         <value>0x20002c0c</value>
         <object_component_ref idref="oc-2b8"/>
      </symbol>
      <symbol id="sm-240">
         <name>d_kp</name>
         <value>0x200028fc</value>
         <object_component_ref idref="oc-fc"/>
      </symbol>
      <symbol id="sm-241">
         <name>d_ki</name>
         <value>0x20002900</value>
         <object_component_ref idref="oc-fc"/>
      </symbol>
      <symbol id="sm-242">
         <name>d_kd</name>
         <value>0x20002904</value>
         <object_component_ref idref="oc-fc"/>
      </symbol>
      <symbol id="sm-243">
         <name>udc</name>
         <value>0x200028ac</value>
         <object_component_ref idref="oc-fc"/>
      </symbol>
      <symbol id="sm-244">
         <name>__TI_zero_init_nomemset</name>
         <value>0x3a95</value>
         <object_component_ref idref="oc-47"/>
      </symbol>
      <symbol id="sm-245">
         <name>I_pop</name>
         <value>0x200028c4</value>
         <object_component_ref idref="oc-fc"/>
      </symbol>
      <symbol id="sm-246">
         <name>U_out_dq</name>
         <value>0x20002968</value>
         <object_component_ref idref="oc-fc"/>
      </symbol>
      <symbol id="sm-247">
         <name>vsi_loop</name>
         <value>0x20002a30</value>
         <object_component_ref idref="oc-fc"/>
      </symbol>
      <symbol id="sm-248">
         <name>I_alpha_beta</name>
         <value>0x20002948</value>
         <object_component_ref idref="oc-fc"/>
      </symbol>
      <symbol id="sm-249">
         <name>DispNumber5x8</name>
         <value>0x1fb1</value>
         <object_component_ref idref="oc-13a"/>
      </symbol>
      <symbol id="sm-24a">
         <name>cons_10_24</name>
         <value>0x200028c8</value>
         <object_component_ref idref="oc-fc"/>
      </symbol>
      <symbol id="sm-24b">
         <name>cons_5_12</name>
         <value>0x200028d8</value>
         <object_component_ref idref="oc-fc"/>
      </symbol>
      <symbol id="sm-24c">
         <name>u_rms</name>
         <value>0x20002924</value>
         <object_component_ref idref="oc-fc"/>
      </symbol>
      <symbol id="sm-24d">
         <name>ubus_s</name>
         <value>0x200028b0</value>
         <object_component_ref idref="oc-fc"/>
      </symbol>
      <symbol id="sm-24e">
         <name>U_now</name>
         <value>0x200028b8</value>
         <object_component_ref idref="oc-fc"/>
      </symbol>
      <symbol id="sm-24f">
         <name>sqrt</name>
         <value>0x2839</value>
         <object_component_ref idref="oc-1f6"/>
      </symbol>
      <symbol id="sm-250">
         <name>__TI_decompress_lzss</name>
         <value>0x35c5</value>
         <object_component_ref idref="oc-15"/>
      </symbol>
      <symbol id="sm-251">
         <name>model_func_pointer</name>
         <value>0x20002978</value>
         <object_component_ref idref="oc-fc"/>
      </symbol>
      <symbol id="sm-252">
         <name>cons_100</name>
         <value>0x200028d0</value>
         <object_component_ref idref="oc-fc"/>
      </symbol>
      <symbol id="sm-253">
         <name>paremeter_group_flag</name>
         <value>0x2000292c</value>
         <object_component_ref idref="oc-fc"/>
      </symbol>
      <symbol id="sm-254">
         <name>numtab</name>
         <value>0x3d70</value>
         <object_component_ref idref="oc-213"/>
      </symbol>
      <symbol id="sm-255">
         <name>dq2alpha_beta</name>
         <value>0x32d9</value>
         <object_component_ref idref="oc-10f"/>
      </symbol>
      <symbol id="sm-256">
         <name>paremeter_choose_flag</name>
         <value>0x20002930</value>
         <object_component_ref idref="oc-fc"/>
      </symbol>
      <symbol id="sm-257">
         <name>a_last</name>
         <value>0x2000293c</value>
         <object_component_ref idref="oc-fc"/>
      </symbol>
      <symbol id="sm-258">
         <name>cons_512</name>
         <value>0x200028d4</value>
         <object_component_ref idref="oc-fc"/>
      </symbol>
      <symbol id="sm-259">
         <name>U_out_alpha_beta</name>
         <value>0x20002950</value>
         <object_component_ref idref="oc-fc"/>
      </symbol>
      <symbol id="sm-25a">
         <name>paremeter</name>
         <value>0x20002980</value>
         <object_component_ref idref="oc-fc"/>
      </symbol>
      <symbol id="sm-25b">
         <name>Timer0IntHandler</name>
         <value>0x429</value>
         <object_component_ref idref="oc-c8"/>
      </symbol>
      <symbol id="sm-25c">
         <name>buffer1</name>
         <value>0x20002284</value>
         <object_component_ref idref="oc-26e"/>
      </symbol>
      <symbol id="sm-25d">
         <name>buffer3</name>
         <value>0x20002684</value>
         <object_component_ref idref="oc-26e"/>
      </symbol>
      <symbol id="sm-25e">
         <name>buffer2</name>
         <value>0x20002484</value>
         <object_component_ref idref="oc-26e"/>
      </symbol>
      <symbol id="sm-25f">
         <name>cons_iqref</name>
         <value>0x200028e0</value>
         <object_component_ref idref="oc-fc"/>
      </symbol>
      <symbol id="sm-260">
         <name>__TI_decompress_none</name>
         <value>0x3ba3</value>
         <object_component_ref idref="oc-1b"/>
      </symbol>
      <symbol id="sm-261">
         <name>_system_pre_init</name>
         <value>0x3bff</value>
         <object_component_ref idref="oc-c2"/>
      </symbol>
      <symbol id="sm-262">
         <name>cons_idref</name>
         <value>0x200028e4</value>
         <object_component_ref idref="oc-fc"/>
      </symbol>
      <symbol id="sm-263">
         <name>time_flag</name>
         <value>0x20002890</value>
         <object_component_ref idref="oc-fc"/>
      </symbol>
      <symbol id="sm-28e">
         <name>ResetISR</name>
         <value>0x3ab1</value>
         <object_component_ref idref="oc-2a"/>
      </symbol>
      <symbol id="sm-28f">
         <name>g_pfnVectors</name>
         <value>0x0</value>
         <object_component_ref idref="oc-12"/>
      </symbol>
      <symbol id="sm-2a3">
         <name>_IQ15div</name>
         <value>0x3181</value>
         <object_component_ref idref="oc-105"/>
      </symbol>
      <symbol id="sm-2a4">
         <name>_IQ20div</name>
         <value>0x3211</value>
         <object_component_ref idref="oc-115"/>
      </symbol>
      <symbol id="sm-2ad">
         <name>_IQ20mpy</name>
         <value>0x3b69</value>
         <object_component_ref idref="oc-10a"/>
      </symbol>
      <symbol id="sm-2ba">
         <name>_IQ20sqrt</name>
         <value>0x3489</value>
         <object_component_ref idref="oc-11a"/>
      </symbol>
      <symbol id="sm-2be">
         <name>isqrt_table</name>
         <value>0x14b0</value>
         <object_component_ref idref="oc-20a"/>
      </symbol>
      <symbol id="sm-2d5">
         <name>__aeabi_dsub</name>
         <value>0x2515</value>
         <object_component_ref idref="oc-220"/>
      </symbol>
      <symbol id="sm-2d6">
         <name>__aeabi_dadd</name>
         <value>0x251f</value>
         <object_component_ref idref="oc-220"/>
      </symbol>
      <symbol id="sm-2eb">
         <name>__aeabi_ddiv</name>
         <value>0x2acb</value>
         <object_component_ref idref="oc-1f1"/>
      </symbol>
      <symbol id="sm-2f6">
         <name>__aeabi_dmul</name>
         <value>0x2e39</value>
         <object_component_ref idref="oc-1fc"/>
      </symbol>
      <symbol id="sm-300">
         <name>__aeabi_d2iz</name>
         <value>0x3725</value>
         <object_component_ref idref="oc-225"/>
      </symbol>
      <symbol id="sm-30c">
         <name>__aeabi_d2f</name>
         <value>0x3419</value>
         <object_component_ref idref="oc-f7"/>
      </symbol>
      <symbol id="sm-316">
         <name>__aeabi_d2uiz</name>
         <value>0x37f9</value>
         <object_component_ref idref="oc-277"/>
      </symbol>
      <symbol id="sm-321">
         <name>__aeabi_f2d</name>
         <value>0x38bd</value>
         <object_component_ref idref="oc-21b"/>
      </symbol>
      <symbol id="sm-32b">
         <name>__aeabi_i2d</name>
         <value>0x39f9</value>
         <object_component_ref idref="oc-1ec"/>
      </symbol>
      <symbol id="sm-335">
         <name>__aeabi_l2d</name>
         <value>0x387d</value>
         <object_component_ref idref="oc-1e7"/>
      </symbol>
      <symbol id="sm-33f">
         <name>__aeabi_ui2d</name>
         <value>0x3a75</value>
         <object_component_ref idref="oc-27c"/>
      </symbol>
      <symbol id="sm-34a">
         <name>__aeabi_ul2f</name>
         <value>0x38f5</value>
         <object_component_ref idref="oc-216"/>
      </symbol>
      <symbol id="sm-35a">
         <name>__aeabi_memset</name>
         <value>0x3329</value>
         <object_component_ref idref="oc-bc"/>
      </symbol>
      <symbol id="sm-35b">
         <name>memset</name>
         <value>0x332f</value>
         <object_component_ref idref="oc-bc"/>
      </symbol>
      <symbol id="sm-35c">
         <name>__aeabi_memset8</name>
         <value>0x3329</value>
         <object_component_ref idref="oc-bc"/>
      </symbol>
      <symbol id="sm-35d">
         <name>__aeabi_memset4</name>
         <value>0x3329</value>
         <object_component_ref idref="oc-bc"/>
      </symbol>
      <symbol id="sm-35e">
         <name>__aeabi_memclr8</name>
         <value>0x3327</value>
         <object_component_ref idref="oc-bc"/>
      </symbol>
      <symbol id="sm-35f">
         <name>__aeabi_memclr4</name>
         <value>0x3327</value>
         <object_component_ref idref="oc-bc"/>
      </symbol>
      <symbol id="sm-360">
         <name>__aeabi_memclr</name>
         <value>0x3327</value>
         <object_component_ref idref="oc-bc"/>
      </symbol>
      <symbol id="sm-376">
         <name>__aeabi_errno_addr</name>
         <value>0x3bed</value>
         <object_component_ref idref="oc-2e3"/>
      </symbol>
      <symbol id="sm-377">
         <name>errno</name>
         <value>0x20002c14</value>
         <object_component_ref idref="oc-348"/>
      </symbol>
      <symbol id="sm-38a">
         <name>__stack</name>
         <value>0x20000270</value>
         <object_component_ref idref="oc-27"/>
      </symbol>
      <symbol id="sm-38b">
         <name>_c_int00_noargs</name>
         <value>0x3995</value>
         <object_component_ref idref="oc-59"/>
      </symbol>
      <symbol id="sm-3a7">
         <name>memcpy</name>
         <value>0x30e5</value>
         <object_component_ref idref="oc-3e"/>
      </symbol>
      <symbol id="sm-3a8">
         <name>__aeabi_memcpy</name>
         <value>0x30e5</value>
         <object_component_ref idref="oc-3e"/>
      </symbol>
      <symbol id="sm-3a9">
         <name>__aeabi_memcpy8</name>
         <value>0x30e5</value>
         <object_component_ref idref="oc-3e"/>
      </symbol>
      <symbol id="sm-3aa">
         <name>__aeabi_memcpy4</name>
         <value>0x30e5</value>
         <object_component_ref idref="oc-3e"/>
      </symbol>
      <symbol id="sm-3cd">
         <name>__TI_auto_init_nobinit_nopinit</name>
         <value>0x37b5</value>
         <object_component_ref idref="oc-1ae"/>
      </symbol>
      <symbol id="sm-3d8">
         <name>C$$EXIT</name>
         <value>0x3c03</value>
         <object_component_ref idref="oc-1a2"/>
      </symbol>
      <symbol id="sm-3d9">
         <name>abort</name>
         <value>0x3c03</value>
         <object_component_ref idref="oc-1a2"/>
      </symbol>
      <symbol id="sm-411">
         <name>FlashErase</name>
         <value>0x39c9</value>
         <object_component_ref idref="oc-2a1"/>
      </symbol>
      <symbol id="sm-412">
         <name>FlashProgram</name>
         <value>0x34f5</value>
         <object_component_ref idref="oc-2a7"/>
      </symbol>
      <symbol id="sm-428">
         <name>FPULazyStackingEnable</name>
         <value>0x3b49</value>
         <object_component_ref idref="oc-122"/>
      </symbol>
      <symbol id="sm-429">
         <name>FPUEnable</name>
         <value>0x3b39</value>
         <object_component_ref idref="oc-128"/>
      </symbol>
      <symbol id="sm-463">
         <name>GPIOPinConfigure</name>
         <value>0x368d</value>
         <object_component_ref idref="oc-140"/>
      </symbol>
      <symbol id="sm-464">
         <name>GPIOPinTypeUART</name>
         <value>0x3afb</value>
         <object_component_ref idref="oc-146"/>
      </symbol>
      <symbol id="sm-465">
         <name>GPIODirModeSet</name>
         <value>0x3a27</value>
         <object_component_ref idref="oc-230"/>
      </symbol>
      <symbol id="sm-466">
         <name>GPIOPadConfigSet</name>
         <value>0x26cd</value>
         <object_component_ref idref="oc-236"/>
      </symbol>
      <symbol id="sm-4a0">
         <name>IntEnable</name>
         <value>0x355d</value>
         <object_component_ref idref="oc-15e"/>
      </symbol>
      <symbol id="sm-4a1">
         <name>IntRegister</name>
         <value>0x392d</value>
         <object_component_ref idref="oc-288"/>
      </symbol>
      <symbol id="sm-4a2">
         <name>g_pfnRAMVectors</name>
         <value>0x20000000</value>
         <object_component_ref idref="oc-31c"/>
      </symbol>
      <symbol id="sm-4a3">
         <name>IntMasterEnable</name>
         <value>0x3b59</value>
         <object_component_ref idref="oc-176"/>
      </symbol>
      <symbol id="sm-4f6">
         <name>SysCtlClockSet</name>
         <value>0x2f35</value>
         <object_component_ref idref="oc-134"/>
      </symbol>
      <symbol id="sm-4f7">
         <name>SysCtlDelay</name>
         <value>0x3bf5</value>
         <object_component_ref idref="oc-19a"/>
      </symbol>
      <symbol id="sm-4f8">
         <name>SysCtlPeripheralEnable</name>
         <value>0x3961</value>
         <object_component_ref idref="oc-12e"/>
      </symbol>
      <symbol id="sm-4f9">
         <name>SysCtlClockGet</name>
         <value>0x2d21</value>
         <object_component_ref idref="oc-14c"/>
      </symbol>
      <symbol id="sm-554">
         <name>TimerLoadSet</name>
         <value>0x3b25</value>
         <object_component_ref idref="oc-182"/>
      </symbol>
      <symbol id="sm-555">
         <name>TimerIntRegister</name>
         <value>0x3acb</value>
         <object_component_ref idref="oc-18e"/>
      </symbol>
      <symbol id="sm-556">
         <name>TimerEnable</name>
         <value>0x3b79</value>
         <object_component_ref idref="oc-194"/>
      </symbol>
      <symbol id="sm-557">
         <name>TimerIntEnable</name>
         <value>0x3bdb</value>
         <object_component_ref idref="oc-188"/>
      </symbol>
      <symbol id="sm-558">
         <name>TimerConfigure</name>
         <value>0x362d</value>
         <object_component_ref idref="oc-17c"/>
      </symbol>
      <symbol id="sm-559">
         <name>TimerIntClear</name>
         <value>0x21ad</value>
         <object_component_ref idref="oc-eb"/>
      </symbol>
      <symbol id="sm-5da">
         <name>UARTFIFODisable</name>
         <value>0x3bc7</value>
         <object_component_ref idref="oc-158"/>
      </symbol>
      <symbol id="sm-5db">
         <name>UARTConfigSetExpClk</name>
         <value>0x376d</value>
         <object_component_ref idref="oc-152"/>
      </symbol>
      <symbol id="sm-5dc">
         <name>UARTDisable</name>
         <value>0x3a55</value>
         <object_component_ref idref="oc-241"/>
      </symbol>
      <symbol id="sm-5dd">
         <name>UARTIntEnable</name>
         <value>0x3be3</value>
         <object_component_ref idref="oc-164"/>
      </symbol>
      <symbol id="sm-5de">
         <name>UARTCharsAvail</name>
         <value>0x3b95</value>
         <object_component_ref idref="oc-268"/>
      </symbol>
      <symbol id="sm-5df">
         <name>UARTCharGetNonBlocking</name>
         <value>0x3b87</value>
         <object_component_ref idref="oc-271"/>
      </symbol>
      <symbol id="sm-5e0">
         <name>UARTCharPut</name>
         <value>0x3bbd</value>
         <object_component_ref idref="oc-256"/>
      </symbol>
      <symbol id="sm-5e1">
         <name>UARTEnable</name>
         <value>0x3b11</value>
         <object_component_ref idref="oc-247"/>
      </symbol>
      <symbol id="sm-5e2">
         <name>UARTIntClear</name>
         <value>0x3bfb</value>
         <object_component_ref idref="oc-262"/>
      </symbol>
      <symbol id="sm-5e3">
         <name>UARTIntStatus</name>
         <value>0x3bd1</value>
         <object_component_ref idref="oc-25c"/>
      </symbol>
      <symbol id="sm-5e4">
         <name>UARTIntRegister</name>
         <value>0x3ae3</value>
         <object_component_ref idref="oc-170"/>
      </symbol>
      <symbol id="sm-5ee">
         <name>CPUcpsie</name>
         <value>0x3bb1</value>
         <object_component_ref idref="oc-28f"/>
      </symbol>
      <symbol id="sm-5ef">
         <name>__TI_static_base__</name>
         <value>0x0</value>
      </symbol>
      <symbol id="sm-5f2">
         <name>__mpu_init</name>
         <value>0x0</value>
      </symbol>
      <symbol id="sm-5f3">
         <name>_system_post_cinit</name>
         <value>0x0</value>
      </symbol>
   </symbol_table>
   <title>Link successful</title>
</link_info>
