******************************************************************************
                  TI ARM Linker PC v20.2.5                     
******************************************************************************
>> Linked Sun May 14 14:09:44 2023

OUTPUT FILE NAME:   <single_phase_dq.out>
ENTRY POINT SYMBOL: "_c_int00_noargs"  address: 00004695


MEMORY CONFIGURATION

         name            origin    length      used     unused   attr    fill
----------------------  --------  ---------  --------  --------  ----  --------
  FLASH                 00000000   00040000  00004c60  0003b3a0  R  X
  SRAM                  20000000   00008000  00002c44  000053bc  RW X


SEGMENT ALLOCATION MAP

run origin  load origin   length   init length attrs members
----------  ----------- ---------- ----------- ----- -------
00000000    00000000    00004c68   00004c68    r-x
  00000000    00000000    0000026c   0000026c    r-- .intvecs
  00000270    00000270    000046c8   000046c8    r-x .text
  00004938    00004938    00000284   00000284    r-- .const
  00004bc0    00004bc0    000000a8   000000a8    r-- .cinit
20000000    20000000    00002c48   00000000    rw-
  20000000    20000000    0000026c   00000000    rw- .vtable
  20000270    20000270    00001000   00000000    rw- .stack
  20001270    20001270    00001000   00000000    rw- .sysmem
  20002270    20002270    000006d8   00000000    rw- .data
  20002948    20002948    00000300   00000000    rw- .bss


SECTION ALLOCATION MAP

 output                                  attributes/
section   page    origin      length       input sections
--------  ----  ----------  ----------   ----------------
.intvecs   0    00000000    0000026c     
                  00000000    0000026c     tm4c123gh6pz_startup_ccs.obj (.intvecs)

.text      0    00000270    000046c8     
                  00000270    00001250     main.obj (.text)
                  000014c0    00000ce8     LCD12864_rom_enable.obj (.text)
                  000021a8    00000800     IQmathLib.lib : IQtables.obj (.text:isqrt_table)
                  000029a8    00000492     blue.obj (.text)
                  00002e3a    00000006     driverlib.lib : sysctl.obj (.text:SysCtlDelay)
                  00002e40    00000240     IQ_TOOLS.obj (.text)
                  00003080    000001d4     bus_fpga.obj (.text)
                  00003254    000001b6     rtsv7M4_T_le_v4SPD16_eabi.lib : fd_add_t2.asm.obj (.text)
                  0000340a    00000004     driverlib.lib : timer.obj (.text:TimerIntClear)
                  0000340e    00000002     rtsv7M4_T_le_v4SPD16_eabi.lib : _lock.c.obj (.text:_nop)
                  00003410    000001a8     ADS8688_TIVA_FPGA.obj (.text)
                  000035b8    0000016c     driverlib.lib : gpio.obj (.text:GPIOPadConfigSet)
                  00003724    00000158     rtsv7M4_T_le_v4SPD16_eabi.lib : e_sqrt.c.obj (.text:sqrt)
                  0000387c    00000004     driverlib.lib : uart.obj (.text:UARTIntClear)
                  00003880    00000142     Txiang_utools.obj (.text)
                  000039c2    00000136     rtsv7M4_T_le_v4SPD16_eabi.lib : fd_div_t2.asm.obj (.text)
                  00003af8    00000118     driverlib.lib : sysctl.obj (.text:SysCtlClockGet)
                  00003c10    000000fc     rtsv7M4_T_le_v4SPD16_eabi.lib : fd_mul_t2.asm.obj (.text)
                  00003d0c    000000f4     driverlib.lib : sysctl.obj (.text:SysCtlClockSet)
                  00003e00    000000e4     rtsv7M4_T_le_v4SPD16_eabi.lib : memory.c.obj (.text:free)
                  00003ee4    0000009c                                   : memcpy_t2.asm.obj (.text)
                  00003f80    00000090     IQmathLib.lib : IQNdiv.obj (.text:_IQ15div)
                  00004010    00000090                   : IQNdiv.obj (.text:_IQ20div)
                  000040a0    0000007a     rtsv7M4_T_le_v4SPD16_eabi.lib : memset_t2.asm.obj (.text)
                  0000411a    0000006e                                   : fd_tos_t2.asm.obj (.text)
                  00004188    0000006c     IQmathLib.lib : IQNsqrt.obj (.text:_IQ20sqrt)
                  000041f4    00000068     driverlib.lib : flash.obj (.text:FlashProgram)
                  0000425c    00000068                   : interrupt.obj (.text:IntEnable)
                  000042c4    00000068     rtsv7M4_T_le_v4SPD16_eabi.lib : copy_decompress_lzss.c.obj (.text:decompress:lzss:__TI_decompress_lzss)
                  0000432c    00000060     driverlib.lib : timer.obj (.text:TimerConfigure)
                  0000438c    0000004c                   : gpio.obj (.text:GPIOPinConfigure)
                  000043d8    0000004c                   : timer.obj (.text:_TimerIntNumberGet)
                  00004424    00000048     rtsv7M4_T_le_v4SPD16_eabi.lib : fd_toi_t2.asm.obj (.text)
                  0000446c    00000046     driverlib.lib : uart.obj (.text:UARTConfigSetExpClk)
                  000044b2    00000002     --HOLE-- [fill = 0]
                  000044b4    00000044     rtsv7M4_T_le_v4SPD16_eabi.lib : autoinit.c.obj (.text:__TI_auto_init_nobinit_nopinit:__TI_auto_init_nobinit_nopinit)
                  000044f8    00000044                                   : fd_tou_t2.asm.obj (.text)
                  0000453c    00000040     driverlib.lib : uart.obj (.text:_UARTIntNumberGet)
                  0000457c    00000040     rtsv7M4_T_le_v4SPD16_eabi.lib : ll_tofd_t2.asm.obj (.text)
                  000045bc    00000038                                   : fs_tod_t2.asm.obj (.text)
                  000045f4    00000036                                   : ull_tofs_t2.asm.obj (.text)
                  0000462a    00000002     --HOLE-- [fill = 0]
                  0000462c    00000034     driverlib.lib : interrupt.obj (.text:IntRegister)
                  00004660    00000034                   : sysctl.obj (.text:SysCtlPeripheralEnable)
                  00004694    00000034     rtsv7M4_T_le_v4SPD16_eabi.lib : boot_cortex_m.c.obj (.text:_c_int00_noargs:_c_int00_noargs)
                  000046c8    00000030     driverlib.lib : flash.obj (.text:FlashErase)
                  000046f8    0000002e     rtsv7M4_T_le_v4SPD16_eabi.lib : i_tofd_t2.asm.obj (.text)
                  00004726    0000002c     driverlib.lib : gpio.obj (.text:GPIODirModeSet)
                  00004752    00000002     --HOLE-- [fill = 0]
                  00004754    00000028     rtsv7M4_T_le_v4SPD16_eabi.lib : memory.c.obj (.text:free_list_insert)
                  0000477c    00000020     driverlib.lib : uart.obj (.text:UARTDisable)
                  0000479c    00000020     rtsv7M4_T_le_v4SPD16_eabi.lib : u_tofd_t2.asm.obj (.text)
                  000047bc    0000001c                                   : memory.c.obj (.text:free_list_remove)
                  000047d8    0000001a     tm4c123gh6pz_startup_ccs.obj (.text)
                  000047f2    00000018     driverlib.lib : timer.obj (.text:TimerIntRegister)
                  0000480a    00000018                   : uart.obj (.text:UARTIntRegister)
                  00004822    00000016                   : gpio.obj (.text:GPIOPinTypeUART)
                  00004838    00000014                   : uart.obj (.text:UARTEnable)
                  0000484c    00000012                   : timer.obj (.text:TimerLoadSet)
                  0000485e    00000002     --HOLE-- [fill = 0]
                  00004860    00000010                   : fpu.obj (.text:FPUEnable)
                  00004870    00000010                   : fpu.obj (.text:FPULazyStackingEnable)
                  00004880    00000010                   : interrupt.obj (.text:IntMasterEnable)
                  00004890    00000010     IQmathLib.lib : IQNmpy.obj (.text:_IQ20mpy)
                  000048a0    0000000e     driverlib.lib : timer.obj (.text:TimerEnable)
                  000048ae    0000000e                   : uart.obj (.text:UARTCharGetNonBlocking)
                  000048bc    0000000e                   : uart.obj (.text:UARTCharsAvail)
                  000048ca    0000000e     rtsv7M4_T_le_v4SPD16_eabi.lib : copy_decompress_none.c.obj (.text:decompress:none:__TI_decompress_none)
                  000048d8    0000000c     driverlib.lib : cpu.obj (.text:CPUcpsie)
                  000048e4    0000000c     rtsv7M4_T_le_v4SPD16_eabi.lib : copy_zero_init.c.obj (.text:decompress:ZI:__TI_zero_init)
                  000048f0    0000000a     driverlib.lib : uart.obj (.text:UARTCharPut)
                  000048fa    0000000a                   : uart.obj (.text:UARTFIFODisable)
                  00004904    0000000a                   : uart.obj (.text:UARTIntStatus)
                  0000490e    00000008                   : timer.obj (.text:TimerIntEnable)
                  00004916    00000008                   : uart.obj (.text:UARTBusy)
                  0000491e    00000008                   : uart.obj (.text:UARTIntEnable)
                  00004926    00000002     --HOLE-- [fill = 0]
                  00004928    00000008     rtsv7M4_T_le_v4SPD16_eabi.lib : errno.c.obj (.text:__aeabi_errno_addr)
                  00004930    00000004                                   : pre_init.c.obj (.text:_system_pre_init)
                  00004934    00000004                                   : exit.c.obj (.text:abort:abort)

.const     0    00004938    00000284     
                  00004938    00000090     driverlib.lib : gpio.obj (.const:g_pui32GPIOBaseAddrs)
                  000049c8    0000006c                   : sysctl.obj (.const:g_pui32Xtals)
                  00004a34    00000060                   : timer.obj (.const:g_ppui32TimerIntMap)
                  00004a94    00000004     --HOLE-- [fill = 0]
                  00004a98    00000048     LCD12864_rom_enable.obj (.const:numtab)
                  00004ae0    00000040     driverlib.lib : timer.obj (.const:g_ppui32TimerIntMapSnowflake)
                  00004b20    00000040                   : uart.obj (.const:g_ppui32UARTIntMap)
                  00004b60    00000040                   : uart.obj (.const:g_ppui32UARTIntMapSnowflake)
                  00004ba0    00000014                   : interrupt.obj (.const:g_pui32EnRegs)
                  00004bb4    00000008     LCD12864_rom_enable.obj (.const:.string:linetab)

.cinit     0    00004bc0    000000a8     
                  00004bc0    00000072     (.cinit..data.load) [load image, compression = lzss]
                  00004c32    00000002     --HOLE-- [fill = 0]
                  00004c34    0000000c     (__TI_handler_table)
                  00004c40    00000008     (.cinit..bss.load) [load image, compression = zero_init]
                  00004c48    00000008     (.cinit..vtable.load) [load image, compression = zero_init]
                  00004c50    00000018     (__TI_cinit_table)

.init_array 
*          0    00000000    00000000     UNINITIALIZED

.vtable    0    20000000    0000026c     UNINITIALIZED
                  20000000    0000026c     driverlib.lib : interrupt.obj (.vtable)

.stack     0    20000270    00001000     UNINITIALIZED
                  20000270    00000004     rtsv7M4_T_le_v4SPD16_eabi.lib : boot_cortex_m.c.obj (.stack)
                  20000274    00000ffc     --HOLE--

.sysmem    0    20001270    00001000     UNINITIALIZED
                  20001270    00000010     rtsv7M4_T_le_v4SPD16_eabi.lib : memory.c.obj (.sysmem)
                  20001280    00000ff0     --HOLE--

.data      0    20002270    000006d8     UNINITIALIZED
                  20002270    00000200     blue.obj (.data:buffer1)
                  20002470    00000200     blue.obj (.data:buffer2)
                  20002670    00000200     blue.obj (.data:buffer3)
                  20002870    0000008c     main.obj (.data)
                  200028fc    00000024     main.obj (.data:paremeter)
                  20002920    00000008     rtsv7M4_T_le_v4SPD16_eabi.lib : _lock.c.obj (.data:$O1$$)
                  20002928    00000008                                   : memory.c.obj (.data:$O1$$)
                  20002930    00000008     main.obj (.data:model_func_pointer)
                  20002938    00000005     blue.obj (.data)
                  2000293d    00000003     --HOLE--
                  20002940    00000004     IQ_TOOLS.obj (.data)
                  20002944    00000004     rtsv7M4_T_le_v4SPD16_eabi.lib : errno.c.obj (.data)

.bss       0    20002948    00000300     UNINITIALIZED
                  20002948    000000d0     (.common:I_data)
                  20002a18    000000d0     (.common:U_data)
                  20002ae8    00000030     (.common:d_loop)
                  20002b18    00000030     (.common:q_loop)
                  20002b48    00000030     (.common:vsi_loop)
                  20002b78    0000002c     (.common:udc_mean)
                  20002ba4    00000008     (.common:I_alpha_beta)
                  20002bac    00000008     (.common:I_in_U)
                  20002bb4    00000008     (.common:U_alpha_beta)
                  20002bbc    00000008     (.common:U_in_U)
                  20002bc4    00000008     (.common:U_out_alpha_beta)
                  20002bcc    00000008     (.common:U_out_dq)
                  20002bd4    00000008     (.common:theta)
                  20002bdc    00000004     (.common:I_now)
                  20002be0    00000004     (.common:I_pop)
                  20002be4    00000004     (.common:U_now)
                  20002be8    00000004     (.common:U_pop)
                  20002bec    00000004     (.common:ch1)
                  20002bf0    00000004     (.common:ch4)
                  20002bf4    00000004     (.common:ch5)
                  20002bf8    00000004     (.common:cons_0_387)
                  20002bfc    00000004     (.common:cons_100)
                  20002c00    00000004     (.common:cons_10_24)
                  20002c04    00000004     (.common:cons_37_55)
                  20002c08    00000004     (.common:cons_512)
                  20002c0c    00000004     (.common:cons_56_32)
                  20002c10    00000004     (.common:cons_5_12)
                  20002c14    00000004     (.common:cons_65535)
                  20002c18    00000004     (.common:cons_idref)
                  20002c1c    00000004     (.common:cons_iqref)
                  20002c20    00000004     (.common:cons_u_b)
                  20002c24    00000004     (.common:cons_u_k)
                  20002c28    00000004     (.common:cons_w_L)
                  20002c2c    00000004     (.common:monitorData1)
                  20002c30    00000004     (.common:monitorData2)
                  20002c34    00000004     (.common:monitorData3)
                  20002c38    00000004     (.common:monitorData4)
                  20002c3c    00000004     (.common:u_out_final)
                  20002c40    00000004     (.common:ubus_s)
                  20002c44    00000004     (.common:udc)

__llvm_prf_cnts 
*          0    20000000    00000000     UNINITIALIZED

MODULE SUMMARY

       Module                         code    ro data   rw data
       ------                         ----    -------   -------
    .\
       main.obj                       4688    0         936    
       LCD12864_rom_enable.obj        3304    80        0      
       blue.obj                       1170    0         1557   
       tm4c123gh6pz_startup_ccs.obj   26      620       0      
       IQ_TOOLS.obj                   576     0         4      
       bus_fpga.obj                   468     0         0      
       ADS8688_TIVA_FPGA.obj          424     0         0      
       Txiang_utools.obj              322     0         0      
    +--+------------------------------+-------+---------+---------+
       Total:                         10978   700       2497   
                                                               
    ../IQmath/ccs/IQmathLib/Debug/IQmathLib.lib
       IQtables.obj                   0       2048      0      
       IQNdiv.obj                     288     0         0      
       IQNsqrt.obj                    108     0         0      
       IQNmpy.obj                     16      0         0      
    +--+------------------------------+-------+---------+---------+
       Total:                         412     2048      0      
                                                               
    C:/ti/TivaWare_C_Series-2.2.0.295/driverlib/ccs/Debug/driverlib.lib
       interrupt.obj                  172     20        620    
       sysctl.obj                     582     108       0      
       gpio.obj                       506     144       0      
       uart.obj                       288     128       0      
       timer.obj                      240     160       0      
       flash.obj                      152     0         0      
       fpu.obj                        32      0         0      
       cpu.obj                        12      0         0      
    +--+------------------------------+-------+---------+---------+
       Total:                         1984    560       620    
                                                               
    C:\ti\ccs1110\ccs\tools\compiler\ti-cgt-arm_20.2.5.LTS\lib\rtsv7M4_T_le_v4SPD16_eabi.lib
       fd_add_t2.asm.obj              438     0         0      
       e_sqrt.c.obj                   344     0         0      
       fd_div_t2.asm.obj              310     0         0      
       memory.c.obj                   296     0         8      
       fd_mul_t2.asm.obj              252     0         0      
       memcpy_t2.asm.obj              156     0         0      
       memset_t2.asm.obj              122     0         0      
       fd_tos_t2.asm.obj              110     0         0      
       copy_decompress_lzss.c.obj     104     0         0      
       fd_toi_t2.asm.obj              72      0         0      
       autoinit.c.obj                 68      0         0      
       fd_tou_t2.asm.obj              68      0         0      
       ll_tofd_t2.asm.obj             64      0         0      
       fs_tod_t2.asm.obj              56      0         0      
       ull_tofs_t2.asm.obj            54      0         0      
       boot_cortex_m.c.obj            52      0         0      
       i_tofd_t2.asm.obj              46      0         0      
       u_tofd_t2.asm.obj              32      0         0      
       copy_decompress_none.c.obj     14      0         0      
       copy_zero_init.c.obj           12      0         0      
       errno.c.obj                    8       0         4      
       _lock.c.obj                    2       0         8      
       exit.c.obj                     4       0         0      
       pre_init.c.obj                 4       0         0      
    +--+------------------------------+-------+---------+---------+
       Total:                         2688    0         20     
                                                               
       Heap:                          0       0         4096   
       Stack:                         0       0         4096   
       Linker Generated:              0       166       0      
    +--+------------------------------+-------+---------+---------+
       Grand Total:                   16062   3474      11329  


LINKER GENERATED COPY TABLES

__TI_cinit_table @ 00004c50 records: 3, size/record: 8, table size: 24
	.data: load addr=00004bc0, load size=00000072 bytes, run addr=20002270, run size=000006d8 bytes, compression=lzss
	.bss: load addr=00004c40, load size=00000008 bytes, run addr=20002948, run size=00000300 bytes, compression=zero_init
	.vtable: load addr=00004c48, load size=00000008 bytes, run addr=20000000, run size=0000026c bytes, compression=zero_init


LINKER GENERATED HANDLER TABLE

__TI_handler_table @ 00004c34 records: 3, size/record: 4, table size: 12
	index: 0, handler: __TI_zero_init
	index: 1, handler: __TI_decompress_lzss
	index: 2, handler: __TI_decompress_none


GLOBAL SYMBOLS: SORTED ALPHABETICALLY BY Name 

address   name                          
-------   ----                          
000031a1  BUS_Init                      
00004935  C$$EXIT                       
000048d9  CPUcpsie                      
00002171  DispChar5x8                   
00002139  DispClear                     
00002111  DispClear_line                
00001ae9  DispExtern16x16               
00002069  DispFloat                     
00001ef1  DispFloat5x8                  
00001dc9  DispFloat8x16                 
00001d29  DispNumber5x8                 
00001c89  DispNumber8x16                
00001c41  DispString5x8                 
00001b61  Disp_GB2312_string_16x16      
00000b01  Display                       
00001b31  Display_128x64                
00004861  FPUEnable                     
00004871  FPULazyStackingEnable         
000046c9  FlashErase                    
000041f5  FlashProgram                  
000029e9  Float2Str                     
00004727  GPIODirModeSet                
000035b9  GPIOPadConfigSet              
0000438d  GPIOPinConfigure              
00004823  GPIOPinTypeUART               
00003111  IORD                          
00003081  IOWR                          
20002ba4  I_alpha_beta                  
20002948  I_data                        
20002bac  I_in_U                        
20002bdc  I_now                         
20002be0  I_pop                         
0000425d  IntEnable                     
00004881  IntMasterEnable               
0000462d  IntRegister                   
00000ec9  KeyToControl                  
00001369  PID                           
00003049  PID_Q_step                    
00003021  PID_init_Q                    
00000ce9  ReadKey                       
000047d9  ResetISR                      
00003af9  SysCtlClockGet                
00003d0d  SysCtlClockSet                
00002e3b  SysCtlDelay                   
00004661  SysCtlPeripheralEnable        
00001499  Timer0IntHandler              
000012a1  Timer1AIntHandler             
0000432d  TimerConfigure                
000048a1  TimerEnable                   
0000340b  TimerIntClear                 
0000490f  TimerIntEnable                
000047f3  TimerIntRegister              
0000484d  TimerLoadSet                  
00002c19  UART1IntHandler               
00004917  UARTBusy                      
000048af  UARTCharGetNonBlocking        
000048f1  UARTCharPut                   
000048bd  UARTCharsAvail                
0000446d  UARTConfigSetExpClk           
0000477d  UARTDisable                   
00004839  UARTEnable                    
000048fb  UARTFIFODisable               
0000387d  UARTIntClear                  
0000491f  UARTIntEnable                 
0000480b  UARTIntRegister               
00004905  UARTIntStatus                 
00002e01  UARTStringPut                 
20002bb4  U_alpha_beta                  
20002a18  U_data                        
20002bbc  U_in_U                        
20002be4  U_now                         
20002bc4  U_out_alpha_beta              
20002bcc  U_out_dq                      
20002be8  U_pop                         
00003f81  _IQ15div                      
00004011  _IQ20div                      
00004891  _IQ20mpy                      
00004189  _IQ20sqrt                     
20001270  __STACK_END                   
00001000  __STACK_SIZE                  
20000470  __STACK_TOP                   
00001000  __SYSMEM_SIZE                 
00004c50  __TI_CINIT_Base               
00004c68  __TI_CINIT_Limit              
00004c34  __TI_Handler_Table_Base       
00004c40  __TI_Handler_Table_Limit      
000044b5  __TI_auto_init_nobinit_nopinit
000042c5  __TI_decompress_lzss          
000048cb  __TI_decompress_none          
ffffffff  __TI_pprof_out_hndl           
ffffffff  __TI_prof_data_size           
ffffffff  __TI_prof_data_start          
00000000  __TI_static_base__            
000048e5  __TI_zero_init                
0000411b  __aeabi_d2f                   
00004425  __aeabi_d2iz                  
000044f9  __aeabi_d2uiz                 
0000325f  __aeabi_dadd                  
000039c3  __aeabi_ddiv                  
00003c11  __aeabi_dmul                  
00003255  __aeabi_dsub                  
00004929  __aeabi_errno_addr            
000045bd  __aeabi_f2d                   
000046f9  __aeabi_i2d                   
0000457d  __aeabi_l2d                   
000040a1  __aeabi_memclr                
000040a1  __aeabi_memclr4               
000040a1  __aeabi_memclr8               
00003ee5  __aeabi_memcpy                
00003ee5  __aeabi_memcpy4               
00003ee5  __aeabi_memcpy8               
000040a3  __aeabi_memset                
000040a3  __aeabi_memset4               
000040a3  __aeabi_memset8               
0000479d  __aeabi_ui2d                  
000045f5  __aeabi_ul2f                  
ffffffff  __binit__                     
ffffffff  __c_args__                    
UNDEFED   __mpu_init                    
20000270  __stack                       
20000000  __start___llvm_prf_cnts       
20000000  __stop___llvm_prf_cnts        
00004695  _c_int00_noargs               
20002920  _lock                         
0000340f  _nop                          
20001270  _sys_memory                   
UNDEFED   _system_post_cinit            
00004931  _system_pre_init              
20002924  _unlock                       
200028e4  a                             
200028e8  a_last                        
00002fe9  abc2alpha_beta                
00004935  abort                         
200028c4  adj                           
00002f69  alpha_beta2dq                 
20002940  alpha_beta_L                  
00002f39  ave_queue_push                
00002f01  ave_queue_sum                 
200028b8  b1                            
ffffffff  binit                         
00002df1  blue1                         
00002de1  blue2                         
00002dd1  blue3                         
00002dc1  blue4                         
20002270  buffer1                       
20002470  buffer2                       
20002670  buffer3                       
20002bec  ch1                           
20002bf0  ch4                           
20002bf4  ch5                           
2000293c  charget                       
20002bf8  cons_0_387                    
20002bfc  cons_100                      
20002c00  cons_10_24                    
20002c04  cons_37_55                    
20002c08  cons_512                      
20002c0c  cons_56_32                    
20002c10  cons_5_12                     
20002c14  cons_65535                    
20002c18  cons_idref                    
20002c1c  cons_iqref                    
20002c20  cons_u_b                      
20002c24  cons_u_k                      
20002c28  cons_w_L                      
20002898  d_kd                          
20002894  d_ki                          
20002890  d_kp                          
20002ae8  d_loop                        
20002938  debug_count                   
00001ae9  display_graphic_16x16         
00001ab9  display_graphic_5x8           
00001a71  display_graphic_8x16          
000019d9  display_vertical_line         
00000271  doADC                         
00002ec9  dq2alpha_beta                 
200028f4  duty_0                        
200028ec  duty_i1                       
200028f0  duty_u2                       
20002944  errno                         
200028c0  fhz                           
200028bc  fhz_last                      
000039a9  float_ave_init                
00003971  float_ave_step                
00003e01  free                          
20000000  g_pfnRAMVectors               
00000000  g_pfnVectors                  
00002c59  getStringFVT                  
00003571  getVoltage                    
000034c9  getVoltageMean                
00003411  getVoltageRMS                 
00001949  get_and_write_16x16           
000018c9  get_and_write_5x8             
00001839  get_and_write_8x16            
200028d0  i_rms                         
20002880  i_set                         
20002884  idref                         
000009b9  init                          
00002b99  initialize_uart               
200028c8  iq_test_f                     
20002888  iqref                         
000021a8  isqrt_table                   
200028b4  k1                            
200028f8  key_flag                      
200028e0  keydat                        
200028e1  keydat_last                   
000015f1  lcd12864_init                 
00001559  lcd_write_com                 
000014c1  lcd_write_data                
00004bb4  linetab                       
00000fe1  main                          
00003ee5  memcpy                        
000040a9  memset                        
20002870  mode_flag                     
20002930  model_func_pointer            
20002c2c  monitorData1                  
20002c30  monitorData2                  
20002c34  monitorData3                  
20002c38  monitorData4                  
000029a9  num_pow                       
00004a98  numtab                        
200028fc  paremeter                     
00000891  paremeter_add                 
00000829  paremeter_choose_add          
200028d8  paremeter_choose_flag         
000007c1  paremeter_choose_sub          
00000609  paremeter_display             
200028dc  paremeter_flag                
000005a1  paremeter_group_add           
200028d4  paremeter_group_flag          
00000531  paremeter_group_sub           
00000439  paremeter_sub                 
2000288c  pid_flag                      
00002ae9  printCharFVT                  
00002ac9  printStringFVT                
20002874  protect_flag                  
200028a4  q_kd                          
200028a0  q_ki                          
2000289c  q_kp                          
20002b18  q_loop                        
00002ea9  queue_clear                   
00002e79  queue_pop                     
00002e41  queue_push                    
00003931  read_float_from_flash         
000038f9  read_int_from_flash           
00000391  rest                          
00002af9  sentdata                      
00003725  sqrt                          
00003725  sqrtl                         
20002bd4  theta                         
20002878  time_flag                     
20002c3c  u_out_final                   
200028cc  u_rms                         
20002c40  ubus_s                        
2000287c  ubus_set                      
20002c44  udc                           
20002b78  udc_mean                      
200028b0  vsi_kd                        
200028ac  vsi_ki                        
200028a8  vsi_kp                        
20002b48  vsi_loop                      
000038a1  write_float_to_flash          
00003881  write_int_to_flash            


GLOBAL SYMBOLS: SORTED BY Symbol Address 

address   name                          
-------   ----                          
00000000  __TI_static_base__            
00000000  g_pfnVectors                  
00000271  doADC                         
00000391  rest                          
00000439  paremeter_sub                 
00000531  paremeter_group_sub           
000005a1  paremeter_group_add           
00000609  paremeter_display             
000007c1  paremeter_choose_sub          
00000829  paremeter_choose_add          
00000891  paremeter_add                 
000009b9  init                          
00000b01  Display                       
00000ce9  ReadKey                       
00000ec9  KeyToControl                  
00000fe1  main                          
00001000  __STACK_SIZE                  
00001000  __SYSMEM_SIZE                 
000012a1  Timer1AIntHandler             
00001369  PID                           
00001499  Timer0IntHandler              
000014c1  lcd_write_data                
00001559  lcd_write_com                 
000015f1  lcd12864_init                 
00001839  get_and_write_8x16            
000018c9  get_and_write_5x8             
00001949  get_and_write_16x16           
000019d9  display_vertical_line         
00001a71  display_graphic_8x16          
00001ab9  display_graphic_5x8           
00001ae9  DispExtern16x16               
00001ae9  display_graphic_16x16         
00001b31  Display_128x64                
00001b61  Disp_GB2312_string_16x16      
00001c41  DispString5x8                 
00001c89  DispNumber8x16                
00001d29  DispNumber5x8                 
00001dc9  DispFloat8x16                 
00001ef1  DispFloat5x8                  
00002069  DispFloat                     
00002111  DispClear_line                
00002139  DispClear                     
00002171  DispChar5x8                   
000021a8  isqrt_table                   
000029a9  num_pow                       
000029e9  Float2Str                     
00002ac9  printStringFVT                
00002ae9  printCharFVT                  
00002af9  sentdata                      
00002b99  initialize_uart               
00002c19  UART1IntHandler               
00002c59  getStringFVT                  
00002dc1  blue4                         
00002dd1  blue3                         
00002de1  blue2                         
00002df1  blue1                         
00002e01  UARTStringPut                 
00002e3b  SysCtlDelay                   
00002e41  queue_push                    
00002e79  queue_pop                     
00002ea9  queue_clear                   
00002ec9  dq2alpha_beta                 
00002f01  ave_queue_sum                 
00002f39  ave_queue_push                
00002f69  alpha_beta2dq                 
00002fe9  abc2alpha_beta                
00003021  PID_init_Q                    
00003049  PID_Q_step                    
00003081  IOWR                          
00003111  IORD                          
000031a1  BUS_Init                      
00003255  __aeabi_dsub                  
0000325f  __aeabi_dadd                  
0000340b  TimerIntClear                 
0000340f  _nop                          
00003411  getVoltageRMS                 
000034c9  getVoltageMean                
00003571  getVoltage                    
000035b9  GPIOPadConfigSet              
00003725  sqrt                          
00003725  sqrtl                         
0000387d  UARTIntClear                  
00003881  write_int_to_flash            
000038a1  write_float_to_flash          
000038f9  read_int_from_flash           
00003931  read_float_from_flash         
00003971  float_ave_step                
000039a9  float_ave_init                
000039c3  __aeabi_ddiv                  
00003af9  SysCtlClockGet                
00003c11  __aeabi_dmul                  
00003d0d  SysCtlClockSet                
00003e01  free                          
00003ee5  __aeabi_memcpy                
00003ee5  __aeabi_memcpy4               
00003ee5  __aeabi_memcpy8               
00003ee5  memcpy                        
00003f81  _IQ15div                      
00004011  _IQ20div                      
000040a1  __aeabi_memclr                
000040a1  __aeabi_memclr4               
000040a1  __aeabi_memclr8               
000040a3  __aeabi_memset                
000040a3  __aeabi_memset4               
000040a3  __aeabi_memset8               
000040a9  memset                        
0000411b  __aeabi_d2f                   
00004189  _IQ20sqrt                     
000041f5  FlashProgram                  
0000425d  IntEnable                     
000042c5  __TI_decompress_lzss          
0000432d  TimerConfigure                
0000438d  GPIOPinConfigure              
00004425  __aeabi_d2iz                  
0000446d  UARTConfigSetExpClk           
000044b5  __TI_auto_init_nobinit_nopinit
000044f9  __aeabi_d2uiz                 
0000457d  __aeabi_l2d                   
000045bd  __aeabi_f2d                   
000045f5  __aeabi_ul2f                  
0000462d  IntRegister                   
00004661  SysCtlPeripheralEnable        
00004695  _c_int00_noargs               
000046c9  FlashErase                    
000046f9  __aeabi_i2d                   
00004727  GPIODirModeSet                
0000477d  UARTDisable                   
0000479d  __aeabi_ui2d                  
000047d9  ResetISR                      
000047f3  TimerIntRegister              
0000480b  UARTIntRegister               
00004823  GPIOPinTypeUART               
00004839  UARTEnable                    
0000484d  TimerLoadSet                  
00004861  FPUEnable                     
00004871  FPULazyStackingEnable         
00004881  IntMasterEnable               
00004891  _IQ20mpy                      
000048a1  TimerEnable                   
000048af  UARTCharGetNonBlocking        
000048bd  UARTCharsAvail                
000048cb  __TI_decompress_none          
000048d9  CPUcpsie                      
000048e5  __TI_zero_init                
000048f1  UARTCharPut                   
000048fb  UARTFIFODisable               
00004905  UARTIntStatus                 
0000490f  TimerIntEnable                
00004917  UARTBusy                      
0000491f  UARTIntEnable                 
00004929  __aeabi_errno_addr            
00004931  _system_pre_init              
00004935  C$$EXIT                       
00004935  abort                         
00004a98  numtab                        
00004bb4  linetab                       
00004c34  __TI_Handler_Table_Base       
00004c40  __TI_Handler_Table_Limit      
00004c50  __TI_CINIT_Base               
00004c68  __TI_CINIT_Limit              
20000000  __start___llvm_prf_cnts       
20000000  __stop___llvm_prf_cnts        
20000000  g_pfnRAMVectors               
20000270  __stack                       
20000470  __STACK_TOP                   
20001270  __STACK_END                   
20001270  _sys_memory                   
20002270  buffer1                       
20002470  buffer2                       
20002670  buffer3                       
20002870  mode_flag                     
20002874  protect_flag                  
20002878  time_flag                     
2000287c  ubus_set                      
20002880  i_set                         
20002884  idref                         
20002888  iqref                         
2000288c  pid_flag                      
20002890  d_kp                          
20002894  d_ki                          
20002898  d_kd                          
2000289c  q_kp                          
200028a0  q_ki                          
200028a4  q_kd                          
200028a8  vsi_kp                        
200028ac  vsi_ki                        
200028b0  vsi_kd                        
200028b4  k1                            
200028b8  b1                            
200028bc  fhz_last                      
200028c0  fhz                           
200028c4  adj                           
200028c8  iq_test_f                     
200028cc  u_rms                         
200028d0  i_rms                         
200028d4  paremeter_group_flag          
200028d8  paremeter_choose_flag         
200028dc  paremeter_flag                
200028e0  keydat                        
200028e1  keydat_last                   
200028e4  a                             
200028e8  a_last                        
200028ec  duty_i1                       
200028f0  duty_u2                       
200028f4  duty_0                        
200028f8  key_flag                      
200028fc  paremeter                     
20002920  _lock                         
20002924  _unlock                       
20002930  model_func_pointer            
20002938  debug_count                   
2000293c  charget                       
20002940  alpha_beta_L                  
20002944  errno                         
20002948  I_data                        
20002a18  U_data                        
20002ae8  d_loop                        
20002b18  q_loop                        
20002b48  vsi_loop                      
20002b78  udc_mean                      
20002ba4  I_alpha_beta                  
20002bac  I_in_U                        
20002bb4  U_alpha_beta                  
20002bbc  U_in_U                        
20002bc4  U_out_alpha_beta              
20002bcc  U_out_dq                      
20002bd4  theta                         
20002bdc  I_now                         
20002be0  I_pop                         
20002be4  U_now                         
20002be8  U_pop                         
20002bec  ch1                           
20002bf0  ch4                           
20002bf4  ch5                           
20002bf8  cons_0_387                    
20002bfc  cons_100                      
20002c00  cons_10_24                    
20002c04  cons_37_55                    
20002c08  cons_512                      
20002c0c  cons_56_32                    
20002c10  cons_5_12                     
20002c14  cons_65535                    
20002c18  cons_idref                    
20002c1c  cons_iqref                    
20002c20  cons_u_b                      
20002c24  cons_u_k                      
20002c28  cons_w_L                      
20002c2c  monitorData1                  
20002c30  monitorData2                  
20002c34  monitorData3                  
20002c38  monitorData4                  
20002c3c  u_out_final                   
20002c40  ubus_s                        
20002c44  udc                           
ffffffff  __TI_pprof_out_hndl           
ffffffff  __TI_prof_data_size           
ffffffff  __TI_prof_data_start          
ffffffff  __binit__                     
ffffffff  __c_args__                    
ffffffff  binit                         
UNDEFED   __mpu_init                    
UNDEFED   _system_post_cinit            

[262 symbols]
