******************************************************************************
                  TI ARM Linker PC v20.2.5                     
******************************************************************************
>> Linked Sun May 14 14:08:36 2023

OUTPUT FILE NAME:   <single_phase_dq.out>
ENTRY POINT SYMBOL: "_c_int00_noargs"  address: 000057ed


MEMORY CONFIGURATION

         name            origin    length      used     unused   attr    fill
----------------------  --------  ---------  --------  --------  ----  --------
  FLASH                 00000000   00040000  00005db8  0003a248  R  X
  SRAM                  20000000   00008000  00002c44  000053bc  RW X


SEGMENT ALLOCATION MAP

run origin  load origin   length   init length attrs members
----------  ----------- ---------- ----------- ----- -------
00000000    00000000    00005dc0   00005dc0    r-x
  00000000    00000000    0000026c   0000026c    r-- .intvecs
  00000270    00000270    00005820   00005820    r-x .text
  00005a90    00005a90    00000284   00000284    r-- .const
  00005d18    00005d18    000000a8   000000a8    r-- .cinit
20000000    20000000    00002c48   00000000    rw-
  20000000    20000000    0000026c   00000000    rw- .vtable
  20000270    20000270    00001000   00000000    rw- .stack
  20001270    20001270    00001000   00000000    rw- .sysmem
  20002270    20002270    000006d8   00000000    rw- .data
  20002948    20002948    00000300   00000000    rw- .bss


SECTION ALLOCATION MAP

 output                                  attributes/
section   page    origin      length       input sections
--------  ----  ----------  ----------   ----------------
.intvecs   0    00000000    0000026c     
                  00000000    0000026c     tm4c123gh6pz_startup_ccs.obj (.intvecs)

.text      0    00000270    00005820     
                  00000270    000015f8     main.obj (.text)
                  00001868    000015cc     LCD12864_rom_enable.obj (.text)
                  00002e34    00000800     IQmathLib.lib : IQtables.obj (.text:isqrt_table)
                  00003634    00000004     driverlib.lib : timer.obj (.text:TimerIntClear)
                  00003638    00000606     blue.obj (.text)
                  00003c3e    00000002     rtsv7M4_T_le_v4SPD16_eabi.lib : _lock.c.obj (.text:_nop)
                  00003c40    00000340     IQ_TOOLS.obj (.text)
                  00003f80    000002d2     bus_fpga.obj (.text)
                  00004252    00000006     driverlib.lib : sysctl.obj (.text:SysCtlDelay)
                  00004258    000002a4     ADS8688_TIVA_FPGA.obj (.text)
                  000044fc    000001b6     rtsv7M4_T_le_v4SPD16_eabi.lib : fd_add_t2.asm.obj (.text)
                  000046b2    00000004     driverlib.lib : uart.obj (.text:UARTIntClear)
                  000046b6    00000002     --HOLE-- [fill = 0]
                  000046b8    0000019a     Txiang_utools.obj (.text)
                  00004852    00000002     --HOLE-- [fill = 0]
                  00004854    0000016c     driverlib.lib : gpio.obj (.text:GPIOPadConfigSet)
                  000049c0    00000158     rtsv7M4_T_le_v4SPD16_eabi.lib : e_sqrt.c.obj (.text:sqrt)
                  00004b18    00000136                                   : fd_div_t2.asm.obj (.text)
                  00004c4e    00000002     --HOLE-- [fill = 0]
                  00004c50    00000118     driverlib.lib : sysctl.obj (.text:SysCtlClockGet)
                  00004d68    000000fc     rtsv7M4_T_le_v4SPD16_eabi.lib : fd_mul_t2.asm.obj (.text)
                  00004e64    000000f4     driverlib.lib : sysctl.obj (.text:SysCtlClockSet)
                  00004f58    000000e4     rtsv7M4_T_le_v4SPD16_eabi.lib : memory.c.obj (.text:free)
                  0000503c    0000009c                                   : memcpy_t2.asm.obj (.text)
                  000050d8    00000090     IQmathLib.lib : IQNdiv.obj (.text:_IQ15div)
                  00005168    00000090                   : IQNdiv.obj (.text:_IQ20div)
                  000051f8    0000007a     rtsv7M4_T_le_v4SPD16_eabi.lib : memset_t2.asm.obj (.text)
                  00005272    0000006e                                   : fd_tos_t2.asm.obj (.text)
                  000052e0    0000006c     IQmathLib.lib : IQNsqrt.obj (.text:_IQ20sqrt)
                  0000534c    00000068     driverlib.lib : flash.obj (.text:FlashProgram)
                  000053b4    00000068                   : interrupt.obj (.text:IntEnable)
                  0000541c    00000068     rtsv7M4_T_le_v4SPD16_eabi.lib : copy_decompress_lzss.c.obj (.text:decompress:lzss:__TI_decompress_lzss)
                  00005484    00000060     driverlib.lib : timer.obj (.text:TimerConfigure)
                  000054e4    0000004c                   : gpio.obj (.text:GPIOPinConfigure)
                  00005530    0000004c                   : timer.obj (.text:_TimerIntNumberGet)
                  0000557c    00000048     rtsv7M4_T_le_v4SPD16_eabi.lib : fd_toi_t2.asm.obj (.text)
                  000055c4    00000046     driverlib.lib : uart.obj (.text:UARTConfigSetExpClk)
                  0000560a    00000002     --HOLE-- [fill = 0]
                  0000560c    00000044     rtsv7M4_T_le_v4SPD16_eabi.lib : autoinit.c.obj (.text:__TI_auto_init_nobinit_nopinit:__TI_auto_init_nobinit_nopinit)
                  00005650    00000044                                   : fd_tou_t2.asm.obj (.text)
                  00005694    00000040     driverlib.lib : uart.obj (.text:_UARTIntNumberGet)
                  000056d4    00000040     rtsv7M4_T_le_v4SPD16_eabi.lib : ll_tofd_t2.asm.obj (.text)
                  00005714    00000038                                   : fs_tod_t2.asm.obj (.text)
                  0000574c    00000036                                   : ull_tofs_t2.asm.obj (.text)
                  00005782    00000002     --HOLE-- [fill = 0]
                  00005784    00000034     driverlib.lib : interrupt.obj (.text:IntRegister)
                  000057b8    00000034                   : sysctl.obj (.text:SysCtlPeripheralEnable)
                  000057ec    00000034     rtsv7M4_T_le_v4SPD16_eabi.lib : boot_cortex_m.c.obj (.text:_c_int00_noargs:_c_int00_noargs)
                  00005820    00000030     driverlib.lib : flash.obj (.text:FlashErase)
                  00005850    0000002e     rtsv7M4_T_le_v4SPD16_eabi.lib : i_tofd_t2.asm.obj (.text)
                  0000587e    0000002c     driverlib.lib : gpio.obj (.text:GPIODirModeSet)
                  000058aa    00000002     --HOLE-- [fill = 0]
                  000058ac    00000028     rtsv7M4_T_le_v4SPD16_eabi.lib : memory.c.obj (.text:free_list_insert)
                  000058d4    00000020     driverlib.lib : uart.obj (.text:UARTDisable)
                  000058f4    00000020     rtsv7M4_T_le_v4SPD16_eabi.lib : u_tofd_t2.asm.obj (.text)
                  00005914    0000001c                                   : memory.c.obj (.text:free_list_remove)
                  00005930    0000001a     tm4c123gh6pz_startup_ccs.obj (.text)
                  0000594a    00000018     driverlib.lib : timer.obj (.text:TimerIntRegister)
                  00005962    00000018                   : uart.obj (.text:UARTIntRegister)
                  0000597a    00000016                   : gpio.obj (.text:GPIOPinTypeUART)
                  00005990    00000014                   : uart.obj (.text:UARTEnable)
                  000059a4    00000012                   : timer.obj (.text:TimerLoadSet)
                  000059b6    00000002     --HOLE-- [fill = 0]
                  000059b8    00000010                   : fpu.obj (.text:FPUEnable)
                  000059c8    00000010                   : fpu.obj (.text:FPULazyStackingEnable)
                  000059d8    00000010                   : interrupt.obj (.text:IntMasterEnable)
                  000059e8    00000010     IQmathLib.lib : IQNmpy.obj (.text:_IQ20mpy)
                  000059f8    0000000e     driverlib.lib : timer.obj (.text:TimerEnable)
                  00005a06    0000000e                   : uart.obj (.text:UARTCharGetNonBlocking)
                  00005a14    0000000e                   : uart.obj (.text:UARTCharsAvail)
                  00005a22    0000000e     rtsv7M4_T_le_v4SPD16_eabi.lib : copy_decompress_none.c.obj (.text:decompress:none:__TI_decompress_none)
                  00005a30    0000000c     driverlib.lib : cpu.obj (.text:CPUcpsie)
                  00005a3c    0000000c     rtsv7M4_T_le_v4SPD16_eabi.lib : copy_zero_init.c.obj (.text:decompress:ZI:__TI_zero_init)
                  00005a48    0000000a     driverlib.lib : uart.obj (.text:UARTCharPut)
                  00005a52    0000000a                   : uart.obj (.text:UARTFIFODisable)
                  00005a5c    0000000a                   : uart.obj (.text:UARTIntStatus)
                  00005a66    00000008                   : timer.obj (.text:TimerIntEnable)
                  00005a6e    00000008                   : uart.obj (.text:UARTBusy)
                  00005a76    00000008                   : uart.obj (.text:UARTIntEnable)
                  00005a7e    00000002     --HOLE-- [fill = 0]
                  00005a80    00000008     rtsv7M4_T_le_v4SPD16_eabi.lib : errno.c.obj (.text:__aeabi_errno_addr)
                  00005a88    00000004                                   : pre_init.c.obj (.text:_system_pre_init)
                  00005a8c    00000004                                   : exit.c.obj (.text:abort:abort)

.const     0    00005a90    00000284     
                  00005a90    00000090     driverlib.lib : gpio.obj (.const:g_pui32GPIOBaseAddrs)
                  00005b20    0000006c                   : sysctl.obj (.const:g_pui32Xtals)
                  00005b8c    00000060                   : timer.obj (.const:g_ppui32TimerIntMap)
                  00005bec    00000004     --HOLE-- [fill = 0]
                  00005bf0    00000048     LCD12864_rom_enable.obj (.const:numtab)
                  00005c38    00000040     driverlib.lib : timer.obj (.const:g_ppui32TimerIntMapSnowflake)
                  00005c78    00000040                   : uart.obj (.const:g_ppui32UARTIntMap)
                  00005cb8    00000040                   : uart.obj (.const:g_ppui32UARTIntMapSnowflake)
                  00005cf8    00000014                   : interrupt.obj (.const:g_pui32EnRegs)
                  00005d0c    00000008     LCD12864_rom_enable.obj (.const:.string:linetab)

.cinit     0    00005d18    000000a8     
                  00005d18    00000072     (.cinit..data.load) [load image, compression = lzss]
                  00005d8a    00000002     --HOLE-- [fill = 0]
                  00005d8c    0000000c     (__TI_handler_table)
                  00005d98    00000008     (.cinit..bss.load) [load image, compression = zero_init]
                  00005da0    00000008     (.cinit..vtable.load) [load image, compression = zero_init]
                  00005da8    00000018     (__TI_cinit_table)

.init_array 
*          0    00000000    00000000     UNINITIALIZED

.vtable    0    20000000    0000026c     UNINITIALIZED
                  20000000    0000026c     driverlib.lib : interrupt.obj (.vtable)

.stack     0    20000270    00001000     UNINITIALIZED
                  20000270    00000004     rtsv7M4_T_le_v4SPD16_eabi.lib : boot_cortex_m.c.obj (.stack)
                  20000274    00000ffc     --HOLE--

.sysmem    0    20001270    00001000     UNINITIALIZED
                  20001270    00000010     rtsv7M4_T_le_v4SPD16_eabi.lib : memory.c.obj (.sysmem)
                  20001280    00000ff0     --HOLE--

.data      0    20002270    000006d8     UNINITIALIZED
                  20002270    00000200     blue.obj (.data:buffer1)
                  20002470    00000200     blue.obj (.data:buffer2)
                  20002670    00000200     blue.obj (.data:buffer3)
                  20002870    0000008c     main.obj (.data)
                  200028fc    00000024     main.obj (.data:paremeter)
                  20002920    00000008     rtsv7M4_T_le_v4SPD16_eabi.lib : _lock.c.obj (.data:$O1$$)
                  20002928    00000008                                   : memory.c.obj (.data:$O1$$)
                  20002930    00000008     main.obj (.data:model_func_pointer)
                  20002938    00000005     blue.obj (.data)
                  2000293d    00000003     --HOLE--
                  20002940    00000004     IQ_TOOLS.obj (.data)
                  20002944    00000004     rtsv7M4_T_le_v4SPD16_eabi.lib : errno.c.obj (.data)

.bss       0    20002948    00000300     UNINITIALIZED
                  20002948    000000d0     (.common:I_data)
                  20002a18    000000d0     (.common:U_data)
                  20002ae8    00000030     (.common:d_loop)
                  20002b18    00000030     (.common:q_loop)
                  20002b48    00000030     (.common:vsi_loop)
                  20002b78    0000002c     (.common:udc_mean)
                  20002ba4    00000008     (.common:I_alpha_beta)
                  20002bac    00000008     (.common:I_in_U)
                  20002bb4    00000008     (.common:U_alpha_beta)
                  20002bbc    00000008     (.common:U_in_U)
                  20002bc4    00000008     (.common:U_out_alpha_beta)
                  20002bcc    00000008     (.common:U_out_dq)
                  20002bd4    00000008     (.common:theta)
                  20002bdc    00000004     (.common:I_now)
                  20002be0    00000004     (.common:I_pop)
                  20002be4    00000004     (.common:U_now)
                  20002be8    00000004     (.common:U_pop)
                  20002bec    00000004     (.common:ch1)
                  20002bf0    00000004     (.common:ch4)
                  20002bf4    00000004     (.common:ch5)
                  20002bf8    00000004     (.common:cons_0_387)
                  20002bfc    00000004     (.common:cons_100)
                  20002c00    00000004     (.common:cons_10_24)
                  20002c04    00000004     (.common:cons_37_55)
                  20002c08    00000004     (.common:cons_512)
                  20002c0c    00000004     (.common:cons_56_32)
                  20002c10    00000004     (.common:cons_5_12)
                  20002c14    00000004     (.common:cons_65535)
                  20002c18    00000004     (.common:cons_idref)
                  20002c1c    00000004     (.common:cons_iqref)
                  20002c20    00000004     (.common:cons_u_b)
                  20002c24    00000004     (.common:cons_u_k)
                  20002c28    00000004     (.common:cons_w_L)
                  20002c2c    00000004     (.common:monitorData1)
                  20002c30    00000004     (.common:monitorData2)
                  20002c34    00000004     (.common:monitorData3)
                  20002c38    00000004     (.common:monitorData4)
                  20002c3c    00000004     (.common:u_out_final)
                  20002c40    00000004     (.common:ubus_s)
                  20002c44    00000004     (.common:udc)

__llvm_prf_cnts 
*          0    20000000    00000000     UNINITIALIZED

MODULE SUMMARY

       Module                         code    ro data   rw data
       ------                         ----    -------   -------
    .\
       main.obj                       5624    0         936    
       LCD12864_rom_enable.obj        5580    80        0      
       blue.obj                       1542    0         1557   
       IQ_TOOLS.obj                   832     0         4      
       bus_fpga.obj                   722     0         0      
       ADS8688_TIVA_FPGA.obj          676     0         0      
       tm4c123gh6pz_startup_ccs.obj   26      620       0      
       Txiang_utools.obj              410     0         0      
    +--+------------------------------+-------+---------+---------+
       Total:                         15412   700       2497   
                                                               
    ../IQmath/ccs/IQmathLib/Debug/IQmathLib.lib
       IQtables.obj                   0       2048      0      
       IQNdiv.obj                     288     0         0      
       IQNsqrt.obj                    108     0         0      
       IQNmpy.obj                     16      0         0      
    +--+------------------------------+-------+---------+---------+
       Total:                         412     2048      0      
                                                               
    C:/ti/TivaWare_C_Series-2.2.0.295/driverlib/ccs/Debug/driverlib.lib
       interrupt.obj                  172     20        620    
       sysctl.obj                     582     108       0      
       gpio.obj                       506     144       0      
       uart.obj                       288     128       0      
       timer.obj                      240     160       0      
       flash.obj                      152     0         0      
       fpu.obj                        32      0         0      
       cpu.obj                        12      0         0      
    +--+------------------------------+-------+---------+---------+
       Total:                         1984    560       620    
                                                               
    C:\ti\ccs1110\ccs\tools\compiler\ti-cgt-arm_20.2.5.LTS\lib\rtsv7M4_T_le_v4SPD16_eabi.lib
       fd_add_t2.asm.obj              438     0         0      
       e_sqrt.c.obj                   344     0         0      
       fd_div_t2.asm.obj              310     0         0      
       memory.c.obj                   296     0         8      
       fd_mul_t2.asm.obj              252     0         0      
       memcpy_t2.asm.obj              156     0         0      
       memset_t2.asm.obj              122     0         0      
       fd_tos_t2.asm.obj              110     0         0      
       copy_decompress_lzss.c.obj     104     0         0      
       fd_toi_t2.asm.obj              72      0         0      
       autoinit.c.obj                 68      0         0      
       fd_tou_t2.asm.obj              68      0         0      
       ll_tofd_t2.asm.obj             64      0         0      
       fs_tod_t2.asm.obj              56      0         0      
       ull_tofs_t2.asm.obj            54      0         0      
       boot_cortex_m.c.obj            52      0         0      
       i_tofd_t2.asm.obj              46      0         0      
       u_tofd_t2.asm.obj              32      0         0      
       copy_decompress_none.c.obj     14      0         0      
       copy_zero_init.c.obj           12      0         0      
       errno.c.obj                    8       0         4      
       _lock.c.obj                    2       0         8      
       exit.c.obj                     4       0         0      
       pre_init.c.obj                 4       0         0      
    +--+------------------------------+-------+---------+---------+
       Total:                         2688    0         20     
                                                               
       Heap:                          0       0         4096   
       Stack:                         0       0         4096   
       Linker Generated:              0       166       0      
    +--+------------------------------+-------+---------+---------+
       Grand Total:                   20496   3474      11329  


LINKER GENERATED COPY TABLES

__TI_cinit_table @ 00005da8 records: 3, size/record: 8, table size: 24
	.data: load addr=00005d18, load size=00000072 bytes, run addr=20002270, run size=000006d8 bytes, compression=lzss
	.bss: load addr=00005d98, load size=00000008 bytes, run addr=20002948, run size=00000300 bytes, compression=zero_init
	.vtable: load addr=00005da0, load size=00000008 bytes, run addr=20000000, run size=0000026c bytes, compression=zero_init


LINKER GENERATED HANDLER TABLE

__TI_handler_table @ 00005d8c records: 3, size/record: 4, table size: 12
	index: 0, handler: __TI_zero_init
	index: 1, handler: __TI_decompress_lzss
	index: 2, handler: __TI_decompress_none


GLOBAL SYMBOLS: SORTED ALPHABETICALLY BY Name 

address   name                          
-------   ----                          
00003f81  BUS_Init                      
00005a8d  C$$EXIT                       
00005a31  CPUcpsie                      
000024d1  DispChar5x8                   
00001c69  DispClear                     
00001cd1  DispClear_line                
000025c1  DispExtern16x16               
00002d69  DispFloat                     
00002a19  DispFloat5x8                  
00002851  DispFloat8x16                 
000025f1  DispNumber5x8                 
00002729  DispNumber8x16                
00002529  DispString5x8                 
00002329  Disp_GB2312_string_16x16      
00000b79  Display                       
00001d31  Display_128x64                
000059b9  FPUEnable                     
000059c9  FPULazyStackingEnable         
00005821  FlashErase                    
0000534d  FlashProgram                  
00003679  Float2Str                     
0000587f  GPIODirModeSet                
00004855  GPIOPadConfigSet              
000054e5  GPIOPinConfigure              
0000597b  GPIOPinTypeUART               
00004179  IORD                          
00004091  IOWR                          
20002ba4  I_alpha_beta                  
20002948  I_data                        
20002bac  I_in_U                        
20002bdc  I_now                         
20002be0  I_pop                         
000053b5  IntEnable                     
000059d9  IntMasterEnable               
00005785  IntRegister                   
00000789  KeyToControl                  
00001031  PID                           
00003ca1  PID_Q_step                    
00003c41  PID_init_Q                    
000005b9  ReadKey                       
00005931  ResetISR                      
00004c51  SysCtlClockGet                
00004e65  SysCtlClockSet                
00004253  SysCtlDelay                   
000057b9  SysCtlPeripheralEnable        
000008e9  Timer0IntHandler              
00000919  Timer1AIntHandler             
00005485  TimerConfigure                
000059f9  TimerEnable                   
00003635  TimerIntClear                 
00005a67  TimerIntEnable                
0000594b  TimerIntRegister              
000059a5  TimerLoadSet                  
00003be1  UART1IntHandler               
00005a6f  UARTBusy                      
00005a07  UARTCharGetNonBlocking        
00005a49  UARTCharPut                   
00005a15  UARTCharsAvail                
000055c5  UARTConfigSetExpClk           
000058d5  UARTDisable                   
00005991  UARTEnable                    
00005a53  UARTFIFODisable               
000046b3  UARTIntClear                  
00005a77  UARTIntEnable                 
00005963  UARTIntRegister               
00005a5d  UARTIntStatus                 
000038c9  UARTStringPut                 
20002bb4  U_alpha_beta                  
20002a18  U_data                        
20002bbc  U_in_U                        
20002be4  U_now                         
20002bc4  U_out_alpha_beta              
20002bcc  U_out_dq                      
20002be8  U_pop                         
000050d9  _IQ15div                      
00005169  _IQ20div                      
000059e9  _IQ20mpy                      
000052e1  _IQ20sqrt                     
20001270  __STACK_END                   
00001000  __STACK_SIZE                  
20000470  __STACK_TOP                   
00001000  __SYSMEM_SIZE                 
00005da8  __TI_CINIT_Base               
00005dc0  __TI_CINIT_Limit              
00005d8c  __TI_Handler_Table_Base       
00005d98  __TI_Handler_Table_Limit      
0000560d  __TI_auto_init_nobinit_nopinit
0000541d  __TI_decompress_lzss          
00005a23  __TI_decompress_none          
ffffffff  __TI_pprof_out_hndl           
ffffffff  __TI_prof_data_size           
ffffffff  __TI_prof_data_start          
00000000  __TI_static_base__            
00005a3d  __TI_zero_init                
00005273  __aeabi_d2f                   
0000557d  __aeabi_d2iz                  
00005651  __aeabi_d2uiz                 
00004507  __aeabi_dadd                  
00004b19  __aeabi_ddiv                  
00004d69  __aeabi_dmul                  
000044fd  __aeabi_dsub                  
00005a81  __aeabi_errno_addr            
00005715  __aeabi_f2d                   
00005851  __aeabi_i2d                   
000056d5  __aeabi_l2d                   
000051f9  __aeabi_memclr                
000051f9  __aeabi_memclr4               
000051f9  __aeabi_memclr8               
0000503d  __aeabi_memcpy                
0000503d  __aeabi_memcpy4               
0000503d  __aeabi_memcpy8               
000051fb  __aeabi_memset                
000051fb  __aeabi_memset4               
000051fb  __aeabi_memset8               
000058f5  __aeabi_ui2d                  
0000574d  __aeabi_ul2f                  
ffffffff  __binit__                     
ffffffff  __c_args__                    
UNDEFED   __mpu_init                    
20000270  __stack                       
20000000  __start___llvm_prf_cnts       
20000000  __stop___llvm_prf_cnts        
000057ed  _c_int00_noargs               
20002920  _lock                         
00003c3f  _nop                          
20001270  _sys_memory                   
UNDEFED   _system_post_cinit            
00005a89  _system_pre_init              
20002924  _unlock                       
200028e4  a                             
200028e8  a_last                        
00003d19  abc2alpha_beta                
00005a8d  abort                         
200028c4  adj                           
00003d69  alpha_beta2dq                 
20002940  alpha_beta_L                  
00003f19  ave_queue_push                
00003f49  ave_queue_sum                 
200028b8  b1                            
ffffffff  binit                         
00003821  blue1                         
00003839  blue2                         
00003851  blue3                         
00003869  blue4                         
20002270  buffer1                       
20002470  buffer2                       
20002670  buffer3                       
20002bec  ch1                           
20002bf0  ch4                           
20002bf4  ch5                           
2000293c  charget                       
20002bf8  cons_0_387                    
20002bfc  cons_100                      
20002c00  cons_10_24                    
20002c04  cons_37_55                    
20002c08  cons_512                      
20002c0c  cons_56_32                    
20002c10  cons_5_12                     
20002c14  cons_65535                    
20002c18  cons_idref                    
20002c1c  cons_iqref                    
20002c20  cons_u_b                      
20002c24  cons_u_k                      
20002c28  cons_w_L                      
20002898  d_kd                          
20002894  d_ki                          
20002890  d_kp                          
20002ae8  d_loop                        
20002938  debug_count                   
00001da1  display_graphic_16x16         
00001ee1  display_graphic_5x8           
00001e41  display_graphic_8x16          
00002c59  display_vertical_line         
000009f9  doADC                         
00003e11  dq2alpha_beta                 
200028f4  duty_0                        
200028ec  duty_i1                       
200028f0  duty_u2                       
20002944  errno                         
200028c0  fhz                           
200028bc  fhz_last                      
000047c9  float_ave_init                
00004801  float_ave_step                
00004f59  free                          
20000000  g_pfnRAMVectors               
00000000  g_pfnVectors                  
000039c9  getStringFVT                  
00004259  getVoltage                    
000043e9  getVoltageMean                
000042e1  getVoltageRMS                 
00002081  get_and_write_16x16           
00002261  get_and_write_5x8             
00002171  get_and_write_8x16            
200028d0  i_rms                         
20002880  i_set                         
20002884  idref                         
00000da9  init                          
00003791  initialize_uart               
200028c8  iq_test_f                     
20002888  iqref                         
00002e34  isqrt_table                   
200028b4  k1                            
200028f8  key_flag                      
200028e0  keydat                        
200028e1  keydat_last                   
00001a49  lcd12864_init                 
00001869  lcd_write_com                 
00001959  lcd_write_data                
00005d0c  linetab                       
00000271  main                          
0000503d  memcpy                        
00005201  memset                        
20002870  mode_flag                     
20002930  model_func_pointer            
20002c2c  monitorData1                  
20002c30  monitorData2                  
20002c34  monitorData3                  
20002c38  monitorData4                  
00003639  num_pow                       
00005bf0  numtab                        
200028fc  paremeter                     
00001369  paremeter_add                 
000012a9  paremeter_choose_add          
200028d8  paremeter_choose_flag         
00001309  paremeter_choose_sub          
00001631  paremeter_display             
200028dc  paremeter_flag                
000011c9  paremeter_group_add           
200028d4  paremeter_group_flag          
00001239  paremeter_group_sub           
000014d1  paremeter_sub                 
2000288c  pid_flag                      
00003881  printCharFVT                  
00003899  printStringFVT                
20002874  protect_flag                  
200028a4  q_kd                          
200028a0  q_ki                          
2000289c  q_kp                          
20002b18  q_loop                        
00003ed1  queue_clear                   
00003e99  queue_pop                     
00003e61  queue_push                    
00004781  read_float_from_flash         
000046e1  read_int_from_flash           
00000f21  rest                          
00003921  sentdata                      
000049c1  sqrt                          
000049c1  sqrtl                         
20002bd4  theta                         
20002878  time_flag                     
20002c3c  u_out_final                   
200028cc  u_rms                         
20002c40  ubus_s                        
2000287c  ubus_set                      
20002c44  udc                           
20002b78  udc_mean                      
200028b0  vsi_kd                        
200028ac  vsi_ki                        
200028a8  vsi_kp                        
20002b48  vsi_loop                      
00004729  write_float_to_flash          
000046b9  write_int_to_flash            


GLOBAL SYMBOLS: SORTED BY Symbol Address 

address   name                          
-------   ----                          
00000000  __TI_static_base__            
00000000  g_pfnVectors                  
00000271  main                          
000005b9  ReadKey                       
00000789  KeyToControl                  
000008e9  Timer0IntHandler              
00000919  Timer1AIntHandler             
000009f9  doADC                         
00000b79  Display                       
00000da9  init                          
00000f21  rest                          
00001000  __STACK_SIZE                  
00001000  __SYSMEM_SIZE                 
00001031  PID                           
000011c9  paremeter_group_add           
00001239  paremeter_group_sub           
000012a9  paremeter_choose_add          
00001309  paremeter_choose_sub          
00001369  paremeter_add                 
000014d1  paremeter_sub                 
00001631  paremeter_display             
00001869  lcd_write_com                 
00001959  lcd_write_data                
00001a49  lcd12864_init                 
00001c69  DispClear                     
00001cd1  DispClear_line                
00001d31  Display_128x64                
00001da1  display_graphic_16x16         
00001e41  display_graphic_8x16          
00001ee1  display_graphic_5x8           
00002081  get_and_write_16x16           
00002171  get_and_write_8x16            
00002261  get_and_write_5x8             
00002329  Disp_GB2312_string_16x16      
000024d1  DispChar5x8                   
00002529  DispString5x8                 
000025c1  DispExtern16x16               
000025f1  DispNumber5x8                 
00002729  DispNumber8x16                
00002851  DispFloat8x16                 
00002a19  DispFloat5x8                  
00002c59  display_vertical_line         
00002d69  DispFloat                     
00002e34  isqrt_table                   
00003635  TimerIntClear                 
00003639  num_pow                       
00003679  Float2Str                     
00003791  initialize_uart               
00003821  blue1                         
00003839  blue2                         
00003851  blue3                         
00003869  blue4                         
00003881  printCharFVT                  
00003899  printStringFVT                
000038c9  UARTStringPut                 
00003921  sentdata                      
000039c9  getStringFVT                  
00003be1  UART1IntHandler               
00003c3f  _nop                          
00003c41  PID_init_Q                    
00003ca1  PID_Q_step                    
00003d19  abc2alpha_beta                
00003d69  alpha_beta2dq                 
00003e11  dq2alpha_beta                 
00003e61  queue_push                    
00003e99  queue_pop                     
00003ed1  queue_clear                   
00003f19  ave_queue_push                
00003f49  ave_queue_sum                 
00003f81  BUS_Init                      
00004091  IOWR                          
00004179  IORD                          
00004253  SysCtlDelay                   
00004259  getVoltage                    
000042e1  getVoltageRMS                 
000043e9  getVoltageMean                
000044fd  __aeabi_dsub                  
00004507  __aeabi_dadd                  
000046b3  UARTIntClear                  
000046b9  write_int_to_flash            
000046e1  read_int_from_flash           
00004729  write_float_to_flash          
00004781  read_float_from_flash         
000047c9  float_ave_init                
00004801  float_ave_step                
00004855  GPIOPadConfigSet              
000049c1  sqrt                          
000049c1  sqrtl                         
00004b19  __aeabi_ddiv                  
00004c51  SysCtlClockGet                
00004d69  __aeabi_dmul                  
00004e65  SysCtlClockSet                
00004f59  free                          
0000503d  __aeabi_memcpy                
0000503d  __aeabi_memcpy4               
0000503d  __aeabi_memcpy8               
0000503d  memcpy                        
000050d9  _IQ15div                      
00005169  _IQ20div                      
000051f9  __aeabi_memclr                
000051f9  __aeabi_memclr4               
000051f9  __aeabi_memclr8               
000051fb  __aeabi_memset                
000051fb  __aeabi_memset4               
000051fb  __aeabi_memset8               
00005201  memset                        
00005273  __aeabi_d2f                   
000052e1  _IQ20sqrt                     
0000534d  FlashProgram                  
000053b5  IntEnable                     
0000541d  __TI_decompress_lzss          
00005485  TimerConfigure                
000054e5  GPIOPinConfigure              
0000557d  __aeabi_d2iz                  
000055c5  UARTConfigSetExpClk           
0000560d  __TI_auto_init_nobinit_nopinit
00005651  __aeabi_d2uiz                 
000056d5  __aeabi_l2d                   
00005715  __aeabi_f2d                   
0000574d  __aeabi_ul2f                  
00005785  IntRegister                   
000057b9  SysCtlPeripheralEnable        
000057ed  _c_int00_noargs               
00005821  FlashErase                    
00005851  __aeabi_i2d                   
0000587f  GPIODirModeSet                
000058d5  UARTDisable                   
000058f5  __aeabi_ui2d                  
00005931  ResetISR                      
0000594b  TimerIntRegister              
00005963  UARTIntRegister               
0000597b  GPIOPinTypeUART               
00005991  UARTEnable                    
000059a5  TimerLoadSet                  
000059b9  FPUEnable                     
000059c9  FPULazyStackingEnable         
000059d9  IntMasterEnable               
000059e9  _IQ20mpy                      
000059f9  TimerEnable                   
00005a07  UARTCharGetNonBlocking        
00005a15  UARTCharsAvail                
00005a23  __TI_decompress_none          
00005a31  CPUcpsie                      
00005a3d  __TI_zero_init                
00005a49  UARTCharPut                   
00005a53  UARTFIFODisable               
00005a5d  UARTIntStatus                 
00005a67  TimerIntEnable                
00005a6f  UARTBusy                      
00005a77  UARTIntEnable                 
00005a81  __aeabi_errno_addr            
00005a89  _system_pre_init              
00005a8d  C$$EXIT                       
00005a8d  abort                         
00005bf0  numtab                        
00005d0c  linetab                       
00005d8c  __TI_Handler_Table_Base       
00005d98  __TI_Handler_Table_Limit      
00005da8  __TI_CINIT_Base               
00005dc0  __TI_CINIT_Limit              
20000000  __start___llvm_prf_cnts       
20000000  __stop___llvm_prf_cnts        
20000000  g_pfnRAMVectors               
20000270  __stack                       
20000470  __STACK_TOP                   
20001270  __STACK_END                   
20001270  _sys_memory                   
20002270  buffer1                       
20002470  buffer2                       
20002670  buffer3                       
20002870  mode_flag                     
20002874  protect_flag                  
20002878  time_flag                     
2000287c  ubus_set                      
20002880  i_set                         
20002884  idref                         
20002888  iqref                         
2000288c  pid_flag                      
20002890  d_kp                          
20002894  d_ki                          
20002898  d_kd                          
2000289c  q_kp                          
200028a0  q_ki                          
200028a4  q_kd                          
200028a8  vsi_kp                        
200028ac  vsi_ki                        
200028b0  vsi_kd                        
200028b4  k1                            
200028b8  b1                            
200028bc  fhz_last                      
200028c0  fhz                           
200028c4  adj                           
200028c8  iq_test_f                     
200028cc  u_rms                         
200028d0  i_rms                         
200028d4  paremeter_group_flag          
200028d8  paremeter_choose_flag         
200028dc  paremeter_flag                
200028e0  keydat                        
200028e1  keydat_last                   
200028e4  a                             
200028e8  a_last                        
200028ec  duty_i1                       
200028f0  duty_u2                       
200028f4  duty_0                        
200028f8  key_flag                      
200028fc  paremeter                     
20002920  _lock                         
20002924  _unlock                       
20002930  model_func_pointer            
20002938  debug_count                   
2000293c  charget                       
20002940  alpha_beta_L                  
20002944  errno                         
20002948  I_data                        
20002a18  U_data                        
20002ae8  d_loop                        
20002b18  q_loop                        
20002b48  vsi_loop                      
20002b78  udc_mean                      
20002ba4  I_alpha_beta                  
20002bac  I_in_U                        
20002bb4  U_alpha_beta                  
20002bbc  U_in_U                        
20002bc4  U_out_alpha_beta              
20002bcc  U_out_dq                      
20002bd4  theta                         
20002bdc  I_now                         
20002be0  I_pop                         
20002be4  U_now                         
20002be8  U_pop                         
20002bec  ch1                           
20002bf0  ch4                           
20002bf4  ch5                           
20002bf8  cons_0_387                    
20002bfc  cons_100                      
20002c00  cons_10_24                    
20002c04  cons_37_55                    
20002c08  cons_512                      
20002c0c  cons_56_32                    
20002c10  cons_5_12                     
20002c14  cons_65535                    
20002c18  cons_idref                    
20002c1c  cons_iqref                    
20002c20  cons_u_b                      
20002c24  cons_u_k                      
20002c28  cons_w_L                      
20002c2c  monitorData1                  
20002c30  monitorData2                  
20002c34  monitorData3                  
20002c38  monitorData4                  
20002c3c  u_out_final                   
20002c40  ubus_s                        
20002c44  udc                           
ffffffff  __TI_pprof_out_hndl           
ffffffff  __TI_prof_data_size           
ffffffff  __TI_prof_data_start          
ffffffff  __binit__                     
ffffffff  __c_args__                    
ffffffff  binit                         
UNDEFED   __mpu_init                    
UNDEFED   _system_post_cinit            

[262 symbols]
