******************************************************************************
                  TI ARM Linker PC v20.2.5                     
******************************************************************************
>> Linked Sun May 14 13:46:45 2023

OUTPUT FILE NAME:   <single_phase_dq.out>
ENTRY POINT SYMBOL: "_c_int00_noargs"  address: 00003251


MEMORY CONFIGURATION

         name            origin    length      used     unused   attr    fill
----------------------  --------  ---------  --------  --------  ----  --------
  FLASH                 00000000   00040000  00003806  0003c7fa  R  X
  SRAM                  20000000   00008000  00003c14  000043ec  RW X


SEGMENT ALLOCATION MAP

run origin  load origin   length   init length attrs members
----------  ----------- ---------- ----------- ----- -------
00000000    00000000    00003810   00003810    r-x
  00000000    00000000    0000026c   0000026c    r-- .intvecs
  0000026c    0000026c    0000328e   0000328e    r-x .text
  00003500    00003500    00000284   00000284    r-- .const
  00003788    00003788    00000088   00000088    r-- .cinit
20000000    20000000    00003c18   00000000    rw-
  20000000    20000000    0000026c   00000000    rw- .vtable
  20000270    20000270    00002000   00000000    rw- .stack
  20002270    20002270    00001000   00000000    rw- .sysmem
  20003270    20003270    000009a8   00000000    rw- .data


SECTION ALLOCATION MAP

 output                                  attributes/
section   page    origin      length       input sections
--------  ----  ----------  ----------   ----------------
.intvecs   0    00000000    0000026c     
                  00000000    0000026c     tm4c123gh6pz_startup_ccs.obj (.intvecs)

.text      0    0000026c    0000328e     
                  0000026c    00000e2f     main.obj (.text)
                  0000109b    00000001     --HOLE-- [fill = 0]
                  0000109c    00000800     IQmathLib.lib : IQtables.obj (.text:isqrt_table)
                  0000189c    0000042c     LCD12864_rom_enable.obj (.text)
                  00001cc8    000001b6     rtsv7M4_T_le_v4SPD16_eabi.lib : fd_add_t2.asm.obj (.text)
                  00001e7e    00000002                                   : _lock.c.obj (.text:_nop)
                  00001e80    00000194     blue.obj (.text)
                  00002014    0000016c     driverlib.lib : gpio.obj (.text:GPIOPadConfigSet)
                  00002180    00000158     rtsv7M4_T_le_v4SPD16_eabi.lib : e_sqrt.c.obj (.text:sqrt)
                  000022d8    00000136                                   : fd_div_t2.asm.obj (.text)
                  0000240e    00000002     --HOLE-- [fill = 0]
                  00002410    00000118     driverlib.lib : sysctl.obj (.text:SysCtlClockGet)
                  00002528    00000114     bus_fpga.obj (.text)
                  0000263c    000000fc     rtsv7M4_T_le_v4SPD16_eabi.lib : fd_mul_t2.asm.obj (.text)
                  00002738    000000f4     driverlib.lib : sysctl.obj (.text:SysCtlClockSet)
                  0000282c    000000f0     rtsv7M4_T_le_v4SPD16_eabi.lib : memory.c.obj (.text:free)
                  0000291c    000000bc     ADS8688_TIVA_FPGA.obj (.text)
                  000029d8    0000009c     rtsv7M4_T_le_v4SPD16_eabi.lib : memcpy_t2.asm.obj (.text)
                  00002a74    00000090     IQmathLib.lib : IQNdiv.obj (.text:_IQ15div)
                  00002b04    00000090                   : IQNdiv.obj (.text:_IQ20div)
                  00002b94    00000088     IQ_TOOLS.obj (.text)
                  00002c1c    0000007a     rtsv7M4_T_le_v4SPD16_eabi.lib : memset_t2.asm.obj (.text)
                  00002c96    0000006e                                   : fd_tos_t2.asm.obj (.text)
                  00002d04    0000006c     IQmathLib.lib : IQNsqrt.obj (.text:_IQ20sqrt)
                  00002d70    00000068     driverlib.lib : flash.obj (.text:FlashProgram)
                  00002dd8    00000068                   : interrupt.obj (.text:IntEnable)
                  00002e40    00000068     rtsv7M4_T_le_v4SPD16_eabi.lib : copy_decompress_lzss.c.obj (.text:decompress:lzss:__TI_decompress_lzss)
                  00002ea8    00000060     driverlib.lib : timer.obj (.text:TimerConfigure)
                  00002f08    0000004c                   : gpio.obj (.text:GPIOPinConfigure)
                  00002f54    0000004c                   : timer.obj (.text:_TimerIntNumberGet)
                  00002fa0    00000048     rtsv7M4_T_le_v4SPD16_eabi.lib : fd_toi_t2.asm.obj (.text)
                  00002fe8    00000046     driverlib.lib : uart.obj (.text:UARTConfigSetExpClk)
                  0000302e    00000002     --HOLE-- [fill = 0]
                  00003030    00000044     rtsv7M4_T_le_v4SPD16_eabi.lib : autoinit.c.obj (.text:__TI_auto_init_nobinit_nopinit:__TI_auto_init_nobinit_nopinit)
                  00003074    00000044                                   : fd_tou_t2.asm.obj (.text)
                  000030b8    00000040     Txiang_utools.obj (.text)
                  000030f8    00000040     driverlib.lib : uart.obj (.text:_UARTIntNumberGet)
                  00003138    00000040     rtsv7M4_T_le_v4SPD16_eabi.lib : ll_tofd_t2.asm.obj (.text)
                  00003178    00000038                                   : fs_tod_t2.asm.obj (.text)
                  000031b0    00000036                                   : ull_tofs_t2.asm.obj (.text)
                  000031e6    00000002     --HOLE-- [fill = 0]
                  000031e8    00000034     driverlib.lib : interrupt.obj (.text:IntRegister)
                  0000321c    00000034                   : sysctl.obj (.text:SysCtlPeripheralEnable)
                  00003250    00000034     rtsv7M4_T_le_v4SPD16_eabi.lib : boot_cortex_m.c.obj (.text:_c_int00_noargs:_c_int00_noargs)
                  00003284    00000030     driverlib.lib : flash.obj (.text:FlashErase)
                  000032b4    0000002e     rtsv7M4_T_le_v4SPD16_eabi.lib : i_tofd_t2.asm.obj (.text)
                  000032e2    0000002c     driverlib.lib : gpio.obj (.text:GPIODirModeSet)
                  0000330e    00000002     --HOLE-- [fill = 0]
                  00003310    00000028     rtsv7M4_T_le_v4SPD16_eabi.lib : memory.c.obj (.text:free_list_insert$14)
                  00003338    00000020     driverlib.lib : uart.obj (.text:UARTDisable)
                  00003358    00000020     rtsv7M4_T_le_v4SPD16_eabi.lib : u_tofd_t2.asm.obj (.text)
                  00003378    0000001c                                   : copy_zero_init.c.obj (.text:decompress:ZI:__TI_zero_init_nomemset:__TI_zero_init_nomemset)
                  00003394    0000001c                                   : memory.c.obj (.text:free_list_remove$14)
                  000033b0    00000018     driverlib.lib : timer.obj (.text:TimerIntRegister)
                  000033c8    00000018                   : uart.obj (.text:UARTIntRegister)
                  000033e0    00000016                   : gpio.obj (.text:GPIOPinTypeUART)
                  000033f6    00000014                   : uart.obj (.text:UARTEnable)
                  0000340a    00000012                   : timer.obj (.text:TimerLoadSet)
                  0000341c    00000010                   : fpu.obj (.text:FPUEnable)
                  0000342c    00000010                   : fpu.obj (.text:FPULazyStackingEnable)
                  0000343c    00000010                   : interrupt.obj (.text:IntMasterEnable)
                  0000344c    00000010     IQmathLib.lib : IQNmpy.obj (.text:_IQ20mpy)
                  0000345c    0000000e     driverlib.lib : timer.obj (.text:TimerEnable)
                  0000346a    0000000e                   : uart.obj (.text:UARTCharGetNonBlocking)
                  00003478    0000000e                   : uart.obj (.text:UARTCharsAvail)
                  00003486    0000000e     rtsv7M4_T_le_v4SPD16_eabi.lib : copy_decompress_none.c.obj (.text:decompress:none:__TI_decompress_none)
                  00003494    0000000c     driverlib.lib : cpu.obj (.text:CPUcpsie)
                  000034a0    0000000c     tm4c123gh6pz_startup_ccs.obj (.text)
                  000034ac    0000000a     driverlib.lib : uart.obj (.text:UARTCharPut)
                  000034b6    0000000a                   : uart.obj (.text:UARTFIFODisable)
                  000034c0    0000000a                   : uart.obj (.text:UARTIntStatus)
                  000034ca    00000008                   : timer.obj (.text:TimerIntEnable)
                  000034d2    00000008                   : uart.obj (.text:UARTIntEnable)
                  000034da    00000002     --HOLE-- [fill = 0]
                  000034dc    00000008     rtsv7M4_T_le_v4SPD16_eabi.lib : errno.c.obj (.text:__aeabi_errno_addr)
                  000034e4    00000006     driverlib.lib : sysctl.obj (.text:SysCtlDelay)
                  000034ea    00000004                   : timer.obj (.text:TimerIntClear)
                  000034ee    00000004                   : uart.obj (.text:UARTIntClear)
                  000034f2    00000004     rtsv7M4_T_le_v4SPD16_eabi.lib : pre_init.c.obj (.text:_system_pre_init)
                  000034f6    00000004                                   : exit.c.obj (.text:abort:abort)

.const     0    00003500    00000284     
                  00003500    00000090     driverlib.lib : gpio.obj (.const:g_pui32GPIOBaseAddrs)
                  00003590    0000006c                   : sysctl.obj (.const:g_pui32Xtals)
                  000035fc    00000060                   : timer.obj (.const:g_ppui32TimerIntMap)
                  0000365c    00000004     --HOLE-- [fill = 0]
                  00003660    00000050     LCD12864_rom_enable.obj (.const:$O1$$)
                  000036b0    00000040     driverlib.lib : timer.obj (.const:g_ppui32TimerIntMapSnowflake)
                  000036f0    00000040                   : uart.obj (.const:g_ppui32UARTIntMap)
                  00003730    00000040                   : uart.obj (.const:g_ppui32UARTIntMapSnowflake)
                  00003770    00000014                   : interrupt.obj (.const:g_pui32EnRegs)

.cinit     0    00003788    00000088     
                  00003788    0000005e     (.cinit..data.load) [load image, compression = lzss]
                  000037e6    00000002     --HOLE-- [fill = 0]
                  000037e8    0000000c     (__TI_handler_table)
                  000037f4    00000004     --HOLE-- [fill = 0]
                  000037f8    00000008     (.cinit..vtable.load) [load image, compression = zero_init]
                  00003800    00000010     (__TI_cinit_table)

.init_array 
*          0    00000000    00000000     UNINITIALIZED

.vtable    0    20000000    0000026c     UNINITIALIZED
                  20000000    0000026c     driverlib.lib : interrupt.obj (.vtable)

.stack     0    20000270    00002000     UNINITIALIZED
                  20000270    00000004     rtsv7M4_T_le_v4SPD16_eabi.lib : boot_cortex_m.c.obj (.stack)
                  20000274    00001ffc     --HOLE--

.data      0    20003270    000009a8     UNINITIALIZED
                  20003270    00000614     blue.obj (.data:$O2$$)
                  20003884    0000037c     main.obj (.data:$O3$$)
                  20003c00    00000008     rtsv7M4_T_le_v4SPD16_eabi.lib : memory.c.obj (.data:$O6$$)
                  20003c08    00000008                                   : _lock.c.obj (.data:$O7$$)
                  20003c10    00000004     IQ_TOOLS.obj (.data)
                  20003c14    00000004     rtsv7M4_T_le_v4SPD16_eabi.lib : errno.c.obj (.data)

.sysmem    0    20002270    00001000     UNINITIALIZED
                  20002270    00000010     rtsv7M4_T_le_v4SPD16_eabi.lib : memory.c.obj (.sysmem)
                  20002280    00000ff0     --HOLE--

__llvm_prf_cnts 
*          0    20000000    00000000     UNINITIALIZED

MODULE SUMMARY

       Module                         code    ro data   rw data
       ------                         ----    -------   -------
    .\
       main.obj                       3631    0         892    
       blue.obj                       404     0         1556   
       LCD12864_rom_enable.obj        1068    80        0      
       tm4c123gh6pz_startup_ccs.obj   12      620       0      
       bus_fpga.obj                   276     0         0      
       ADS8688_TIVA_FPGA.obj          188     0         0      
       IQ_TOOLS.obj                   136     0         4      
       Txiang_utools.obj              64      0         0      
    +--+------------------------------+-------+---------+---------+
       Total:                         5779    700       2452   
                                                               
    ../IQmath/ccs/IQmathLib/Debug/IQmathLib.lib
       IQtables.obj                   0       2048      0      
       IQNdiv.obj                     288     0         0      
       IQNsqrt.obj                    108     0         0      
       IQNmpy.obj                     16      0         0      
    +--+------------------------------+-------+---------+---------+
       Total:                         412     2048      0      
                                                               
    C:/ti/TivaWare_C_Series-2.2.0.295/driverlib/ccs/Debug/driverlib.lib
       interrupt.obj                  172     20        620    
       sysctl.obj                     582     108       0      
       gpio.obj                       506     144       0      
       uart.obj                       280     128       0      
       timer.obj                      240     160       0      
       flash.obj                      152     0         0      
       fpu.obj                        32      0         0      
       cpu.obj                        12      0         0      
    +--+------------------------------+-------+---------+---------+
       Total:                         1976    560       620    
                                                               
    C:\ti\ccs1110\ccs\tools\compiler\ti-cgt-arm_20.2.5.LTS\lib\rtsv7M4_T_le_v4SPD16_eabi.lib
       fd_add_t2.asm.obj              438     0         0      
       e_sqrt.c.obj                   344     0         0      
       memory.c.obj                   308     0         8      
       fd_div_t2.asm.obj              310     0         0      
       fd_mul_t2.asm.obj              252     0         0      
       memcpy_t2.asm.obj              156     0         0      
       memset_t2.asm.obj              122     0         0      
       fd_tos_t2.asm.obj              110     0         0      
       copy_decompress_lzss.c.obj     104     0         0      
       fd_toi_t2.asm.obj              72      0         0      
       autoinit.c.obj                 68      0         0      
       fd_tou_t2.asm.obj              68      0         0      
       ll_tofd_t2.asm.obj             64      0         0      
       fs_tod_t2.asm.obj              56      0         0      
       ull_tofs_t2.asm.obj            54      0         0      
       boot_cortex_m.c.obj            52      0         0      
       i_tofd_t2.asm.obj              46      0         0      
       u_tofd_t2.asm.obj              32      0         0      
       copy_zero_init.c.obj           28      0         0      
       copy_decompress_none.c.obj     14      0         0      
       errno.c.obj                    8       0         4      
       _lock.c.obj                    2       0         8      
       exit.c.obj                     4       0         0      
       pre_init.c.obj                 4       0         0      
    +--+------------------------------+-------+---------+---------+
       Total:                         2716    0         20     
                                                               
       Heap:                          0       0         4096   
       Stack:                         0       0         8192   
       Linker Generated:              0       130       0      
    +--+------------------------------+-------+---------+---------+
       Grand Total:                   10883   3438      15380  


LINKER GENERATED COPY TABLES

__TI_cinit_table @ 00003800 records: 2, size/record: 8, table size: 16
	.data: load addr=00003788, load size=0000005e bytes, run addr=20003270, run size=000009a8 bytes, compression=lzss
	.vtable: load addr=000037f8, load size=00000008 bytes, run addr=20000000, run size=0000026c bytes, compression=zero_init


LINKER GENERATED HANDLER TABLE

__TI_handler_table @ 000037e8 records: 3, size/record: 4, table size: 12
	index: 0, handler: __TI_zero_init
	index: 1, handler: __TI_decompress_lzss
	index: 2, handler: __TI_decompress_none


GLOBAL SYMBOLS: SORTED ALPHABETICALLY BY Name 

address   name                          
-------   ----                          
000034f7  C$$EXIT                       
00003495  CPUcpsie                      
00001b85  DispFloat5x8                  
00001b09  DispNumber5x8                 
00001ad1  DispString5x8                 
0000341d  FPUEnable                     
0000342d  FPULazyStackingEnable         
00003285  FlashErase                    
00002d71  FlashProgram                  
00001e81  Float2Str                     
000032e3  GPIODirModeSet                
00002015  GPIOPadConfigSet              
00002f09  GPIOPinConfigure              
000033e1  GPIOPinTypeUART               
000025a9  IORD                          
00002529  IOWR                          
20003948  I_alpha_beta                  
20003b30  I_data                        
20003960  I_in_U                        
200038bc  I_now                         
200038c4  I_pop                         
00002dd9  IntEnable                     
0000343d  IntMasterEnable               
000031e9  IntRegister                   
00000307  PID                           
00002b95  PID_Q_step                    
000034a1  ResetISR                      
00002411  SysCtlClockGet                
00002739  SysCtlClockSet                
000034e5  SysCtlDelay                   
0000321d  SysCtlPeripheralEnable        
000003b9  Timer0IntHandler              
0000026d  Timer1AIntHandler             
00002ea9  TimerConfigure                
0000345d  TimerEnable                   
000034eb  TimerIntClear                 
000034cb  TimerIntEnable                
000033b1  TimerIntRegister              
0000340b  TimerLoadSet                  
00001f65  UART1IntHandler               
0000346b  UARTCharGetNonBlocking        
000034ad  UARTCharPut                   
00003479  UARTCharsAvail                
00002fe9  UARTConfigSetExpClk           
00003339  UARTDisable                   
000033f7  UARTEnable                    
000034b7  UARTFIFODisable               
000034ef  UARTIntClear                  
000034d3  UARTIntEnable                 
000033c9  UARTIntRegister               
000034c1  UARTIntStatus                 
20003940  U_alpha_beta                  
20003a60  U_data                        
20003958  U_in_U                        
200038b8  U_now                         
20003950  U_out_alpha_beta              
20003968  U_out_dq                      
200038c0  U_pop                         
00002a75  _IQ15div                      
00002b05  _IQ20div                      
0000344d  _IQ20mpy                      
00002d05  _IQ20sqrt                     
20002270  __STACK_END                   
00002000  __STACK_SIZE                  
20000470  __STACK_TOP                   
00001000  __SYSMEM_SIZE                 
00003800  __TI_CINIT_Base               
00003810  __TI_CINIT_Limit              
000037e8  __TI_Handler_Table_Base       
000037f4  __TI_Handler_Table_Limit      
00003031  __TI_auto_init_nobinit_nopinit
00002e41  __TI_decompress_lzss          
00003487  __TI_decompress_none          
ffffffff  __TI_pprof_out_hndl           
ffffffff  __TI_prof_data_size           
ffffffff  __TI_prof_data_start          
00000000  __TI_static_base__            
00003379  __TI_zero_init_nomemset       
00002c97  __aeabi_d2f                   
00002fa1  __aeabi_d2iz                  
00003075  __aeabi_d2uiz                 
00001cd3  __aeabi_dadd                  
000022d9  __aeabi_ddiv                  
0000263d  __aeabi_dmul                  
00001cc9  __aeabi_dsub                  
000034dd  __aeabi_errno_addr            
00003179  __aeabi_f2d                   
000032b5  __aeabi_i2d                   
00003139  __aeabi_l2d                   
00002c1d  __aeabi_memclr                
00002c1d  __aeabi_memclr4               
00002c1d  __aeabi_memclr8               
000029d9  __aeabi_memcpy                
000029d9  __aeabi_memcpy4               
000029d9  __aeabi_memcpy8               
00002c1f  __aeabi_memset                
00002c1f  __aeabi_memset4               
00002c1f  __aeabi_memset8               
00003359  __aeabi_ui2d                  
000031b1  __aeabi_ul2f                  
ffffffff  __binit__                     
ffffffff  __c_args__                    
UNDEFED   __mpu_init                    
20000270  __stack                       
20000000  __start___llvm_prf_cnts       
20000000  __stop___llvm_prf_cnts        
00003251  _c_int00_noargs               
20003c08  _lock                         
00001e7f  _nop                          
20002270  _sys_memory                   
UNDEFED   _system_post_cinit            
000034f3  _system_pre_init              
20003c0c  _unlock                       
20003938  a                             
2000393c  a_last                        
000034f7  abort                         
20003920  adj                           
20003c10  alpha_beta_L                  
ffffffff  binit                         
20003284  buffer1                       
20003484  buffer2                       
20003684  buffer3                       
200038a0  ch1                           
200038a4  ch4                           
200038a8  ch5                           
20003270  charget                       
200038ec  cons_0_387                    
200038d0  cons_100                      
200038c8  cons_10_24                    
200038e8  cons_37_55                    
200038d4  cons_512                      
200038cc  cons_56_32                    
200038d8  cons_5_12                     
200038f0  cons_65535                    
200038e4  cons_idref                    
200038e0  cons_iqref                    
200038f8  cons_u_b                      
200038f4  cons_u_k                      
200038dc  cons_w_L                      
20003904  d_kd                          
20003900  d_ki                          
200038fc  d_kp                          
200039d0  d_loop                        
000003d3  doADC                         
00002bcf  dq2alpha_beta                 
20003c14  errno                         
0000282d  free                          
20000000  g_pfnRAMVectors               
00000000  g_pfnVectors                  
0000291d  getVoltageRMS                 
00001a6d  get_and_write_5x8             
20003928  i_rms                         
20003898  idref                         
2000389c  iqref                         
0000109c  isqrt_table                   
20003884  keydat                        
0000189d  lcd_write_com                 
00001923  lcd_write_data                
00003660  linetab                       
000005ad  main                          
000029d9  memcpy                        
00002c25  memset                        
20003888  mode_flag                     
20003978  model_func_pointer            
20003274  monitorData1                  
20003278  monitorData2                  
2000327c  monitorData3                  
20003280  monitorData4                  
00003668  numtab                        
20003980  paremeter                     
20003930  paremeter_choose_flag         
20003934  paremeter_flag                
2000392c  paremeter_group_flag          
00001f5d  printCharFVT                  
00001f47  printStringFVT                
2000388c  protect_flag                  
20003910  q_kd                          
2000390c  q_ki                          
20003908  q_kp                          
20003a00  q_loop                        
0000053b  rest                          
00002181  sqrt                          
00002181  sqrtl                         
20003970  theta                         
20003890  time_flag                     
200038b4  u_out_final                   
20003924  u_rms                         
200038b0  ubus_s                        
20003894  ubus_set                      
200038ac  udc                           
200039a4  udc_mean                      
2000391c  vsi_kd                        
20003918  vsi_ki                        
20003914  vsi_kp                        
20003a30  vsi_loop                      
000030b9  write_float_to_flash          


GLOBAL SYMBOLS: SORTED BY Symbol Address 

address   name                          
-------   ----                          
00000000  __TI_static_base__            
00000000  g_pfnVectors                  
0000026d  Timer1AIntHandler             
00000307  PID                           
000003b9  Timer0IntHandler              
000003d3  doADC                         
0000053b  rest                          
000005ad  main                          
00001000  __SYSMEM_SIZE                 
0000109c  isqrt_table                   
0000189d  lcd_write_com                 
00001923  lcd_write_data                
00001a6d  get_and_write_5x8             
00001ad1  DispString5x8                 
00001b09  DispNumber5x8                 
00001b85  DispFloat5x8                  
00001cc9  __aeabi_dsub                  
00001cd3  __aeabi_dadd                  
00001e7f  _nop                          
00001e81  Float2Str                     
00001f47  printStringFVT                
00001f5d  printCharFVT                  
00001f65  UART1IntHandler               
00002000  __STACK_SIZE                  
00002015  GPIOPadConfigSet              
00002181  sqrt                          
00002181  sqrtl                         
000022d9  __aeabi_ddiv                  
00002411  SysCtlClockGet                
00002529  IOWR                          
000025a9  IORD                          
0000263d  __aeabi_dmul                  
00002739  SysCtlClockSet                
0000282d  free                          
0000291d  getVoltageRMS                 
000029d9  __aeabi_memcpy                
000029d9  __aeabi_memcpy4               
000029d9  __aeabi_memcpy8               
000029d9  memcpy                        
00002a75  _IQ15div                      
00002b05  _IQ20div                      
00002b95  PID_Q_step                    
00002bcf  dq2alpha_beta                 
00002c1d  __aeabi_memclr                
00002c1d  __aeabi_memclr4               
00002c1d  __aeabi_memclr8               
00002c1f  __aeabi_memset                
00002c1f  __aeabi_memset4               
00002c1f  __aeabi_memset8               
00002c25  memset                        
00002c97  __aeabi_d2f                   
00002d05  _IQ20sqrt                     
00002d71  FlashProgram                  
00002dd9  IntEnable                     
00002e41  __TI_decompress_lzss          
00002ea9  TimerConfigure                
00002f09  GPIOPinConfigure              
00002fa1  __aeabi_d2iz                  
00002fe9  UARTConfigSetExpClk           
00003031  __TI_auto_init_nobinit_nopinit
00003075  __aeabi_d2uiz                 
000030b9  write_float_to_flash          
00003139  __aeabi_l2d                   
00003179  __aeabi_f2d                   
000031b1  __aeabi_ul2f                  
000031e9  IntRegister                   
0000321d  SysCtlPeripheralEnable        
00003251  _c_int00_noargs               
00003285  FlashErase                    
000032b5  __aeabi_i2d                   
000032e3  GPIODirModeSet                
00003339  UARTDisable                   
00003359  __aeabi_ui2d                  
00003379  __TI_zero_init_nomemset       
000033b1  TimerIntRegister              
000033c9  UARTIntRegister               
000033e1  GPIOPinTypeUART               
000033f7  UARTEnable                    
0000340b  TimerLoadSet                  
0000341d  FPUEnable                     
0000342d  FPULazyStackingEnable         
0000343d  IntMasterEnable               
0000344d  _IQ20mpy                      
0000345d  TimerEnable                   
0000346b  UARTCharGetNonBlocking        
00003479  UARTCharsAvail                
00003487  __TI_decompress_none          
00003495  CPUcpsie                      
000034a1  ResetISR                      
000034ad  UARTCharPut                   
000034b7  UARTFIFODisable               
000034c1  UARTIntStatus                 
000034cb  TimerIntEnable                
000034d3  UARTIntEnable                 
000034dd  __aeabi_errno_addr            
000034e5  SysCtlDelay                   
000034eb  TimerIntClear                 
000034ef  UARTIntClear                  
000034f3  _system_pre_init              
000034f7  C$$EXIT                       
000034f7  abort                         
00003660  linetab                       
00003668  numtab                        
000037e8  __TI_Handler_Table_Base       
000037f4  __TI_Handler_Table_Limit      
00003800  __TI_CINIT_Base               
00003810  __TI_CINIT_Limit              
20000000  __start___llvm_prf_cnts       
20000000  __stop___llvm_prf_cnts        
20000000  g_pfnRAMVectors               
20000270  __stack                       
20000470  __STACK_TOP                   
20002270  __STACK_END                   
20002270  _sys_memory                   
20003270  charget                       
20003274  monitorData1                  
20003278  monitorData2                  
2000327c  monitorData3                  
20003280  monitorData4                  
20003284  buffer1                       
20003484  buffer2                       
20003684  buffer3                       
20003884  keydat                        
20003888  mode_flag                     
2000388c  protect_flag                  
20003890  time_flag                     
20003894  ubus_set                      
20003898  idref                         
2000389c  iqref                         
200038a0  ch1                           
200038a4  ch4                           
200038a8  ch5                           
200038ac  udc                           
200038b0  ubus_s                        
200038b4  u_out_final                   
200038b8  U_now                         
200038bc  I_now                         
200038c0  U_pop                         
200038c4  I_pop                         
200038c8  cons_10_24                    
200038cc  cons_56_32                    
200038d0  cons_100                      
200038d4  cons_512                      
200038d8  cons_5_12                     
200038dc  cons_w_L                      
200038e0  cons_iqref                    
200038e4  cons_idref                    
200038e8  cons_37_55                    
200038ec  cons_0_387                    
200038f0  cons_65535                    
200038f4  cons_u_k                      
200038f8  cons_u_b                      
200038fc  d_kp                          
20003900  d_ki                          
20003904  d_kd                          
20003908  q_kp                          
2000390c  q_ki                          
20003910  q_kd                          
20003914  vsi_kp                        
20003918  vsi_ki                        
2000391c  vsi_kd                        
20003920  adj                           
20003924  u_rms                         
20003928  i_rms                         
2000392c  paremeter_group_flag          
20003930  paremeter_choose_flag         
20003934  paremeter_flag                
20003938  a                             
2000393c  a_last                        
20003940  U_alpha_beta                  
20003948  I_alpha_beta                  
20003950  U_out_alpha_beta              
20003958  U_in_U                        
20003960  I_in_U                        
20003968  U_out_dq                      
20003970  theta                         
20003978  model_func_pointer            
20003980  paremeter                     
200039a4  udc_mean                      
200039d0  d_loop                        
20003a00  q_loop                        
20003a30  vsi_loop                      
20003a60  U_data                        
20003b30  I_data                        
20003c08  _lock                         
20003c0c  _unlock                       
20003c10  alpha_beta_L                  
20003c14  errno                         
ffffffff  __TI_pprof_out_hndl           
ffffffff  __TI_prof_data_size           
ffffffff  __TI_prof_data_start          
ffffffff  __binit__                     
ffffffff  __c_args__                    
ffffffff  binit                         
UNDEFED   __mpu_init                    
UNDEFED   _system_post_cinit            

[196 symbols]
