******************************************************************************
                  TI ARM Linker PC v20.2.5                     
******************************************************************************
>> Linked Sun May 14 13:46:41 2023

OUTPUT FILE NAME:   <single_phase_dq.out>
ENTRY POINT SYMBOL: "_c_int00_noargs"  address: 00003179


MEMORY CONFIGURATION

         name            origin    length      used     unused   attr    fill
----------------------  --------  ---------  --------  --------  ----  --------
  FLASH                 00000000   00040000  0000372e  0003c8d2  R  X
  SRAM                  20000000   00008000  00003c14  000043ec  RW X


SEGMENT ALLOCATION MAP

run origin  load origin   length   init length attrs members
----------  ----------- ---------- ----------- ----- -------
00000000    00000000    00003738   00003738    r-x
  00000000    00000000    0000026c   0000026c    r-- .intvecs
  0000026c    0000026c    000031b6   000031b6    r-x .text
  00003428    00003428    00000284   00000284    r-- .const
  000036b0    000036b0    00000088   00000088    r-- .cinit
20000000    20000000    00003c18   00000000    rw-
  20000000    20000000    0000026c   00000000    rw- .vtable
  20000270    20000270    00002000   00000000    rw- .stack
  20002270    20002270    00001000   00000000    rw- .sysmem
  20003270    20003270    000009a8   00000000    rw- .data


SECTION ALLOCATION MAP

 output                                  attributes/
section   page    origin      length       input sections
--------  ----  ----------  ----------   ----------------
.intvecs   0    00000000    0000026c     
                  00000000    0000026c     tm4c123gh6pz_startup_ccs.obj (.intvecs)

.text      0    0000026c    000031b6     
                  0000026c    00000d3f     main.obj (.text)
                  00000fab    00000001     --HOLE-- [fill = 0]
                  00000fac    00000800     IQmathLib.lib : IQtables.obj (.text:isqrt_table)
                  000017ac    00000408     LCD12864_rom_enable.obj (.text)
                  00001bb4    000001b6     rtsv7M4_T_le_v4SPD16_eabi.lib : fd_add_t2.asm.obj (.text)
                  00001d6a    00000002                                   : _lock.c.obj (.text:_nop)
                  00001d6c    000001a4     blue.obj (.text)
                  00001f10    0000016c     driverlib.lib : gpio.obj (.text:GPIOPadConfigSet)
                  0000207c    00000158     rtsv7M4_T_le_v4SPD16_eabi.lib : e_sqrt.c.obj (.text:sqrt)
                  000021d4    00000136                                   : fd_div_t2.asm.obj (.text)
                  0000230a    00000002     --HOLE-- [fill = 0]
                  0000230c    00000118     driverlib.lib : sysctl.obj (.text:SysCtlClockGet)
                  00002424    000000fc     rtsv7M4_T_le_v4SPD16_eabi.lib : fd_mul_t2.asm.obj (.text)
                  00002520    000000f4     driverlib.lib : sysctl.obj (.text:SysCtlClockSet)
                  00002614    000000f4     bus_fpga.obj (.text)
                  00002708    000000e4     IQ_TOOLS.obj (.text)
                  000027ec    000000e0     rtsv7M4_T_le_v4SPD16_eabi.lib : memory.c.obj (.text:free)
                  000028cc    000000bc     ADS8688_TIVA_FPGA.obj (.text)
                  00002988    0000009c     rtsv7M4_T_le_v4SPD16_eabi.lib : memcpy_t2.asm.obj (.text)
                  00002a24    00000090     IQmathLib.lib : IQNdiv.obj (.text:_IQ15div)
                  00002ab4    00000090                   : IQNdiv.obj (.text:_IQ20div)
                  00002b44    0000007a     rtsv7M4_T_le_v4SPD16_eabi.lib : memset_t2.asm.obj (.text)
                  00002bbe    0000006e                                   : fd_tos_t2.asm.obj (.text)
                  00002c2c    0000006c     IQmathLib.lib : IQNsqrt.obj (.text:_IQ20sqrt)
                  00002c98    00000068     driverlib.lib : flash.obj (.text:FlashProgram)
                  00002d00    00000068                   : interrupt.obj (.text:IntEnable)
                  00002d68    00000068     rtsv7M4_T_le_v4SPD16_eabi.lib : copy_decompress_lzss.c.obj (.text:decompress:lzss:__TI_decompress_lzss)
                  00002dd0    00000060     driverlib.lib : timer.obj (.text:TimerConfigure)
                  00002e30    0000004c                   : gpio.obj (.text:GPIOPinConfigure)
                  00002e7c    0000004c                   : timer.obj (.text:_TimerIntNumberGet)
                  00002ec8    00000048     rtsv7M4_T_le_v4SPD16_eabi.lib : fd_toi_t2.asm.obj (.text)
                  00002f10    00000046     driverlib.lib : uart.obj (.text:UARTConfigSetExpClk)
                  00002f56    00000002     --HOLE-- [fill = 0]
                  00002f58    00000044     rtsv7M4_T_le_v4SPD16_eabi.lib : autoinit.c.obj (.text:__TI_auto_init_nobinit_nopinit:__TI_auto_init_nobinit_nopinit)
                  00002f9c    00000044                                   : fd_tou_t2.asm.obj (.text)
                  00002fe0    00000040     Txiang_utools.obj (.text)
                  00003020    00000040     driverlib.lib : uart.obj (.text:_UARTIntNumberGet)
                  00003060    00000040     rtsv7M4_T_le_v4SPD16_eabi.lib : ll_tofd_t2.asm.obj (.text)
                  000030a0    00000038                                   : fs_tod_t2.asm.obj (.text)
                  000030d8    00000036                                   : ull_tofs_t2.asm.obj (.text)
                  0000310e    00000002     --HOLE-- [fill = 0]
                  00003110    00000034     driverlib.lib : interrupt.obj (.text:IntRegister)
                  00003144    00000034                   : sysctl.obj (.text:SysCtlPeripheralEnable)
                  00003178    00000034     rtsv7M4_T_le_v4SPD16_eabi.lib : boot_cortex_m.c.obj (.text:_c_int00_noargs:_c_int00_noargs)
                  000031ac    00000030     driverlib.lib : flash.obj (.text:FlashErase)
                  000031dc    0000002e     rtsv7M4_T_le_v4SPD16_eabi.lib : i_tofd_t2.asm.obj (.text)
                  0000320a    0000002c     driverlib.lib : gpio.obj (.text:GPIODirModeSet)
                  00003236    00000002     --HOLE-- [fill = 0]
                  00003238    00000028     rtsv7M4_T_le_v4SPD16_eabi.lib : memory.c.obj (.text:free_list_insert$14)
                  00003260    00000020     driverlib.lib : uart.obj (.text:UARTDisable)
                  00003280    00000020     rtsv7M4_T_le_v4SPD16_eabi.lib : u_tofd_t2.asm.obj (.text)
                  000032a0    0000001c                                   : copy_zero_init.c.obj (.text:decompress:ZI:__TI_zero_init_nomemset:__TI_zero_init_nomemset)
                  000032bc    0000001c                                   : memory.c.obj (.text:free_list_remove$14)
                  000032d8    00000018     driverlib.lib : timer.obj (.text:TimerIntRegister)
                  000032f0    00000018                   : uart.obj (.text:UARTIntRegister)
                  00003308    00000016                   : gpio.obj (.text:GPIOPinTypeUART)
                  0000331e    00000014                   : uart.obj (.text:UARTEnable)
                  00003332    00000012                   : timer.obj (.text:TimerLoadSet)
                  00003344    00000010                   : fpu.obj (.text:FPUEnable)
                  00003354    00000010                   : fpu.obj (.text:FPULazyStackingEnable)
                  00003364    00000010                   : interrupt.obj (.text:IntMasterEnable)
                  00003374    00000010     IQmathLib.lib : IQNmpy.obj (.text:_IQ20mpy)
                  00003384    0000000e     driverlib.lib : timer.obj (.text:TimerEnable)
                  00003392    0000000e                   : uart.obj (.text:UARTCharGetNonBlocking)
                  000033a0    0000000e                   : uart.obj (.text:UARTCharsAvail)
                  000033ae    0000000e     rtsv7M4_T_le_v4SPD16_eabi.lib : copy_decompress_none.c.obj (.text:decompress:none:__TI_decompress_none)
                  000033bc    0000000c     driverlib.lib : cpu.obj (.text:CPUcpsie)
                  000033c8    0000000c     tm4c123gh6pz_startup_ccs.obj (.text)
                  000033d4    0000000a     driverlib.lib : uart.obj (.text:UARTCharPut)
                  000033de    0000000a                   : uart.obj (.text:UARTFIFODisable)
                  000033e8    0000000a                   : uart.obj (.text:UARTIntStatus)
                  000033f2    00000008                   : timer.obj (.text:TimerIntEnable)
                  000033fa    00000008                   : uart.obj (.text:UARTIntEnable)
                  00003402    00000002     --HOLE-- [fill = 0]
                  00003404    00000008     rtsv7M4_T_le_v4SPD16_eabi.lib : errno.c.obj (.text:__aeabi_errno_addr)
                  0000340c    00000006     driverlib.lib : sysctl.obj (.text:SysCtlDelay)
                  00003412    00000004                   : timer.obj (.text:TimerIntClear)
                  00003416    00000004                   : uart.obj (.text:UARTIntClear)
                  0000341a    00000004     rtsv7M4_T_le_v4SPD16_eabi.lib : pre_init.c.obj (.text:_system_pre_init)
                  0000341e    00000004                                   : exit.c.obj (.text:abort:abort)

.const     0    00003428    00000284     
                  00003428    00000090     driverlib.lib : gpio.obj (.const:g_pui32GPIOBaseAddrs)
                  000034b8    0000006c                   : sysctl.obj (.const:g_pui32Xtals)
                  00003524    00000060                   : timer.obj (.const:g_ppui32TimerIntMap)
                  00003584    00000004     --HOLE-- [fill = 0]
                  00003588    00000050     LCD12864_rom_enable.obj (.const:$O1$$)
                  000035d8    00000040     driverlib.lib : timer.obj (.const:g_ppui32TimerIntMapSnowflake)
                  00003618    00000040                   : uart.obj (.const:g_ppui32UARTIntMap)
                  00003658    00000040                   : uart.obj (.const:g_ppui32UARTIntMapSnowflake)
                  00003698    00000014                   : interrupt.obj (.const:g_pui32EnRegs)

.cinit     0    000036b0    00000088     
                  000036b0    0000005e     (.cinit..data.load) [load image, compression = lzss]
                  0000370e    00000002     --HOLE-- [fill = 0]
                  00003710    0000000c     (__TI_handler_table)
                  0000371c    00000004     --HOLE-- [fill = 0]
                  00003720    00000008     (.cinit..vtable.load) [load image, compression = zero_init]
                  00003728    00000010     (__TI_cinit_table)

.init_array 
*          0    00000000    00000000     UNINITIALIZED

.vtable    0    20000000    0000026c     UNINITIALIZED
                  20000000    0000026c     driverlib.lib : interrupt.obj (.vtable)

.stack     0    20000270    00002000     UNINITIALIZED
                  20000270    00000004     rtsv7M4_T_le_v4SPD16_eabi.lib : boot_cortex_m.c.obj (.stack)
                  20000274    00001ffc     --HOLE--

.data      0    20003270    000009a8     UNINITIALIZED
                  20003270    00000614     blue.obj (.data:$O2$$)
                  20003884    0000037c     main.obj (.data:$O3$$)
                  20003c00    00000008     rtsv7M4_T_le_v4SPD16_eabi.lib : memory.c.obj (.data:$O6$$)
                  20003c08    00000008                                   : _lock.c.obj (.data:$O7$$)
                  20003c10    00000004     IQ_TOOLS.obj (.data)
                  20003c14    00000004     rtsv7M4_T_le_v4SPD16_eabi.lib : errno.c.obj (.data)

.sysmem    0    20002270    00001000     UNINITIALIZED
                  20002270    00000010     rtsv7M4_T_le_v4SPD16_eabi.lib : memory.c.obj (.sysmem)
                  20002280    00000ff0     --HOLE--

__llvm_prf_cnts 
*          0    20000000    00000000     UNINITIALIZED

MODULE SUMMARY

       Module                         code    ro data   rw data
       ------                         ----    -------   -------
    .\
       main.obj                       3391    0         892    
       blue.obj                       420     0         1556   
       LCD12864_rom_enable.obj        1032    80        0      
       tm4c123gh6pz_startup_ccs.obj   12      620       0      
       bus_fpga.obj                   244     0         0      
       IQ_TOOLS.obj                   228     0         4      
       ADS8688_TIVA_FPGA.obj          188     0         0      
       Txiang_utools.obj              64      0         0      
    +--+------------------------------+-------+---------+---------+
       Total:                         5579    700       2452   
                                                               
    ../IQmath/ccs/IQmathLib/Debug/IQmathLib.lib
       IQtables.obj                   0       2048      0      
       IQNdiv.obj                     288     0         0      
       IQNsqrt.obj                    108     0         0      
       IQNmpy.obj                     16      0         0      
    +--+------------------------------+-------+---------+---------+
       Total:                         412     2048      0      
                                                               
    C:/ti/TivaWare_C_Series-2.2.0.295/driverlib/ccs/Debug/driverlib.lib
       interrupt.obj                  172     20        620    
       sysctl.obj                     582     108       0      
       gpio.obj                       506     144       0      
       uart.obj                       280     128       0      
       timer.obj                      240     160       0      
       flash.obj                      152     0         0      
       fpu.obj                        32      0         0      
       cpu.obj                        12      0         0      
    +--+------------------------------+-------+---------+---------+
       Total:                         1976    560       620    
                                                               
    C:\ti\ccs1110\ccs\tools\compiler\ti-cgt-arm_20.2.5.LTS\lib\rtsv7M4_T_le_v4SPD16_eabi.lib
       fd_add_t2.asm.obj              438     0         0      
       e_sqrt.c.obj                   344     0         0      
       fd_div_t2.asm.obj              310     0         0      
       memory.c.obj                   292     0         8      
       fd_mul_t2.asm.obj              252     0         0      
       memcpy_t2.asm.obj              156     0         0      
       memset_t2.asm.obj              122     0         0      
       fd_tos_t2.asm.obj              110     0         0      
       copy_decompress_lzss.c.obj     104     0         0      
       fd_toi_t2.asm.obj              72      0         0      
       autoinit.c.obj                 68      0         0      
       fd_tou_t2.asm.obj              68      0         0      
       ll_tofd_t2.asm.obj             64      0         0      
       fs_tod_t2.asm.obj              56      0         0      
       ull_tofs_t2.asm.obj            54      0         0      
       boot_cortex_m.c.obj            52      0         0      
       i_tofd_t2.asm.obj              46      0         0      
       u_tofd_t2.asm.obj              32      0         0      
       copy_zero_init.c.obj           28      0         0      
       copy_decompress_none.c.obj     14      0         0      
       errno.c.obj                    8       0         4      
       _lock.c.obj                    2       0         8      
       exit.c.obj                     4       0         0      
       pre_init.c.obj                 4       0         0      
    +--+------------------------------+-------+---------+---------+
       Total:                         2700    0         20     
                                                               
       Heap:                          0       0         4096   
       Stack:                         0       0         8192   
       Linker Generated:              0       130       0      
    +--+------------------------------+-------+---------+---------+
       Grand Total:                   10667   3438      15380  


LINKER GENERATED COPY TABLES

__TI_cinit_table @ 00003728 records: 2, size/record: 8, table size: 16
	.data: load addr=000036b0, load size=0000005e bytes, run addr=20003270, run size=000009a8 bytes, compression=lzss
	.vtable: load addr=00003720, load size=00000008 bytes, run addr=20000000, run size=0000026c bytes, compression=zero_init


LINKER GENERATED HANDLER TABLE

__TI_handler_table @ 00003710 records: 3, size/record: 4, table size: 12
	index: 0, handler: __TI_zero_init
	index: 1, handler: __TI_decompress_lzss
	index: 2, handler: __TI_decompress_none


GLOBAL SYMBOLS: SORTED ALPHABETICALLY BY Name 

address   name                          
-------   ----                          
0000341f  C$$EXIT                       
000033bd  CPUcpsie                      
00001a6d  DispFloat5x8                  
000019f1  DispNumber5x8                 
000019b9  DispString5x8                 
00003345  FPUEnable                     
00003355  FPULazyStackingEnable         
000031ad  FlashErase                    
00002c99  FlashProgram                  
00001d6d  Float2Str                     
0000320b  GPIODirModeSet                
00001f11  GPIOPadConfigSet              
00002e31  GPIOPinConfigure              
00003309  GPIOPinTypeUART               
00002685  IORD                          
00002615  IOWR                          
20003948  I_alpha_beta                  
20003b30  I_data                        
20003960  I_in_U                        
200038bc  I_now                         
200038c4  I_pop                         
00002d01  IntEnable                     
00003365  IntMasterEnable               
00003111  IntRegister                   
00000305  PID                           
00002709  PID_Q_step                    
000027c7  PID_init_Q                    
000033c9  ResetISR                      
0000230d  SysCtlClockGet                
00002521  SysCtlClockSet                
0000340d  SysCtlDelay                   
00003145  SysCtlPeripheralEnable        
000003b7  Timer0IntHandler              
0000026d  Timer1AIntHandler             
00002dd1  TimerConfigure                
00003385  TimerEnable                   
00003413  TimerIntClear                 
000033f3  TimerIntEnable                
000032d9  TimerIntRegister              
00003333  TimerLoadSet                  
00001e51  UART1IntHandler               
00003393  UARTCharGetNonBlocking        
000033d5  UARTCharPut                   
000033a1  UARTCharsAvail                
00002f11  UARTConfigSetExpClk           
00003261  UARTDisable                   
0000331f  UARTEnable                    
000033df  UARTFIFODisable               
00003417  UARTIntClear                  
000033fb  UARTIntEnable                 
000032f1  UARTIntRegister               
000033e9  UARTIntStatus                 
20003940  U_alpha_beta                  
20003a60  U_data                        
20003958  U_in_U                        
200038b8  U_now                         
20003950  U_out_alpha_beta              
20003968  U_out_dq                      
200038c0  U_pop                         
00002a25  _IQ15div                      
00002ab5  _IQ20div                      
00003375  _IQ20mpy                      
00002c2d  _IQ20sqrt                     
20002270  __STACK_END                   
00002000  __STACK_SIZE                  
20000470  __STACK_TOP                   
00001000  __SYSMEM_SIZE                 
00003728  __TI_CINIT_Base               
00003738  __TI_CINIT_Limit              
00003710  __TI_Handler_Table_Base       
0000371c  __TI_Handler_Table_Limit      
00002f59  __TI_auto_init_nobinit_nopinit
00002d69  __TI_decompress_lzss          
000033af  __TI_decompress_none          
ffffffff  __TI_pprof_out_hndl           
ffffffff  __TI_prof_data_size           
ffffffff  __TI_prof_data_start          
00000000  __TI_static_base__            
000032a1  __TI_zero_init_nomemset       
00002bbf  __aeabi_d2f                   
00002ec9  __aeabi_d2iz                  
00002f9d  __aeabi_d2uiz                 
00001bbf  __aeabi_dadd                  
000021d5  __aeabi_ddiv                  
00002425  __aeabi_dmul                  
00001bb5  __aeabi_dsub                  
00003405  __aeabi_errno_addr            
000030a1  __aeabi_f2d                   
000031dd  __aeabi_i2d                   
00003061  __aeabi_l2d                   
00002b45  __aeabi_memclr                
00002b45  __aeabi_memclr4               
00002b45  __aeabi_memclr8               
00002989  __aeabi_memcpy                
00002989  __aeabi_memcpy4               
00002989  __aeabi_memcpy8               
00002b47  __aeabi_memset                
00002b47  __aeabi_memset4               
00002b47  __aeabi_memset8               
00003281  __aeabi_ui2d                  
000030d9  __aeabi_ul2f                  
ffffffff  __binit__                     
ffffffff  __c_args__                    
UNDEFED   __mpu_init                    
20000270  __stack                       
20000000  __start___llvm_prf_cnts       
20000000  __stop___llvm_prf_cnts        
00003179  _c_int00_noargs               
20003c08  _lock                         
00001d6b  _nop                          
20002270  _sys_memory                   
UNDEFED   _system_post_cinit            
0000341b  _system_pre_init              
20003c0c  _unlock                       
20003938  a                             
2000393c  a_last                        
0000341f  abort                         
20003920  adj                           
20003c10  alpha_beta_L                  
ffffffff  binit                         
20003284  buffer1                       
20003484  buffer2                       
20003684  buffer3                       
200038a0  ch1                           
200038a4  ch4                           
200038a8  ch5                           
20003270  charget                       
200038ec  cons_0_387                    
200038d0  cons_100                      
200038c8  cons_10_24                    
200038e8  cons_37_55                    
200038d4  cons_512                      
200038cc  cons_56_32                    
200038d8  cons_5_12                     
200038f0  cons_65535                    
200038e4  cons_idref                    
200038e0  cons_iqref                    
200038f8  cons_u_b                      
200038f4  cons_u_k                      
200038dc  cons_w_L                      
20003904  d_kd                          
20003900  d_ki                          
200038fc  d_kp                          
200039d0  d_loop                        
000003d1  doADC                         
00002743  dq2alpha_beta                 
20003c14  errno                         
000027ed  free                          
20000000  g_pfnRAMVectors               
00000000  g_pfnVectors                  
000028cd  getVoltageRMS                 
00001957  get_and_write_5x8             
20003928  i_rms                         
20003898  idref                         
2000389c  iqref                         
00000fac  isqrt_table                   
20003884  keydat                        
000017ad  lcd_write_com                 
00001827  lcd_write_data                
00003588  linetab                       
00000561  main                          
00002989  memcpy                        
00002b4d  memset                        
20003888  mode_flag                     
20003978  model_func_pointer            
20003274  monitorData1                  
20003278  monitorData2                  
2000327c  monitorData3                  
20003280  monitorData4                  
00003590  numtab                        
20003980  paremeter                     
20003930  paremeter_choose_flag         
20003934  paremeter_flag                
2000392c  paremeter_group_flag          
00001e49  printCharFVT                  
00001e33  printStringFVT                
2000388c  protect_flag                  
20003910  q_kd                          
2000390c  q_ki                          
20003908  q_kp                          
20003a00  q_loop                        
00002789  queue_pop                     
000027a7  queue_push                    
000004f1  rest                          
0000207d  sqrt                          
0000207d  sqrtl                         
20003970  theta                         
20003890  time_flag                     
200038b4  u_out_final                   
20003924  u_rms                         
200038b0  ubus_s                        
20003894  ubus_set                      
200038ac  udc                           
200039a4  udc_mean                      
2000391c  vsi_kd                        
20003918  vsi_ki                        
20003914  vsi_kp                        
20003a30  vsi_loop                      
00002fe1  write_float_to_flash          


GLOBAL SYMBOLS: SORTED BY Symbol Address 

address   name                          
-------   ----                          
00000000  __TI_static_base__            
00000000  g_pfnVectors                  
0000026d  Timer1AIntHandler             
00000305  PID                           
000003b7  Timer0IntHandler              
000003d1  doADC                         
000004f1  rest                          
00000561  main                          
00000fac  isqrt_table                   
00001000  __SYSMEM_SIZE                 
000017ad  lcd_write_com                 
00001827  lcd_write_data                
00001957  get_and_write_5x8             
000019b9  DispString5x8                 
000019f1  DispNumber5x8                 
00001a6d  DispFloat5x8                  
00001bb5  __aeabi_dsub                  
00001bbf  __aeabi_dadd                  
00001d6b  _nop                          
00001d6d  Float2Str                     
00001e33  printStringFVT                
00001e49  printCharFVT                  
00001e51  UART1IntHandler               
00001f11  GPIOPadConfigSet              
00002000  __STACK_SIZE                  
0000207d  sqrt                          
0000207d  sqrtl                         
000021d5  __aeabi_ddiv                  
0000230d  SysCtlClockGet                
00002425  __aeabi_dmul                  
00002521  SysCtlClockSet                
00002615  IOWR                          
00002685  IORD                          
00002709  PID_Q_step                    
00002743  dq2alpha_beta                 
00002789  queue_pop                     
000027a7  queue_push                    
000027c7  PID_init_Q                    
000027ed  free                          
000028cd  getVoltageRMS                 
00002989  __aeabi_memcpy                
00002989  __aeabi_memcpy4               
00002989  __aeabi_memcpy8               
00002989  memcpy                        
00002a25  _IQ15div                      
00002ab5  _IQ20div                      
00002b45  __aeabi_memclr                
00002b45  __aeabi_memclr4               
00002b45  __aeabi_memclr8               
00002b47  __aeabi_memset                
00002b47  __aeabi_memset4               
00002b47  __aeabi_memset8               
00002b4d  memset                        
00002bbf  __aeabi_d2f                   
00002c2d  _IQ20sqrt                     
00002c99  FlashProgram                  
00002d01  IntEnable                     
00002d69  __TI_decompress_lzss          
00002dd1  TimerConfigure                
00002e31  GPIOPinConfigure              
00002ec9  __aeabi_d2iz                  
00002f11  UARTConfigSetExpClk           
00002f59  __TI_auto_init_nobinit_nopinit
00002f9d  __aeabi_d2uiz                 
00002fe1  write_float_to_flash          
00003061  __aeabi_l2d                   
000030a1  __aeabi_f2d                   
000030d9  __aeabi_ul2f                  
00003111  IntRegister                   
00003145  SysCtlPeripheralEnable        
00003179  _c_int00_noargs               
000031ad  FlashErase                    
000031dd  __aeabi_i2d                   
0000320b  GPIODirModeSet                
00003261  UARTDisable                   
00003281  __aeabi_ui2d                  
000032a1  __TI_zero_init_nomemset       
000032d9  TimerIntRegister              
000032f1  UARTIntRegister               
00003309  GPIOPinTypeUART               
0000331f  UARTEnable                    
00003333  TimerLoadSet                  
00003345  FPUEnable                     
00003355  FPULazyStackingEnable         
00003365  IntMasterEnable               
00003375  _IQ20mpy                      
00003385  TimerEnable                   
00003393  UARTCharGetNonBlocking        
000033a1  UARTCharsAvail                
000033af  __TI_decompress_none          
000033bd  CPUcpsie                      
000033c9  ResetISR                      
000033d5  UARTCharPut                   
000033df  UARTFIFODisable               
000033e9  UARTIntStatus                 
000033f3  TimerIntEnable                
000033fb  UARTIntEnable                 
00003405  __aeabi_errno_addr            
0000340d  SysCtlDelay                   
00003413  TimerIntClear                 
00003417  UARTIntClear                  
0000341b  _system_pre_init              
0000341f  C$$EXIT                       
0000341f  abort                         
00003588  linetab                       
00003590  numtab                        
00003710  __TI_Handler_Table_Base       
0000371c  __TI_Handler_Table_Limit      
00003728  __TI_CINIT_Base               
00003738  __TI_CINIT_Limit              
20000000  __start___llvm_prf_cnts       
20000000  __stop___llvm_prf_cnts        
20000000  g_pfnRAMVectors               
20000270  __stack                       
20000470  __STACK_TOP                   
20002270  __STACK_END                   
20002270  _sys_memory                   
20003270  charget                       
20003274  monitorData1                  
20003278  monitorData2                  
2000327c  monitorData3                  
20003280  monitorData4                  
20003284  buffer1                       
20003484  buffer2                       
20003684  buffer3                       
20003884  keydat                        
20003888  mode_flag                     
2000388c  protect_flag                  
20003890  time_flag                     
20003894  ubus_set                      
20003898  idref                         
2000389c  iqref                         
200038a0  ch1                           
200038a4  ch4                           
200038a8  ch5                           
200038ac  udc                           
200038b0  ubus_s                        
200038b4  u_out_final                   
200038b8  U_now                         
200038bc  I_now                         
200038c0  U_pop                         
200038c4  I_pop                         
200038c8  cons_10_24                    
200038cc  cons_56_32                    
200038d0  cons_100                      
200038d4  cons_512                      
200038d8  cons_5_12                     
200038dc  cons_w_L                      
200038e0  cons_iqref                    
200038e4  cons_idref                    
200038e8  cons_37_55                    
200038ec  cons_0_387                    
200038f0  cons_65535                    
200038f4  cons_u_k                      
200038f8  cons_u_b                      
200038fc  d_kp                          
20003900  d_ki                          
20003904  d_kd                          
20003908  q_kp                          
2000390c  q_ki                          
20003910  q_kd                          
20003914  vsi_kp                        
20003918  vsi_ki                        
2000391c  vsi_kd                        
20003920  adj                           
20003924  u_rms                         
20003928  i_rms                         
2000392c  paremeter_group_flag          
20003930  paremeter_choose_flag         
20003934  paremeter_flag                
20003938  a                             
2000393c  a_last                        
20003940  U_alpha_beta                  
20003948  I_alpha_beta                  
20003950  U_out_alpha_beta              
20003958  U_in_U                        
20003960  I_in_U                        
20003968  U_out_dq                      
20003970  theta                         
20003978  model_func_pointer            
20003980  paremeter                     
200039a4  udc_mean                      
200039d0  d_loop                        
20003a00  q_loop                        
20003a30  vsi_loop                      
20003a60  U_data                        
20003b30  I_data                        
20003c08  _lock                         
20003c0c  _unlock                       
20003c10  alpha_beta_L                  
20003c14  errno                         
ffffffff  __TI_pprof_out_hndl           
ffffffff  __TI_prof_data_size           
ffffffff  __TI_prof_data_start          
ffffffff  __binit__                     
ffffffff  __c_args__                    
ffffffff  binit                         
UNDEFED   __mpu_init                    
UNDEFED   _system_post_cinit            

[199 symbols]
