******************************************************************************
                  TI ARM Linker PC v20.2.5                     
******************************************************************************
>> Linked Sun May 14 13:46:48 2023

OUTPUT FILE NAME:   <single_phase_dq.out>
ENTRY POINT SYMBOL: "_c_int00_noargs"  address: 0000349d


MEMORY CONFIGURATION

         name            origin    length      used     unused   attr    fill
----------------------  --------  ---------  --------  --------  ----  --------
  FLASH                 00000000   00040000  00003a12  0003c5ee  R  X
  SRAM                  20000000   00008000  00003c14  000043ec  RW X


SEGMENT ALLOCATION MAP

run origin  load origin   length   init length attrs members
----------  ----------- ---------- ----------- ----- -------
00000000    00000000    00003a20   00003a20    r-x
  00000000    00000000    0000026c   0000026c    r-- .intvecs
  00000270    00000270    0000349a   0000349a    r-x .text
  00003710    00003710    00000284   00000284    r-- .const
  00003998    00003998    00000088   00000088    r-- .cinit
20000000    20000000    00003c18   00000000    rw-
  20000000    20000000    0000026c   00000000    rw- .vtable
  20000270    20000270    00002000   00000000    rw- .stack
  20002270    20002270    00001000   00000000    rw- .sysmem
  20003270    20003270    000009a8   00000000    rw- .data


SECTION ALLOCATION MAP

 output                                  attributes/
section   page    origin      length       input sections
--------  ----  ----------  ----------   ----------------
.intvecs   0    00000000    0000026c     
                  00000000    0000026c     tm4c123gh6pz_startup_ccs.obj (.intvecs)

.text      0    00000270    0000349a     
                  00000270    00000e6f     main.obj (.text)
                  000010df    00000001     --HOLE-- [fill = 0]
                  000010e0    00000800     IQmathLib.lib : IQtables.obj (.text:isqrt_table)
                  000018e0    00000464     LCD12864_rom_enable.obj (.text)
                  00001d44    00000004     driverlib.lib : timer.obj (.text:TimerIntClear)
                  00001d48    00000324     blue.obj (.text)
                  0000206c    000001b6     rtsv7M4_T_le_v4SPD16_eabi.lib : fd_add_t2.asm.obj (.text)
                  00002222    00000002                                   : _lock.c.obj (.text:_nop)
                  00002224    0000016c     driverlib.lib : gpio.obj (.text:GPIOPadConfigSet)
                  00002390    00000158     rtsv7M4_T_le_v4SPD16_eabi.lib : e_sqrt.c.obj (.text:sqrt)
                  000024e8    00000136                                   : fd_div_t2.asm.obj (.text)
                  0000261e    00000002     --HOLE-- [fill = 0]
                  00002620    00000120                                   : memory.c.obj (.text:free)
                  00002740    00000118     driverlib.lib : sysctl.obj (.text:SysCtlClockGet)
                  00002858    00000114     bus_fpga.obj (.text)
                  0000296c    000000fc     rtsv7M4_T_le_v4SPD16_eabi.lib : fd_mul_t2.asm.obj (.text)
                  00002a68    000000f4     driverlib.lib : sysctl.obj (.text:SysCtlClockSet)
                  00002b5c    00000004                   : uart.obj (.text:UARTIntClear)
                  00002b60    000000bc     ADS8688_TIVA_FPGA.obj (.text)
                  00002c1c    0000009c     rtsv7M4_T_le_v4SPD16_eabi.lib : memcpy_t2.asm.obj (.text)
                  00002cb8    00000090     IQmathLib.lib : IQNdiv.obj (.text:_IQ15div)
                  00002d48    00000090                   : IQNdiv.obj (.text:_IQ20div)
                  00002dd8    0000008c     IQ_TOOLS.obj (.text)
                  00002e64    0000007a     rtsv7M4_T_le_v4SPD16_eabi.lib : memset_t2.asm.obj (.text)
                  00002ede    0000006e                                   : fd_tos_t2.asm.obj (.text)
                  00002f4c    0000006c     IQmathLib.lib : IQNsqrt.obj (.text:_IQ20sqrt)
                  00002fb8    00000068     driverlib.lib : flash.obj (.text:FlashProgram)
                  00003020    00000068                   : interrupt.obj (.text:IntEnable)
                  00003088    00000068     rtsv7M4_T_le_v4SPD16_eabi.lib : copy_decompress_lzss.c.obj (.text:decompress:lzss:__TI_decompress_lzss)
                  000030f0    00000060     driverlib.lib : timer.obj (.text:TimerConfigure)
                  00003150    0000004c                   : gpio.obj (.text:GPIOPinConfigure)
                  0000319c    0000004c                   : timer.obj (.text:_TimerIntNumberGet)
                  000031e8    00000048     rtsv7M4_T_le_v4SPD16_eabi.lib : fd_toi_t2.asm.obj (.text)
                  00003230    00000046     driverlib.lib : uart.obj (.text:UARTConfigSetExpClk)
                  00003276    00000002     --HOLE-- [fill = 0]
                  00003278    00000044     Txiang_utools.obj (.text)
                  000032bc    00000044     rtsv7M4_T_le_v4SPD16_eabi.lib : autoinit.c.obj (.text:__TI_auto_init_nobinit_nopinit:__TI_auto_init_nobinit_nopinit)
                  00003300    00000044                                   : fd_tou_t2.asm.obj (.text)
                  00003344    00000040     driverlib.lib : uart.obj (.text:_UARTIntNumberGet)
                  00003384    00000040     rtsv7M4_T_le_v4SPD16_eabi.lib : ll_tofd_t2.asm.obj (.text)
                  000033c4    00000038                                   : fs_tod_t2.asm.obj (.text)
                  000033fc    00000036                                   : ull_tofs_t2.asm.obj (.text)
                  00003432    00000002     --HOLE-- [fill = 0]
                  00003434    00000034     driverlib.lib : interrupt.obj (.text:IntRegister)
                  00003468    00000034                   : sysctl.obj (.text:SysCtlPeripheralEnable)
                  0000349c    00000034     rtsv7M4_T_le_v4SPD16_eabi.lib : boot_cortex_m.c.obj (.text:_c_int00_noargs:_c_int00_noargs)
                  000034d0    00000030     driverlib.lib : flash.obj (.text:FlashErase)
                  00003500    0000002e     rtsv7M4_T_le_v4SPD16_eabi.lib : i_tofd_t2.asm.obj (.text)
                  0000352e    0000002c     driverlib.lib : gpio.obj (.text:GPIODirModeSet)
                  0000355a    00000002     --HOLE-- [fill = 0]
                  0000355c    00000020                   : uart.obj (.text:UARTDisable)
                  0000357c    00000020     rtsv7M4_T_le_v4SPD16_eabi.lib : u_tofd_t2.asm.obj (.text)
                  0000359c    0000001c                                   : copy_zero_init.c.obj (.text:decompress:ZI:__TI_zero_init_nomemset:__TI_zero_init_nomemset)
                  000035b8    0000001a     tm4c123gh6pz_startup_ccs.obj (.text)
                  000035d2    00000018     driverlib.lib : timer.obj (.text:TimerIntRegister)
                  000035ea    00000018                   : uart.obj (.text:UARTIntRegister)
                  00003602    00000016                   : gpio.obj (.text:GPIOPinTypeUART)
                  00003618    00000014                   : uart.obj (.text:UARTEnable)
                  0000362c    00000012                   : timer.obj (.text:TimerLoadSet)
                  0000363e    00000002     --HOLE-- [fill = 0]
                  00003640    00000010                   : fpu.obj (.text:FPUEnable)
                  00003650    00000010                   : fpu.obj (.text:FPULazyStackingEnable)
                  00003660    00000010                   : interrupt.obj (.text:IntMasterEnable)
                  00003670    00000010     IQmathLib.lib : IQNmpy.obj (.text:_IQ20mpy)
                  00003680    0000000e     driverlib.lib : timer.obj (.text:TimerEnable)
                  0000368e    0000000e                   : uart.obj (.text:UARTCharGetNonBlocking)
                  0000369c    0000000e                   : uart.obj (.text:UARTCharsAvail)
                  000036aa    0000000e     rtsv7M4_T_le_v4SPD16_eabi.lib : copy_decompress_none.c.obj (.text:decompress:none:__TI_decompress_none)
                  000036b8    0000000c     driverlib.lib : cpu.obj (.text:CPUcpsie)
                  000036c4    0000000a                   : uart.obj (.text:UARTCharPut)
                  000036ce    0000000a                   : uart.obj (.text:UARTFIFODisable)
                  000036d8    0000000a                   : uart.obj (.text:UARTIntStatus)
                  000036e2    00000008                   : timer.obj (.text:TimerIntEnable)
                  000036ea    00000008                   : uart.obj (.text:UARTIntEnable)
                  000036f2    00000002     --HOLE-- [fill = 0]
                  000036f4    00000008     rtsv7M4_T_le_v4SPD16_eabi.lib : errno.c.obj (.text:__aeabi_errno_addr)
                  000036fc    00000006     driverlib.lib : sysctl.obj (.text:SysCtlDelay)
                  00003702    00000004     rtsv7M4_T_le_v4SPD16_eabi.lib : pre_init.c.obj (.text:_system_pre_init)
                  00003706    00000004                                   : exit.c.obj (.text:abort:abort)

.const     0    00003710    00000284     
                  00003710    00000090     driverlib.lib : gpio.obj (.const:g_pui32GPIOBaseAddrs)
                  000037a0    0000006c                   : sysctl.obj (.const:g_pui32Xtals)
                  0000380c    00000060                   : timer.obj (.const:g_ppui32TimerIntMap)
                  0000386c    00000004     --HOLE-- [fill = 0]
                  00003870    00000050     LCD12864_rom_enable.obj (.const:$O1$$)
                  000038c0    00000040     driverlib.lib : timer.obj (.const:g_ppui32TimerIntMapSnowflake)
                  00003900    00000040                   : uart.obj (.const:g_ppui32UARTIntMap)
                  00003940    00000040                   : uart.obj (.const:g_ppui32UARTIntMapSnowflake)
                  00003980    00000014                   : interrupt.obj (.const:g_pui32EnRegs)

.cinit     0    00003998    00000088     
                  00003998    0000005e     (.cinit..data.load) [load image, compression = lzss]
                  000039f6    00000002     --HOLE-- [fill = 0]
                  000039f8    0000000c     (__TI_handler_table)
                  00003a04    00000004     --HOLE-- [fill = 0]
                  00003a08    00000008     (.cinit..vtable.load) [load image, compression = zero_init]
                  00003a10    00000010     (__TI_cinit_table)

.init_array 
*          0    00000000    00000000     UNINITIALIZED

.vtable    0    20000000    0000026c     UNINITIALIZED
                  20000000    0000026c     driverlib.lib : interrupt.obj (.vtable)

.stack     0    20000270    00002000     UNINITIALIZED
                  20000270    00000004     rtsv7M4_T_le_v4SPD16_eabi.lib : boot_cortex_m.c.obj (.stack)
                  20000274    00001ffc     --HOLE--

.data      0    20003270    000009a8     UNINITIALIZED
                  20003270    00000614     blue.obj (.data:$O2$$)
                  20003884    0000037c     main.obj (.data:$O3$$)
                  20003c00    00000008     rtsv7M4_T_le_v4SPD16_eabi.lib : memory.c.obj (.data:$O6$$)
                  20003c08    00000008                                   : _lock.c.obj (.data:$O7$$)
                  20003c10    00000004     IQ_TOOLS.obj (.data)
                  20003c14    00000004     rtsv7M4_T_le_v4SPD16_eabi.lib : errno.c.obj (.data)

.sysmem    0    20002270    00001000     UNINITIALIZED
                  20002270    00000010     rtsv7M4_T_le_v4SPD16_eabi.lib : memory.c.obj (.sysmem)
                  20002280    00000ff0     --HOLE--

__llvm_prf_cnts 
*          0    20000000    00000000     UNINITIALIZED

MODULE SUMMARY

       Module                         code    ro data   rw data
       ------                         ----    -------   -------
    .\
       main.obj                       3695    0         892    
       blue.obj                       804     0         1556   
       LCD12864_rom_enable.obj        1124    80        0      
       tm4c123gh6pz_startup_ccs.obj   26      620       0      
       bus_fpga.obj                   276     0         0      
       ADS8688_TIVA_FPGA.obj          188     0         0      
       IQ_TOOLS.obj                   140     0         4      
       Txiang_utools.obj              68      0         0      
    +--+------------------------------+-------+---------+---------+
       Total:                         6321    700       2452   
                                                               
    ../IQmath/ccs/IQmathLib/Debug/IQmathLib.lib
       IQtables.obj                   0       2048      0      
       IQNdiv.obj                     288     0         0      
       IQNsqrt.obj                    108     0         0      
       IQNmpy.obj                     16      0         0      
    +--+------------------------------+-------+---------+---------+
       Total:                         412     2048      0      
                                                               
    C:/ti/TivaWare_C_Series-2.2.0.295/driverlib/ccs/Debug/driverlib.lib
       interrupt.obj                  172     20        620    
       sysctl.obj                     582     108       0      
       gpio.obj                       506     144       0      
       uart.obj                       280     128       0      
       timer.obj                      240     160       0      
       flash.obj                      152     0         0      
       fpu.obj                        32      0         0      
       cpu.obj                        12      0         0      
    +--+------------------------------+-------+---------+---------+
       Total:                         1976    560       620    
                                                               
    C:\ti\ccs1110\ccs\tools\compiler\ti-cgt-arm_20.2.5.LTS\lib\rtsv7M4_T_le_v4SPD16_eabi.lib
       fd_add_t2.asm.obj              438     0         0      
       e_sqrt.c.obj                   344     0         0      
       fd_div_t2.asm.obj              310     0         0      
       memory.c.obj                   288     0         8      
       fd_mul_t2.asm.obj              252     0         0      
       memcpy_t2.asm.obj              156     0         0      
       memset_t2.asm.obj              122     0         0      
       fd_tos_t2.asm.obj              110     0         0      
       copy_decompress_lzss.c.obj     104     0         0      
       fd_toi_t2.asm.obj              72      0         0      
       autoinit.c.obj                 68      0         0      
       fd_tou_t2.asm.obj              68      0         0      
       ll_tofd_t2.asm.obj             64      0         0      
       fs_tod_t2.asm.obj              56      0         0      
       ull_tofs_t2.asm.obj            54      0         0      
       boot_cortex_m.c.obj            52      0         0      
       i_tofd_t2.asm.obj              46      0         0      
       u_tofd_t2.asm.obj              32      0         0      
       copy_zero_init.c.obj           28      0         0      
       copy_decompress_none.c.obj     14      0         0      
       errno.c.obj                    8       0         4      
       _lock.c.obj                    2       0         8      
       exit.c.obj                     4       0         0      
       pre_init.c.obj                 4       0         0      
    +--+------------------------------+-------+---------+---------+
       Total:                         2696    0         20     
                                                               
       Heap:                          0       0         4096   
       Stack:                         0       0         8192   
       Linker Generated:              0       130       0      
    +--+------------------------------+-------+---------+---------+
       Grand Total:                   11405   3438      15380  


LINKER GENERATED COPY TABLES

__TI_cinit_table @ 00003a10 records: 2, size/record: 8, table size: 16
	.data: load addr=00003998, load size=0000005e bytes, run addr=20003270, run size=000009a8 bytes, compression=lzss
	.vtable: load addr=00003a08, load size=00000008 bytes, run addr=20000000, run size=0000026c bytes, compression=zero_init


LINKER GENERATED HANDLER TABLE

__TI_handler_table @ 000039f8 records: 3, size/record: 4, table size: 12
	index: 0, handler: __TI_zero_init
	index: 1, handler: __TI_decompress_lzss
	index: 2, handler: __TI_decompress_none


GLOBAL SYMBOLS: SORTED ALPHABETICALLY BY Name 

address   name                          
-------   ----                          
00003707  C$$EXIT                       
000036b9  CPUcpsie                      
00001c01  DispFloat5x8                  
00001b81  DispNumber5x8                 
00001b41  DispString5x8                 
00003641  FPUEnable                     
00003651  FPULazyStackingEnable         
000034d1  FlashErase                    
00002fb9  FlashProgram                  
0000352f  GPIODirModeSet                
00002225  GPIOPadConfigSet              
00003151  GPIOPinConfigure              
00003603  GPIOPinTypeUART               
000028d9  IORD                          
00002859  IOWR                          
20003948  I_alpha_beta                  
20003b30  I_data                        
20003960  I_in_U                        
200038bc  I_now                         
200038c4  I_pop                         
00003021  IntEnable                     
00003661  IntMasterEnable               
00003435  IntRegister                   
00000311  PID                           
00002dd9  PID_Q_step                    
000035b9  ResetISR                      
00002741  SysCtlClockGet                
00002a69  SysCtlClockSet                
000036fd  SysCtlDelay                   
00003469  SysCtlPeripheralEnable        
000003c9  Timer0IntHandler              
00000271  Timer1AIntHandler             
000030f1  TimerConfigure                
00003681  TimerEnable                   
00001d45  TimerIntClear                 
000036e3  TimerIntEnable                
000035d3  TimerIntRegister              
0000362d  TimerLoadSet                  
00001d69  UART1IntHandler               
0000368f  UARTCharGetNonBlocking        
000036c5  UARTCharPut                   
0000369d  UARTCharsAvail                
00003231  UARTConfigSetExpClk           
0000355d  UARTDisable                   
00003619  UARTEnable                    
000036cf  UARTFIFODisable               
00002b5d  UARTIntClear                  
000036eb  UARTIntEnable                 
000035eb  UARTIntRegister               
000036d9  UARTIntStatus                 
20003940  U_alpha_beta                  
20003a60  U_data                        
20003958  U_in_U                        
200038b8  U_now                         
20003950  U_out_alpha_beta              
20003968  U_out_dq                      
200038c0  U_pop                         
00002cb9  _IQ15div                      
00002d49  _IQ20div                      
00003671  _IQ20mpy                      
00002f4d  _IQ20sqrt                     
20002270  __STACK_END                   
00002000  __STACK_SIZE                  
20000470  __STACK_TOP                   
00001000  __SYSMEM_SIZE                 
00003a10  __TI_CINIT_Base               
00003a20  __TI_CINIT_Limit              
000039f8  __TI_Handler_Table_Base       
00003a04  __TI_Handler_Table_Limit      
000032bd  __TI_auto_init_nobinit_nopinit
00003089  __TI_decompress_lzss          
000036ab  __TI_decompress_none          
ffffffff  __TI_pprof_out_hndl           
ffffffff  __TI_prof_data_size           
ffffffff  __TI_prof_data_start          
00000000  __TI_static_base__            
0000359d  __TI_zero_init_nomemset       
00002edf  __aeabi_d2f                   
000031e9  __aeabi_d2iz                  
00003301  __aeabi_d2uiz                 
00002077  __aeabi_dadd                  
000024e9  __aeabi_ddiv                  
0000296d  __aeabi_dmul                  
0000206d  __aeabi_dsub                  
000036f5  __aeabi_errno_addr            
000033c5  __aeabi_f2d                   
00003501  __aeabi_i2d                   
00003385  __aeabi_l2d                   
00002e65  __aeabi_memclr                
00002e65  __aeabi_memclr4               
00002e65  __aeabi_memclr8               
00002c1d  __aeabi_memcpy                
00002c1d  __aeabi_memcpy4               
00002c1d  __aeabi_memcpy8               
00002e67  __aeabi_memset                
00002e67  __aeabi_memset4               
00002e67  __aeabi_memset8               
0000357d  __aeabi_ui2d                  
000033fd  __aeabi_ul2f                  
ffffffff  __binit__                     
ffffffff  __c_args__                    
UNDEFED   __mpu_init                    
20000270  __stack                       
20000000  __start___llvm_prf_cnts       
20000000  __stop___llvm_prf_cnts        
0000349d  _c_int00_noargs               
20003c08  _lock                         
00002223  _nop                          
20002270  _sys_memory                   
UNDEFED   _system_post_cinit            
00003703  _system_pre_init              
20003c0c  _unlock                       
20003938  a                             
2000393c  a_last                        
00003707  abort                         
20003920  adj                           
20003c10  alpha_beta_L                  
ffffffff  binit                         
20003284  buffer1                       
20003484  buffer2                       
20003684  buffer3                       
200038a0  ch1                           
200038a4  ch4                           
200038a8  ch5                           
20003270  charget                       
200038ec  cons_0_387                    
200038d0  cons_100                      
200038c8  cons_10_24                    
200038e8  cons_37_55                    
200038d4  cons_512                      
200038cc  cons_56_32                    
200038d8  cons_5_12                     
200038f0  cons_65535                    
200038e4  cons_idref                    
200038e0  cons_iqref                    
200038f8  cons_u_b                      
200038f4  cons_u_k                      
200038dc  cons_w_L                      
20003904  d_kd                          
20003900  d_ki                          
200038fc  d_kp                          
200039d0  d_loop                        
000003e9  doADC                         
00002e19  dq2alpha_beta                 
20003c14  errno                         
00002621  free                          
20000000  g_pfnRAMVectors               
00000000  g_pfnVectors                  
00002b61  getVoltageRMS                 
00001ad9  get_and_write_5x8             
20003928  i_rms                         
20003898  idref                         
2000389c  iqref                         
000010e0  isqrt_table                   
20003884  keydat                        
000018e1  lcd_write_com                 
00001971  lcd_write_data                
00003870  linetab                       
000005c1  main                          
00002c1d  memcpy                        
00002e6d  memset                        
20003888  mode_flag                     
20003978  model_func_pointer            
20003274  monitorData1                  
20003278  monitorData2                  
2000327c  monitorData3                  
20003280  monitorData4                  
00003878  numtab                        
20003980  paremeter                     
20003930  paremeter_choose_flag         
20003934  paremeter_flag                
2000392c  paremeter_group_flag          
00001d61  printCharFVT                  
00001d49  printStringFVT                
2000388c  protect_flag                  
20003910  q_kd                          
2000390c  q_ki                          
20003908  q_kp                          
20003a00  q_loop                        
00000551  rest                          
00002391  sqrt                          
00002391  sqrtl                         
20003970  theta                         
20003890  time_flag                     
200038b4  u_out_final                   
20003924  u_rms                         
200038b0  ubus_s                        
20003894  ubus_set                      
200038ac  udc                           
200039a4  udc_mean                      
2000391c  vsi_kd                        
20003918  vsi_ki                        
20003914  vsi_kp                        
20003a30  vsi_loop                      
00003279  write_float_to_flash          


GLOBAL SYMBOLS: SORTED BY Symbol Address 

address   name                          
-------   ----                          
00000000  __TI_static_base__            
00000000  g_pfnVectors                  
00000271  Timer1AIntHandler             
00000311  PID                           
000003c9  Timer0IntHandler              
000003e9  doADC                         
00000551  rest                          
000005c1  main                          
00001000  __SYSMEM_SIZE                 
000010e0  isqrt_table                   
000018e1  lcd_write_com                 
00001971  lcd_write_data                
00001ad9  get_and_write_5x8             
00001b41  DispString5x8                 
00001b81  DispNumber5x8                 
00001c01  DispFloat5x8                  
00001d45  TimerIntClear                 
00001d49  printStringFVT                
00001d61  printCharFVT                  
00001d69  UART1IntHandler               
00002000  __STACK_SIZE                  
0000206d  __aeabi_dsub                  
00002077  __aeabi_dadd                  
00002223  _nop                          
00002225  GPIOPadConfigSet              
00002391  sqrt                          
00002391  sqrtl                         
000024e9  __aeabi_ddiv                  
00002621  free                          
00002741  SysCtlClockGet                
00002859  IOWR                          
000028d9  IORD                          
0000296d  __aeabi_dmul                  
00002a69  SysCtlClockSet                
00002b5d  UARTIntClear                  
00002b61  getVoltageRMS                 
00002c1d  __aeabi_memcpy                
00002c1d  __aeabi_memcpy4               
00002c1d  __aeabi_memcpy8               
00002c1d  memcpy                        
00002cb9  _IQ15div                      
00002d49  _IQ20div                      
00002dd9  PID_Q_step                    
00002e19  dq2alpha_beta                 
00002e65  __aeabi_memclr                
00002e65  __aeabi_memclr4               
00002e65  __aeabi_memclr8               
00002e67  __aeabi_memset                
00002e67  __aeabi_memset4               
00002e67  __aeabi_memset8               
00002e6d  memset                        
00002edf  __aeabi_d2f                   
00002f4d  _IQ20sqrt                     
00002fb9  FlashProgram                  
00003021  IntEnable                     
00003089  __TI_decompress_lzss          
000030f1  TimerConfigure                
00003151  GPIOPinConfigure              
000031e9  __aeabi_d2iz                  
00003231  UARTConfigSetExpClk           
00003279  write_float_to_flash          
000032bd  __TI_auto_init_nobinit_nopinit
00003301  __aeabi_d2uiz                 
00003385  __aeabi_l2d                   
000033c5  __aeabi_f2d                   
000033fd  __aeabi_ul2f                  
00003435  IntRegister                   
00003469  SysCtlPeripheralEnable        
0000349d  _c_int00_noargs               
000034d1  FlashErase                    
00003501  __aeabi_i2d                   
0000352f  GPIODirModeSet                
0000355d  UARTDisable                   
0000357d  __aeabi_ui2d                  
0000359d  __TI_zero_init_nomemset       
000035b9  ResetISR                      
000035d3  TimerIntRegister              
000035eb  UARTIntRegister               
00003603  GPIOPinTypeUART               
00003619  UARTEnable                    
0000362d  TimerLoadSet                  
00003641  FPUEnable                     
00003651  FPULazyStackingEnable         
00003661  IntMasterEnable               
00003671  _IQ20mpy                      
00003681  TimerEnable                   
0000368f  UARTCharGetNonBlocking        
0000369d  UARTCharsAvail                
000036ab  __TI_decompress_none          
000036b9  CPUcpsie                      
000036c5  UARTCharPut                   
000036cf  UARTFIFODisable               
000036d9  UARTIntStatus                 
000036e3  TimerIntEnable                
000036eb  UARTIntEnable                 
000036f5  __aeabi_errno_addr            
000036fd  SysCtlDelay                   
00003703  _system_pre_init              
00003707  C$$EXIT                       
00003707  abort                         
00003870  linetab                       
00003878  numtab                        
000039f8  __TI_Handler_Table_Base       
00003a04  __TI_Handler_Table_Limit      
00003a10  __TI_CINIT_Base               
00003a20  __TI_CINIT_Limit              
20000000  __start___llvm_prf_cnts       
20000000  __stop___llvm_prf_cnts        
20000000  g_pfnRAMVectors               
20000270  __stack                       
20000470  __STACK_TOP                   
20002270  __STACK_END                   
20002270  _sys_memory                   
20003270  charget                       
20003274  monitorData1                  
20003278  monitorData2                  
2000327c  monitorData3                  
20003280  monitorData4                  
20003284  buffer1                       
20003484  buffer2                       
20003684  buffer3                       
20003884  keydat                        
20003888  mode_flag                     
2000388c  protect_flag                  
20003890  time_flag                     
20003894  ubus_set                      
20003898  idref                         
2000389c  iqref                         
200038a0  ch1                           
200038a4  ch4                           
200038a8  ch5                           
200038ac  udc                           
200038b0  ubus_s                        
200038b4  u_out_final                   
200038b8  U_now                         
200038bc  I_now                         
200038c0  U_pop                         
200038c4  I_pop                         
200038c8  cons_10_24                    
200038cc  cons_56_32                    
200038d0  cons_100                      
200038d4  cons_512                      
200038d8  cons_5_12                     
200038dc  cons_w_L                      
200038e0  cons_iqref                    
200038e4  cons_idref                    
200038e8  cons_37_55                    
200038ec  cons_0_387                    
200038f0  cons_65535                    
200038f4  cons_u_k                      
200038f8  cons_u_b                      
200038fc  d_kp                          
20003900  d_ki                          
20003904  d_kd                          
20003908  q_kp                          
2000390c  q_ki                          
20003910  q_kd                          
20003914  vsi_kp                        
20003918  vsi_ki                        
2000391c  vsi_kd                        
20003920  adj                           
20003924  u_rms                         
20003928  i_rms                         
2000392c  paremeter_group_flag          
20003930  paremeter_choose_flag         
20003934  paremeter_flag                
20003938  a                             
2000393c  a_last                        
20003940  U_alpha_beta                  
20003948  I_alpha_beta                  
20003950  U_out_alpha_beta              
20003958  U_in_U                        
20003960  I_in_U                        
20003968  U_out_dq                      
20003970  theta                         
20003978  model_func_pointer            
20003980  paremeter                     
200039a4  udc_mean                      
200039d0  d_loop                        
20003a00  q_loop                        
20003a30  vsi_loop                      
20003a60  U_data                        
20003b30  I_data                        
20003c08  _lock                         
20003c0c  _unlock                       
20003c10  alpha_beta_L                  
20003c14  errno                         
ffffffff  __TI_pprof_out_hndl           
ffffffff  __TI_prof_data_size           
ffffffff  __TI_prof_data_start          
ffffffff  __binit__                     
ffffffff  __c_args__                    
ffffffff  binit                         
UNDEFED   __mpu_init                    
UNDEFED   _system_post_cinit            

[195 symbols]
