<?xml version="1.0" encoding="ISO-8859-1" ?>
<link_info>
   <banner>TI ARM Linker PC v20.2.5.LTS</banner>
   <copyright>Copyright (c) 1996-2018 Texas Instruments Incorporated</copyright>
   <link_time>0x64607ae7</link_time>
   <link_errors>0x0</link_errors>
   <output_file>single_phase_dq.out</output_file>
   <entry_point>
      <name>_c_int00_noargs</name>
      <address>0x4909</address>
   </entry_point>
   <input_file_list>
      <input_file id="fl-2">
         <path>.\</path>
         <kind>object</kind>
         <file>ADS8688_TIVA_FPGA.obj</file>
         <name>ADS8688_TIVA_FPGA.obj</name>
      </input_file>
      <input_file id="fl-3">
         <path>.\</path>
         <kind>object</kind>
         <file>IQ_TOOLS.obj</file>
         <name>IQ_TOOLS.obj</name>
      </input_file>
      <input_file id="fl-4">
         <path>.\</path>
         <kind>object</kind>
         <file>LCD12864_rom_enable.obj</file>
         <name>LCD12864_rom_enable.obj</name>
      </input_file>
      <input_file id="fl-5">
         <path>.\</path>
         <kind>object</kind>
         <file>SPWM_TIVA_FPGA.obj</file>
         <name>SPWM_TIVA_FPGA.obj</name>
      </input_file>
      <input_file id="fl-6">
         <path>.\</path>
         <kind>object</kind>
         <file>Txiang_utools.obj</file>
         <name>Txiang_utools.obj</name>
      </input_file>
      <input_file id="fl-7">
         <path>.\</path>
         <kind>object</kind>
         <file>blue.obj</file>
         <name>blue.obj</name>
      </input_file>
      <input_file id="fl-8">
         <path>.\</path>
         <kind>object</kind>
         <file>bus_fpga.obj</file>
         <name>bus_fpga.obj</name>
      </input_file>
      <input_file id="fl-9">
         <path>.\</path>
         <kind>object</kind>
         <file>main.obj</file>
         <name>main.obj</name>
      </input_file>
      <input_file id="fl-a">
         <path>.\</path>
         <kind>object</kind>
         <file>pid.obj</file>
         <name>pid.obj</name>
      </input_file>
      <input_file id="fl-b">
         <path>.\</path>
         <kind>object</kind>
         <file>tm4c123gh6pz_startup_ccs.obj</file>
         <name>tm4c123gh6pz_startup_ccs.obj</name>
      </input_file>
      <input_file id="fl-c">
         <path>.\</path>
         <kind>object</kind>
         <file>uartstdio.obj</file>
         <name>uartstdio.obj</name>
      </input_file>
      <input_file id="fl-15">
         <kind>object</kind>
         <file>&lt;internal&gt;</file>
         <name>&lt;internal&gt;</name>
      </input_file>
      <input_file id="fl-16">
         <path>..\IQmath\ccs\IQmathLib\Debug\</path>
         <kind>archive</kind>
         <file>IQmathLib.lib</file>
         <name>IQNdiv.obj</name>
      </input_file>
      <input_file id="fl-17">
         <path>..\IQmath\ccs\IQmathLib\Debug\</path>
         <kind>archive</kind>
         <file>IQmathLib.lib</file>
         <name>IQNmpy.obj</name>
      </input_file>
      <input_file id="fl-18">
         <path>..\IQmath\ccs\IQmathLib\Debug\</path>
         <kind>archive</kind>
         <file>IQmathLib.lib</file>
         <name>IQNsqrt.obj</name>
      </input_file>
      <input_file id="fl-19">
         <path>..\IQmath\ccs\IQmathLib\Debug\</path>
         <kind>archive</kind>
         <file>IQmathLib.lib</file>
         <name>IQtables.obj</name>
      </input_file>
      <input_file id="fl-cf">
         <path>C:\ti\ccs1110\ccs\tools\compiler\ti-cgt-arm_20.2.5.LTS\lib\</path>
         <kind>archive</kind>
         <file>rtsv7M4_T_le_v4SPD16_eabi.lib</file>
         <name>e_sqrt.c.obj</name>
      </input_file>
      <input_file id="fl-d0">
         <path>C:\ti\ccs1110\ccs\tools\compiler\ti-cgt-arm_20.2.5.LTS\lib\</path>
         <kind>archive</kind>
         <file>rtsv7M4_T_le_v4SPD16_eabi.lib</file>
         <name>fd_add_t2.asm.obj</name>
      </input_file>
      <input_file id="fl-d1">
         <path>C:\ti\ccs1110\ccs\tools\compiler\ti-cgt-arm_20.2.5.LTS\lib\</path>
         <kind>archive</kind>
         <file>rtsv7M4_T_le_v4SPD16_eabi.lib</file>
         <name>fd_cmp_t2.asm.obj</name>
      </input_file>
      <input_file id="fl-d2">
         <path>C:\ti\ccs1110\ccs\tools\compiler\ti-cgt-arm_20.2.5.LTS\lib\</path>
         <kind>archive</kind>
         <file>rtsv7M4_T_le_v4SPD16_eabi.lib</file>
         <name>fd_div_t2.asm.obj</name>
      </input_file>
      <input_file id="fl-d3">
         <path>C:\ti\ccs1110\ccs\tools\compiler\ti-cgt-arm_20.2.5.LTS\lib\</path>
         <kind>archive</kind>
         <file>rtsv7M4_T_le_v4SPD16_eabi.lib</file>
         <name>fd_mul_t2.asm.obj</name>
      </input_file>
      <input_file id="fl-d4">
         <path>C:\ti\ccs1110\ccs\tools\compiler\ti-cgt-arm_20.2.5.LTS\lib\</path>
         <kind>archive</kind>
         <file>rtsv7M4_T_le_v4SPD16_eabi.lib</file>
         <name>fd_toi_t2.asm.obj</name>
      </input_file>
      <input_file id="fl-d5">
         <path>C:\ti\ccs1110\ccs\tools\compiler\ti-cgt-arm_20.2.5.LTS\lib\</path>
         <kind>archive</kind>
         <file>rtsv7M4_T_le_v4SPD16_eabi.lib</file>
         <name>fd_tos_t2.asm.obj</name>
      </input_file>
      <input_file id="fl-d6">
         <path>C:\ti\ccs1110\ccs\tools\compiler\ti-cgt-arm_20.2.5.LTS\lib\</path>
         <kind>archive</kind>
         <file>rtsv7M4_T_le_v4SPD16_eabi.lib</file>
         <name>fd_tou_t2.asm.obj</name>
      </input_file>
      <input_file id="fl-d7">
         <path>C:\ti\ccs1110\ccs\tools\compiler\ti-cgt-arm_20.2.5.LTS\lib\</path>
         <kind>archive</kind>
         <file>rtsv7M4_T_le_v4SPD16_eabi.lib</file>
         <name>fs_tod_t2.asm.obj</name>
      </input_file>
      <input_file id="fl-d8">
         <path>C:\ti\ccs1110\ccs\tools\compiler\ti-cgt-arm_20.2.5.LTS\lib\</path>
         <kind>archive</kind>
         <file>rtsv7M4_T_le_v4SPD16_eabi.lib</file>
         <name>i_tofd_t2.asm.obj</name>
      </input_file>
      <input_file id="fl-d9">
         <path>C:\ti\ccs1110\ccs\tools\compiler\ti-cgt-arm_20.2.5.LTS\lib\</path>
         <kind>archive</kind>
         <file>rtsv7M4_T_le_v4SPD16_eabi.lib</file>
         <name>ll_tofd_t2.asm.obj</name>
      </input_file>
      <input_file id="fl-da">
         <path>C:\ti\ccs1110\ccs\tools\compiler\ti-cgt-arm_20.2.5.LTS\lib\</path>
         <kind>archive</kind>
         <file>rtsv7M4_T_le_v4SPD16_eabi.lib</file>
         <name>u_tofd_t2.asm.obj</name>
      </input_file>
      <input_file id="fl-db">
         <path>C:\ti\ccs1110\ccs\tools\compiler\ti-cgt-arm_20.2.5.LTS\lib\</path>
         <kind>archive</kind>
         <file>rtsv7M4_T_le_v4SPD16_eabi.lib</file>
         <name>ull_tofs_t2.asm.obj</name>
      </input_file>
      <input_file id="fl-dc">
         <path>C:\ti\ccs1110\ccs\tools\compiler\ti-cgt-arm_20.2.5.LTS\lib\</path>
         <kind>archive</kind>
         <file>rtsv7M4_T_le_v4SPD16_eabi.lib</file>
         <name>u_divt2.asm.obj</name>
      </input_file>
      <input_file id="fl-dd">
         <path>C:\ti\ccs1110\ccs\tools\compiler\ti-cgt-arm_20.2.5.LTS\lib\</path>
         <kind>archive</kind>
         <file>rtsv7M4_T_le_v4SPD16_eabi.lib</file>
         <name>memset_t2.asm.obj</name>
      </input_file>
      <input_file id="fl-de">
         <path>C:\ti\ccs1110\ccs\tools\compiler\ti-cgt-arm_20.2.5.LTS\lib\</path>
         <kind>archive</kind>
         <file>rtsv7M4_T_le_v4SPD16_eabi.lib</file>
         <name>copy_zero_init.c.obj</name>
      </input_file>
      <input_file id="fl-df">
         <path>C:\ti\ccs1110\ccs\tools\compiler\ti-cgt-arm_20.2.5.LTS\lib\</path>
         <kind>archive</kind>
         <file>rtsv7M4_T_le_v4SPD16_eabi.lib</file>
         <name>copy_decompress_none.c.obj</name>
      </input_file>
      <input_file id="fl-e0">
         <path>C:\ti\ccs1110\ccs\tools\compiler\ti-cgt-arm_20.2.5.LTS\lib\</path>
         <kind>archive</kind>
         <file>rtsv7M4_T_le_v4SPD16_eabi.lib</file>
         <name>copy_decompress_lzss.c.obj</name>
      </input_file>
      <input_file id="fl-e1">
         <path>C:\ti\ccs1110\ccs\tools\compiler\ti-cgt-arm_20.2.5.LTS\lib\</path>
         <kind>archive</kind>
         <file>rtsv7M4_T_le_v4SPD16_eabi.lib</file>
         <name>memory.c.obj</name>
      </input_file>
      <input_file id="fl-e2">
         <path>C:\ti\ccs1110\ccs\tools\compiler\ti-cgt-arm_20.2.5.LTS\lib\</path>
         <kind>archive</kind>
         <file>rtsv7M4_T_le_v4SPD16_eabi.lib</file>
         <name>errno.c.obj</name>
      </input_file>
      <input_file id="fl-e3">
         <path>C:\ti\ccs1110\ccs\tools\compiler\ti-cgt-arm_20.2.5.LTS\lib\</path>
         <kind>archive</kind>
         <file>rtsv7M4_T_le_v4SPD16_eabi.lib</file>
         <name>boot_cortex_m.c.obj</name>
      </input_file>
      <input_file id="fl-e4">
         <path>C:\ti\ccs1110\ccs\tools\compiler\ti-cgt-arm_20.2.5.LTS\lib\</path>
         <kind>archive</kind>
         <file>rtsv7M4_T_le_v4SPD16_eabi.lib</file>
         <name>div0.asm.obj</name>
      </input_file>
      <input_file id="fl-e5">
         <path>C:\ti\ccs1110\ccs\tools\compiler\ti-cgt-arm_20.2.5.LTS\lib\</path>
         <kind>archive</kind>
         <file>rtsv7M4_T_le_v4SPD16_eabi.lib</file>
         <name>memcpy_t2.asm.obj</name>
      </input_file>
      <input_file id="fl-e6">
         <path>C:\ti\ccs1110\ccs\tools\compiler\ti-cgt-arm_20.2.5.LTS\lib\</path>
         <kind>archive</kind>
         <file>rtsv7M4_T_le_v4SPD16_eabi.lib</file>
         <name>autoinit.c.obj</name>
      </input_file>
      <input_file id="fl-e7">
         <path>C:\ti\ccs1110\ccs\tools\compiler\ti-cgt-arm_20.2.5.LTS\lib\</path>
         <kind>archive</kind>
         <file>rtsv7M4_T_le_v4SPD16_eabi.lib</file>
         <name>pre_init.c.obj</name>
      </input_file>
      <input_file id="fl-e8">
         <path>C:\ti\ccs1110\ccs\tools\compiler\ti-cgt-arm_20.2.5.LTS\lib\</path>
         <kind>archive</kind>
         <file>rtsv7M4_T_le_v4SPD16_eabi.lib</file>
         <name>cpy_tbl.c.obj</name>
      </input_file>
      <input_file id="fl-e9">
         <path>C:\ti\ccs1110\ccs\tools\compiler\ti-cgt-arm_20.2.5.LTS\lib\</path>
         <kind>archive</kind>
         <file>rtsv7M4_T_le_v4SPD16_eabi.lib</file>
         <name>exit.c.obj</name>
      </input_file>
      <input_file id="fl-ea">
         <path>C:\ti\ccs1110\ccs\tools\compiler\ti-cgt-arm_20.2.5.LTS\lib\</path>
         <kind>archive</kind>
         <file>rtsv7M4_T_le_v4SPD16_eabi.lib</file>
         <name>_lock.c.obj</name>
      </input_file>
      <input_file id="fl-eb">
         <path>C:\ti\ccs1110\ccs\tools\compiler\ti-cgt-arm_20.2.5.LTS\lib\</path>
         <kind>archive</kind>
         <file>rtsv7M4_T_le_v4SPD16_eabi.lib</file>
         <name>args_main.c.obj</name>
      </input_file>
      <input_file id="fl-ec">
         <path>C:\ti\TivaWare_C_Series-2.2.0.295\driverlib\ccs\Debug\</path>
         <kind>archive</kind>
         <file>driverlib.lib</file>
         <name>flash.obj</name>
      </input_file>
      <input_file id="fl-ed">
         <path>C:\ti\TivaWare_C_Series-2.2.0.295\driverlib\ccs\Debug\</path>
         <kind>archive</kind>
         <file>driverlib.lib</file>
         <name>fpu.obj</name>
      </input_file>
      <input_file id="fl-ee">
         <path>C:\ti\TivaWare_C_Series-2.2.0.295\driverlib\ccs\Debug\</path>
         <kind>archive</kind>
         <file>driverlib.lib</file>
         <name>gpio.obj</name>
      </input_file>
      <input_file id="fl-ef">
         <path>C:\ti\TivaWare_C_Series-2.2.0.295\driverlib\ccs\Debug\</path>
         <kind>archive</kind>
         <file>driverlib.lib</file>
         <name>interrupt.obj</name>
      </input_file>
      <input_file id="fl-f0">
         <path>C:\ti\TivaWare_C_Series-2.2.0.295\driverlib\ccs\Debug\</path>
         <kind>archive</kind>
         <file>driverlib.lib</file>
         <name>sysctl.obj</name>
      </input_file>
      <input_file id="fl-f1">
         <path>C:\ti\TivaWare_C_Series-2.2.0.295\driverlib\ccs\Debug\</path>
         <kind>archive</kind>
         <file>driverlib.lib</file>
         <name>timer.obj</name>
      </input_file>
      <input_file id="fl-f2">
         <path>C:\ti\TivaWare_C_Series-2.2.0.295\driverlib\ccs\Debug\</path>
         <kind>archive</kind>
         <file>driverlib.lib</file>
         <name>uart.obj</name>
      </input_file>
      <input_file id="fl-f3">
         <path>C:\ti\TivaWare_C_Series-2.2.0.295\driverlib\ccs\Debug\</path>
         <kind>archive</kind>
         <file>driverlib.lib</file>
         <name>cpu.obj</name>
      </input_file>
   </input_file_list>
   <object_component_list>
      <object_component id="oc-12">
         <name>.intvecs</name>
         <load_address>0x0</load_address>
         <run_address>0x0</run_address>
         <size>0x26c</size>
         <input_file_ref idref="fl-b"/>
      </object_component>
      <object_component id="oc-a2">
         <name>.text</name>
         <load_address>0x270</load_address>
         <run_address>0x270</run_address>
         <size>0x1320</size>
         <input_file_ref idref="fl-9"/>
      </object_component>
      <object_component id="oc-118">
         <name>.text</name>
         <load_address>0x1590</load_address>
         <run_address>0x1590</run_address>
         <size>0xe52</size>
         <input_file_ref idref="fl-4"/>
      </object_component>
      <object_component id="oc-393">
         <name>.text:_nop</name>
         <load_address>0x23e2</load_address>
         <run_address>0x23e2</run_address>
         <size>0x2</size>
         <input_file_ref idref="fl-ea"/>
      </object_component>
      <object_component id="oc-2f7">
         <name>.text:isqrt_table</name>
         <load_address>0x23e4</load_address>
         <run_address>0x23e4</run_address>
         <size>0x800</size>
         <input_file_ref idref="fl-19"/>
      </object_component>
      <object_component id="oc-179">
         <name>.text:TimerIntClear</name>
         <load_address>0x2be4</load_address>
         <run_address>0x2be4</run_address>
         <size>0x4</size>
         <input_file_ref idref="fl-f1"/>
      </object_component>
      <object_component id="oc-12a">
         <name>.text</name>
         <load_address>0x2be8</load_address>
         <run_address>0x2be8</run_address>
         <size>0x4ba</size>
         <input_file_ref idref="fl-7"/>
      </object_component>
      <object_component id="oc-160">
         <name>.text:SysCtlDelay</name>
         <load_address>0x30a2</load_address>
         <run_address>0x30a2</run_address>
         <size>0x6</size>
         <input_file_ref idref="fl-f0"/>
      </object_component>
      <object_component id="oc-ef">
         <name>.text</name>
         <load_address>0x30a8</load_address>
         <run_address>0x30a8</run_address>
         <size>0x254</size>
         <input_file_ref idref="fl-3"/>
      </object_component>
      <object_component id="oc-27c">
         <name>.text:UARTIntClear</name>
         <load_address>0x32fc</load_address>
         <run_address>0x32fc</run_address>
         <size>0x4</size>
         <input_file_ref idref="fl-f2"/>
      </object_component>
      <object_component id="oc-d6">
         <name>.text</name>
         <load_address>0x3300</load_address>
         <run_address>0x3300</run_address>
         <size>0x20e</size>
         <input_file_ref idref="fl-8"/>
      </object_component>
      <object_component id="oc-17f">
         <name>.text</name>
         <load_address>0x3510</load_address>
         <run_address>0x3510</run_address>
         <size>0x1d0</size>
         <input_file_ref idref="fl-2"/>
      </object_component>
      <object_component id="oc-21b">
         <name>.text</name>
         <load_address>0x36e0</load_address>
         <run_address>0x36e0</run_address>
         <size>0x1b6</size>
         <input_file_ref idref="fl-d0"/>
      </object_component>
      <object_component id="oc-349">
         <name>.text:GPIOPadConfigSet</name>
         <load_address>0x3898</load_address>
         <run_address>0x3898</run_address>
         <size>0x16c</size>
         <input_file_ref idref="fl-ee"/>
      </object_component>
      <object_component id="oc-2cd">
         <name>.text:sqrt</name>
         <load_address>0x3a04</load_address>
         <run_address>0x3a04</run_address>
         <size>0x158</size>
         <input_file_ref idref="fl-cf"/>
      </object_component>
      <object_component id="oc-2c8">
         <name>.text</name>
         <load_address>0x3b5c</load_address>
         <run_address>0x3b5c</run_address>
         <size>0x136</size>
         <input_file_ref idref="fl-d2"/>
      </object_component>
      <object_component id="oc-136">
         <name>.text:SysCtlClockGet</name>
         <load_address>0x3c94</load_address>
         <run_address>0x3c94</run_address>
         <size>0x118</size>
         <input_file_ref idref="fl-f0"/>
      </object_component>
      <object_component id="oc-239">
         <name>.text</name>
         <load_address>0x3dac</load_address>
         <run_address>0x3dac</run_address>
         <size>0xfc</size>
         <input_file_ref idref="fl-d3"/>
      </object_component>
      <object_component id="oc-124">
         <name>.text:SysCtlClockSet</name>
         <load_address>0x3ea8</load_address>
         <run_address>0x3ea8</run_address>
         <size>0xf4</size>
         <input_file_ref idref="fl-f0"/>
      </object_component>
      <object_component id="oc-203">
         <name>.text:free</name>
         <load_address>0x3f9c</load_address>
         <run_address>0x3f9c</run_address>
         <size>0xe4</size>
         <input_file_ref idref="fl-e1"/>
      </object_component>
      <object_component id="oc-112">
         <name>.text</name>
         <load_address>0x4080</load_address>
         <run_address>0x4080</run_address>
         <size>0xd8</size>
         <input_file_ref idref="fl-6"/>
      </object_component>
      <object_component id="oc-3e">
         <name>.text</name>
         <load_address>0x4158</load_address>
         <run_address>0x4158</run_address>
         <size>0x9c</size>
         <input_file_ref idref="fl-e5"/>
      </object_component>
      <object_component id="oc-e1">
         <name>.text:_IQ15div</name>
         <load_address>0x41f4</load_address>
         <run_address>0x41f4</run_address>
         <size>0x90</size>
         <input_file_ref idref="fl-16"/>
      </object_component>
      <object_component id="oc-106">
         <name>.text:_IQ20div</name>
         <load_address>0x4284</load_address>
         <run_address>0x4284</run_address>
         <size>0x90</size>
         <input_file_ref idref="fl-16"/>
      </object_component>
      <object_component id="oc-96">
         <name>.text</name>
         <load_address>0x4314</load_address>
         <run_address>0x4314</run_address>
         <size>0x7a</size>
         <input_file_ref idref="fl-dd"/>
      </object_component>
      <object_component id="oc-185">
         <name>.text</name>
         <load_address>0x438e</load_address>
         <run_address>0x438e</run_address>
         <size>0x6e</size>
         <input_file_ref idref="fl-d5"/>
      </object_component>
      <object_component id="oc-1e9">
         <name>.text:_IQ20sqrt</name>
         <load_address>0x43fc</load_address>
         <run_address>0x43fc</run_address>
         <size>0x6c</size>
         <input_file_ref idref="fl-18"/>
      </object_component>
      <object_component id="oc-1fd">
         <name>.text:FlashProgram</name>
         <load_address>0x4468</load_address>
         <run_address>0x4468</run_address>
         <size>0x68</size>
         <input_file_ref idref="fl-ec"/>
      </object_component>
      <object_component id="oc-142">
         <name>.text:IntEnable</name>
         <load_address>0x44d0</load_address>
         <run_address>0x44d0</run_address>
         <size>0x68</size>
         <input_file_ref idref="fl-ef"/>
      </object_component>
      <object_component id="oc-15">
         <name>.text:decompress:lzss:__TI_decompress_lzss</name>
         <load_address>0x4538</load_address>
         <run_address>0x4538</run_address>
         <size>0x68</size>
         <input_file_ref idref="fl-e0"/>
      </object_component>
      <object_component id="oc-130">
         <name>.text:TimerConfigure</name>
         <load_address>0x45a0</load_address>
         <run_address>0x45a0</run_address>
         <size>0x60</size>
         <input_file_ref idref="fl-f1"/>
      </object_component>
      <object_component id="oc-252">
         <name>.text:GPIOPinConfigure</name>
         <load_address>0x4600</load_address>
         <run_address>0x4600</run_address>
         <size>0x4c</size>
         <input_file_ref idref="fl-ee"/>
      </object_component>
      <object_component id="oc-2a6">
         <name>.text:_TimerIntNumberGet</name>
         <load_address>0x464c</load_address>
         <run_address>0x464c</run_address>
         <size>0x4c</size>
         <input_file_ref idref="fl-f1"/>
      </object_component>
      <object_component id="oc-220">
         <name>.text</name>
         <load_address>0x4698</load_address>
         <run_address>0x4698</run_address>
         <size>0x48</size>
         <input_file_ref idref="fl-d4"/>
      </object_component>
      <object_component id="oc-25e">
         <name>.text:UARTConfigSetExpClk</name>
         <load_address>0x46e0</load_address>
         <run_address>0x46e0</run_address>
         <size>0x46</size>
         <input_file_ref idref="fl-f2"/>
      </object_component>
      <object_component id="oc-1a1">
         <name>.text:__TI_auto_init_nobinit_nopinit:__TI_auto_init_nobinit_nopinit</name>
         <load_address>0x4728</load_address>
         <run_address>0x4728</run_address>
         <size>0x44</size>
         <input_file_ref idref="fl-e6"/>
      </object_component>
      <object_component id="oc-22f">
         <name>.text</name>
         <load_address>0x476c</load_address>
         <run_address>0x476c</run_address>
         <size>0x44</size>
         <input_file_ref idref="fl-d6"/>
      </object_component>
      <object_component id="oc-35f">
         <name>.text:_UARTIntNumberGet</name>
         <load_address>0x47b0</load_address>
         <run_address>0x47b0</run_address>
         <size>0x40</size>
         <input_file_ref idref="fl-f2"/>
      </object_component>
      <object_component id="oc-2be">
         <name>.text</name>
         <load_address>0x47f0</load_address>
         <run_address>0x47f0</run_address>
         <size>0x40</size>
         <input_file_ref idref="fl-d9"/>
      </object_component>
      <object_component id="oc-216">
         <name>.text</name>
         <load_address>0x4830</load_address>
         <run_address>0x4830</run_address>
         <size>0x38</size>
         <input_file_ref idref="fl-d7"/>
      </object_component>
      <object_component id="oc-211">
         <name>.text</name>
         <load_address>0x4868</load_address>
         <run_address>0x4868</run_address>
         <size>0x36</size>
         <input_file_ref idref="fl-db"/>
      </object_component>
      <object_component id="oc-2ac">
         <name>.text:IntRegister</name>
         <load_address>0x48a0</load_address>
         <run_address>0x48a0</run_address>
         <size>0x34</size>
         <input_file_ref idref="fl-ef"/>
      </object_component>
      <object_component id="oc-11e">
         <name>.text:SysCtlPeripheralEnable</name>
         <load_address>0x48d4</load_address>
         <run_address>0x48d4</run_address>
         <size>0x34</size>
         <input_file_ref idref="fl-f0"/>
      </object_component>
      <object_component id="oc-5c">
         <name>.text:_c_int00_noargs:_c_int00_noargs</name>
         <load_address>0x4908</load_address>
         <run_address>0x4908</run_address>
         <size>0x34</size>
         <input_file_ref idref="fl-e3"/>
      </object_component>
      <object_component id="oc-1f7">
         <name>.text:FlashErase</name>
         <load_address>0x493c</load_address>
         <run_address>0x493c</run_address>
         <size>0x30</size>
         <input_file_ref idref="fl-ec"/>
      </object_component>
      <object_component id="oc-2c3">
         <name>.text</name>
         <load_address>0x496c</load_address>
         <run_address>0x496c</run_address>
         <size>0x2e</size>
         <input_file_ref idref="fl-d8"/>
      </object_component>
      <object_component id="oc-343">
         <name>.text:GPIODirModeSet</name>
         <load_address>0x499a</load_address>
         <run_address>0x499a</run_address>
         <size>0x2c</size>
         <input_file_ref idref="fl-ee"/>
      </object_component>
      <object_component id="oc-304">
         <name>.text:free_list_insert</name>
         <load_address>0x49c8</load_address>
         <run_address>0x49c8</run_address>
         <size>0x28</size>
         <input_file_ref idref="fl-e1"/>
      </object_component>
      <object_component id="oc-350">
         <name>.text:UARTDisable</name>
         <load_address>0x49f0</load_address>
         <run_address>0x49f0</run_address>
         <size>0x20</size>
         <input_file_ref idref="fl-f2"/>
      </object_component>
      <object_component id="oc-234">
         <name>.text</name>
         <load_address>0x4a10</load_address>
         <run_address>0x4a10</run_address>
         <size>0x20</size>
         <input_file_ref idref="fl-da"/>
      </object_component>
      <object_component id="oc-2fe">
         <name>.text:free_list_remove</name>
         <load_address>0x4a30</load_address>
         <run_address>0x4a30</run_address>
         <size>0x1c</size>
         <input_file_ref idref="fl-e1"/>
      </object_component>
      <object_component id="oc-9c">
         <name>.text:_system_pre_init</name>
         <load_address>0x4a4c</load_address>
         <run_address>0x4a4c</run_address>
         <size>0x4</size>
         <input_file_ref idref="fl-e7"/>
      </object_component>
      <object_component id="oc-2a">
         <name>.text</name>
         <load_address>0x4a50</load_address>
         <run_address>0x4a50</run_address>
         <size>0x1a</size>
         <input_file_ref idref="fl-b"/>
      </object_component>
      <object_component id="oc-14e">
         <name>.text:TimerIntRegister</name>
         <load_address>0x4a6a</load_address>
         <run_address>0x4a6a</run_address>
         <size>0x18</size>
         <input_file_ref idref="fl-f1"/>
      </object_component>
      <object_component id="oc-270">
         <name>.text:UARTIntRegister</name>
         <load_address>0x4a82</load_address>
         <run_address>0x4a82</run_address>
         <size>0x18</size>
         <input_file_ref idref="fl-f2"/>
      </object_component>
      <object_component id="oc-258">
         <name>.text:GPIOPinTypeUART</name>
         <load_address>0x4a9a</load_address>
         <run_address>0x4a9a</run_address>
         <size>0x16</size>
         <input_file_ref idref="fl-ee"/>
      </object_component>
      <object_component id="oc-356">
         <name>.text:UARTEnable</name>
         <load_address>0x4ab0</load_address>
         <run_address>0x4ab0</run_address>
         <size>0x14</size>
         <input_file_ref idref="fl-f2"/>
      </object_component>
      <object_component id="oc-13c">
         <name>.text:TimerLoadSet</name>
         <load_address>0x4ac4</load_address>
         <run_address>0x4ac4</run_address>
         <size>0x12</size>
         <input_file_ref idref="fl-f1"/>
      </object_component>
      <object_component id="oc-167">
         <name>.text:FPUEnable</name>
         <load_address>0x4ad8</load_address>
         <run_address>0x4ad8</run_address>
         <size>0x10</size>
         <input_file_ref idref="fl-ed"/>
      </object_component>
      <object_component id="oc-161">
         <name>.text:FPULazyStackingEnable</name>
         <load_address>0x4ae8</load_address>
         <run_address>0x4ae8</run_address>
         <size>0x10</size>
         <input_file_ref idref="fl-ed"/>
      </object_component>
      <object_component id="oc-15a">
         <name>.text:IntMasterEnable</name>
         <load_address>0x4af8</load_address>
         <run_address>0x4af8</run_address>
         <size>0x10</size>
         <input_file_ref idref="fl-ef"/>
      </object_component>
      <object_component id="oc-e7">
         <name>.text:_IQ20mpy</name>
         <load_address>0x4b08</load_address>
         <run_address>0x4b08</run_address>
         <size>0x10</size>
         <input_file_ref idref="fl-17"/>
      </object_component>
      <object_component id="oc-154">
         <name>.text:TimerEnable</name>
         <load_address>0x4b18</load_address>
         <run_address>0x4b18</run_address>
         <size>0xe</size>
         <input_file_ref idref="fl-f1"/>
      </object_component>
      <object_component id="oc-288">
         <name>.text:UARTCharGetNonBlocking</name>
         <load_address>0x4b26</load_address>
         <run_address>0x4b26</run_address>
         <size>0xe</size>
         <input_file_ref idref="fl-f2"/>
      </object_component>
      <object_component id="oc-282">
         <name>.text:UARTCharsAvail</name>
         <load_address>0x4b34</load_address>
         <run_address>0x4b34</run_address>
         <size>0xe</size>
         <input_file_ref idref="fl-f2"/>
      </object_component>
      <object_component id="oc-1b">
         <name>.text:decompress:none:__TI_decompress_none</name>
         <load_address>0x4b42</load_address>
         <run_address>0x4b42</run_address>
         <size>0xe</size>
         <input_file_ref idref="fl-df"/>
      </object_component>
      <object_component id="oc-2b4">
         <name>.text:CPUcpsie</name>
         <load_address>0x4b50</load_address>
         <run_address>0x4b50</run_address>
         <size>0xc</size>
         <input_file_ref idref="fl-f3"/>
      </object_component>
      <object_component id="oc-50">
         <name>.text:decompress:ZI:__TI_zero_init</name>
         <load_address>0x4b5c</load_address>
         <run_address>0x4b5c</run_address>
         <size>0xc</size>
         <input_file_ref idref="fl-de"/>
      </object_component>
      <object_component id="oc-23e">
         <name>.text:UARTCharPut</name>
         <load_address>0x4b68</load_address>
         <run_address>0x4b68</run_address>
         <size>0xa</size>
         <input_file_ref idref="fl-f2"/>
      </object_component>
      <object_component id="oc-264">
         <name>.text:UARTFIFODisable</name>
         <load_address>0x4b72</load_address>
         <run_address>0x4b72</run_address>
         <size>0xa</size>
         <input_file_ref idref="fl-f2"/>
      </object_component>
      <object_component id="oc-276">
         <name>.text:UARTIntStatus</name>
         <load_address>0x4b7c</load_address>
         <run_address>0x4b7c</run_address>
         <size>0xa</size>
         <input_file_ref idref="fl-f2"/>
      </object_component>
      <object_component id="oc-148">
         <name>.text:TimerIntEnable</name>
         <load_address>0x4b86</load_address>
         <run_address>0x4b86</run_address>
         <size>0x8</size>
         <input_file_ref idref="fl-f1"/>
      </object_component>
      <object_component id="oc-292">
         <name>.text:UARTBusy</name>
         <load_address>0x4b8e</load_address>
         <run_address>0x4b8e</run_address>
         <size>0x8</size>
         <input_file_ref idref="fl-f2"/>
      </object_component>
      <object_component id="oc-26a">
         <name>.text:UARTIntEnable</name>
         <load_address>0x4b96</load_address>
         <run_address>0x4b96</run_address>
         <size>0x8</size>
         <input_file_ref idref="fl-f2"/>
      </object_component>
      <object_component id="oc-384">
         <name>.text:__aeabi_errno_addr</name>
         <load_address>0x4ba0</load_address>
         <run_address>0x4ba0</run_address>
         <size>0x8</size>
         <input_file_ref idref="fl-e2"/>
      </object_component>
      <object_component id="oc-195">
         <name>.text:abort:abort</name>
         <load_address>0x4ba8</load_address>
         <run_address>0x4ba8</run_address>
         <size>0x4</size>
         <input_file_ref idref="fl-e9"/>
      </object_component>
      <object_component id="oc-33e">
         <name>.const:g_pui32GPIOBaseAddrs</name>
         <load_address>0x4bb0</load_address>
         <run_address>0x4bb0</run_address>
         <size>0x90</size>
         <input_file_ref idref="fl-ee"/>
      </object_component>
      <object_component id="oc-29b">
         <name>.const:g_pui32Xtals</name>
         <load_address>0x4c40</load_address>
         <run_address>0x4c40</run_address>
         <size>0x6c</size>
         <input_file_ref idref="fl-f0"/>
      </object_component>
      <object_component id="oc-375">
         <name>.const:g_ppui32TimerIntMap</name>
         <load_address>0x4cac</load_address>
         <run_address>0x4cac</run_address>
         <size>0x60</size>
         <input_file_ref idref="fl-f1"/>
      </object_component>
      <object_component id="oc-20e">
         <name>.const:numtab</name>
         <load_address>0x4d10</load_address>
         <run_address>0x4d10</run_address>
         <size>0x48</size>
         <input_file_ref idref="fl-4"/>
      </object_component>
      <object_component id="oc-378">
         <name>.const:g_ppui32TimerIntMapSnowflake</name>
         <load_address>0x4d58</load_address>
         <run_address>0x4d58</run_address>
         <size>0x40</size>
         <input_file_ref idref="fl-f1"/>
      </object_component>
      <object_component id="oc-3c3">
         <name>.const:g_ppui32UARTIntMap</name>
         <load_address>0x4d98</load_address>
         <run_address>0x4d98</run_address>
         <size>0x40</size>
         <input_file_ref idref="fl-f2"/>
      </object_component>
      <object_component id="oc-3c6">
         <name>.const:g_ppui32UARTIntMapSnowflake</name>
         <load_address>0x4dd8</load_address>
         <run_address>0x4dd8</run_address>
         <size>0x40</size>
         <input_file_ref idref="fl-f2"/>
      </object_component>
      <object_component id="oc-2a0">
         <name>.const:g_pui32EnRegs</name>
         <load_address>0x4e18</load_address>
         <run_address>0x4e18</run_address>
         <size>0x14</size>
         <input_file_ref idref="fl-ef"/>
      </object_component>
      <object_component id="oc-20b">
         <name>.const:.string:linetab</name>
         <load_address>0x4e2c</load_address>
         <run_address>0x4e2c</run_address>
         <size>0x8</size>
         <input_file_ref idref="fl-4"/>
      </object_component>
      <object_component id="oc-421">
         <name>.cinit..data.load</name>
         <load_address>0x4e38</load_address>
         <run_address>0x4e38</run_address>
         <size>0x72</size>
      </object_component>
      <object_component id="oc-41e">
         <name>__TI_handler_table</name>
         <load_address>0x4eac</load_address>
         <run_address>0x4eac</run_address>
         <size>0xc</size>
      </object_component>
      <object_component id="oc-422">
         <name>.cinit..bss.load</name>
         <load_address>0x4eb8</load_address>
         <run_address>0x4eb8</run_address>
         <size>0x8</size>
      </object_component>
      <object_component id="oc-420">
         <name>.cinit..vtable.load</name>
         <load_address>0x4ec0</load_address>
         <run_address>0x4ec0</run_address>
         <size>0x8</size>
      </object_component>
      <object_component id="oc-41f">
         <name>__TI_cinit_table</name>
         <load_address>0x4ec8</load_address>
         <run_address>0x4ec8</run_address>
         <size>0x18</size>
      </object_component>
      <object_component id="oc-37c">
         <name>.vtable</name>
         <uninitialized>true</uninitialized>
         <run_address>0x20000000</run_address>
         <size>0x26c</size>
         <input_file_ref idref="fl-ef"/>
      </object_component>
      <object_component id="oc-fc">
         <name>.data</name>
         <load_address>0x20002940</load_address>
         <run_address>0x20002940</run_address>
         <size>0x4</size>
         <input_file_ref idref="fl-3"/>
      </object_component>
      <object_component id="oc-28e">
         <name>.data</name>
         <load_address>0x20002938</load_address>
         <run_address>0x20002938</run_address>
         <size>0x5</size>
         <input_file_ref idref="fl-7"/>
      </object_component>
      <object_component id="oc-247">
         <name>.data:buffer1</name>
         <load_address>0x20002270</load_address>
         <run_address>0x20002270</run_address>
         <size>0x200</size>
         <input_file_ref idref="fl-7"/>
      </object_component>
      <object_component id="oc-24b">
         <name>.data:buffer2</name>
         <load_address>0x20002470</load_address>
         <run_address>0x20002470</run_address>
         <size>0x200</size>
         <input_file_ref idref="fl-7"/>
      </object_component>
      <object_component id="oc-24f">
         <name>.data:buffer3</name>
         <load_address>0x20002670</load_address>
         <run_address>0x20002670</run_address>
         <size>0x200</size>
         <input_file_ref idref="fl-7"/>
      </object_component>
      <object_component id="oc-100">
         <name>.data</name>
         <load_address>0x20002870</load_address>
         <run_address>0x20002870</run_address>
         <size>0x8c</size>
         <input_file_ref idref="fl-9"/>
      </object_component>
      <object_component id="oc-10d">
         <name>.data:paremeter</name>
         <load_address>0x200028fc</load_address>
         <run_address>0x200028fc</run_address>
         <size>0x24</size>
         <input_file_ref idref="fl-9"/>
      </object_component>
      <object_component id="oc-18c">
         <name>.data:model_func_pointer</name>
         <load_address>0x20002930</load_address>
         <run_address>0x20002930</run_address>
         <size>0x8</size>
         <input_file_ref idref="fl-9"/>
      </object_component>
      <object_component id="oc-3b4">
         <name>.data:$O1$$</name>
         <load_address>0x20002928</load_address>
         <run_address>0x20002928</run_address>
         <size>0x8</size>
         <input_file_ref idref="fl-e1"/>
      </object_component>
      <object_component id="oc-3d0">
         <name>.data</name>
         <load_address>0x20002944</load_address>
         <run_address>0x20002944</run_address>
         <size>0x4</size>
         <input_file_ref idref="fl-e2"/>
      </object_component>
      <object_component id="oc-2db">
         <name>.data:$O1$$</name>
         <load_address>0x20002920</load_address>
         <run_address>0x20002920</run_address>
         <size>0x8</size>
         <input_file_ref idref="fl-ea"/>
      </object_component>
      <object_component id="oc-244">
         <name>.common:monitorData1</name>
         <uninitialized>true</uninitialized>
         <run_address>0x20002c2c</run_address>
         <size>0x4</size>
      </object_component>
      <object_component id="oc-24a">
         <name>.common:monitorData2</name>
         <uninitialized>true</uninitialized>
         <run_address>0x20002c30</run_address>
         <size>0x4</size>
      </object_component>
      <object_component id="oc-24e">
         <name>.common:monitorData3</name>
         <uninitialized>true</uninitialized>
         <run_address>0x20002c34</run_address>
         <size>0x4</size>
      </object_component>
      <object_component id="oc-291">
         <name>.common:monitorData4</name>
         <uninitialized>true</uninitialized>
         <run_address>0x20002c38</run_address>
         <size>0x4</size>
      </object_component>
      <object_component id="oc-18a">
         <name>.common:ch1</name>
         <uninitialized>true</uninitialized>
         <run_address>0x20002bec</run_address>
         <size>0x4</size>
      </object_component>
      <object_component id="oc-df">
         <name>.common:ch4</name>
         <uninitialized>true</uninitialized>
         <run_address>0x20002bf0</run_address>
         <size>0x4</size>
      </object_component>
      <object_component id="oc-dc">
         <name>.common:ch5</name>
         <uninitialized>true</uninitialized>
         <run_address>0x20002bf4</run_address>
         <size>0x4</size>
      </object_component>
      <object_component id="oc-18b">
         <name>.common:udc_mean</name>
         <uninitialized>true</uninitialized>
         <run_address>0x20002b78</run_address>
         <size>0x2c</size>
      </object_component>
      <object_component id="oc-105">
         <name>.common:udc</name>
         <uninitialized>true</uninitialized>
         <run_address>0x20002c44</run_address>
         <size>0x4</size>
      </object_component>
      <object_component id="oc-170">
         <name>.common:ubus_s</name>
         <uninitialized>true</uninitialized>
         <run_address>0x20002c40</run_address>
         <size>0x4</size>
      </object_component>
      <object_component id="oc-10b">
         <name>.common:u_out_final</name>
         <uninitialized>true</uninitialized>
         <run_address>0x20002c3c</run_address>
         <size>0x4</size>
      </object_component>
      <object_component id="oc-ec">
         <name>.common:U_now</name>
         <uninitialized>true</uninitialized>
         <run_address>0x20002be4</run_address>
         <size>0x4</size>
      </object_component>
      <object_component id="oc-ed">
         <name>.common:I_now</name>
         <uninitialized>true</uninitialized>
         <run_address>0x20002bdc</run_address>
         <size>0x4</size>
      </object_component>
      <object_component id="oc-f5">
         <name>.common:U_pop</name>
         <uninitialized>true</uninitialized>
         <run_address>0x20002be8</run_address>
         <size>0x4</size>
      </object_component>
      <object_component id="oc-f7">
         <name>.common:I_pop</name>
         <uninitialized>true</uninitialized>
         <run_address>0x20002be0</run_address>
         <size>0x4</size>
      </object_component>
      <object_component id="oc-e6">
         <name>.common:cons_10_24</name>
         <uninitialized>true</uninitialized>
         <run_address>0x20002c00</run_address>
         <size>0x4</size>
      </object_component>
      <object_component id="oc-16e">
         <name>.common:cons_56_32</name>
         <uninitialized>true</uninitialized>
         <run_address>0x20002c0c</run_address>
         <size>0x4</size>
      </object_component>
      <object_component id="oc-175">
         <name>.common:cons_100</name>
         <uninitialized>true</uninitialized>
         <run_address>0x20002bfc</run_address>
         <size>0x4</size>
      </object_component>
      <object_component id="oc-10c">
         <name>.common:cons_512</name>
         <uninitialized>true</uninitialized>
         <run_address>0x20002c08</run_address>
         <size>0x4</size>
      </object_component>
      <object_component id="oc-16d">
         <name>.common:cons_5_12</name>
         <uninitialized>true</uninitialized>
         <run_address>0x20002c10</run_address>
         <size>0x4</size>
      </object_component>
      <object_component id="oc-16f">
         <name>.common:cons_w_L</name>
         <uninitialized>true</uninitialized>
         <run_address>0x20002c28</run_address>
         <size>0x4</size>
      </object_component>
      <object_component id="oc-110">
         <name>.common:cons_iqref</name>
         <uninitialized>true</uninitialized>
         <run_address>0x20002c1c</run_address>
         <size>0x4</size>
      </object_component>
      <object_component id="oc-111">
         <name>.common:cons_idref</name>
         <uninitialized>true</uninitialized>
         <run_address>0x20002c18</run_address>
         <size>0x4</size>
      </object_component>
      <object_component id="oc-171">
         <name>.common:cons_37_55</name>
         <uninitialized>true</uninitialized>
         <run_address>0x20002c04</run_address>
         <size>0x4</size>
      </object_component>
      <object_component id="oc-172">
         <name>.common:cons_0_387</name>
         <uninitialized>true</uninitialized>
         <run_address>0x20002bf8</run_address>
         <size>0x4</size>
      </object_component>
      <object_component id="oc-e0">
         <name>.common:cons_65535</name>
         <uninitialized>true</uninitialized>
         <run_address>0x20002c14</run_address>
         <size>0x4</size>
      </object_component>
      <object_component id="oc-173">
         <name>.common:cons_u_k</name>
         <uninitialized>true</uninitialized>
         <run_address>0x20002c24</run_address>
         <size>0x4</size>
      </object_component>
      <object_component id="oc-174">
         <name>.common:cons_u_b</name>
         <uninitialized>true</uninitialized>
         <run_address>0x20002c20</run_address>
         <size>0x4</size>
      </object_component>
      <object_component id="oc-ee">
         <name>.common:U_data</name>
         <uninitialized>true</uninitialized>
         <run_address>0x20002a18</run_address>
         <size>0xd0</size>
      </object_component>
      <object_component id="oc-f6">
         <name>.common:I_data</name>
         <uninitialized>true</uninitialized>
         <run_address>0x20002948</run_address>
         <size>0xd0</size>
      </object_component>
      <object_component id="oc-f8">
         <name>.common:U_alpha_beta</name>
         <uninitialized>true</uninitialized>
         <run_address>0x20002bb4</run_address>
         <size>0x8</size>
      </object_component>
      <object_component id="oc-f9">
         <name>.common:I_alpha_beta</name>
         <uninitialized>true</uninitialized>
         <run_address>0x20002ba4</run_address>
         <size>0x8</size>
      </object_component>
      <object_component id="oc-104">
         <name>.common:U_out_alpha_beta</name>
         <uninitialized>true</uninitialized>
         <run_address>0x20002bc4</run_address>
         <size>0x8</size>
      </object_component>
      <object_component id="oc-ff">
         <name>.common:U_in_U</name>
         <uninitialized>true</uninitialized>
         <run_address>0x20002bbc</run_address>
         <size>0x8</size>
      </object_component>
      <object_component id="oc-fb">
         <name>.common:I_in_U</name>
         <uninitialized>true</uninitialized>
         <run_address>0x20002bac</run_address>
         <size>0x8</size>
      </object_component>
      <object_component id="oc-103">
         <name>.common:U_out_dq</name>
         <uninitialized>true</uninitialized>
         <run_address>0x20002bcc</run_address>
         <size>0x8</size>
      </object_component>
      <object_component id="oc-fa">
         <name>.common:theta</name>
         <uninitialized>true</uninitialized>
         <run_address>0x20002bd4</run_address>
         <size>0x8</size>
      </object_component>
      <object_component id="oc-177">
         <name>.common:d_loop</name>
         <uninitialized>true</uninitialized>
         <run_address>0x20002ae8</run_address>
         <size>0x30</size>
      </object_component>
      <object_component id="oc-178">
         <name>.common:q_loop</name>
         <uninitialized>true</uninitialized>
         <run_address>0x20002b18</run_address>
         <size>0x30</size>
      </object_component>
      <object_component id="oc-176">
         <name>.common:vsi_loop</name>
         <uninitialized>true</uninitialized>
         <run_address>0x20002b48</run_address>
         <size>0x30</size>
      </object_component>
      <object_component id="oc-24">
         <name>.sysmem</name>
         <uninitialized>true</uninitialized>
         <run_address>0x20001270</run_address>
         <size>0x10</size>
         <input_file_ref idref="fl-e1"/>
      </object_component>
      <object_component id="oc-425">
         <name>.sysmem</name>
         <uninitialized>true</uninitialized>
         <run_address>0x20001270</run_address>
         <size>0x0</size>
      </object_component>
      <object_component id="oc-27">
         <name>.stack</name>
         <uninitialized>true</uninitialized>
         <run_address>0x20000270</run_address>
         <size>0x4</size>
         <input_file_ref idref="fl-e3"/>
      </object_component>
      <object_component id="oc-424">
         <name>.stack</name>
         <uninitialized>true</uninitialized>
         <run_address>0x20000270</run_address>
         <size>0x0</size>
      </object_component>
      <object_component id="oc-c5">
         <name>.debug_info</name>
         <load_address>0x0</load_address>
         <run_address>0x0</run_address>
         <size>0x311</size>
         <input_file_ref idref="fl-2"/>
      </object_component>
      <object_component id="oc-180">
         <name>.debug_info</name>
         <load_address>0x311</load_address>
         <run_address>0x311</run_address>
         <size>0x567</size>
         <input_file_ref idref="fl-2"/>
      </object_component>
      <object_component id="oc-77">
         <name>.debug_info</name>
         <load_address>0x878</load_address>
         <run_address>0x878</run_address>
         <size>0x26b</size>
         <input_file_ref idref="fl-2"/>
      </object_component>
      <object_component id="oc-39">
         <name>.debug_info</name>
         <load_address>0xae3</load_address>
         <run_address>0xae3</run_address>
         <size>0x84</size>
         <input_file_ref idref="fl-2"/>
      </object_component>
      <object_component id="oc-c0">
         <name>.debug_info</name>
         <load_address>0xb67</load_address>
         <run_address>0xb67</run_address>
         <size>0x2a4</size>
         <input_file_ref idref="fl-2"/>
      </object_component>
      <object_component id="oc-7c">
         <name>.debug_info</name>
         <load_address>0xe0b</load_address>
         <run_address>0xe0b</run_address>
         <size>0xbb</size>
         <input_file_ref idref="fl-2"/>
      </object_component>
      <object_component id="oc-1e2">
         <name>.debug_info</name>
         <load_address>0xec6</load_address>
         <run_address>0xec6</run_address>
         <size>0x1b2</size>
         <input_file_ref idref="fl-2"/>
      </object_component>
      <object_component id="oc-1d5">
         <name>.debug_info</name>
         <load_address>0x1078</load_address>
         <run_address>0x1078</run_address>
         <size>0x35</size>
         <input_file_ref idref="fl-2"/>
      </object_component>
      <object_component id="oc-1ef">
         <name>.debug_info</name>
         <load_address>0x10ad</load_address>
         <run_address>0x10ad</run_address>
         <size>0x352</size>
         <input_file_ref idref="fl-3"/>
      </object_component>
      <object_component id="oc-fd">
         <name>.debug_info</name>
         <load_address>0x13ff</load_address>
         <run_address>0x13ff</run_address>
         <size>0xe6</size>
         <input_file_ref idref="fl-3"/>
      </object_component>
      <object_component id="oc-f0">
         <name>.debug_info</name>
         <load_address>0x14e5</load_address>
         <run_address>0x14e5</run_address>
         <size>0x835</size>
         <input_file_ref idref="fl-3"/>
      </object_component>
      <object_component id="oc-1dd">
         <name>.debug_info</name>
         <load_address>0x1d1a</load_address>
         <run_address>0x1d1a</run_address>
         <size>0x2ca</size>
         <input_file_ref idref="fl-3"/>
      </object_component>
      <object_component id="oc-226">
         <name>.debug_info</name>
         <load_address>0x1fe4</load_address>
         <run_address>0x1fe4</run_address>
         <size>0x2c9</size>
         <input_file_ref idref="fl-4"/>
      </object_component>
      <object_component id="oc-20f">
         <name>.debug_info</name>
         <load_address>0x22ad</load_address>
         <run_address>0x22ad</run_address>
         <size>0xe5</size>
         <input_file_ref idref="fl-4"/>
      </object_component>
      <object_component id="oc-20c">
         <name>.debug_info</name>
         <load_address>0x2392</load_address>
         <run_address>0x2392</run_address>
         <size>0xe7</size>
         <input_file_ref idref="fl-4"/>
      </object_component>
      <object_component id="oc-11c">
         <name>.debug_info</name>
         <load_address>0x2479</load_address>
         <run_address>0x2479</run_address>
         <size>0x2216</size>
         <input_file_ref idref="fl-4"/>
      </object_component>
      <object_component id="oc-190">
         <name>.debug_info</name>
         <load_address>0x468f</load_address>
         <run_address>0x468f</run_address>
         <size>0x8b</size>
         <input_file_ref idref="fl-4"/>
      </object_component>
      <object_component id="oc-20a">
         <name>.debug_info</name>
         <load_address>0x471a</load_address>
         <run_address>0x471a</run_address>
         <size>0x34a</size>
         <input_file_ref idref="fl-6"/>
      </object_component>
      <object_component id="oc-113">
         <name>.debug_info</name>
         <load_address>0x4a64</load_address>
         <run_address>0x4a64</run_address>
         <size>0x642</size>
         <input_file_ref idref="fl-6"/>
      </object_component>
      <object_component id="oc-30d">
         <name>.debug_info</name>
         <load_address>0x50a6</load_address>
         <run_address>0x50a6</run_address>
         <size>0x86</size>
         <input_file_ref idref="fl-6"/>
      </object_component>
      <object_component id="oc-245">
         <name>.debug_info</name>
         <load_address>0x512c</load_address>
         <run_address>0x512c</run_address>
         <size>0x70e</size>
         <input_file_ref idref="fl-7"/>
      </object_component>
      <object_component id="oc-28f">
         <name>.debug_info</name>
         <load_address>0x583a</load_address>
         <run_address>0x583a</run_address>
         <size>0xff</size>
         <input_file_ref idref="fl-7"/>
      </object_component>
      <object_component id="oc-248">
         <name>.debug_info</name>
         <load_address>0x5939</load_address>
         <run_address>0x5939</run_address>
         <size>0xd8</size>
         <input_file_ref idref="fl-7"/>
      </object_component>
      <object_component id="oc-24c">
         <name>.debug_info</name>
         <load_address>0x5a11</load_address>
         <run_address>0x5a11</run_address>
         <size>0xd8</size>
         <input_file_ref idref="fl-7"/>
      </object_component>
      <object_component id="oc-250">
         <name>.debug_info</name>
         <load_address>0x5ae9</load_address>
         <run_address>0x5ae9</run_address>
         <size>0xd8</size>
         <input_file_ref idref="fl-7"/>
      </object_component>
      <object_component id="oc-12b">
         <name>.debug_info</name>
         <load_address>0x5bc1</load_address>
         <run_address>0x5bc1</run_address>
         <size>0xb83</size>
         <input_file_ref idref="fl-7"/>
      </object_component>
      <object_component id="oc-d8">
         <name>.debug_info</name>
         <load_address>0x6744</load_address>
         <run_address>0x6744</run_address>
         <size>0x372</size>
         <input_file_ref idref="fl-8"/>
      </object_component>
      <object_component id="oc-dd">
         <name>.debug_info</name>
         <load_address>0x6ab6</load_address>
         <run_address>0x6ab6</run_address>
         <size>0xfc9</size>
         <input_file_ref idref="fl-9"/>
      </object_component>
      <object_component id="oc-101">
         <name>.debug_info</name>
         <load_address>0x7a7f</load_address>
         <run_address>0x7a7f</run_address>
         <size>0x50b</size>
         <input_file_ref idref="fl-9"/>
      </object_component>
      <object_component id="oc-10e">
         <name>.debug_info</name>
         <load_address>0x7f8a</load_address>
         <run_address>0x7f8a</run_address>
         <size>0xdc</size>
         <input_file_ref idref="fl-9"/>
      </object_component>
      <object_component id="oc-18d">
         <name>.debug_info</name>
         <load_address>0x8066</load_address>
         <run_address>0x8066</run_address>
         <size>0xee</size>
         <input_file_ref idref="fl-9"/>
      </object_component>
      <object_component id="oc-a3">
         <name>.debug_info</name>
         <load_address>0x8154</load_address>
         <run_address>0x8154</run_address>
         <size>0x1015</size>
         <input_file_ref idref="fl-9"/>
      </object_component>
      <object_component id="oc-32">
         <name>.debug_info</name>
         <load_address>0x9169</load_address>
         <run_address>0x9169</run_address>
         <size>0x2b7</size>
         <input_file_ref idref="fl-b"/>
      </object_component>
      <object_component id="oc-13">
         <name>.debug_info</name>
         <load_address>0x9420</load_address>
         <run_address>0x9420</run_address>
         <size>0xf6</size>
         <input_file_ref idref="fl-b"/>
      </object_component>
      <object_component id="oc-2e">
         <name>.debug_info</name>
         <load_address>0x9516</load_address>
         <run_address>0x9516</run_address>
         <size>0x272</size>
         <input_file_ref idref="fl-b"/>
      </object_component>
      <object_component id="oc-e2">
         <name>.debug_info</name>
         <load_address>0x9788</load_address>
         <run_address>0x9788</run_address>
         <size>0x1bf</size>
         <input_file_ref idref="fl-16"/>
      </object_component>
      <object_component id="oc-107">
         <name>.debug_info</name>
         <load_address>0x9947</load_address>
         <run_address>0x9947</run_address>
         <size>0x1bf</size>
         <input_file_ref idref="fl-16"/>
      </object_component>
      <object_component id="oc-e9">
         <name>.debug_info</name>
         <load_address>0x9b06</load_address>
         <run_address>0x9b06</run_address>
         <size>0x1b1</size>
         <input_file_ref idref="fl-17"/>
      </object_component>
      <object_component id="oc-1ea">
         <name>.debug_info</name>
         <load_address>0x9cb7</load_address>
         <run_address>0x9cb7</run_address>
         <size>0x1bb</size>
         <input_file_ref idref="fl-18"/>
      </object_component>
      <object_component id="oc-390">
         <name>.debug_info</name>
         <load_address>0x9e72</load_address>
         <run_address>0x9e72</run_address>
         <size>0x2c5</size>
         <input_file_ref idref="fl-cf"/>
      </object_component>
      <object_component id="oc-2ce">
         <name>.debug_info</name>
         <load_address>0xa137</load_address>
         <run_address>0xa137</run_address>
         <size>0x24e</size>
         <input_file_ref idref="fl-cf"/>
      </object_component>
      <object_component id="oc-3d5">
         <name>.debug_info</name>
         <load_address>0xa385</load_address>
         <run_address>0xa385</run_address>
         <size>0x46</size>
         <input_file_ref idref="fl-cf"/>
      </object_component>
      <object_component id="oc-38b">
         <name>.debug_info</name>
         <load_address>0xa3cb</load_address>
         <run_address>0xa3cb</run_address>
         <size>0x39</size>
         <input_file_ref idref="fl-cf"/>
      </object_component>
      <object_component id="oc-21c">
         <name>.debug_info</name>
         <load_address>0xa404</load_address>
         <run_address>0xa404</run_address>
         <size>0x14c</size>
         <input_file_ref idref="fl-d0"/>
      </object_component>
      <object_component id="oc-2cb">
         <name>.debug_info</name>
         <load_address>0xa550</load_address>
         <run_address>0xa550</run_address>
         <size>0x13a</size>
         <input_file_ref idref="fl-d2"/>
      </object_component>
      <object_component id="oc-23a">
         <name>.debug_info</name>
         <load_address>0xa68a</load_address>
         <run_address>0xa68a</run_address>
         <size>0x13a</size>
         <input_file_ref idref="fl-d3"/>
      </object_component>
      <object_component id="oc-221">
         <name>.debug_info</name>
         <load_address>0xa7c4</load_address>
         <run_address>0xa7c4</run_address>
         <size>0x12e</size>
         <input_file_ref idref="fl-d4"/>
      </object_component>
      <object_component id="oc-187">
         <name>.debug_info</name>
         <load_address>0xa8f2</load_address>
         <run_address>0xa8f2</run_address>
         <size>0x13e</size>
         <input_file_ref idref="fl-d5"/>
      </object_component>
      <object_component id="oc-231">
         <name>.debug_info</name>
         <load_address>0xaa30</load_address>
         <run_address>0xaa30</run_address>
         <size>0x139</size>
         <input_file_ref idref="fl-d6"/>
      </object_component>
      <object_component id="oc-217">
         <name>.debug_info</name>
         <load_address>0xab69</load_address>
         <run_address>0xab69</run_address>
         <size>0x12c</size>
         <input_file_ref idref="fl-d7"/>
      </object_component>
      <object_component id="oc-2c6">
         <name>.debug_info</name>
         <load_address>0xac95</load_address>
         <run_address>0xac95</run_address>
         <size>0x12c</size>
         <input_file_ref idref="fl-d8"/>
      </object_component>
      <object_component id="oc-2c1">
         <name>.debug_info</name>
         <load_address>0xadc1</load_address>
         <run_address>0xadc1</run_address>
         <size>0x127</size>
         <input_file_ref idref="fl-d9"/>
      </object_component>
      <object_component id="oc-235">
         <name>.debug_info</name>
         <load_address>0xaee8</load_address>
         <run_address>0xaee8</run_address>
         <size>0x12e</size>
         <input_file_ref idref="fl-da"/>
      </object_component>
      <object_component id="oc-214">
         <name>.debug_info</name>
         <load_address>0xb016</load_address>
         <run_address>0xb016</run_address>
         <size>0x12d</size>
         <input_file_ref idref="fl-db"/>
      </object_component>
      <object_component id="oc-99">
         <name>.debug_info</name>
         <load_address>0xb143</load_address>
         <run_address>0xb143</run_address>
         <size>0x147</size>
         <input_file_ref idref="fl-dd"/>
      </object_component>
      <object_component id="oc-95">
         <name>.debug_info</name>
         <load_address>0xb28a</load_address>
         <run_address>0xb28a</run_address>
         <size>0x2d4</size>
         <input_file_ref idref="fl-de"/>
      </object_component>
      <object_component id="oc-53">
         <name>.debug_info</name>
         <load_address>0xb55e</load_address>
         <run_address>0xb55e</run_address>
         <size>0x1b5</size>
         <input_file_ref idref="fl-de"/>
      </object_component>
      <object_component id="oc-90">
         <name>.debug_info</name>
         <load_address>0xb713</load_address>
         <run_address>0xb713</run_address>
         <size>0x46</size>
         <input_file_ref idref="fl-de"/>
      </object_component>
      <object_component id="oc-cd">
         <name>.debug_info</name>
         <load_address>0xb759</load_address>
         <run_address>0xb759</run_address>
         <size>0x2c</size>
         <input_file_ref idref="fl-de"/>
      </object_component>
      <object_component id="oc-49">
         <name>.debug_info</name>
         <load_address>0xb785</load_address>
         <run_address>0xb785</run_address>
         <size>0x2a8</size>
         <input_file_ref idref="fl-df"/>
      </object_component>
      <object_component id="oc-1c">
         <name>.debug_info</name>
         <load_address>0xba2d</load_address>
         <run_address>0xba2d</run_address>
         <size>0x1ea</size>
         <input_file_ref idref="fl-df"/>
      </object_component>
      <object_component id="oc-44">
         <name>.debug_info</name>
         <load_address>0xbc17</load_address>
         <run_address>0xbc17</run_address>
         <size>0x46</size>
         <input_file_ref idref="fl-df"/>
      </object_component>
      <object_component id="oc-88">
         <name>.debug_info</name>
         <load_address>0xbc5d</load_address>
         <run_address>0xbc5d</run_address>
         <size>0x2c</size>
         <input_file_ref idref="fl-df"/>
      </object_component>
      <object_component id="oc-86">
         <name>.debug_info</name>
         <load_address>0xbc89</load_address>
         <run_address>0xbc89</run_address>
         <size>0x29e</size>
         <input_file_ref idref="fl-e0"/>
      </object_component>
      <object_component id="oc-16">
         <name>.debug_info</name>
         <load_address>0xbf27</load_address>
         <run_address>0xbf27</run_address>
         <size>0x250</size>
         <input_file_ref idref="fl-e0"/>
      </object_component>
      <object_component id="oc-34">
         <name>.debug_info</name>
         <load_address>0xc177</load_address>
         <run_address>0xc177</run_address>
         <size>0x60</size>
         <input_file_ref idref="fl-e0"/>
      </object_component>
      <object_component id="oc-c6">
         <name>.debug_info</name>
         <load_address>0xc1d7</load_address>
         <run_address>0xc1d7</run_address>
         <size>0x46</size>
         <input_file_ref idref="fl-e0"/>
      </object_component>
      <object_component id="oc-81">
         <name>.debug_info</name>
         <load_address>0xc21d</load_address>
         <run_address>0xc21d</run_address>
         <size>0x39</size>
         <input_file_ref idref="fl-e0"/>
      </object_component>
      <object_component id="oc-70">
         <name>.debug_info</name>
         <load_address>0xc256</load_address>
         <run_address>0xc256</run_address>
         <size>0x3b2</size>
         <input_file_ref idref="fl-e1"/>
      </object_component>
      <object_component id="oc-25">
         <name>.debug_info</name>
         <load_address>0xc608</load_address>
         <run_address>0xc608</run_address>
         <size>0x10c</size>
         <input_file_ref idref="fl-e1"/>
      </object_component>
      <object_component id="oc-3b5">
         <name>.debug_info</name>
         <load_address>0xc714</load_address>
         <run_address>0xc714</run_address>
         <size>0x13f</size>
         <input_file_ref idref="fl-e1"/>
      </object_component>
      <object_component id="oc-302">
         <name>.debug_info</name>
         <load_address>0xc853</load_address>
         <run_address>0xc853</run_address>
         <size>0x18e</size>
         <input_file_ref idref="fl-e1"/>
      </object_component>
      <object_component id="oc-308">
         <name>.debug_info</name>
         <load_address>0xc9e1</load_address>
         <run_address>0xc9e1</run_address>
         <size>0x19f</size>
         <input_file_ref idref="fl-e1"/>
      </object_component>
      <object_component id="oc-207">
         <name>.debug_info</name>
         <load_address>0xcb80</load_address>
         <run_address>0xcb80</run_address>
         <size>0x203</size>
         <input_file_ref idref="fl-e1"/>
      </object_component>
      <object_component id="oc-bb">
         <name>.debug_info</name>
         <load_address>0xcd83</load_address>
         <run_address>0xcd83</run_address>
         <size>0xb2</size>
         <input_file_ref idref="fl-e1"/>
      </object_component>
      <object_component id="oc-b6">
         <name>.debug_info</name>
         <load_address>0xce35</load_address>
         <run_address>0xce35</run_address>
         <size>0x2c</size>
         <input_file_ref idref="fl-e1"/>
      </object_component>
      <object_component id="oc-3d4">
         <name>.debug_info</name>
         <load_address>0xce61</load_address>
         <run_address>0xce61</run_address>
         <size>0x289</size>
         <input_file_ref idref="fl-e2"/>
      </object_component>
      <object_component id="oc-3d1">
         <name>.debug_info</name>
         <load_address>0xd0ea</load_address>
         <run_address>0xd0ea</run_address>
         <size>0x10e</size>
         <input_file_ref idref="fl-e2"/>
      </object_component>
      <object_component id="oc-387">
         <name>.debug_info</name>
         <load_address>0xd1f8</load_address>
         <run_address>0xd1f8</run_address>
         <size>0x14e</size>
         <input_file_ref idref="fl-e2"/>
      </object_component>
      <object_component id="oc-28">
         <name>.debug_info</name>
         <load_address>0xd346</load_address>
         <run_address>0xd346</run_address>
         <size>0x10b</size>
         <input_file_ref idref="fl-e3"/>
      </object_component>
      <object_component id="oc-5d">
         <name>.debug_info</name>
         <load_address>0xd451</load_address>
         <run_address>0xd451</run_address>
         <size>0x1a9</size>
         <input_file_ref idref="fl-e3"/>
      </object_component>
      <object_component id="oc-40">
         <name>.debug_info</name>
         <load_address>0xd5fa</load_address>
         <run_address>0xd5fa</run_address>
         <size>0x119</size>
         <input_file_ref idref="fl-e5"/>
      </object_component>
      <object_component id="oc-2e2">
         <name>.debug_info</name>
         <load_address>0xd713</load_address>
         <run_address>0xd713</run_address>
         <size>0x4b3</size>
         <input_file_ref idref="fl-e6"/>
      </object_component>
      <object_component id="oc-1a2">
         <name>.debug_info</name>
         <load_address>0xdbc6</load_address>
         <run_address>0xdbc6</run_address>
         <size>0x1a6</size>
         <input_file_ref idref="fl-e6"/>
      </object_component>
      <object_component id="oc-3a1">
         <name>.debug_info</name>
         <load_address>0xdd6c</load_address>
         <run_address>0xdd6c</run_address>
         <size>0x39</size>
         <input_file_ref idref="fl-e6"/>
      </object_component>
      <object_component id="oc-3df">
         <name>.debug_info</name>
         <load_address>0xdda5</load_address>
         <run_address>0xdda5</run_address>
         <size>0x39</size>
         <input_file_ref idref="fl-e6"/>
      </object_component>
      <object_component id="oc-3a6">
         <name>.debug_info</name>
         <load_address>0xddde</load_address>
         <run_address>0xddde</run_address>
         <size>0x39</size>
         <input_file_ref idref="fl-e6"/>
      </object_component>
      <object_component id="oc-3ab">
         <name>.debug_info</name>
         <load_address>0xde17</load_address>
         <run_address>0xde17</run_address>
         <size>0xcd</size>
         <input_file_ref idref="fl-e6"/>
      </object_component>
      <object_component id="oc-9d">
         <name>.debug_info</name>
         <load_address>0xdee4</load_address>
         <run_address>0xdee4</run_address>
         <size>0x153</size>
         <input_file_ref idref="fl-e7"/>
      </object_component>
      <object_component id="oc-196">
         <name>.debug_info</name>
         <load_address>0xe037</load_address>
         <run_address>0xe037</run_address>
         <size>0x122</size>
         <input_file_ref idref="fl-e9"/>
      </object_component>
      <object_component id="oc-39b">
         <name>.debug_info</name>
         <load_address>0xe159</load_address>
         <run_address>0xe159</run_address>
         <size>0x2c9</size>
         <input_file_ref idref="fl-ea"/>
      </object_component>
      <object_component id="oc-2dc">
         <name>.debug_info</name>
         <load_address>0xe422</load_address>
         <run_address>0xe422</run_address>
         <size>0x11e</size>
         <input_file_ref idref="fl-ea"/>
      </object_component>
      <object_component id="oc-394">
         <name>.debug_info</name>
         <load_address>0xe540</load_address>
         <run_address>0xe540</run_address>
         <size>0x12e</size>
         <input_file_ref idref="fl-ea"/>
      </object_component>
      <object_component id="oc-2fc">
         <name>.debug_info</name>
         <load_address>0xe66e</load_address>
         <run_address>0xe66e</run_address>
         <size>0x3ac</size>
         <input_file_ref idref="fl-ec"/>
      </object_component>
      <object_component id="oc-1fe">
         <name>.debug_info</name>
         <load_address>0xea1a</load_address>
         <run_address>0xea1a</run_address>
         <size>0x2d1</size>
         <input_file_ref idref="fl-ec"/>
      </object_component>
      <object_component id="oc-1f8">
         <name>.debug_info</name>
         <load_address>0xeceb</load_address>
         <run_address>0xeceb</run_address>
         <size>0x260</size>
         <input_file_ref idref="fl-ec"/>
      </object_component>
      <object_component id="oc-32c">
         <name>.debug_info</name>
         <load_address>0xef4b</load_address>
         <run_address>0xef4b</run_address>
         <size>0x26b</size>
         <input_file_ref idref="fl-ec"/>
      </object_component>
      <object_component id="oc-31c">
         <name>.debug_info</name>
         <load_address>0xf1b6</load_address>
         <run_address>0xf1b6</run_address>
         <size>0x297</size>
         <input_file_ref idref="fl-ec"/>
      </object_component>
      <object_component id="oc-327">
         <name>.debug_info</name>
         <load_address>0xf44d</load_address>
         <run_address>0xf44d</run_address>
         <size>0xef</size>
         <input_file_ref idref="fl-ec"/>
      </object_component>
      <object_component id="oc-228">
         <name>.debug_info</name>
         <load_address>0xf53c</load_address>
         <run_address>0xf53c</run_address>
         <size>0xbb</size>
         <input_file_ref idref="fl-ec"/>
      </object_component>
      <object_component id="oc-162">
         <name>.debug_info</name>
         <load_address>0xf5f7</load_address>
         <run_address>0xf5f7</run_address>
         <size>0x22e</size>
         <input_file_ref idref="fl-ed"/>
      </object_component>
      <object_component id="oc-168">
         <name>.debug_info</name>
         <load_address>0xf825</load_address>
         <run_address>0xf825</run_address>
         <size>0x216</size>
         <input_file_ref idref="fl-ed"/>
      </object_component>
      <object_component id="oc-342">
         <name>.debug_info</name>
         <load_address>0xfa3b</load_address>
         <run_address>0xfa3b</run_address>
         <size>0x3e4</size>
         <input_file_ref idref="fl-ee"/>
      </object_component>
      <object_component id="oc-33f">
         <name>.debug_info</name>
         <load_address>0xfe1f</load_address>
         <run_address>0xfe1f</run_address>
         <size>0x164</size>
         <input_file_ref idref="fl-ee"/>
      </object_component>
      <object_component id="oc-344">
         <name>.debug_info</name>
         <load_address>0xff83</load_address>
         <run_address>0xff83</run_address>
         <size>0x2bc</size>
         <input_file_ref idref="fl-ee"/>
      </object_component>
      <object_component id="oc-34a">
         <name>.debug_info</name>
         <load_address>0x1023f</load_address>
         <run_address>0x1023f</run_address>
         <size>0x31f</size>
         <input_file_ref idref="fl-ee"/>
      </object_component>
      <object_component id="oc-259">
         <name>.debug_info</name>
         <load_address>0x1055e</load_address>
         <run_address>0x1055e</run_address>
         <size>0x29b</size>
         <input_file_ref idref="fl-ee"/>
      </object_component>
      <object_component id="oc-253">
         <name>.debug_info</name>
         <load_address>0x107f9</load_address>
         <run_address>0x107f9</run_address>
         <size>0x289</size>
         <input_file_ref idref="fl-ee"/>
      </object_component>
      <object_component id="oc-2a4">
         <name>.debug_info</name>
         <load_address>0x10a82</load_address>
         <run_address>0x10a82</run_address>
         <size>0x3b7</size>
         <input_file_ref idref="fl-ef"/>
      </object_component>
      <object_component id="oc-2a1">
         <name>.debug_info</name>
         <load_address>0x10e39</load_address>
         <run_address>0x10e39</run_address>
         <size>0x15b</size>
         <input_file_ref idref="fl-ef"/>
      </object_component>
      <object_component id="oc-37d">
         <name>.debug_info</name>
         <load_address>0x10f94</load_address>
         <run_address>0x10f94</run_address>
         <size>0x160</size>
         <input_file_ref idref="fl-ef"/>
      </object_component>
      <object_component id="oc-2ad">
         <name>.debug_info</name>
         <load_address>0x110f4</load_address>
         <run_address>0x110f4</run_address>
         <size>0x2ca</size>
         <input_file_ref idref="fl-ef"/>
      </object_component>
      <object_component id="oc-15d">
         <name>.debug_info</name>
         <load_address>0x113be</load_address>
         <run_address>0x113be</run_address>
         <size>0x247</size>
         <input_file_ref idref="fl-ef"/>
      </object_component>
      <object_component id="oc-145">
         <name>.debug_info</name>
         <load_address>0x11605</load_address>
         <run_address>0x11605</run_address>
         <size>0x271</size>
         <input_file_ref idref="fl-ef"/>
      </object_component>
      <object_component id="oc-22d">
         <name>.debug_info</name>
         <load_address>0x11876</load_address>
         <run_address>0x11876</run_address>
         <size>0x441</size>
         <input_file_ref idref="fl-f0"/>
      </object_component>
      <object_component id="oc-29c">
         <name>.debug_info</name>
         <load_address>0x11cb7</load_address>
         <run_address>0x11cb7</run_address>
         <size>0x156</size>
         <input_file_ref idref="fl-f0"/>
      </object_component>
      <object_component id="oc-11f">
         <name>.debug_info</name>
         <load_address>0x11e0d</load_address>
         <run_address>0x11e0d</run_address>
         <size>0x286</size>
         <input_file_ref idref="fl-f0"/>
      </object_component>
      <object_component id="oc-125">
         <name>.debug_info</name>
         <load_address>0x12093</load_address>
         <run_address>0x12093</run_address>
         <size>0x2e4</size>
         <input_file_ref idref="fl-f0"/>
      </object_component>
      <object_component id="oc-137">
         <name>.debug_info</name>
         <load_address>0x12377</load_address>
         <run_address>0x12377</run_address>
         <size>0x2be</size>
         <input_file_ref idref="fl-f0"/>
      </object_component>
      <object_component id="oc-323">
         <name>.debug_info</name>
         <load_address>0x12635</load_address>
         <run_address>0x12635</run_address>
         <size>0x51</size>
         <input_file_ref idref="fl-f0"/>
      </object_component>
      <object_component id="oc-29a">
         <name>.debug_info</name>
         <load_address>0x12686</load_address>
         <run_address>0x12686</run_address>
         <size>0x3c7</size>
         <input_file_ref idref="fl-f1"/>
      </object_component>
      <object_component id="oc-376">
         <name>.debug_info</name>
         <load_address>0x12a4d</load_address>
         <run_address>0x12a4d</run_address>
         <size>0x163</size>
         <input_file_ref idref="fl-f1"/>
      </object_component>
      <object_component id="oc-379">
         <name>.debug_info</name>
         <load_address>0x12bb0</load_address>
         <run_address>0x12bb0</run_address>
         <size>0x175</size>
         <input_file_ref idref="fl-f1"/>
      </object_component>
      <object_component id="oc-13d">
         <name>.debug_info</name>
         <load_address>0x12d25</load_address>
         <run_address>0x12d25</run_address>
         <size>0x2c3</size>
         <input_file_ref idref="fl-f1"/>
      </object_component>
      <object_component id="oc-2a7">
         <name>.debug_info</name>
[...]
         <name>Display</name>
         <value>0xbd9</value>
         <object_component_ref idref="oc-a2"/>
      </symbol>
      <symbol id="sm-2c3">
         <name>paremeter_choose_sub</name>
         <value>0x821</value>
         <object_component_ref idref="oc-a2"/>
      </symbol>
      <symbol id="sm-2c4">
         <name>rest</name>
         <value>0x399</value>
         <object_component_ref idref="oc-a2"/>
      </symbol>
      <symbol id="sm-2c5">
         <name>q_kp</name>
         <value>0x2000289c</value>
         <object_component_ref idref="oc-100"/>
      </symbol>
      <symbol id="sm-2c6">
         <name>q_ki</name>
         <value>0x200028a0</value>
         <object_component_ref idref="oc-100"/>
      </symbol>
      <symbol id="sm-2c7">
         <name>q_kd</name>
         <value>0x200028a4</value>
         <object_component_ref idref="oc-100"/>
      </symbol>
      <symbol id="sm-2c8">
         <name>doADC</name>
         <value>0x271</value>
         <object_component_ref idref="oc-a2"/>
      </symbol>
      <symbol id="sm-2c9">
         <name>a</name>
         <value>0x200028e4</value>
         <object_component_ref idref="oc-100"/>
      </symbol>
      <symbol id="sm-2ca">
         <name>ubus_set</name>
         <value>0x2000287c</value>
         <object_component_ref idref="oc-100"/>
      </symbol>
      <symbol id="sm-2cb">
         <name>paremeter_group_sub</name>
         <value>0x581</value>
         <object_component_ref idref="oc-a2"/>
      </symbol>
      <symbol id="sm-2cc">
         <name>paremeter_flag</name>
         <value>0x200028dc</value>
         <object_component_ref idref="oc-100"/>
      </symbol>
      <symbol id="sm-2cd">
         <name>idref</name>
         <value>0x20002884</value>
         <object_component_ref idref="oc-100"/>
      </symbol>
      <symbol id="sm-2ce">
         <name>PID</name>
         <value>0x1411</value>
         <object_component_ref idref="oc-a2"/>
      </symbol>
      <symbol id="sm-2cf">
         <name>main</name>
         <value>0x1061</value>
         <object_component_ref idref="oc-a2"/>
      </symbol>
      <symbol id="sm-2d0">
         <name>protect_flag</name>
         <value>0x20002874</value>
         <object_component_ref idref="oc-100"/>
      </symbol>
      <symbol id="sm-2d1">
         <name>duty_u2</name>
         <value>0x200028f0</value>
         <object_component_ref idref="oc-100"/>
      </symbol>
      <symbol id="sm-2d2">
         <name>Timer1AIntHandler</name>
         <value>0x1349</value>
         <object_component_ref idref="oc-a2"/>
      </symbol>
      <symbol id="sm-2d3">
         <name>duty_0</name>
         <value>0x200028f4</value>
         <object_component_ref idref="oc-100"/>
      </symbol>
      <symbol id="sm-2d4">
         <name>d_kp</name>
         <value>0x20002890</value>
         <object_component_ref idref="oc-100"/>
      </symbol>
      <symbol id="sm-2d5">
         <name>d_ki</name>
         <value>0x20002894</value>
         <object_component_ref idref="oc-100"/>
      </symbol>
      <symbol id="sm-2d6">
         <name>d_kd</name>
         <value>0x20002898</value>
         <object_component_ref idref="oc-100"/>
      </symbol>
      <symbol id="sm-2d7">
         <name>k1</name>
         <value>0x200028b4</value>
         <object_component_ref idref="oc-100"/>
      </symbol>
      <symbol id="sm-2d8">
         <name>init</name>
         <value>0xa71</value>
         <object_component_ref idref="oc-a2"/>
      </symbol>
      <symbol id="sm-2d9">
         <name>fhz</name>
         <value>0x200028c0</value>
         <object_component_ref idref="oc-100"/>
      </symbol>
      <symbol id="sm-2da">
         <name>duty_i1</name>
         <value>0x200028ec</value>
         <object_component_ref idref="oc-100"/>
      </symbol>
      <symbol id="sm-2db">
         <name>fhz_last</name>
         <value>0x200028bc</value>
         <object_component_ref idref="oc-100"/>
      </symbol>
      <symbol id="sm-2dc">
         <name>u_rms</name>
         <value>0x200028cc</value>
         <object_component_ref idref="oc-100"/>
      </symbol>
      <symbol id="sm-2dd">
         <name>paremeter_display</name>
         <value>0x669</value>
         <object_component_ref idref="oc-a2"/>
      </symbol>
      <symbol id="sm-2de">
         <name>model_func_pointer</name>
         <value>0x20002930</value>
         <object_component_ref idref="oc-18c"/>
      </symbol>
      <symbol id="sm-2df">
         <name>paremeter_add</name>
         <value>0x909</value>
         <object_component_ref idref="oc-a2"/>
      </symbol>
      <symbol id="sm-2e0">
         <name>paremeter_group_flag</name>
         <value>0x200028d4</value>
         <object_component_ref idref="oc-100"/>
      </symbol>
      <symbol id="sm-2e1">
         <name>paremeter_group_add</name>
         <value>0x5f9</value>
         <object_component_ref idref="oc-a2"/>
      </symbol>
      <symbol id="sm-2e2">
         <name>b1</name>
         <value>0x200028b8</value>
         <object_component_ref idref="oc-100"/>
      </symbol>
      <symbol id="sm-2e3">
         <name>iq_test_f</name>
         <value>0x200028c8</value>
         <object_component_ref idref="oc-100"/>
      </symbol>
      <symbol id="sm-2e4">
         <name>paremeter_choose_flag</name>
         <value>0x200028d8</value>
         <object_component_ref idref="oc-100"/>
      </symbol>
      <symbol id="sm-2e5">
         <name>a_last</name>
         <value>0x200028e8</value>
         <object_component_ref idref="oc-100"/>
      </symbol>
      <symbol id="sm-2e6">
         <name>keydat_last</name>
         <value>0x200028e1</value>
         <object_component_ref idref="oc-100"/>
      </symbol>
      <symbol id="sm-2e7">
         <name>paremeter</name>
         <value>0x200028fc</value>
         <object_component_ref idref="oc-10d"/>
      </symbol>
      <symbol id="sm-2e8">
         <name>Timer0IntHandler</name>
         <value>0x1569</value>
         <object_component_ref idref="oc-a2"/>
      </symbol>
      <symbol id="sm-2e9">
         <name>paremeter_choose_add</name>
         <value>0x891</value>
         <object_component_ref idref="oc-a2"/>
      </symbol>
      <symbol id="sm-2ea">
         <name>key_flag</name>
         <value>0x200028f8</value>
         <object_component_ref idref="oc-100"/>
      </symbol>
      <symbol id="sm-2eb">
         <name>time_flag</name>
         <value>0x20002878</value>
         <object_component_ref idref="oc-100"/>
      </symbol>
      <symbol id="sm-308">
         <name>ResetISR</name>
         <value>0x4a51</value>
         <object_component_ref idref="oc-2a"/>
      </symbol>
      <symbol id="sm-309">
         <name>g_pfnVectors</name>
         <value>0x0</value>
         <object_component_ref idref="oc-12"/>
      </symbol>
      <symbol id="sm-31e">
         <name>_IQ15div</name>
         <value>0x41f5</value>
         <object_component_ref idref="oc-e1"/>
      </symbol>
      <symbol id="sm-31f">
         <name>_IQ20div</name>
         <value>0x4285</value>
         <object_component_ref idref="oc-106"/>
      </symbol>
      <symbol id="sm-328">
         <name>_IQ20mpy</name>
         <value>0x4b09</value>
         <object_component_ref idref="oc-e7"/>
      </symbol>
      <symbol id="sm-335">
         <name>_IQ20sqrt</name>
         <value>0x43fd</value>
         <object_component_ref idref="oc-1e9"/>
      </symbol>
      <symbol id="sm-339">
         <name>isqrt_table</name>
         <value>0x23e4</value>
         <object_component_ref idref="oc-2f7"/>
      </symbol>
      <symbol id="sm-365">
         <name>sqrtl</name>
         <value>0x3a05</value>
         <object_component_ref idref="oc-2cd"/>
      </symbol>
      <symbol id="sm-366">
         <name>sqrt</name>
         <value>0x3a05</value>
         <object_component_ref idref="oc-2cd"/>
      </symbol>
      <symbol id="sm-37d">
         <name>__aeabi_dsub</name>
         <value>0x36e1</value>
         <object_component_ref idref="oc-21b"/>
      </symbol>
      <symbol id="sm-37e">
         <name>__aeabi_dadd</name>
         <value>0x36eb</value>
         <object_component_ref idref="oc-21b"/>
      </symbol>
      <symbol id="sm-393">
         <name>__aeabi_ddiv</name>
         <value>0x3b5d</value>
         <object_component_ref idref="oc-2c8"/>
      </symbol>
      <symbol id="sm-39e">
         <name>__aeabi_dmul</name>
         <value>0x3dad</value>
         <object_component_ref idref="oc-239"/>
      </symbol>
      <symbol id="sm-3a8">
         <name>__aeabi_d2iz</name>
         <value>0x4699</value>
         <object_component_ref idref="oc-220"/>
      </symbol>
      <symbol id="sm-3b4">
         <name>__aeabi_d2f</name>
         <value>0x438f</value>
         <object_component_ref idref="oc-185"/>
      </symbol>
      <symbol id="sm-3be">
         <name>__aeabi_d2uiz</name>
         <value>0x476d</value>
         <object_component_ref idref="oc-22f"/>
      </symbol>
      <symbol id="sm-3c9">
         <name>__aeabi_f2d</name>
         <value>0x4831</value>
         <object_component_ref idref="oc-216"/>
      </symbol>
      <symbol id="sm-3d3">
         <name>__aeabi_i2d</name>
         <value>0x496d</value>
         <object_component_ref idref="oc-2c3"/>
      </symbol>
      <symbol id="sm-3dd">
         <name>__aeabi_l2d</name>
         <value>0x47f1</value>
         <object_component_ref idref="oc-2be"/>
      </symbol>
      <symbol id="sm-3e7">
         <name>__aeabi_ui2d</name>
         <value>0x4a11</value>
         <object_component_ref idref="oc-234"/>
      </symbol>
      <symbol id="sm-3f2">
         <name>__aeabi_ul2f</name>
         <value>0x4869</value>
         <object_component_ref idref="oc-211"/>
      </symbol>
      <symbol id="sm-402">
         <name>__aeabi_memset</name>
         <value>0x4317</value>
         <object_component_ref idref="oc-96"/>
      </symbol>
      <symbol id="sm-403">
         <name>memset</name>
         <value>0x431d</value>
         <object_component_ref idref="oc-96"/>
      </symbol>
      <symbol id="sm-404">
         <name>__aeabi_memset8</name>
         <value>0x4317</value>
         <object_component_ref idref="oc-96"/>
      </symbol>
      <symbol id="sm-405">
         <name>__aeabi_memset4</name>
         <value>0x4317</value>
         <object_component_ref idref="oc-96"/>
      </symbol>
      <symbol id="sm-406">
         <name>__aeabi_memclr8</name>
         <value>0x4315</value>
         <object_component_ref idref="oc-96"/>
      </symbol>
      <symbol id="sm-407">
         <name>__aeabi_memclr4</name>
         <value>0x4315</value>
         <object_component_ref idref="oc-96"/>
      </symbol>
      <symbol id="sm-408">
         <name>__aeabi_memclr</name>
         <value>0x4315</value>
         <object_component_ref idref="oc-96"/>
      </symbol>
      <symbol id="sm-41f">
         <name>__TI_zero_init</name>
         <value>0x4b5d</value>
         <object_component_ref idref="oc-50"/>
      </symbol>
      <symbol id="sm-436">
         <name>__TI_decompress_none</name>
         <value>0x4b43</value>
         <object_component_ref idref="oc-1b"/>
      </symbol>
      <symbol id="sm-459">
         <name>__TI_decompress_lzss</name>
         <value>0x4539</value>
         <object_component_ref idref="oc-15"/>
      </symbol>
      <symbol id="sm-4ae">
         <name>_sys_memory</name>
         <value>0x20001270</value>
         <object_component_ref idref="oc-24"/>
      </symbol>
      <symbol id="sm-4af">
         <name>free</name>
         <value>0x3f9d</value>
         <object_component_ref idref="oc-203"/>
      </symbol>
      <symbol id="sm-4c5">
         <name>__aeabi_errno_addr</name>
         <value>0x4ba1</value>
         <object_component_ref idref="oc-384"/>
      </symbol>
      <symbol id="sm-4c6">
         <name>errno</name>
         <value>0x20002944</value>
         <object_component_ref idref="oc-3d0"/>
      </symbol>
      <symbol id="sm-4d9">
         <name>__stack</name>
         <value>0x20000270</value>
         <object_component_ref idref="oc-27"/>
      </symbol>
      <symbol id="sm-4da">
         <name>_c_int00_noargs</name>
         <value>0x4909</value>
         <object_component_ref idref="oc-5c"/>
      </symbol>
      <symbol id="sm-4f6">
         <name>memcpy</name>
         <value>0x4159</value>
         <object_component_ref idref="oc-3e"/>
      </symbol>
      <symbol id="sm-4f7">
         <name>__aeabi_memcpy</name>
         <value>0x4159</value>
         <object_component_ref idref="oc-3e"/>
      </symbol>
      <symbol id="sm-4f8">
         <name>__aeabi_memcpy8</name>
         <value>0x4159</value>
         <object_component_ref idref="oc-3e"/>
      </symbol>
      <symbol id="sm-4f9">
         <name>__aeabi_memcpy4</name>
         <value>0x4159</value>
         <object_component_ref idref="oc-3e"/>
      </symbol>
      <symbol id="sm-521">
         <name>__TI_auto_init_nobinit_nopinit</name>
         <value>0x4729</value>
         <object_component_ref idref="oc-1a1"/>
      </symbol>
      <symbol id="sm-52b">
         <name>_system_pre_init</name>
         <value>0x4a4d</value>
         <object_component_ref idref="oc-9c"/>
      </symbol>
      <symbol id="sm-537">
         <name>C$$EXIT</name>
         <value>0x4ba9</value>
         <object_component_ref idref="oc-195"/>
      </symbol>
      <symbol id="sm-538">
         <name>abort</name>
         <value>0x4ba9</value>
         <object_component_ref idref="oc-195"/>
      </symbol>
      <symbol id="sm-54d">
         <name>_nop</name>
         <value>0x23e3</value>
         <object_component_ref idref="oc-393"/>
      </symbol>
      <symbol id="sm-54e">
         <name>_lock</name>
         <value>0x20002920</value>
         <object_component_ref idref="oc-2db"/>
      </symbol>
      <symbol id="sm-54f">
         <name>_unlock</name>
         <value>0x20002924</value>
         <object_component_ref idref="oc-2db"/>
      </symbol>
      <symbol id="sm-587">
         <name>FlashErase</name>
         <value>0x493d</value>
         <object_component_ref idref="oc-1f7"/>
      </symbol>
      <symbol id="sm-588">
         <name>FlashProgram</name>
         <value>0x4469</value>
         <object_component_ref idref="oc-1fd"/>
      </symbol>
      <symbol id="sm-59e">
         <name>FPULazyStackingEnable</name>
         <value>0x4ae9</value>
         <object_component_ref idref="oc-161"/>
      </symbol>
      <symbol id="sm-59f">
         <name>FPUEnable</name>
         <value>0x4ad9</value>
         <object_component_ref idref="oc-167"/>
      </symbol>
      <symbol id="sm-5d9">
         <name>GPIOPinConfigure</name>
         <value>0x4601</value>
         <object_component_ref idref="oc-252"/>
      </symbol>
      <symbol id="sm-5da">
         <name>GPIOPinTypeUART</name>
         <value>0x4a9b</value>
         <object_component_ref idref="oc-258"/>
      </symbol>
      <symbol id="sm-5db">
         <name>GPIODirModeSet</name>
         <value>0x499b</value>
         <object_component_ref idref="oc-343"/>
      </symbol>
      <symbol id="sm-5dc">
         <name>GPIOPadConfigSet</name>
         <value>0x3899</value>
         <object_component_ref idref="oc-349"/>
      </symbol>
      <symbol id="sm-616">
         <name>IntEnable</name>
         <value>0x44d1</value>
         <object_component_ref idref="oc-142"/>
      </symbol>
      <symbol id="sm-617">
         <name>IntRegister</name>
         <value>0x48a1</value>
         <object_component_ref idref="oc-2ac"/>
      </symbol>
      <symbol id="sm-618">
         <name>g_pfnRAMVectors</name>
         <value>0x20000000</value>
         <object_component_ref idref="oc-37c"/>
      </symbol>
      <symbol id="sm-619">
         <name>IntMasterEnable</name>
         <value>0x4af9</value>
         <object_component_ref idref="oc-15a"/>
      </symbol>
      <symbol id="sm-66c">
         <name>SysCtlClockSet</name>
         <value>0x3ea9</value>
         <object_component_ref idref="oc-124"/>
      </symbol>
      <symbol id="sm-66d">
         <name>SysCtlDelay</name>
         <value>0x30a3</value>
         <object_component_ref idref="oc-160"/>
      </symbol>
      <symbol id="sm-66e">
         <name>SysCtlPeripheralEnable</name>
         <value>0x48d5</value>
         <object_component_ref idref="oc-11e"/>
      </symbol>
      <symbol id="sm-66f">
         <name>SysCtlClockGet</name>
         <value>0x3c95</value>
         <object_component_ref idref="oc-136"/>
      </symbol>
      <symbol id="sm-6ca">
         <name>TimerLoadSet</name>
         <value>0x4ac5</value>
         <object_component_ref idref="oc-13c"/>
      </symbol>
      <symbol id="sm-6cb">
         <name>TimerIntRegister</name>
         <value>0x4a6b</value>
         <object_component_ref idref="oc-14e"/>
      </symbol>
      <symbol id="sm-6cc">
         <name>TimerEnable</name>
         <value>0x4b19</value>
         <object_component_ref idref="oc-154"/>
      </symbol>
      <symbol id="sm-6cd">
         <name>TimerIntEnable</name>
         <value>0x4b87</value>
         <object_component_ref idref="oc-148"/>
      </symbol>
      <symbol id="sm-6ce">
         <name>TimerConfigure</name>
         <value>0x45a1</value>
         <object_component_ref idref="oc-130"/>
      </symbol>
      <symbol id="sm-6cf">
         <name>TimerIntClear</name>
         <value>0x2be5</value>
         <object_component_ref idref="oc-179"/>
      </symbol>
      <symbol id="sm-758">
         <name>UARTFIFODisable</name>
         <value>0x4b73</value>
         <object_component_ref idref="oc-264"/>
      </symbol>
      <symbol id="sm-759">
         <name>UARTConfigSetExpClk</name>
         <value>0x46e1</value>
         <object_component_ref idref="oc-25e"/>
      </symbol>
      <symbol id="sm-75a">
         <name>UARTDisable</name>
         <value>0x49f1</value>
         <object_component_ref idref="oc-350"/>
      </symbol>
      <symbol id="sm-75b">
         <name>UARTBusy</name>
         <value>0x4b8f</value>
         <object_component_ref idref="oc-292"/>
      </symbol>
      <symbol id="sm-75c">
         <name>UARTIntEnable</name>
         <value>0x4b97</value>
         <object_component_ref idref="oc-26a"/>
      </symbol>
      <symbol id="sm-75d">
         <name>UARTCharsAvail</name>
         <value>0x4b35</value>
         <object_component_ref idref="oc-282"/>
      </symbol>
      <symbol id="sm-75e">
         <name>UARTCharGetNonBlocking</name>
         <value>0x4b27</value>
         <object_component_ref idref="oc-288"/>
      </symbol>
      <symbol id="sm-75f">
         <name>UARTCharPut</name>
         <value>0x4b69</value>
         <object_component_ref idref="oc-23e"/>
      </symbol>
      <symbol id="sm-760">
         <name>UARTEnable</name>
         <value>0x4ab1</value>
         <object_component_ref idref="oc-356"/>
      </symbol>
      <symbol id="sm-761">
         <name>UARTIntClear</name>
         <value>0x32fd</value>
         <object_component_ref idref="oc-27c"/>
      </symbol>
      <symbol id="sm-762">
         <name>UARTIntStatus</name>
         <value>0x4b7d</value>
         <object_component_ref idref="oc-276"/>
      </symbol>
      <symbol id="sm-763">
         <name>UARTIntRegister</name>
         <value>0x4a83</value>
         <object_component_ref idref="oc-270"/>
      </symbol>
      <symbol id="sm-76d">
         <name>CPUcpsie</name>
         <value>0x4b51</value>
         <object_component_ref idref="oc-2b4"/>
      </symbol>
      <symbol id="sm-76e">
         <name>__TI_static_base__</name>
         <value>0x0</value>
      </symbol>
      <symbol id="sm-771">
         <name>__mpu_init</name>
         <value>0x0</value>
      </symbol>
      <symbol id="sm-772">
         <name>_system_post_cinit</name>
         <value>0x0</value>
      </symbol>
   </symbol_table>
   <title>Link successful</title>
</link_info>
