******************************************************************************
                  TI ARM Linker PC v20.2.5                     
******************************************************************************
>> Linked Sun May 14 14:08:39 2023

OUTPUT FILE NAME:   <single_phase_dq.out>
ENTRY POINT SYMBOL: "_c_int00_noargs"  address: 00004909


MEMORY CONFIGURATION

         name            origin    length      used     unused   attr    fill
----------------------  --------  ---------  --------  --------  ----  --------
  FLASH                 00000000   00040000  00004ed4  0003b12c  R  X
  SRAM                  20000000   00008000  00002c44  000053bc  RW X


SEGMENT ALLOCATION MAP

run origin  load origin   length   init length attrs members
----------  ----------- ---------- ----------- ----- -------
00000000    00000000    00004ee0   00004ee0    r-x
  00000000    00000000    0000026c   0000026c    r-- .intvecs
  00000270    00000270    0000493c   0000493c    r-x .text
  00004bb0    00004bb0    00000284   00000284    r-- .const
  00004e38    00004e38    000000a8   000000a8    r-- .cinit
20000000    20000000    00002c48   00000000    rw-
  20000000    20000000    0000026c   00000000    rw- .vtable
  20000270    20000270    00001000   00000000    rw- .stack
  20001270    20001270    00001000   00000000    rw- .sysmem
  20002270    20002270    000006d8   00000000    rw- .data
  20002948    20002948    00000300   00000000    rw- .bss


SECTION ALLOCATION MAP

 output                                  attributes/
section   page    origin      length       input sections
--------  ----  ----------  ----------   ----------------
.intvecs   0    00000000    0000026c     
                  00000000    0000026c     tm4c123gh6pz_startup_ccs.obj (.intvecs)

.text      0    00000270    0000493c     
                  00000270    00001320     main.obj (.text)
                  00001590    00000e52     LCD12864_rom_enable.obj (.text)
                  000023e2    00000002     rtsv7M4_T_le_v4SPD16_eabi.lib : _lock.c.obj (.text:_nop)
                  000023e4    00000800     IQmathLib.lib : IQtables.obj (.text:isqrt_table)
                  00002be4    00000004     driverlib.lib : timer.obj (.text:TimerIntClear)
                  00002be8    000004ba     blue.obj (.text)
                  000030a2    00000006     driverlib.lib : sysctl.obj (.text:SysCtlDelay)
                  000030a8    00000254     IQ_TOOLS.obj (.text)
                  000032fc    00000004     driverlib.lib : uart.obj (.text:UARTIntClear)
                  00003300    0000020e     bus_fpga.obj (.text)
                  0000350e    00000002     --HOLE-- [fill = 0]
                  00003510    000001d0     ADS8688_TIVA_FPGA.obj (.text)
                  000036e0    000001b6     rtsv7M4_T_le_v4SPD16_eabi.lib : fd_add_t2.asm.obj (.text)
                  00003896    00000002     --HOLE-- [fill = 0]
                  00003898    0000016c     driverlib.lib : gpio.obj (.text:GPIOPadConfigSet)
                  00003a04    00000158     rtsv7M4_T_le_v4SPD16_eabi.lib : e_sqrt.c.obj (.text:sqrt)
                  00003b5c    00000136                                   : fd_div_t2.asm.obj (.text)
                  00003c92    00000002     --HOLE-- [fill = 0]
                  00003c94    00000118     driverlib.lib : sysctl.obj (.text:SysCtlClockGet)
                  00003dac    000000fc     rtsv7M4_T_le_v4SPD16_eabi.lib : fd_mul_t2.asm.obj (.text)
                  00003ea8    000000f4     driverlib.lib : sysctl.obj (.text:SysCtlClockSet)
                  00003f9c    000000e4     rtsv7M4_T_le_v4SPD16_eabi.lib : memory.c.obj (.text:free)
                  00004080    000000d8     Txiang_utools.obj (.text)
                  00004158    0000009c     rtsv7M4_T_le_v4SPD16_eabi.lib : memcpy_t2.asm.obj (.text)
                  000041f4    00000090     IQmathLib.lib : IQNdiv.obj (.text:_IQ15div)
                  00004284    00000090                   : IQNdiv.obj (.text:_IQ20div)
                  00004314    0000007a     rtsv7M4_T_le_v4SPD16_eabi.lib : memset_t2.asm.obj (.text)
                  0000438e    0000006e                                   : fd_tos_t2.asm.obj (.text)
                  000043fc    0000006c     IQmathLib.lib : IQNsqrt.obj (.text:_IQ20sqrt)
                  00004468    00000068     driverlib.lib : flash.obj (.text:FlashProgram)
                  000044d0    00000068                   : interrupt.obj (.text:IntEnable)
                  00004538    00000068     rtsv7M4_T_le_v4SPD16_eabi.lib : copy_decompress_lzss.c.obj (.text:decompress:lzss:__TI_decompress_lzss)
                  000045a0    00000060     driverlib.lib : timer.obj (.text:TimerConfigure)
                  00004600    0000004c                   : gpio.obj (.text:GPIOPinConfigure)
                  0000464c    0000004c                   : timer.obj (.text:_TimerIntNumberGet)
                  00004698    00000048     rtsv7M4_T_le_v4SPD16_eabi.lib : fd_toi_t2.asm.obj (.text)
                  000046e0    00000046     driverlib.lib : uart.obj (.text:UARTConfigSetExpClk)
                  00004726    00000002     --HOLE-- [fill = 0]
                  00004728    00000044     rtsv7M4_T_le_v4SPD16_eabi.lib : autoinit.c.obj (.text:__TI_auto_init_nobinit_nopinit:__TI_auto_init_nobinit_nopinit)
                  0000476c    00000044                                   : fd_tou_t2.asm.obj (.text)
                  000047b0    00000040     driverlib.lib : uart.obj (.text:_UARTIntNumberGet)
                  000047f0    00000040     rtsv7M4_T_le_v4SPD16_eabi.lib : ll_tofd_t2.asm.obj (.text)
                  00004830    00000038                                   : fs_tod_t2.asm.obj (.text)
                  00004868    00000036                                   : ull_tofs_t2.asm.obj (.text)
                  0000489e    00000002     --HOLE-- [fill = 0]
                  000048a0    00000034     driverlib.lib : interrupt.obj (.text:IntRegister)
                  000048d4    00000034                   : sysctl.obj (.text:SysCtlPeripheralEnable)
                  00004908    00000034     rtsv7M4_T_le_v4SPD16_eabi.lib : boot_cortex_m.c.obj (.text:_c_int00_noargs:_c_int00_noargs)
                  0000493c    00000030     driverlib.lib : flash.obj (.text:FlashErase)
                  0000496c    0000002e     rtsv7M4_T_le_v4SPD16_eabi.lib : i_tofd_t2.asm.obj (.text)
                  0000499a    0000002c     driverlib.lib : gpio.obj (.text:GPIODirModeSet)
                  000049c6    00000002     --HOLE-- [fill = 0]
                  000049c8    00000028     rtsv7M4_T_le_v4SPD16_eabi.lib : memory.c.obj (.text:free_list_insert)
                  000049f0    00000020     driverlib.lib : uart.obj (.text:UARTDisable)
                  00004a10    00000020     rtsv7M4_T_le_v4SPD16_eabi.lib : u_tofd_t2.asm.obj (.text)
                  00004a30    0000001c                                   : memory.c.obj (.text:free_list_remove)
                  00004a4c    00000004                                   : pre_init.c.obj (.text:_system_pre_init)
                  00004a50    0000001a     tm4c123gh6pz_startup_ccs.obj (.text)
                  00004a6a    00000018     driverlib.lib : timer.obj (.text:TimerIntRegister)
                  00004a82    00000018                   : uart.obj (.text:UARTIntRegister)
                  00004a9a    00000016                   : gpio.obj (.text:GPIOPinTypeUART)
                  00004ab0    00000014                   : uart.obj (.text:UARTEnable)
                  00004ac4    00000012                   : timer.obj (.text:TimerLoadSet)
                  00004ad6    00000002     --HOLE-- [fill = 0]
                  00004ad8    00000010                   : fpu.obj (.text:FPUEnable)
                  00004ae8    00000010                   : fpu.obj (.text:FPULazyStackingEnable)
                  00004af8    00000010                   : interrupt.obj (.text:IntMasterEnable)
                  00004b08    00000010     IQmathLib.lib : IQNmpy.obj (.text:_IQ20mpy)
                  00004b18    0000000e     driverlib.lib : timer.obj (.text:TimerEnable)
                  00004b26    0000000e                   : uart.obj (.text:UARTCharGetNonBlocking)
                  00004b34    0000000e                   : uart.obj (.text:UARTCharsAvail)
                  00004b42    0000000e     rtsv7M4_T_le_v4SPD16_eabi.lib : copy_decompress_none.c.obj (.text:decompress:none:__TI_decompress_none)
                  00004b50    0000000c     driverlib.lib : cpu.obj (.text:CPUcpsie)
                  00004b5c    0000000c     rtsv7M4_T_le_v4SPD16_eabi.lib : copy_zero_init.c.obj (.text:decompress:ZI:__TI_zero_init)
                  00004b68    0000000a     driverlib.lib : uart.obj (.text:UARTCharPut)
                  00004b72    0000000a                   : uart.obj (.text:UARTFIFODisable)
                  00004b7c    0000000a                   : uart.obj (.text:UARTIntStatus)
                  00004b86    00000008                   : timer.obj (.text:TimerIntEnable)
                  00004b8e    00000008                   : uart.obj (.text:UARTBusy)
                  00004b96    00000008                   : uart.obj (.text:UARTIntEnable)
                  00004b9e    00000002     --HOLE-- [fill = 0]
                  00004ba0    00000008     rtsv7M4_T_le_v4SPD16_eabi.lib : errno.c.obj (.text:__aeabi_errno_addr)
                  00004ba8    00000004                                   : exit.c.obj (.text:abort:abort)

.const     0    00004bb0    00000284     
                  00004bb0    00000090     driverlib.lib : gpio.obj (.const:g_pui32GPIOBaseAddrs)
                  00004c40    0000006c                   : sysctl.obj (.const:g_pui32Xtals)
                  00004cac    00000060                   : timer.obj (.const:g_ppui32TimerIntMap)
                  00004d0c    00000004     --HOLE-- [fill = 0]
                  00004d10    00000048     LCD12864_rom_enable.obj (.const:numtab)
                  00004d58    00000040     driverlib.lib : timer.obj (.const:g_ppui32TimerIntMapSnowflake)
                  00004d98    00000040                   : uart.obj (.const:g_ppui32UARTIntMap)
                  00004dd8    00000040                   : uart.obj (.const:g_ppui32UARTIntMapSnowflake)
                  00004e18    00000014                   : interrupt.obj (.const:g_pui32EnRegs)
                  00004e2c    00000008     LCD12864_rom_enable.obj (.const:.string:linetab)

.cinit     0    00004e38    000000a8     
                  00004e38    00000072     (.cinit..data.load) [load image, compression = lzss]
                  00004eaa    00000002     --HOLE-- [fill = 0]
                  00004eac    0000000c     (__TI_handler_table)
                  00004eb8    00000008     (.cinit..bss.load) [load image, compression = zero_init]
                  00004ec0    00000008     (.cinit..vtable.load) [load image, compression = zero_init]
                  00004ec8    00000018     (__TI_cinit_table)

.init_array 
*          0    00000000    00000000     UNINITIALIZED

.vtable    0    20000000    0000026c     UNINITIALIZED
                  20000000    0000026c     driverlib.lib : interrupt.obj (.vtable)

.stack     0    20000270    00001000     UNINITIALIZED
                  20000270    00000004     rtsv7M4_T_le_v4SPD16_eabi.lib : boot_cortex_m.c.obj (.stack)
                  20000274    00000ffc     --HOLE--

.sysmem    0    20001270    00001000     UNINITIALIZED
                  20001270    00000010     rtsv7M4_T_le_v4SPD16_eabi.lib : memory.c.obj (.sysmem)
                  20001280    00000ff0     --HOLE--

.data      0    20002270    000006d8     UNINITIALIZED
                  20002270    00000200     blue.obj (.data:buffer1)
                  20002470    00000200     blue.obj (.data:buffer2)
                  20002670    00000200     blue.obj (.data:buffer3)
                  20002870    0000008c     main.obj (.data)
                  200028fc    00000024     main.obj (.data:paremeter)
                  20002920    00000008     rtsv7M4_T_le_v4SPD16_eabi.lib : _lock.c.obj (.data:$O1$$)
                  20002928    00000008                                   : memory.c.obj (.data:$O1$$)
                  20002930    00000008     main.obj (.data:model_func_pointer)
                  20002938    00000005     blue.obj (.data)
                  2000293d    00000003     --HOLE--
                  20002940    00000004     IQ_TOOLS.obj (.data)
                  20002944    00000004     rtsv7M4_T_le_v4SPD16_eabi.lib : errno.c.obj (.data)

.bss       0    20002948    00000300     UNINITIALIZED
                  20002948    000000d0     (.common:I_data)
                  20002a18    000000d0     (.common:U_data)
                  20002ae8    00000030     (.common:d_loop)
                  20002b18    00000030     (.common:q_loop)
                  20002b48    00000030     (.common:vsi_loop)
                  20002b78    0000002c     (.common:udc_mean)
                  20002ba4    00000008     (.common:I_alpha_beta)
                  20002bac    00000008     (.common:I_in_U)
                  20002bb4    00000008     (.common:U_alpha_beta)
                  20002bbc    00000008     (.common:U_in_U)
                  20002bc4    00000008     (.common:U_out_alpha_beta)
                  20002bcc    00000008     (.common:U_out_dq)
                  20002bd4    00000008     (.common:theta)
                  20002bdc    00000004     (.common:I_now)
                  20002be0    00000004     (.common:I_pop)
                  20002be4    00000004     (.common:U_now)
                  20002be8    00000004     (.common:U_pop)
                  20002bec    00000004     (.common:ch1)
                  20002bf0    00000004     (.common:ch4)
                  20002bf4    00000004     (.common:ch5)
                  20002bf8    00000004     (.common:cons_0_387)
                  20002bfc    00000004     (.common:cons_100)
                  20002c00    00000004     (.common:cons_10_24)
                  20002c04    00000004     (.common:cons_37_55)
                  20002c08    00000004     (.common:cons_512)
                  20002c0c    00000004     (.common:cons_56_32)
                  20002c10    00000004     (.common:cons_5_12)
                  20002c14    00000004     (.common:cons_65535)
                  20002c18    00000004     (.common:cons_idref)
                  20002c1c    00000004     (.common:cons_iqref)
                  20002c20    00000004     (.common:cons_u_b)
                  20002c24    00000004     (.common:cons_u_k)
                  20002c28    00000004     (.common:cons_w_L)
                  20002c2c    00000004     (.common:monitorData1)
                  20002c30    00000004     (.common:monitorData2)
                  20002c34    00000004     (.common:monitorData3)
                  20002c38    00000004     (.common:monitorData4)
                  20002c3c    00000004     (.common:u_out_final)
                  20002c40    00000004     (.common:ubus_s)
                  20002c44    00000004     (.common:udc)

__llvm_prf_cnts 
*          0    20000000    00000000     UNINITIALIZED

MODULE SUMMARY

       Module                         code    ro data   rw data
       ------                         ----    -------   -------
    .\
       main.obj                       4896    0         936    
       LCD12864_rom_enable.obj        3666    80        0      
       blue.obj                       1210    0         1557   
       tm4c123gh6pz_startup_ccs.obj   26      620       0      
       IQ_TOOLS.obj                   596     0         4      
       bus_fpga.obj                   526     0         0      
       ADS8688_TIVA_FPGA.obj          464     0         0      
       Txiang_utools.obj              216     0         0      
    +--+------------------------------+-------+---------+---------+
       Total:                         11600   700       2497   
                                                               
    ../IQmath/ccs/IQmathLib/Debug/IQmathLib.lib
       IQtables.obj                   0       2048      0      
       IQNdiv.obj                     288     0         0      
       IQNsqrt.obj                    108     0         0      
       IQNmpy.obj                     16      0         0      
    +--+------------------------------+-------+---------+---------+
       Total:                         412     2048      0      
                                                               
    C:/ti/TivaWare_C_Series-2.2.0.295/driverlib/ccs/Debug/driverlib.lib
       interrupt.obj                  172     20        620    
       sysctl.obj                     582     108       0      
       gpio.obj                       506     144       0      
       uart.obj                       288     128       0      
       timer.obj                      240     160       0      
       flash.obj                      152     0         0      
       fpu.obj                        32      0         0      
       cpu.obj                        12      0         0      
    +--+------------------------------+-------+---------+---------+
       Total:                         1984    560       620    
                                                               
    C:\ti\ccs1110\ccs\tools\compiler\ti-cgt-arm_20.2.5.LTS\lib\rtsv7M4_T_le_v4SPD16_eabi.lib
       fd_add_t2.asm.obj              438     0         0      
       e_sqrt.c.obj                   344     0         0      
       fd_div_t2.asm.obj              310     0         0      
       memory.c.obj                   296     0         8      
       fd_mul_t2.asm.obj              252     0         0      
       memcpy_t2.asm.obj              156     0         0      
       memset_t2.asm.obj              122     0         0      
       fd_tos_t2.asm.obj              110     0         0      
       copy_decompress_lzss.c.obj     104     0         0      
       fd_toi_t2.asm.obj              72      0         0      
       autoinit.c.obj                 68      0         0      
       fd_tou_t2.asm.obj              68      0         0      
       ll_tofd_t2.asm.obj             64      0         0      
       fs_tod_t2.asm.obj              56      0         0      
       ull_tofs_t2.asm.obj            54      0         0      
       boot_cortex_m.c.obj            52      0         0      
       i_tofd_t2.asm.obj              46      0         0      
       u_tofd_t2.asm.obj              32      0         0      
       copy_decompress_none.c.obj     14      0         0      
       copy_zero_init.c.obj           12      0         0      
       errno.c.obj                    8       0         4      
       _lock.c.obj                    2       0         8      
       exit.c.obj                     4       0         0      
       pre_init.c.obj                 4       0         0      
    +--+------------------------------+-------+---------+---------+
       Total:                         2688    0         20     
                                                               
       Heap:                          0       0         4096   
       Stack:                         0       0         4096   
       Linker Generated:              0       166       0      
    +--+------------------------------+-------+---------+---------+
       Grand Total:                   16684   3474      11329  


LINKER GENERATED COPY TABLES

__TI_cinit_table @ 00004ec8 records: 3, size/record: 8, table size: 24
	.data: load addr=00004e38, load size=00000072 bytes, run addr=20002270, run size=000006d8 bytes, compression=lzss
	.bss: load addr=00004eb8, load size=00000008 bytes, run addr=20002948, run size=00000300 bytes, compression=zero_init
	.vtable: load addr=00004ec0, load size=00000008 bytes, run addr=20000000, run size=0000026c bytes, compression=zero_init


LINKER GENERATED HANDLER TABLE

__TI_handler_table @ 00004eac records: 3, size/record: 4, table size: 12
	index: 0, handler: __TI_zero_init
	index: 1, handler: __TI_decompress_lzss
	index: 2, handler: __TI_decompress_none


GLOBAL SYMBOLS: SORTED ALPHABETICALLY BY Name 

address   name                          
-------   ----                          
00003441  BUS_Init                      
00004ba9  C$$EXIT                       
00004b51  CPUcpsie                      
000023b9  DispChar5x8                   
00002369  DispClear                     
00002339  DispClear_line                
00001ca1  DispExtern16x16               
000022b1  DispFloat                     
00002121  DispFloat5x8                  
00001fe1  DispFloat8x16                 
00001f29  DispNumber5x8                 
00001e79  DispNumber8x16                
00001e29  DispString5x8                 
00001d49  Disp_GB2312_string_16x16      
00000bd9  Display                       
00001d09  Display_128x64                
00004ad9  FPUEnable                     
00004ae9  FPULazyStackingEnable         
0000493d  FlashErase                    
00004469  FlashProgram                  
00002c09  Float2Str                     
0000499b  GPIODirModeSet                
00003899  GPIOPadConfigSet              
00004601  GPIOPinConfigure              
00004a9b  GPIOPinTypeUART               
000033a1  IORD                          
00003301  IOWR                          
20002ba4  I_alpha_beta                  
20002948  I_data                        
20002bac  I_in_U                        
20002bdc  I_now                         
20002be0  I_pop                         
000044d1  IntEnable                     
00004af9  IntMasterEnable               
000048a1  IntRegister                   
00000f29  KeyToControl                  
00001411  PID                           
000032b1  PID_Q_step                    
00003289  PID_init_Q                    
00000dd9  ReadKey                       
00004a51  ResetISR                      
00003c95  SysCtlClockGet                
00003ea9  SysCtlClockSet                
000030a3  SysCtlDelay                   
000048d5  SysCtlPeripheralEnable        
00001569  Timer0IntHandler              
00001349  Timer1AIntHandler             
000045a1  TimerConfigure                
00004b19  TimerEnable                   
00002be5  TimerIntClear                 
00004b87  TimerIntEnable                
00004a6b  TimerIntRegister              
00004ac5  TimerLoadSet                  
00002e69  UART1IntHandler               
00004b8f  UARTBusy                      
00004b27  UARTCharGetNonBlocking        
00004b69  UARTCharPut                   
00004b35  UARTCharsAvail                
000046e1  UARTConfigSetExpClk           
000049f1  UARTDisable                   
00004ab1  UARTEnable                    
00004b73  UARTFIFODisable               
000032fd  UARTIntClear                  
00004b97  UARTIntEnable                 
00004a83  UARTIntRegister               
00004b7d  UARTIntStatus                 
00003071  UARTStringPut                 
20002bb4  U_alpha_beta                  
20002a18  U_data                        
20002bbc  U_in_U                        
20002be4  U_now                         
20002bc4  U_out_alpha_beta              
20002bcc  U_out_dq                      
20002be8  U_pop                         
000041f5  _IQ15div                      
00004285  _IQ20div                      
00004b09  _IQ20mpy                      
000043fd  _IQ20sqrt                     
20001270  __STACK_END                   
00001000  __STACK_SIZE                  
20000470  __STACK_TOP                   
00001000  __SYSMEM_SIZE                 
00004ec8  __TI_CINIT_Base               
00004ee0  __TI_CINIT_Limit              
00004eac  __TI_Handler_Table_Base       
00004eb8  __TI_Handler_Table_Limit      
00004729  __TI_auto_init_nobinit_nopinit
00004539  __TI_decompress_lzss          
00004b43  __TI_decompress_none          
ffffffff  __TI_pprof_out_hndl           
ffffffff  __TI_prof_data_size           
ffffffff  __TI_prof_data_start          
00000000  __TI_static_base__            
00004b5d  __TI_zero_init                
0000438f  __aeabi_d2f                   
00004699  __aeabi_d2iz                  
0000476d  __aeabi_d2uiz                 
000036eb  __aeabi_dadd                  
00003b5d  __aeabi_ddiv                  
00003dad  __aeabi_dmul                  
000036e1  __aeabi_dsub                  
00004ba1  __aeabi_errno_addr            
00004831  __aeabi_f2d                   
0000496d  __aeabi_i2d                   
000047f1  __aeabi_l2d                   
00004315  __aeabi_memclr                
00004315  __aeabi_memclr4               
00004315  __aeabi_memclr8               
00004159  __aeabi_memcpy                
00004159  __aeabi_memcpy4               
00004159  __aeabi_memcpy8               
00004317  __aeabi_memset                
00004317  __aeabi_memset4               
00004317  __aeabi_memset8               
00004a11  __aeabi_ui2d                  
00004869  __aeabi_ul2f                  
ffffffff  __binit__                     
ffffffff  __c_args__                    
UNDEFED   __mpu_init                    
20000270  __stack                       
20000000  __start___llvm_prf_cnts       
20000000  __stop___llvm_prf_cnts        
00004909  _c_int00_noargs               
20002920  _lock                         
000023e3  _nop                          
20001270  _sys_memory                   
UNDEFED   _system_post_cinit            
00004a4d  _system_pre_init              
20002924  _unlock                       
200028e4  a                             
200028e8  a_last                        
00003251  abc2alpha_beta                
00004ba9  abort                         
200028c4  adj                           
000031d9  alpha_beta2dq                 
20002940  alpha_beta_L                  
000031a1  ave_queue_push                
00003181  ave_queue_sum                 
200028b8  b1                            
ffffffff  binit                         
00003061  blue1                         
00003051  blue2                         
00003041  blue3                         
00003031  blue4                         
20002270  buffer1                       
20002470  buffer2                       
20002670  buffer3                       
20002bec  ch1                           
20002bf0  ch4                           
20002bf4  ch5                           
2000293c  charget                       
20002bf8  cons_0_387                    
20002bfc  cons_100                      
20002c00  cons_10_24                    
20002c04  cons_37_55                    
20002c08  cons_512                      
20002c0c  cons_56_32                    
20002c10  cons_5_12                     
20002c14  cons_65535                    
20002c18  cons_idref                    
20002c1c  cons_iqref                    
20002c20  cons_u_b                      
20002c24  cons_u_k                      
20002c28  cons_w_L                      
20002898  d_kd                          
20002894  d_ki                          
20002890  d_kp                          
20002ae8  d_loop                        
20002938  debug_count                   
00001ca1  display_graphic_16x16         
00001c71  display_graphic_5x8           
00001c09  display_graphic_8x16          
00001b61  display_vertical_line         
00000271  doADC                         
00003149  dq2alpha_beta                 
200028f4  duty_0                        
200028ec  duty_i1                       
200028f0  duty_u2                       
20002944  errno                         
200028c0  fhz                           
200028bc  fhz_last                      
00004149  float_ave_init                
00004109  float_ave_step                
00003f9d  free                          
20000000  g_pfnRAMVectors               
00000000  g_pfnVectors                  
00002ec9  getStringFVT                  
00003691  getVoltage                    
000035d9  getVoltageMean                
00003511  getVoltageRMS                 
00001ac9  get_and_write_16x16           
00001a49  get_and_write_5x8             
000019b1  get_and_write_8x16            
200028d0  i_rms                         
20002880  i_set                         
20002884  idref                         
00000a71  init                          
00002dd9  initialize_uart               
200028c8  iq_test_f                     
20002888  iqref                         
000023e4  isqrt_table                   
200028b4  k1                            
200028f8  key_flag                      
200028e0  keydat                        
200028e1  keydat_last                   
00001711  lcd12864_init                 
00001651  lcd_write_com                 
00001591  lcd_write_data                
00004e2c  linetab                       
00001061  main                          
00004159  memcpy                        
0000431d  memset                        
20002870  mode_flag                     
20002930  model_func_pointer            
20002c2c  monitorData1                  
20002c30  monitorData2                  
20002c34  monitorData3                  
20002c38  monitorData4                  
00002be9  num_pow                       
00004d10  numtab                        
200028fc  paremeter                     
00000909  paremeter_add                 
00000891  paremeter_choose_add          
200028d8  paremeter_choose_flag         
00000821  paremeter_choose_sub          
00000669  paremeter_display             
200028dc  paremeter_flag                
000005f9  paremeter_group_add           
200028d4  paremeter_group_flag          
00000581  paremeter_group_sub           
00000459  paremeter_sub                 
2000288c  pid_flag                      
00002d21  printCharFVT                  
00002d01  printStringFVT                
20002874  protect_flag                  
200028a4  q_kd                          
200028a0  q_ki                          
2000289c  q_kp                          
20002b18  q_loop                        
00003129  queue_clear                   
000030e9  queue_pop                     
000030a9  queue_push                    
000040e9  read_float_from_flash         
000040d1  read_int_from_flash           
00000399  rest                          
00002d31  sentdata                      
00003a05  sqrt                          
00003a05  sqrtl                         
20002bd4  theta                         
20002878  time_flag                     
20002c3c  u_out_final                   
200028cc  u_rms                         
20002c40  ubus_s                        
2000287c  ubus_set                      
20002c44  udc                           
20002b78  udc_mean                      
200028b0  vsi_kd                        
200028ac  vsi_ki                        
200028a8  vsi_kp                        
20002b48  vsi_loop                      
000040a1  write_float_to_flash          
00004081  write_int_to_flash            


GLOBAL SYMBOLS: SORTED BY Symbol Address 

address   name                          
-------   ----                          
00000000  __TI_static_base__            
00000000  g_pfnVectors                  
00000271  doADC                         
00000399  rest                          
00000459  paremeter_sub                 
00000581  paremeter_group_sub           
000005f9  paremeter_group_add           
00000669  paremeter_display             
00000821  paremeter_choose_sub          
00000891  paremeter_choose_add          
00000909  paremeter_add                 
00000a71  init                          
00000bd9  Display                       
00000dd9  ReadKey                       
00000f29  KeyToControl                  
00001000  __STACK_SIZE                  
00001000  __SYSMEM_SIZE                 
00001061  main                          
00001349  Timer1AIntHandler             
00001411  PID                           
00001569  Timer0IntHandler              
00001591  lcd_write_data                
00001651  lcd_write_com                 
00001711  lcd12864_init                 
000019b1  get_and_write_8x16            
00001a49  get_and_write_5x8             
00001ac9  get_and_write_16x16           
00001b61  display_vertical_line         
00001c09  display_graphic_8x16          
00001c71  display_graphic_5x8           
00001ca1  DispExtern16x16               
00001ca1  display_graphic_16x16         
00001d09  Display_128x64                
00001d49  Disp_GB2312_string_16x16      
00001e29  DispString5x8                 
00001e79  DispNumber8x16                
00001f29  DispNumber5x8                 
00001fe1  DispFloat8x16                 
00002121  DispFloat5x8                  
000022b1  DispFloat                     
00002339  DispClear_line                
00002369  DispClear                     
000023b9  DispChar5x8                   
000023e3  _nop                          
000023e4  isqrt_table                   
00002be5  TimerIntClear                 
00002be9  num_pow                       
00002c09  Float2Str                     
00002d01  printStringFVT                
00002d21  printCharFVT                  
00002d31  sentdata                      
00002dd9  initialize_uart               
00002e69  UART1IntHandler               
00002ec9  getStringFVT                  
00003031  blue4                         
00003041  blue3                         
00003051  blue2                         
00003061  blue1                         
00003071  UARTStringPut                 
000030a3  SysCtlDelay                   
000030a9  queue_push                    
000030e9  queue_pop                     
00003129  queue_clear                   
00003149  dq2alpha_beta                 
00003181  ave_queue_sum                 
000031a1  ave_queue_push                
000031d9  alpha_beta2dq                 
00003251  abc2alpha_beta                
00003289  PID_init_Q                    
000032b1  PID_Q_step                    
000032fd  UARTIntClear                  
00003301  IOWR                          
000033a1  IORD                          
00003441  BUS_Init                      
00003511  getVoltageRMS                 
000035d9  getVoltageMean                
00003691  getVoltage                    
000036e1  __aeabi_dsub                  
000036eb  __aeabi_dadd                  
00003899  GPIOPadConfigSet              
00003a05  sqrt                          
00003a05  sqrtl                         
00003b5d  __aeabi_ddiv                  
00003c95  SysCtlClockGet                
00003dad  __aeabi_dmul                  
00003ea9  SysCtlClockSet                
00003f9d  free                          
00004081  write_int_to_flash            
000040a1  write_float_to_flash          
000040d1  read_int_from_flash           
000040e9  read_float_from_flash         
00004109  float_ave_step                
00004149  float_ave_init                
00004159  __aeabi_memcpy                
00004159  __aeabi_memcpy4               
00004159  __aeabi_memcpy8               
00004159  memcpy                        
000041f5  _IQ15div                      
00004285  _IQ20div                      
00004315  __aeabi_memclr                
00004315  __aeabi_memclr4               
00004315  __aeabi_memclr8               
00004317  __aeabi_memset                
00004317  __aeabi_memset4               
00004317  __aeabi_memset8               
0000431d  memset                        
0000438f  __aeabi_d2f                   
000043fd  _IQ20sqrt                     
00004469  FlashProgram                  
000044d1  IntEnable                     
00004539  __TI_decompress_lzss          
000045a1  TimerConfigure                
00004601  GPIOPinConfigure              
00004699  __aeabi_d2iz                  
000046e1  UARTConfigSetExpClk           
00004729  __TI_auto_init_nobinit_nopinit
0000476d  __aeabi_d2uiz                 
000047f1  __aeabi_l2d                   
00004831  __aeabi_f2d                   
00004869  __aeabi_ul2f                  
000048a1  IntRegister                   
000048d5  SysCtlPeripheralEnable        
00004909  _c_int00_noargs               
0000493d  FlashErase                    
0000496d  __aeabi_i2d                   
0000499b  GPIODirModeSet                
000049f1  UARTDisable                   
00004a11  __aeabi_ui2d                  
00004a4d  _system_pre_init              
00004a51  ResetISR                      
00004a6b  TimerIntRegister              
00004a83  UARTIntRegister               
00004a9b  GPIOPinTypeUART               
00004ab1  UARTEnable                    
00004ac5  TimerLoadSet                  
00004ad9  FPUEnable                     
00004ae9  FPULazyStackingEnable         
00004af9  IntMasterEnable               
00004b09  _IQ20mpy                      
00004b19  TimerEnable                   
00004b27  UARTCharGetNonBlocking        
00004b35  UARTCharsAvail                
00004b43  __TI_decompress_none          
00004b51  CPUcpsie                      
00004b5d  __TI_zero_init                
00004b69  UARTCharPut                   
00004b73  UARTFIFODisable               
00004b7d  UARTIntStatus                 
00004b87  TimerIntEnable                
00004b8f  UARTBusy                      
00004b97  UARTIntEnable                 
00004ba1  __aeabi_errno_addr            
00004ba9  C$$EXIT                       
00004ba9  abort                         
00004d10  numtab                        
00004e2c  linetab                       
00004eac  __TI_Handler_Table_Base       
00004eb8  __TI_Handler_Table_Limit      
00004ec8  __TI_CINIT_Base               
00004ee0  __TI_CINIT_Limit              
20000000  __start___llvm_prf_cnts       
20000000  __stop___llvm_prf_cnts        
20000000  g_pfnRAMVectors               
20000270  __stack                       
20000470  __STACK_TOP                   
20001270  __STACK_END                   
20001270  _sys_memory                   
20002270  buffer1                       
20002470  buffer2                       
20002670  buffer3                       
20002870  mode_flag                     
20002874  protect_flag                  
20002878  time_flag                     
2000287c  ubus_set                      
20002880  i_set                         
20002884  idref                         
20002888  iqref                         
2000288c  pid_flag                      
20002890  d_kp                          
20002894  d_ki                          
20002898  d_kd                          
2000289c  q_kp                          
200028a0  q_ki                          
200028a4  q_kd                          
200028a8  vsi_kp                        
200028ac  vsi_ki                        
200028b0  vsi_kd                        
200028b4  k1                            
200028b8  b1                            
200028bc  fhz_last                      
200028c0  fhz                           
200028c4  adj                           
200028c8  iq_test_f                     
200028cc  u_rms                         
200028d0  i_rms                         
200028d4  paremeter_group_flag          
200028d8  paremeter_choose_flag         
200028dc  paremeter_flag                
200028e0  keydat                        
200028e1  keydat_last                   
200028e4  a                             
200028e8  a_last                        
200028ec  duty_i1                       
200028f0  duty_u2                       
200028f4  duty_0                        
200028f8  key_flag                      
200028fc  paremeter                     
20002920  _lock                         
20002924  _unlock                       
20002930  model_func_pointer            
20002938  debug_count                   
2000293c  charget                       
20002940  alpha_beta_L                  
20002944  errno                         
20002948  I_data                        
20002a18  U_data                        
20002ae8  d_loop                        
20002b18  q_loop                        
20002b48  vsi_loop                      
20002b78  udc_mean                      
20002ba4  I_alpha_beta                  
20002bac  I_in_U                        
20002bb4  U_alpha_beta                  
20002bbc  U_in_U                        
20002bc4  U_out_alpha_beta              
20002bcc  U_out_dq                      
20002bd4  theta                         
20002bdc  I_now                         
20002be0  I_pop                         
20002be4  U_now                         
20002be8  U_pop                         
20002bec  ch1                           
20002bf0  ch4                           
20002bf4  ch5                           
20002bf8  cons_0_387                    
20002bfc  cons_100                      
20002c00  cons_10_24                    
20002c04  cons_37_55                    
20002c08  cons_512                      
20002c0c  cons_56_32                    
20002c10  cons_5_12                     
20002c14  cons_65535                    
20002c18  cons_idref                    
20002c1c  cons_iqref                    
20002c20  cons_u_b                      
20002c24  cons_u_k                      
20002c28  cons_w_L                      
20002c2c  monitorData1                  
20002c30  monitorData2                  
20002c34  monitorData3                  
20002c38  monitorData4                  
20002c3c  u_out_final                   
20002c40  ubus_s                        
20002c44  udc                           
ffffffff  __TI_pprof_out_hndl           
ffffffff  __TI_prof_data_size           
ffffffff  __TI_prof_data_start          
ffffffff  __binit__                     
ffffffff  __c_args__                    
ffffffff  binit                         
UNDEFED   __mpu_init                    
UNDEFED   _system_post_cinit            

[262 symbols]
