******************************************************************************
                  TI ARM Linker PC v20.2.5                     
******************************************************************************
>> Linked Sun May 14 13:46:52 2023

OUTPUT FILE NAME:   <single_phase_dq.out>
ENTRY POINT SYMBOL: "_c_int00_noargs"  address: 000038b9


MEMORY CONFIGURATION

         name            origin    length      used     unused   attr    fill
----------------------  --------  ---------  --------  --------  ----  --------
  FLASH                 00000000   00040000  00003e32  0003c1ce  R  X
  SRAM                  20000000   00008000  00003c14  000043ec  RW X


SEGMENT ALLOCATION MAP

run origin  load origin   length   init length attrs members
----------  ----------- ---------- ----------- ----- -------
00000000    00000000    00003e40   00003e40    r-x
  00000000    00000000    0000026c   0000026c    r-- .intvecs
  00000270    00000270    000038ba   000038ba    r-x .text
  00003b30    00003b30    00000284   00000284    r-- .const
  00003db8    00003db8    00000088   00000088    r-- .cinit
20000000    20000000    00003c18   00000000    rw-
  20000000    20000000    0000026c   00000000    rw- .vtable
  20000270    20000270    00002000   00000000    rw- .stack
  20002270    20002270    00001000   00000000    rw- .sysmem
  20003270    20003270    000009a8   00000000    rw- .data


SECTION ALLOCATION MAP

 output                                  attributes/
section   page    origin      length       input sections
--------  ----  ----------  ----------   ----------------
.intvecs   0    00000000    0000026c     
                  00000000    0000026c     tm4c123gh6pz_startup_ccs.obj (.intvecs)

.text      0    00000270    000038ba     
                  00000270    000011b7     main.obj (.text)
                  00001427    00000001     --HOLE-- [fill = 0]
                  00001428    00000800     IQmathLib.lib : IQtables.obj (.text:isqrt_table)
                  00001c28    000004c4     LCD12864_rom_enable.obj (.text)
                  000020ec    00000004     driverlib.lib : timer.obj (.text:TimerIntClear)
                  000020f0    00000364     blue.obj (.text)
                  00002454    000001b6     rtsv7M4_T_le_v4SPD16_eabi.lib : fd_add_t2.asm.obj (.text)
                  0000260a    00000002                                   : _lock.c.obj (.text:_nop)
                  0000260c    0000016c     driverlib.lib : gpio.obj (.text:GPIOPadConfigSet)
                  00002778    00000158     rtsv7M4_T_le_v4SPD16_eabi.lib : e_sqrt.c.obj (.text:sqrt)
                  000028d0    00000136                                   : fd_div_t2.asm.obj (.text)
                  00002a06    00000002     --HOLE-- [fill = 0]
                  00002a08    00000120                                   : memory.c.obj (.text:free)
                  00002b28    0000011e     bus_fpga.obj (.text)
                  00002c46    00000002     --HOLE-- [fill = 0]
                  00002c48    00000118     driverlib.lib : sysctl.obj (.text:SysCtlClockGet)
                  00002d60    000000fc     rtsv7M4_T_le_v4SPD16_eabi.lib : fd_mul_t2.asm.obj (.text)
                  00002e5c    000000f4     driverlib.lib : sysctl.obj (.text:SysCtlClockSet)
                  00002f50    000000bc     ADS8688_TIVA_FPGA.obj (.text)
                  0000300c    0000009c     rtsv7M4_T_le_v4SPD16_eabi.lib : memcpy_t2.asm.obj (.text)
                  000030a8    00000090     IQmathLib.lib : IQNdiv.obj (.text:_IQ15div)
                  00003138    00000090                   : IQNdiv.obj (.text:_IQ20div)
                  000031c8    00000086     IQ_TOOLS.obj (.text)
                  0000324e    0000007a     rtsv7M4_T_le_v4SPD16_eabi.lib : memset_t2.asm.obj (.text)
                  000032c8    00000076     Txiang_utools.obj (.text)
                  0000333e    0000006e     rtsv7M4_T_le_v4SPD16_eabi.lib : fd_tos_t2.asm.obj (.text)
                  000033ac    0000006c     IQmathLib.lib : IQNsqrt.obj (.text:_IQ20sqrt)
                  00003418    00000068     driverlib.lib : flash.obj (.text:FlashProgram)
                  00003480    00000068                   : interrupt.obj (.text:IntEnable)
                  000034e8    00000068     rtsv7M4_T_le_v4SPD16_eabi.lib : copy_decompress_lzss.c.obj (.text:decompress:lzss:__TI_decompress_lzss)
                  00003550    00000060     driverlib.lib : timer.obj (.text:TimerConfigure)
                  000035b0    0000004c                   : gpio.obj (.text:GPIOPinConfigure)
                  000035fc    0000004c                   : timer.obj (.text:_TimerIntNumberGet)
                  00003648    00000048     rtsv7M4_T_le_v4SPD16_eabi.lib : fd_toi_t2.asm.obj (.text)
                  00003690    00000046     driverlib.lib : uart.obj (.text:UARTConfigSetExpClk)
                  000036d6    00000002     --HOLE-- [fill = 0]
                  000036d8    00000044     rtsv7M4_T_le_v4SPD16_eabi.lib : autoinit.c.obj (.text:__TI_auto_init_nobinit_nopinit:__TI_auto_init_nobinit_nopinit)
                  0000371c    00000044                                   : fd_tou_t2.asm.obj (.text)
                  00003760    00000040     driverlib.lib : uart.obj (.text:_UARTIntNumberGet)
                  000037a0    00000040     rtsv7M4_T_le_v4SPD16_eabi.lib : ll_tofd_t2.asm.obj (.text)
                  000037e0    00000038                                   : fs_tod_t2.asm.obj (.text)
                  00003818    00000036                                   : ull_tofs_t2.asm.obj (.text)
                  0000384e    00000002     --HOLE-- [fill = 0]
                  00003850    00000034     driverlib.lib : interrupt.obj (.text:IntRegister)
                  00003884    00000034                   : sysctl.obj (.text:SysCtlPeripheralEnable)
                  000038b8    00000034     rtsv7M4_T_le_v4SPD16_eabi.lib : boot_cortex_m.c.obj (.text:_c_int00_noargs:_c_int00_noargs)
                  000038ec    00000030     driverlib.lib : flash.obj (.text:FlashErase)
                  0000391c    0000002e     rtsv7M4_T_le_v4SPD16_eabi.lib : i_tofd_t2.asm.obj (.text)
                  0000394a    0000002c     driverlib.lib : gpio.obj (.text:GPIODirModeSet)
                  00003976    00000002     --HOLE-- [fill = 0]
                  00003978    00000020                   : uart.obj (.text:UARTDisable)
                  00003998    00000020     rtsv7M4_T_le_v4SPD16_eabi.lib : u_tofd_t2.asm.obj (.text)
                  000039b8    0000001c                                   : copy_zero_init.c.obj (.text:decompress:ZI:__TI_zero_init_nomemset:__TI_zero_init_nomemset)
                  000039d4    00000004     driverlib.lib : uart.obj (.text:UARTIntClear)
                  000039d8    0000001a     tm4c123gh6pz_startup_ccs.obj (.text)
                  000039f2    00000018     driverlib.lib : timer.obj (.text:TimerIntRegister)
                  00003a0a    00000018                   : uart.obj (.text:UARTIntRegister)
                  00003a22    00000016                   : gpio.obj (.text:GPIOPinTypeUART)
                  00003a38    00000014                   : uart.obj (.text:UARTEnable)
                  00003a4c    00000012                   : timer.obj (.text:TimerLoadSet)
                  00003a5e    00000002     --HOLE-- [fill = 0]
                  00003a60    00000010                   : fpu.obj (.text:FPUEnable)
                  00003a70    00000010                   : fpu.obj (.text:FPULazyStackingEnable)
                  00003a80    00000010                   : interrupt.obj (.text:IntMasterEnable)
                  00003a90    00000010     IQmathLib.lib : IQNmpy.obj (.text:_IQ20mpy)
                  00003aa0    0000000e     driverlib.lib : timer.obj (.text:TimerEnable)
                  00003aae    0000000e                   : uart.obj (.text:UARTCharGetNonBlocking)
                  00003abc    0000000e                   : uart.obj (.text:UARTCharsAvail)
                  00003aca    0000000e     rtsv7M4_T_le_v4SPD16_eabi.lib : copy_decompress_none.c.obj (.text:decompress:none:__TI_decompress_none)
                  00003ad8    0000000c     driverlib.lib : cpu.obj (.text:CPUcpsie)
                  00003ae4    0000000a                   : uart.obj (.text:UARTCharPut)
                  00003aee    0000000a                   : uart.obj (.text:UARTFIFODisable)
                  00003af8    0000000a                   : uart.obj (.text:UARTIntStatus)
                  00003b02    00000008                   : timer.obj (.text:TimerIntEnable)
                  00003b0a    00000008                   : uart.obj (.text:UARTIntEnable)
                  00003b12    00000002     --HOLE-- [fill = 0]
                  00003b14    00000008     rtsv7M4_T_le_v4SPD16_eabi.lib : errno.c.obj (.text:__aeabi_errno_addr)
                  00003b1c    00000006     driverlib.lib : sysctl.obj (.text:SysCtlDelay)
                  00003b22    00000004     rtsv7M4_T_le_v4SPD16_eabi.lib : pre_init.c.obj (.text:_system_pre_init)
                  00003b26    00000004                                   : exit.c.obj (.text:abort:abort)

.const     0    00003b30    00000284     
                  00003b30    00000090     driverlib.lib : gpio.obj (.const:g_pui32GPIOBaseAddrs)
                  00003bc0    0000006c                   : sysctl.obj (.const:g_pui32Xtals)
                  00003c2c    00000060                   : timer.obj (.const:g_ppui32TimerIntMap)
                  00003c8c    00000004     --HOLE-- [fill = 0]
                  00003c90    00000050     LCD12864_rom_enable.obj (.const:$O1$$)
                  00003ce0    00000040     driverlib.lib : timer.obj (.const:g_ppui32TimerIntMapSnowflake)
                  00003d20    00000040                   : uart.obj (.const:g_ppui32UARTIntMap)
                  00003d60    00000040                   : uart.obj (.const:g_ppui32UARTIntMapSnowflake)
                  00003da0    00000014                   : interrupt.obj (.const:g_pui32EnRegs)

.cinit     0    00003db8    00000088     
                  00003db8    0000005e     (.cinit..data.load) [load image, compression = lzss]
                  00003e16    00000002     --HOLE-- [fill = 0]
                  00003e18    0000000c     (__TI_handler_table)
                  00003e24    00000004     --HOLE-- [fill = 0]
                  00003e28    00000008     (.cinit..vtable.load) [load image, compression = zero_init]
                  00003e30    00000010     (__TI_cinit_table)

.init_array 
*          0    00000000    00000000     UNINITIALIZED

.vtable    0    20000000    0000026c     UNINITIALIZED
                  20000000    0000026c     driverlib.lib : interrupt.obj (.vtable)

.stack     0    20000270    00002000     UNINITIALIZED
                  20000270    00000004     rtsv7M4_T_le_v4SPD16_eabi.lib : boot_cortex_m.c.obj (.stack)
                  20000274    00001ffc     --HOLE--

.data      0    20003270    000009a8     UNINITIALIZED
                  20003270    00000614     blue.obj (.data:$O2$$)
                  20003884    0000037c     main.obj (.data:$O3$$)
                  20003c00    00000008     rtsv7M4_T_le_v4SPD16_eabi.lib : memory.c.obj (.data:$O6$$)
                  20003c08    00000008                                   : _lock.c.obj (.data:$O7$$)
                  20003c10    00000004     IQ_TOOLS.obj (.data)
                  20003c14    00000004     rtsv7M4_T_le_v4SPD16_eabi.lib : errno.c.obj (.data)

.sysmem    0    20002270    00001000     UNINITIALIZED
                  20002270    00000010     rtsv7M4_T_le_v4SPD16_eabi.lib : memory.c.obj (.sysmem)
                  20002280    00000ff0     --HOLE--

__llvm_prf_cnts 
*          0    20000000    00000000     UNINITIALIZED

MODULE SUMMARY

       Module                         code    ro data   rw data
       ------                         ----    -------   -------
    .\
       main.obj                       4535    0         892    
       blue.obj                       868     0         1556   
       LCD12864_rom_enable.obj        1220    80        0      
       tm4c123gh6pz_startup_ccs.obj   26      620       0      
       bus_fpga.obj                   286     0         0      
       ADS8688_TIVA_FPGA.obj          188     0         0      
       IQ_TOOLS.obj                   134     0         4      
       Txiang_utools.obj              118     0         0      
    +--+------------------------------+-------+---------+---------+
       Total:                         7375    700       2452   
                                                               
    ../IQmath/ccs/IQmathLib/Debug/IQmathLib.lib
       IQtables.obj                   0       2048      0      
       IQNdiv.obj                     288     0         0      
       IQNsqrt.obj                    108     0         0      
       IQNmpy.obj                     16      0         0      
    +--+------------------------------+-------+---------+---------+
       Total:                         412     2048      0      
                                                               
    C:/ti/TivaWare_C_Series-2.2.0.295/driverlib/ccs/Debug/driverlib.lib
       interrupt.obj                  172     20        620    
       sysctl.obj                     582     108       0      
       gpio.obj                       506     144       0      
       uart.obj                       280     128       0      
       timer.obj                      240     160       0      
       flash.obj                      152     0         0      
       fpu.obj                        32      0         0      
       cpu.obj                        12      0         0      
    +--+------------------------------+-------+---------+---------+
       Total:                         1976    560       620    
                                                               
    C:\ti\ccs1110\ccs\tools\compiler\ti-cgt-arm_20.2.5.LTS\lib\rtsv7M4_T_le_v4SPD16_eabi.lib
       fd_add_t2.asm.obj              438     0         0      
       e_sqrt.c.obj                   344     0         0      
       fd_div_t2.asm.obj              310     0         0      
       memory.c.obj                   288     0         8      
       fd_mul_t2.asm.obj              252     0         0      
       memcpy_t2.asm.obj              156     0         0      
       memset_t2.asm.obj              122     0         0      
       fd_tos_t2.asm.obj              110     0         0      
       copy_decompress_lzss.c.obj     104     0         0      
       fd_toi_t2.asm.obj              72      0         0      
       autoinit.c.obj                 68      0         0      
       fd_tou_t2.asm.obj              68      0         0      
       ll_tofd_t2.asm.obj             64      0         0      
       fs_tod_t2.asm.obj              56      0         0      
       ull_tofs_t2.asm.obj            54      0         0      
       boot_cortex_m.c.obj            52      0         0      
       i_tofd_t2.asm.obj              46      0         0      
       u_tofd_t2.asm.obj              32      0         0      
       copy_zero_init.c.obj           28      0         0      
       copy_decompress_none.c.obj     14      0         0      
       errno.c.obj                    8       0         4      
       _lock.c.obj                    2       0         8      
       exit.c.obj                     4       0         0      
       pre_init.c.obj                 4       0         0      
    +--+------------------------------+-------+---------+---------+
       Total:                         2696    0         20     
                                                               
       Heap:                          0       0         4096   
       Stack:                         0       0         8192   
       Linker Generated:              0       130       0      
    +--+------------------------------+-------+---------+---------+
       Grand Total:                   12459   3438      15380  


LINKER GENERATED COPY TABLES

__TI_cinit_table @ 00003e30 records: 2, size/record: 8, table size: 16
	.data: load addr=00003db8, load size=0000005e bytes, run addr=20003270, run size=000009a8 bytes, compression=lzss
	.vtable: load addr=00003e28, load size=00000008 bytes, run addr=20000000, run size=0000026c bytes, compression=zero_init


LINKER GENERATED HANDLER TABLE

__TI_handler_table @ 00003e18 records: 3, size/record: 4, table size: 12
	index: 0, handler: __TI_zero_init
	index: 1, handler: __TI_decompress_lzss
	index: 2, handler: __TI_decompress_none


GLOBAL SYMBOLS: SORTED ALPHABETICALLY BY Name 

address   name                          
-------   ----                          
00003b27  C$$EXIT                       
00003ad9  CPUcpsie                      
00001f99  DispFloat5x8                  
00001f09  DispNumber5x8                 
00001ec9  DispString5x8                 
00003a61  FPUEnable                     
00003a71  FPULazyStackingEnable         
000038ed  FlashErase                    
00003419  FlashProgram                  
0000394b  GPIODirModeSet                
0000260d  GPIOPadConfigSet              
000035b1  GPIOPinConfigure              
00003a23  GPIOPinTypeUART               
00002bb9  IORD                          
00002b29  IOWR                          
20003948  I_alpha_beta                  
20003b30  I_data                        
20003960  I_in_U                        
200038bc  I_now                         
200038c4  I_pop                         
00003481  IntEnable                     
00003a81  IntMasterEnable               
00003851  IntRegister                   
00000371  PID                           
000031c9  PID_Q_step                    
000039d9  ResetISR                      
00002c49  SysCtlClockGet                
00002e5d  SysCtlClockSet                
00003b1d  SysCtlDelay                   
00003885  SysCtlPeripheralEnable        
00000429  Timer0IntHandler              
00000271  Timer1AIntHandler             
00003551  TimerConfigure                
00003aa1  TimerEnable                   
000020ed  TimerIntClear                 
00003b03  TimerIntEnable                
000039f3  TimerIntRegister              
00003a4d  TimerLoadSet                  
00002121  UART1IntHandler               
00003aaf  UARTCharGetNonBlocking        
00003ae5  UARTCharPut                   
00003abd  UARTCharsAvail                
00003691  UARTConfigSetExpClk           
00003979  UARTDisable                   
00003a39  UARTEnable                    
00003aef  UARTFIFODisable               
000039d5  UARTIntClear                  
00003b0b  UARTIntEnable                 
00003a0b  UARTIntRegister               
00003af9  UARTIntStatus                 
20003940  U_alpha_beta                  
20003a60  U_data                        
20003958  U_in_U                        
200038b8  U_now                         
20003950  U_out_alpha_beta              
20003968  U_out_dq                      
200038c0  U_pop                         
000030a9  _IQ15div                      
00003139  _IQ20div                      
00003a91  _IQ20mpy                      
000033ad  _IQ20sqrt                     
20002270  __STACK_END                   
00002000  __STACK_SIZE                  
20000470  __STACK_TOP                   
00001000  __SYSMEM_SIZE                 
00003e30  __TI_CINIT_Base               
00003e40  __TI_CINIT_Limit              
00003e18  __TI_Handler_Table_Base       
00003e24  __TI_Handler_Table_Limit      
000036d9  __TI_auto_init_nobinit_nopinit
000034e9  __TI_decompress_lzss          
00003acb  __TI_decompress_none          
ffffffff  __TI_pprof_out_hndl           
ffffffff  __TI_prof_data_size           
ffffffff  __TI_prof_data_start          
00000000  __TI_static_base__            
000039b9  __TI_zero_init_nomemset       
0000333f  __aeabi_d2f                   
00003649  __aeabi_d2iz                  
0000371d  __aeabi_d2uiz                 
0000245f  __aeabi_dadd                  
000028d1  __aeabi_ddiv                  
00002d61  __aeabi_dmul                  
00002455  __aeabi_dsub                  
00003b15  __aeabi_errno_addr            
000037e1  __aeabi_f2d                   
0000391d  __aeabi_i2d                   
000037a1  __aeabi_l2d                   
0000324f  __aeabi_memclr                
0000324f  __aeabi_memclr4               
0000324f  __aeabi_memclr8               
0000300d  __aeabi_memcpy                
0000300d  __aeabi_memcpy4               
0000300d  __aeabi_memcpy8               
00003251  __aeabi_memset                
00003251  __aeabi_memset4               
00003251  __aeabi_memset8               
00003999  __aeabi_ui2d                  
00003819  __aeabi_ul2f                  
ffffffff  __binit__                     
ffffffff  __c_args__                    
UNDEFED   __mpu_init                    
20000270  __stack                       
20000000  __start___llvm_prf_cnts       
20000000  __stop___llvm_prf_cnts        
000038b9  _c_int00_noargs               
20003c08  _lock                         
0000260b  _nop                          
20002270  _sys_memory                   
UNDEFED   _system_post_cinit            
00003b23  _system_pre_init              
20003c0c  _unlock                       
20003938  a                             
2000393c  a_last                        
00003b27  abort                         
20003920  adj                           
20003c10  alpha_beta_L                  
ffffffff  binit                         
20003284  buffer1                       
20003484  buffer2                       
20003684  buffer3                       
200038a0  ch1                           
200038a4  ch4                           
200038a8  ch5                           
20003270  charget                       
200038ec  cons_0_387                    
200038d0  cons_100                      
200038c8  cons_10_24                    
200038e8  cons_37_55                    
200038d4  cons_512                      
200038cc  cons_56_32                    
200038d8  cons_5_12                     
200038f0  cons_65535                    
200038e4  cons_idref                    
200038e0  cons_iqref                    
200038f8  cons_u_b                      
200038f4  cons_u_k                      
200038dc  cons_w_L                      
20003904  d_kd                          
20003900  d_ki                          
200038fc  d_kp                          
200039d0  d_loop                        
00000451  doADC                         
00003201  dq2alpha_beta                 
20003c14  errno                         
00002a09  free                          
20000000  g_pfnRAMVectors               
00000000  g_pfnVectors                  
00002f51  getVoltageRMS                 
00001e59  get_and_write_5x8             
20003928  i_rms                         
20003898  idref                         
2000389c  iqref                         
00001428  isqrt_table                   
20003884  keydat                        
00001c29  lcd_write_com                 
00001cc1  lcd_write_data                
00003c90  linetab                       
00000671  main                          
0000300d  memcpy                        
00003257  memset                        
20003888  mode_flag                     
20003978  model_func_pointer            
20003274  monitorData1                  
20003278  monitorData2                  
2000327c  monitorData3                  
20003280  monitorData4                  
00003c98  numtab                        
20003980  paremeter                     
20003930  paremeter_choose_flag         
20003934  paremeter_flag                
2000392c  paremeter_group_flag          
00002111  printCharFVT                  
000020f1  printStringFVT                
2000388c  protect_flag                  
20003910  q_kd                          
2000390c  q_ki                          
20003908  q_kp                          
20003a00  q_loop                        
00000609  rest                          
00002779  sqrt                          
00002779  sqrtl                         
20003970  theta                         
20003890  time_flag                     
200038b4  u_out_final                   
20003924  u_rms                         
200038b0  ubus_s                        
20003894  ubus_set                      
200038ac  udc                           
200039a4  udc_mean                      
2000391c  vsi_kd                        
20003918  vsi_ki                        
20003914  vsi_kp                        
20003a30  vsi_loop                      
000032c9  write_float_to_flash          


GLOBAL SYMBOLS: SORTED BY Symbol Address 

address   name                          
-------   ----                          
00000000  __TI_static_base__            
00000000  g_pfnVectors                  
00000271  Timer1AIntHandler             
00000371  PID                           
00000429  Timer0IntHandler              
00000451  doADC                         
00000609  rest                          
00000671  main                          
00001000  __SYSMEM_SIZE                 
00001428  isqrt_table                   
00001c29  lcd_write_com                 
00001cc1  lcd_write_data                
00001e59  get_and_write_5x8             
00001ec9  DispString5x8                 
00001f09  DispNumber5x8                 
00001f99  DispFloat5x8                  
00002000  __STACK_SIZE                  
000020ed  TimerIntClear                 
000020f1  printStringFVT                
00002111  printCharFVT                  
00002121  UART1IntHandler               
00002455  __aeabi_dsub                  
0000245f  __aeabi_dadd                  
0000260b  _nop                          
0000260d  GPIOPadConfigSet              
00002779  sqrt                          
00002779  sqrtl                         
000028d1  __aeabi_ddiv                  
00002a09  free                          
00002b29  IOWR                          
00002bb9  IORD                          
00002c49  SysCtlClockGet                
00002d61  __aeabi_dmul                  
00002e5d  SysCtlClockSet                
00002f51  getVoltageRMS                 
0000300d  __aeabi_memcpy                
0000300d  __aeabi_memcpy4               
0000300d  __aeabi_memcpy8               
0000300d  memcpy                        
000030a9  _IQ15div                      
00003139  _IQ20div                      
000031c9  PID_Q_step                    
00003201  dq2alpha_beta                 
0000324f  __aeabi_memclr                
0000324f  __aeabi_memclr4               
0000324f  __aeabi_memclr8               
00003251  __aeabi_memset                
00003251  __aeabi_memset4               
00003251  __aeabi_memset8               
00003257  memset                        
000032c9  write_float_to_flash          
0000333f  __aeabi_d2f                   
000033ad  _IQ20sqrt                     
00003419  FlashProgram                  
00003481  IntEnable                     
000034e9  __TI_decompress_lzss          
00003551  TimerConfigure                
000035b1  GPIOPinConfigure              
00003649  __aeabi_d2iz                  
00003691  UARTConfigSetExpClk           
000036d9  __TI_auto_init_nobinit_nopinit
0000371d  __aeabi_d2uiz                 
000037a1  __aeabi_l2d                   
000037e1  __aeabi_f2d                   
00003819  __aeabi_ul2f                  
00003851  IntRegister                   
00003885  SysCtlPeripheralEnable        
000038b9  _c_int00_noargs               
000038ed  FlashErase                    
0000391d  __aeabi_i2d                   
0000394b  GPIODirModeSet                
00003979  UARTDisable                   
00003999  __aeabi_ui2d                  
000039b9  __TI_zero_init_nomemset       
000039d5  UARTIntClear                  
000039d9  ResetISR                      
000039f3  TimerIntRegister              
00003a0b  UARTIntRegister               
00003a23  GPIOPinTypeUART               
00003a39  UARTEnable                    
00003a4d  TimerLoadSet                  
00003a61  FPUEnable                     
00003a71  FPULazyStackingEnable         
00003a81  IntMasterEnable               
00003a91  _IQ20mpy                      
00003aa1  TimerEnable                   
00003aaf  UARTCharGetNonBlocking        
00003abd  UARTCharsAvail                
00003acb  __TI_decompress_none          
00003ad9  CPUcpsie                      
00003ae5  UARTCharPut                   
00003aef  UARTFIFODisable               
00003af9  UARTIntStatus                 
00003b03  TimerIntEnable                
00003b0b  UARTIntEnable                 
00003b15  __aeabi_errno_addr            
00003b1d  SysCtlDelay                   
00003b23  _system_pre_init              
00003b27  C$$EXIT                       
00003b27  abort                         
00003c90  linetab                       
00003c98  numtab                        
00003e18  __TI_Handler_Table_Base       
00003e24  __TI_Handler_Table_Limit      
00003e30  __TI_CINIT_Base               
00003e40  __TI_CINIT_Limit              
20000000  __start___llvm_prf_cnts       
20000000  __stop___llvm_prf_cnts        
20000000  g_pfnRAMVectors               
20000270  __stack                       
20000470  __STACK_TOP                   
20002270  __STACK_END                   
20002270  _sys_memory                   
20003270  charget                       
20003274  monitorData1                  
20003278  monitorData2                  
2000327c  monitorData3                  
20003280  monitorData4                  
20003284  buffer1                       
20003484  buffer2                       
20003684  buffer3                       
20003884  keydat                        
20003888  mode_flag                     
2000388c  protect_flag                  
20003890  time_flag                     
20003894  ubus_set                      
20003898  idref                         
2000389c  iqref                         
200038a0  ch1                           
200038a4  ch4                           
200038a8  ch5                           
200038ac  udc                           
200038b0  ubus_s                        
200038b4  u_out_final                   
200038b8  U_now                         
200038bc  I_now                         
200038c0  U_pop                         
200038c4  I_pop                         
200038c8  cons_10_24                    
200038cc  cons_56_32                    
200038d0  cons_100                      
200038d4  cons_512                      
200038d8  cons_5_12                     
200038dc  cons_w_L                      
200038e0  cons_iqref                    
200038e4  cons_idref                    
200038e8  cons_37_55                    
200038ec  cons_0_387                    
200038f0  cons_65535                    
200038f4  cons_u_k                      
200038f8  cons_u_b                      
200038fc  d_kp                          
20003900  d_ki                          
20003904  d_kd                          
20003908  q_kp                          
2000390c  q_ki                          
20003910  q_kd                          
20003914  vsi_kp                        
20003918  vsi_ki                        
2000391c  vsi_kd                        
20003920  adj                           
20003924  u_rms                         
20003928  i_rms                         
2000392c  paremeter_group_flag          
20003930  paremeter_choose_flag         
20003934  paremeter_flag                
20003938  a                             
2000393c  a_last                        
20003940  U_alpha_beta                  
20003948  I_alpha_beta                  
20003950  U_out_alpha_beta              
20003958  U_in_U                        
20003960  I_in_U                        
20003968  U_out_dq                      
20003970  theta                         
20003978  model_func_pointer            
20003980  paremeter                     
200039a4  udc_mean                      
200039d0  d_loop                        
20003a00  q_loop                        
20003a30  vsi_loop                      
20003a60  U_data                        
20003b30  I_data                        
20003c08  _lock                         
20003c0c  _unlock                       
20003c10  alpha_beta_L                  
20003c14  errno                         
ffffffff  __TI_pprof_out_hndl           
ffffffff  __TI_prof_data_size           
ffffffff  __TI_prof_data_start          
ffffffff  __binit__                     
ffffffff  __c_args__                    
ffffffff  binit                         
UNDEFED   __mpu_init                    
UNDEFED   _system_post_cinit            

[195 symbols]
