******************************************************************************
                  TI ARM Linker PC v20.2.5                     
******************************************************************************
>> Linked Sun May 14 14:08:46 2023

OUTPUT FILE NAME:   <single_phase_dq.out>
ENTRY POINT SYMBOL: "_c_int00_noargs"  address: 000061c9


MEMORY CONFIGURATION

         name            origin    length      used     unused   attr    fill
----------------------  --------  ---------  --------  --------  ----  --------
  FLASH                 00000000   00040000  00006782  0003987e  R  X
  SRAM                  20000000   00008000  00002c14  000053ec  RW X


SEGMENT ALLOCATION MAP

run origin  load origin   length   init length attrs members
----------  ----------- ---------- ----------- ----- -------
00000000    00000000    00006790   00006790    r-x
  00000000    00000000    0000026c   0000026c    r-- .intvecs
  00000270    00000270    0000620a   0000620a    r-x .text
  00006480    00006480    00000284   00000284    r-- .const
  00006708    00006708    00000088   00000088    r-- .cinit
20000000    20000000    00002c18   00000000    rw-
  20000000    20000000    0000026c   00000000    rw- .vtable
  20000270    20000270    00001000   00000000    rw- .stack
  20001270    20001270    00001000   00000000    rw- .sysmem
  20002270    20002270    000009a8   00000000    rw- .data


SECTION ALLOCATION MAP

 output                                  attributes/
section   page    origin      length       input sections
--------  ----  ----------  ----------   ----------------
.intvecs   0    00000000    0000026c     
                  00000000    0000026c     tm4c123gh6pz_startup_ccs.obj (.intvecs)

.text      0    00000270    0000620a     
                  00000270    00001a74     main.obj (.text)
                  00001ce4    00000004     driverlib.lib : timer.obj (.text:TimerIntClear)
                  00001ce8    00001968     LCD12864_rom_enable.obj (.text)
                  00003650    00000ad2     blue.obj (.text)
                  00004122    00000002     rtsv7M4_T_le_v4SPD16_eabi.lib : _lock.c.obj (.text:_nop)
                  00004124    00000800     IQmathLib.lib : IQtables.obj (.text:isqrt_table)
                  00004924    00000004     driverlib.lib : uart.obj (.text:UARTIntClear)
                  00004928    00000240     IQ_TOOLS.obj (.text)
                  00004b68    00000206     bus_fpga.obj (.text)
                  00004d6e    000001b6     rtsv7M4_T_le_v4SPD16_eabi.lib : fd_add_t2.asm.obj (.text)
                  00004f24    00000004                                   : pre_init.c.obj (.text:_system_pre_init)
                  00004f28    000001a8     ADS8688_TIVA_FPGA.obj (.text)
                  000050d0    0000016c     driverlib.lib : gpio.obj (.text:GPIOPadConfigSet)
                  0000523c    00000004     rtsv7M4_T_le_v4SPD16_eabi.lib : exit.c.obj (.text:abort:abort)
                  00005240    0000015a     Txiang_utools.obj (.text)
                  0000539a    00000002     --HOLE-- [fill = 0]
                  0000539c    00000158     rtsv7M4_T_le_v4SPD16_eabi.lib : e_sqrt.c.obj (.text:sqrt)
                  000054f4    00000136                                   : fd_div_t2.asm.obj (.text)
                  0000562a    00000002     --HOLE-- [fill = 0]
                  0000562c    00000118     driverlib.lib : sysctl.obj (.text:SysCtlClockGet)
                  00005744    000000fc     rtsv7M4_T_le_v4SPD16_eabi.lib : fd_mul_t2.asm.obj (.text)
                  00005840    000000f4     driverlib.lib : sysctl.obj (.text:SysCtlClockSet)
                  00005934    000000e4     rtsv7M4_T_le_v4SPD16_eabi.lib : memory.c.obj (.text:free)
                  00005a18    0000009c                                   : memcpy_t2.asm.obj (.text)
                  00005ab4    00000090     IQmathLib.lib : IQNdiv.obj (.text:_IQ15div)
                  00005b44    00000090                   : IQNdiv.obj (.text:_IQ20div)
                  00005bd4    0000007a     rtsv7M4_T_le_v4SPD16_eabi.lib : memset_t2.asm.obj (.text)
                  00005c4e    0000006e                                   : fd_tos_t2.asm.obj (.text)
                  00005cbc    0000006c     IQmathLib.lib : IQNsqrt.obj (.text:_IQ20sqrt)
                  00005d28    00000068     driverlib.lib : flash.obj (.text:FlashProgram)
                  00005d90    00000068                   : interrupt.obj (.text:IntEnable)
                  00005df8    00000068     rtsv7M4_T_le_v4SPD16_eabi.lib : copy_decompress_lzss.c.obj (.text:decompress:lzss:__TI_decompress_lzss)
                  00005e60    00000060     driverlib.lib : timer.obj (.text:TimerConfigure)
                  00005ec0    0000004c                   : gpio.obj (.text:GPIOPinConfigure)
                  00005f0c    0000004c                   : timer.obj (.text:_TimerIntNumberGet)
                  00005f58    00000048     rtsv7M4_T_le_v4SPD16_eabi.lib : fd_toi_t2.asm.obj (.text)
                  00005fa0    00000046     driverlib.lib : uart.obj (.text:UARTConfigSetExpClk)
                  00005fe6    00000002     --HOLE-- [fill = 0]
                  00005fe8    00000044     rtsv7M4_T_le_v4SPD16_eabi.lib : autoinit.c.obj (.text:__TI_auto_init_nobinit_nopinit:__TI_auto_init_nobinit_nopinit)
                  0000602c    00000044                                   : fd_tou_t2.asm.obj (.text)
                  00006070    00000040     driverlib.lib : uart.obj (.text:_UARTIntNumberGet)
                  000060b0    00000040     rtsv7M4_T_le_v4SPD16_eabi.lib : ll_tofd_t2.asm.obj (.text)
                  000060f0    00000038                                   : fs_tod_t2.asm.obj (.text)
                  00006128    00000036                                   : ull_tofs_t2.asm.obj (.text)
                  0000615e    00000002     --HOLE-- [fill = 0]
                  00006160    00000034     driverlib.lib : interrupt.obj (.text:IntRegister)
                  00006194    00000034                   : sysctl.obj (.text:SysCtlPeripheralEnable)
                  000061c8    00000034     rtsv7M4_T_le_v4SPD16_eabi.lib : boot_cortex_m.c.obj (.text:_c_int00_noargs:_c_int00_noargs)
                  000061fc    00000030     driverlib.lib : flash.obj (.text:FlashErase)
                  0000622c    0000002e     rtsv7M4_T_le_v4SPD16_eabi.lib : i_tofd_t2.asm.obj (.text)
                  0000625a    0000002c     driverlib.lib : gpio.obj (.text:GPIODirModeSet)
                  00006286    00000002     --HOLE-- [fill = 0]
                  00006288    00000028     rtsv7M4_T_le_v4SPD16_eabi.lib : memory.c.obj (.text:free_list_insert)
                  000062b0    00000020     driverlib.lib : uart.obj (.text:UARTDisable)
                  000062d0    00000020     rtsv7M4_T_le_v4SPD16_eabi.lib : u_tofd_t2.asm.obj (.text)
                  000062f0    0000001c                                   : copy_zero_init.c.obj (.text:decompress:ZI:__TI_zero_init_nomemset:__TI_zero_init_nomemset)
                  0000630c    0000001c                                   : memory.c.obj (.text:free_list_remove)
                  00006328    0000001a     tm4c123gh6pz_startup_ccs.obj (.text)
                  00006342    00000018     driverlib.lib : timer.obj (.text:TimerIntRegister)
                  0000635a    00000018                   : uart.obj (.text:UARTIntRegister)
                  00006372    00000016                   : gpio.obj (.text:GPIOPinTypeUART)
                  00006388    00000014                   : uart.obj (.text:UARTEnable)
                  0000639c    00000012                   : timer.obj (.text:TimerLoadSet)
                  000063ae    00000002     --HOLE-- [fill = 0]
                  000063b0    00000010                   : fpu.obj (.text:FPUEnable)
                  000063c0    00000010                   : fpu.obj (.text:FPULazyStackingEnable)
                  000063d0    00000010                   : interrupt.obj (.text:IntMasterEnable)
                  000063e0    00000010     IQmathLib.lib : IQNmpy.obj (.text:_IQ20mpy)
                  000063f0    0000000e     driverlib.lib : timer.obj (.text:TimerEnable)
                  000063fe    0000000e                   : uart.obj (.text:UARTCharGetNonBlocking)
                  0000640c    0000000e                   : uart.obj (.text:UARTCharsAvail)
                  0000641a    0000000e     rtsv7M4_T_le_v4SPD16_eabi.lib : copy_decompress_none.c.obj (.text:decompress:none:__TI_decompress_none)
                  00006428    0000000c     driverlib.lib : cpu.obj (.text:CPUcpsie)
                  00006434    0000000a                   : uart.obj (.text:UARTCharPut)
                  0000643e    0000000a                   : uart.obj (.text:UARTFIFODisable)
                  00006448    0000000a                   : uart.obj (.text:UARTIntStatus)
                  00006452    00000008                   : timer.obj (.text:TimerIntEnable)
                  0000645a    00000008                   : uart.obj (.text:UARTBusy)
                  00006462    00000008                   : uart.obj (.text:UARTIntEnable)
                  0000646a    00000002     --HOLE-- [fill = 0]
                  0000646c    00000008     rtsv7M4_T_le_v4SPD16_eabi.lib : errno.c.obj (.text:__aeabi_errno_addr)
                  00006474    00000006     driverlib.lib : sysctl.obj (.text:SysCtlDelay)

.const     0    00006480    00000284     
                  00006480    00000090     driverlib.lib : gpio.obj (.const:g_pui32GPIOBaseAddrs)
                  00006510    0000006c                   : sysctl.obj (.const:g_pui32Xtals)
                  0000657c    00000060                   : timer.obj (.const:g_ppui32TimerIntMap)
                  000065dc    00000004     --HOLE-- [fill = 0]
                  000065e0    00000050     LCD12864_rom_enable.obj (.const:$O1$$)
                  00006630    00000040     driverlib.lib : timer.obj (.const:g_ppui32TimerIntMapSnowflake)
                  00006670    00000040                   : uart.obj (.const:g_ppui32UARTIntMap)
                  000066b0    00000040                   : uart.obj (.const:g_ppui32UARTIntMapSnowflake)
                  000066f0    00000014                   : interrupt.obj (.const:g_pui32EnRegs)

.cinit     0    00006708    00000088     
                  00006708    0000005e     (.cinit..data.load) [load image, compression = lzss]
                  00006766    00000002     --HOLE-- [fill = 0]
                  00006768    0000000c     (__TI_handler_table)
                  00006774    00000004     --HOLE-- [fill = 0]
                  00006778    00000008     (.cinit..vtable.load) [load image, compression = zero_init]
                  00006780    00000010     (__TI_cinit_table)

.init_array 
*          0    00000000    00000000     UNINITIALIZED

.vtable    0    20000000    0000026c     UNINITIALIZED
                  20000000    0000026c     driverlib.lib : interrupt.obj (.vtable)

.stack     0    20000270    00001000     UNINITIALIZED
                  20000270    00000004     rtsv7M4_T_le_v4SPD16_eabi.lib : boot_cortex_m.c.obj (.stack)
                  20000274    00000ffc     --HOLE--

.data      0    20002270    000009a8     UNINITIALIZED
                  20002270    00000614     blue.obj (.data:$O1$$)
                  20002884    0000037c     main.obj (.data:$O1$$)
                  20002c00    00000008     rtsv7M4_T_le_v4SPD16_eabi.lib : _lock.c.obj (.data:$O1$$)
                  20002c08    00000008                                   : memory.c.obj (.data:$O1$$)
                  20002c10    00000004     IQ_TOOLS.obj (.data)
                  20002c14    00000004     rtsv7M4_T_le_v4SPD16_eabi.lib : errno.c.obj (.data)

.sysmem    0    20001270    00001000     UNINITIALIZED
                  20001270    00000010     rtsv7M4_T_le_v4SPD16_eabi.lib : memory.c.obj (.sysmem)
                  20001280    00000ff0     --HOLE--

__llvm_prf_cnts 
*          0    20000000    00000000     UNINITIALIZED

MODULE SUMMARY

       Module                         code    ro data   rw data
       ------                         ----    -------   -------
    .\
       main.obj                       6772    0         892    
       LCD12864_rom_enable.obj        6504    80        0      
       blue.obj                       2770    0         1556   
       tm4c123gh6pz_startup_ccs.obj   26      620       0      
       IQ_TOOLS.obj                   576     0         4      
       bus_fpga.obj                   518     0         0      
       ADS8688_TIVA_FPGA.obj          424     0         0      
       Txiang_utools.obj              346     0         0      
    +--+------------------------------+-------+---------+---------+
       Total:                         17936   700       2452   
                                                               
    ../IQmath/ccs/IQmathLib/Debug/IQmathLib.lib
       IQtables.obj                   0       2048      0      
       IQNdiv.obj                     288     0         0      
       IQNsqrt.obj                    108     0         0      
       IQNmpy.obj                     16      0         0      
    +--+------------------------------+-------+---------+---------+
       Total:                         412     2048      0      
                                                               
    C:/ti/TivaWare_C_Series-2.2.0.295/driverlib/ccs/Debug/driverlib.lib
       interrupt.obj                  172     20        620    
       sysctl.obj                     582     108       0      
       gpio.obj                       506     144       0      
       uart.obj                       288     128       0      
       timer.obj                      240     160       0      
       flash.obj                      152     0         0      
       fpu.obj                        32      0         0      
       cpu.obj                        12      0         0      
    +--+------------------------------+-------+---------+---------+
       Total:                         1984    560       620    
                                                               
    C:\ti\ccs1110\ccs\tools\compiler\ti-cgt-arm_20.2.5.LTS\lib\rtsv7M4_T_le_v4SPD16_eabi.lib
       fd_add_t2.asm.obj              438     0         0      
       e_sqrt.c.obj                   344     0         0      
       fd_div_t2.asm.obj              310     0         0      
       memory.c.obj                   296     0         8      
       fd_mul_t2.asm.obj              252     0         0      
       memcpy_t2.asm.obj              156     0         0      
       memset_t2.asm.obj              122     0         0      
       fd_tos_t2.asm.obj              110     0         0      
       copy_decompress_lzss.c.obj     104     0         0      
       fd_toi_t2.asm.obj              72      0         0      
       autoinit.c.obj                 68      0         0      
       fd_tou_t2.asm.obj              68      0         0      
       ll_tofd_t2.asm.obj             64      0         0      
       fs_tod_t2.asm.obj              56      0         0      
       ull_tofs_t2.asm.obj            54      0         0      
       boot_cortex_m.c.obj            52      0         0      
       i_tofd_t2.asm.obj              46      0         0      
       u_tofd_t2.asm.obj              32      0         0      
       copy_zero_init.c.obj           28      0         0      
       copy_decompress_none.c.obj     14      0         0      
       errno.c.obj                    8       0         4      
       _lock.c.obj                    2       0         8      
       exit.c.obj                     4       0         0      
       pre_init.c.obj                 4       0         0      
    +--+------------------------------+-------+---------+---------+
       Total:                         2704    0         20     
                                                               
       Heap:                          0       0         4096   
       Stack:                         0       0         4096   
       Linker Generated:              0       130       0      
    +--+------------------------------+-------+---------+---------+
       Grand Total:                   23036   3438      11284  


LINKER GENERATED COPY TABLES

__TI_cinit_table @ 00006780 records: 2, size/record: 8, table size: 16
	.data: load addr=00006708, load size=0000005e bytes, run addr=20002270, run size=000009a8 bytes, compression=lzss
	.vtable: load addr=00006778, load size=00000008 bytes, run addr=20000000, run size=0000026c bytes, compression=zero_init


LINKER GENERATED HANDLER TABLE

__TI_handler_table @ 00006768 records: 3, size/record: 4, table size: 12
	index: 0, handler: __TI_zero_init
	index: 1, handler: __TI_decompress_lzss
	index: 2, handler: __TI_decompress_none


GLOBAL SYMBOLS: SORTED ALPHABETICALLY BY Name 

address   name                          
-------   ----                          
00004ca9  BUS_Init                      
0000523d  C$$EXIT                       
00006429  CPUcpsie                      
00003621  DispChar5x8                   
000035e9  DispClear                     
000035a9  DispClear_line                
00002599  DispExtern16x16               
00003501  DispFloat                     
00003291  DispFloat5x8                  
00003069  DispFloat8x16                 
00002ed9  DispNumber5x8                 
00002d49  DispNumber8x16                
00002c11  DispString5x8                 
000026f9  Disp_GB2312_string_16x16      
00000ab9  Display                       
00002609  Display_128x64                
000063b1  FPUEnable                     
000063c1  FPULazyStackingEnable         
000061fd  FlashErase                    
00005d29  FlashProgram                  
00003691  Float2Str                     
0000625b  GPIODirModeSet                
000050d1  GPIOPadConfigSet              
00005ec1  GPIOPinConfigure              
00006373  GPIOPinTypeUART               
00004c09  IORD                          
00004b69  IOWR                          
20002948  I_alpha_beta                  
20002b30  I_data                        
20002960  I_in_U                        
200028bc  I_now                         
200028c4  I_pop                         
00005d91  IntEnable                     
000063d1  IntMasterEnable               
00006161  IntRegister                   
00000e39  KeyToControl                  
00001b39  PID                           
00004b31  PID_Q_step                    
00004b09  PID_init_Q                    
00000c61  ReadKey                       
00006329  ResetISR                      
0000562d  SysCtlClockGet                
00005841  SysCtlClockSet                
00006475  SysCtlDelay                   
00006195  SysCtlPeripheralEnable        
00001cc1  Timer0IntHandler              
00001a99  Timer1AIntHandler             
00005e61  TimerConfigure                
000063f1  TimerEnable                   
00001ce5  TimerIntClear                 
00006453  TimerIntEnable                
00006343  TimerIntRegister              
0000639d  TimerLoadSet                  
00003ba1  UART1IntHandler               
0000645b  UARTBusy                      
000063ff  UARTCharGetNonBlocking        
00006435  UARTCharPut                   
0000640d  UARTCharsAvail                
00005fa1  UARTConfigSetExpClk           
000062b1  UARTDisable                   
00006389  UARTEnable                    
0000643f  UARTFIFODisable               
00004925  UARTIntClear                  
00006463  UARTIntEnable                 
0000635b  UARTIntRegister               
00006449  UARTIntStatus                 
000040e9  UARTStringPut                 
20002940  U_alpha_beta                  
20002a60  U_data                        
20002958  U_in_U                        
200028b8  U_now                         
20002950  U_out_alpha_beta              
20002968  U_out_dq                      
200028c0  U_pop                         
00005ab5  _IQ15div                      
00005b45  _IQ20div                      
000063e1  _IQ20mpy                      
00005cbd  _IQ20sqrt                     
20001270  __STACK_END                   
00001000  __STACK_SIZE                  
20000470  __STACK_TOP                   
00001000  __SYSMEM_SIZE                 
00006780  __TI_CINIT_Base               
00006790  __TI_CINIT_Limit              
00006768  __TI_Handler_Table_Base       
00006774  __TI_Handler_Table_Limit      
00005fe9  __TI_auto_init_nobinit_nopinit
00005df9  __TI_decompress_lzss          
0000641b  __TI_decompress_none          
ffffffff  __TI_pprof_out_hndl           
ffffffff  __TI_prof_data_size           
ffffffff  __TI_prof_data_start          
00000000  __TI_static_base__            
000062f1  __TI_zero_init_nomemset       
00005c4f  __aeabi_d2f                   
00005f59  __aeabi_d2iz                  
0000602d  __aeabi_d2uiz                 
00004d79  __aeabi_dadd                  
000054f5  __aeabi_ddiv                  
00005745  __aeabi_dmul                  
00004d6f  __aeabi_dsub                  
0000646d  __aeabi_errno_addr            
000060f1  __aeabi_f2d                   
0000622d  __aeabi_i2d                   
000060b1  __aeabi_l2d                   
00005bd5  __aeabi_memclr                
00005bd5  __aeabi_memclr4               
00005bd5  __aeabi_memclr8               
00005a19  __aeabi_memcpy                
00005a19  __aeabi_memcpy4               
00005a19  __aeabi_memcpy8               
00005bd7  __aeabi_memset                
00005bd7  __aeabi_memset4               
00005bd7  __aeabi_memset8               
000062d1  __aeabi_ui2d                  
00006129  __aeabi_ul2f                  
ffffffff  __binit__                     
ffffffff  __c_args__                    
UNDEFED   __mpu_init                    
20000270  __stack                       
20000000  __start___llvm_prf_cnts       
20000000  __stop___llvm_prf_cnts        
000061c9  _c_int00_noargs               
20002c00  _lock                         
00004123  _nop                          
20001270  _sys_memory                   
UNDEFED   _system_post_cinit            
00004f25  _system_pre_init              
20002c04  _unlock                       
20002938  a                             
2000293c  a_last                        
00004ad1  abc2alpha_beta                
0000523d  abort                         
20002920  adj                           
00004a51  alpha_beta2dq                 
20002c10  alpha_beta_L                  
00004a21  ave_queue_push                
000049e9  ave_queue_sum                 
ffffffff  binit                         
000040d9  blue1                         
000040c9  blue2                         
000040b9  blue3                         
000040a9  blue4                         
20002284  buffer1                       
20002484  buffer2                       
20002684  buffer3                       
200028a0  ch1                           
200028a4  ch4                           
200028a8  ch5                           
20002270  charget                       
200028ec  cons_0_387                    
200028d0  cons_100                      
200028c8  cons_10_24                    
200028e8  cons_37_55                    
200028d4  cons_512                      
200028cc  cons_56_32                    
200028d8  cons_5_12                     
200028f0  cons_65535                    
200028e4  cons_idref                    
200028e0  cons_iqref                    
200028f8  cons_u_b                      
200028f4  cons_u_k                      
200028dc  cons_w_L                      
20002904  d_kd                          
20002900  d_ki                          
200028fc  d_kp                          
200029d0  d_loop                        
00002599  display_graphic_16x16         
00002541  display_graphic_5x8           
000024d1  display_graphic_8x16          
00002409  display_vertical_line         
00000271  doADC                         
000049b1  dq2alpha_beta                 
20002c14  errno                         
00005381  float_ave_init                
00005349  float_ave_step                
00005935  free                          
20000000  g_pfnRAMVectors               
00000000  g_pfnVectors                  
00003f41  getStringFVT                  
00005089  getVoltage                    
00004fe1  getVoltageMean                
00004f29  getVoltageRMS                 
00002249  get_and_write_16x16           
00002159  get_and_write_5x8             
00002041  get_and_write_8x16            
20002928  i_rms                         
20002898  idref                         
00000949  init                          
00003b11  initialize_uart               
2000289c  iqref                         
00004124  isqrt_table                   
20002884  keydat                        
00001e49  lcd12864_init                 
00001d99  lcd_write_com                 
00001ce9  lcd_write_data                
000065e0  linetab                       
00001151  main                          
00005a19  memcpy                        
00005bdd  memset                        
20002888  mode_flag                     
20002978  model_func_pointer            
20002274  monitorData1                  
20002278  monitorData2                  
2000227c  monitorData3                  
20002280  monitorData4                  
00003651  num_pow                       
000065e8  numtab                        
20002980  paremeter                     
00000849  paremeter_add                 
000007e9  paremeter_choose_add          
20002930  paremeter_choose_flag         
00000789  paremeter_choose_sub          
00000609  paremeter_display             
20002934  paremeter_flag                
000005a9  paremeter_group_add           
2000292c  paremeter_group_flag          
00000541  paremeter_group_sub           
00000471  paremeter_sub                 
000037e1  printCharFVT                  
000037c1  printStringFVT                
2000288c  protect_flag                  
20002910  q_kd                          
2000290c  q_ki                          
20002908  q_kp                          
20002a00  q_loop                        
00004991  queue_clear                   
00004961  queue_pop                     
00004929  queue_push                    
00005309  read_float_from_flash         
000052d1  read_int_from_flash           
00000341  rest                          
000037f1  sentdata                      
0000539d  sqrt                          
0000539d  sqrtl                         
20002970  theta                         
20002890  time_flag                     
200028b4  u_out_final                   
20002924  u_rms                         
200028b0  ubus_s                        
20002894  ubus_set                      
200028ac  udc                           
200029a4  udc_mean                      
2000291c  vsi_kd                        
20002918  vsi_ki                        
20002914  vsi_kp                        
20002a30  vsi_loop                      
00005261  write_float_to_flash          
00005241  write_int_to_flash            


GLOBAL SYMBOLS: SORTED BY Symbol Address 

address   name                          
-------   ----                          
00000000  __TI_static_base__            
00000000  g_pfnVectors                  
00000271  doADC                         
00000341  rest                          
00000471  paremeter_sub                 
00000541  paremeter_group_sub           
000005a9  paremeter_group_add           
00000609  paremeter_display             
00000789  paremeter_choose_sub          
000007e9  paremeter_choose_add          
00000849  paremeter_add                 
00000949  init                          
00000ab9  Display                       
00000c61  ReadKey                       
00000e39  KeyToControl                  
00001000  __STACK_SIZE                  
00001000  __SYSMEM_SIZE                 
00001151  main                          
00001a99  Timer1AIntHandler             
00001b39  PID                           
00001cc1  Timer0IntHandler              
00001ce5  TimerIntClear                 
00001ce9  lcd_write_data                
00001d99  lcd_write_com                 
00001e49  lcd12864_init                 
00002041  get_and_write_8x16            
00002159  get_and_write_5x8             
00002249  get_and_write_16x16           
00002409  display_vertical_line         
000024d1  display_graphic_8x16          
00002541  display_graphic_5x8           
00002599  DispExtern16x16               
00002599  display_graphic_16x16         
00002609  Display_128x64                
000026f9  Disp_GB2312_string_16x16      
00002c11  DispString5x8                 
00002d49  DispNumber8x16                
00002ed9  DispNumber5x8                 
00003069  DispFloat8x16                 
00003291  DispFloat5x8                  
00003501  DispFloat                     
000035a9  DispClear_line                
000035e9  DispClear                     
00003621  DispChar5x8                   
00003651  num_pow                       
00003691  Float2Str                     
000037c1  printStringFVT                
000037e1  printCharFVT                  
000037f1  sentdata                      
00003b11  initialize_uart               
00003ba1  UART1IntHandler               
00003f41  getStringFVT                  
000040a9  blue4                         
000040b9  blue3                         
000040c9  blue2                         
000040d9  blue1                         
000040e9  UARTStringPut                 
00004123  _nop                          
00004124  isqrt_table                   
00004925  UARTIntClear                  
00004929  queue_push                    
00004961  queue_pop                     
00004991  queue_clear                   
000049b1  dq2alpha_beta                 
000049e9  ave_queue_sum                 
00004a21  ave_queue_push                
00004a51  alpha_beta2dq                 
00004ad1  abc2alpha_beta                
00004b09  PID_init_Q                    
00004b31  PID_Q_step                    
00004b69  IOWR                          
00004c09  IORD                          
00004ca9  BUS_Init                      
00004d6f  __aeabi_dsub                  
00004d79  __aeabi_dadd                  
00004f25  _system_pre_init              
00004f29  getVoltageRMS                 
00004fe1  getVoltageMean                
00005089  getVoltage                    
000050d1  GPIOPadConfigSet              
0000523d  C$$EXIT                       
0000523d  abort                         
00005241  write_int_to_flash            
00005261  write_float_to_flash          
000052d1  read_int_from_flash           
00005309  read_float_from_flash         
00005349  float_ave_step                
00005381  float_ave_init                
0000539d  sqrt                          
0000539d  sqrtl                         
000054f5  __aeabi_ddiv                  
0000562d  SysCtlClockGet                
00005745  __aeabi_dmul                  
00005841  SysCtlClockSet                
00005935  free                          
00005a19  __aeabi_memcpy                
00005a19  __aeabi_memcpy4               
00005a19  __aeabi_memcpy8               
00005a19  memcpy                        
00005ab5  _IQ15div                      
00005b45  _IQ20div                      
00005bd5  __aeabi_memclr                
00005bd5  __aeabi_memclr4               
00005bd5  __aeabi_memclr8               
00005bd7  __aeabi_memset                
00005bd7  __aeabi_memset4               
00005bd7  __aeabi_memset8               
00005bdd  memset                        
00005c4f  __aeabi_d2f                   
00005cbd  _IQ20sqrt                     
00005d29  FlashProgram                  
00005d91  IntEnable                     
00005df9  __TI_decompress_lzss          
00005e61  TimerConfigure                
00005ec1  GPIOPinConfigure              
00005f59  __aeabi_d2iz                  
00005fa1  UARTConfigSetExpClk           
00005fe9  __TI_auto_init_nobinit_nopinit
0000602d  __aeabi_d2uiz                 
000060b1  __aeabi_l2d                   
000060f1  __aeabi_f2d                   
00006129  __aeabi_ul2f                  
00006161  IntRegister                   
00006195  SysCtlPeripheralEnable        
000061c9  _c_int00_noargs               
000061fd  FlashErase                    
0000622d  __aeabi_i2d                   
0000625b  GPIODirModeSet                
000062b1  UARTDisable                   
000062d1  __aeabi_ui2d                  
000062f1  __TI_zero_init_nomemset       
00006329  ResetISR                      
00006343  TimerIntRegister              
0000635b  UARTIntRegister               
00006373  GPIOPinTypeUART               
00006389  UARTEnable                    
0000639d  TimerLoadSet                  
000063b1  FPUEnable                     
000063c1  FPULazyStackingEnable         
000063d1  IntMasterEnable               
000063e1  _IQ20mpy                      
000063f1  TimerEnable                   
000063ff  UARTCharGetNonBlocking        
0000640d  UARTCharsAvail                
0000641b  __TI_decompress_none          
00006429  CPUcpsie                      
00006435  UARTCharPut                   
0000643f  UARTFIFODisable               
00006449  UARTIntStatus                 
00006453  TimerIntEnable                
0000645b  UARTBusy                      
00006463  UARTIntEnable                 
0000646d  __aeabi_errno_addr            
00006475  SysCtlDelay                   
000065e0  linetab                       
000065e8  numtab                        
00006768  __TI_Handler_Table_Base       
00006774  __TI_Handler_Table_Limit      
00006780  __TI_CINIT_Base               
00006790  __TI_CINIT_Limit              
20000000  __start___llvm_prf_cnts       
20000000  __stop___llvm_prf_cnts        
20000000  g_pfnRAMVectors               
20000270  __stack                       
20000470  __STACK_TOP                   
20001270  __STACK_END                   
20001270  _sys_memory                   
20002270  charget                       
20002274  monitorData1                  
20002278  monitorData2                  
2000227c  monitorData3                  
20002280  monitorData4                  
20002284  buffer1                       
20002484  buffer2                       
20002684  buffer3                       
20002884  keydat                        
20002888  mode_flag                     
2000288c  protect_flag                  
20002890  time_flag                     
20002894  ubus_set                      
20002898  idref                         
2000289c  iqref                         
200028a0  ch1                           
200028a4  ch4                           
200028a8  ch5                           
200028ac  udc                           
200028b0  ubus_s                        
200028b4  u_out_final                   
200028b8  U_now                         
200028bc  I_now                         
200028c0  U_pop                         
200028c4  I_pop                         
200028c8  cons_10_24                    
200028cc  cons_56_32                    
200028d0  cons_100                      
200028d4  cons_512                      
200028d8  cons_5_12                     
200028dc  cons_w_L                      
200028e0  cons_iqref                    
200028e4  cons_idref                    
200028e8  cons_37_55                    
200028ec  cons_0_387                    
200028f0  cons_65535                    
200028f4  cons_u_k                      
200028f8  cons_u_b                      
200028fc  d_kp                          
20002900  d_ki                          
20002904  d_kd                          
20002908  q_kp                          
2000290c  q_ki                          
20002910  q_kd                          
20002914  vsi_kp                        
20002918  vsi_ki                        
2000291c  vsi_kd                        
20002920  adj                           
20002924  u_rms                         
20002928  i_rms                         
2000292c  paremeter_group_flag          
20002930  paremeter_choose_flag         
20002934  paremeter_flag                
20002938  a                             
2000293c  a_last                        
20002940  U_alpha_beta                  
20002948  I_alpha_beta                  
20002950  U_out_alpha_beta              
20002958  U_in_U                        
20002960  I_in_U                        
20002968  U_out_dq                      
20002970  theta                         
20002978  model_func_pointer            
20002980  paremeter                     
200029a4  udc_mean                      
200029d0  d_loop                        
20002a00  q_loop                        
20002a30  vsi_loop                      
20002a60  U_data                        
20002b30  I_data                        
20002c00  _lock                         
20002c04  _unlock                       
20002c10  alpha_beta_L                  
20002c14  errno                         
ffffffff  __TI_pprof_out_hndl           
ffffffff  __TI_prof_data_size           
ffffffff  __TI_prof_data_start          
ffffffff  __binit__                     
ffffffff  __c_args__                    
ffffffff  binit                         
UNDEFED   __mpu_init                    
UNDEFED   _system_post_cinit            

[249 symbols]
