<?xml version="1.0" encoding="ISO-8859-1" ?>
<link_info>
   <banner>TI ARM Linker PC v20.2.5.LTS</banner>
   <copyright>Copyright (c) 1996-2018 Texas Instruments Incorporated</copyright>
   <link_time>0x64607aee</link_time>
   <link_errors>0x0</link_errors>
   <output_file>single_phase_dq.out</output_file>
   <entry_point>
      <name>_c_int00_noargs</name>
      <address>0x61c9</address>
   </entry_point>
   <input_file_list>
      <input_file id="fl-2">
         <path>.\</path>
         <kind>object</kind>
         <file>ADS8688_TIVA_FPGA.obj</file>
         <name>ADS8688_TIVA_FPGA.obj</name>
      </input_file>
      <input_file id="fl-3">
         <path>.\</path>
         <kind>object</kind>
         <file>IQ_TOOLS.obj</file>
         <name>IQ_TOOLS.obj</name>
      </input_file>
      <input_file id="fl-4">
         <path>.\</path>
         <kind>object</kind>
         <file>LCD12864_rom_enable.obj</file>
         <name>LCD12864_rom_enable.obj</name>
      </input_file>
      <input_file id="fl-5">
         <path>.\</path>
         <kind>object</kind>
         <file>SPWM_TIVA_FPGA.obj</file>
         <name>SPWM_TIVA_FPGA.obj</name>
      </input_file>
      <input_file id="fl-6">
         <path>.\</path>
         <kind>object</kind>
         <file>Txiang_utools.obj</file>
         <name>Txiang_utools.obj</name>
      </input_file>
      <input_file id="fl-7">
         <path>.\</path>
         <kind>object</kind>
         <file>blue.obj</file>
         <name>blue.obj</name>
      </input_file>
      <input_file id="fl-8">
         <path>.\</path>
         <kind>object</kind>
         <file>bus_fpga.obj</file>
         <name>bus_fpga.obj</name>
      </input_file>
      <input_file id="fl-9">
         <path>.\</path>
         <kind>object</kind>
         <file>main.obj</file>
         <name>main.obj</name>
      </input_file>
      <input_file id="fl-a">
         <path>.\</path>
         <kind>object</kind>
         <file>pid.obj</file>
         <name>pid.obj</name>
      </input_file>
      <input_file id="fl-b">
         <path>.\</path>
         <kind>object</kind>
         <file>tm4c123gh6pz_startup_ccs.obj</file>
         <name>tm4c123gh6pz_startup_ccs.obj</name>
      </input_file>
      <input_file id="fl-c">
         <path>.\</path>
         <kind>object</kind>
         <file>uartstdio.obj</file>
         <name>uartstdio.obj</name>
      </input_file>
      <input_file id="fl-15">
         <kind>object</kind>
         <file>&lt;internal&gt;</file>
         <name>&lt;internal&gt;</name>
      </input_file>
      <input_file id="fl-16">
         <path>..\IQmath\ccs\IQmathLib\Debug\</path>
         <kind>archive</kind>
         <file>IQmathLib.lib</file>
         <name>IQNdiv.obj</name>
      </input_file>
      <input_file id="fl-17">
         <path>..\IQmath\ccs\IQmathLib\Debug\</path>
         <kind>archive</kind>
         <file>IQmathLib.lib</file>
         <name>IQNmpy.obj</name>
      </input_file>
      <input_file id="fl-18">
         <path>..\IQmath\ccs\IQmathLib\Debug\</path>
         <kind>archive</kind>
         <file>IQmathLib.lib</file>
         <name>IQNsqrt.obj</name>
      </input_file>
      <input_file id="fl-19">
         <path>..\IQmath\ccs\IQmathLib\Debug\</path>
         <kind>archive</kind>
         <file>IQmathLib.lib</file>
         <name>IQtables.obj</name>
      </input_file>
      <input_file id="fl-cf">
         <path>C:\ti\ccs1110\ccs\tools\compiler\ti-cgt-arm_20.2.5.LTS\lib\</path>
         <kind>archive</kind>
         <file>rtsv7M4_T_le_v4SPD16_eabi.lib</file>
         <name>e_sqrt.c.obj</name>
      </input_file>
      <input_file id="fl-d0">
         <path>C:\ti\ccs1110\ccs\tools\compiler\ti-cgt-arm_20.2.5.LTS\lib\</path>
         <kind>archive</kind>
         <file>rtsv7M4_T_le_v4SPD16_eabi.lib</file>
         <name>fd_add_t2.asm.obj</name>
      </input_file>
      <input_file id="fl-d1">
         <path>C:\ti\ccs1110\ccs\tools\compiler\ti-cgt-arm_20.2.5.LTS\lib\</path>
         <kind>archive</kind>
         <file>rtsv7M4_T_le_v4SPD16_eabi.lib</file>
         <name>fd_cmp_t2.asm.obj</name>
      </input_file>
      <input_file id="fl-d2">
         <path>C:\ti\ccs1110\ccs\tools\compiler\ti-cgt-arm_20.2.5.LTS\lib\</path>
         <kind>archive</kind>
         <file>rtsv7M4_T_le_v4SPD16_eabi.lib</file>
         <name>fd_div_t2.asm.obj</name>
      </input_file>
      <input_file id="fl-d3">
         <path>C:\ti\ccs1110\ccs\tools\compiler\ti-cgt-arm_20.2.5.LTS\lib\</path>
         <kind>archive</kind>
         <file>rtsv7M4_T_le_v4SPD16_eabi.lib</file>
         <name>fd_mul_t2.asm.obj</name>
      </input_file>
      <input_file id="fl-d4">
         <path>C:\ti\ccs1110\ccs\tools\compiler\ti-cgt-arm_20.2.5.LTS\lib\</path>
         <kind>archive</kind>
         <file>rtsv7M4_T_le_v4SPD16_eabi.lib</file>
         <name>fd_toi_t2.asm.obj</name>
      </input_file>
      <input_file id="fl-d5">
         <path>C:\ti\ccs1110\ccs\tools\compiler\ti-cgt-arm_20.2.5.LTS\lib\</path>
         <kind>archive</kind>
         <file>rtsv7M4_T_le_v4SPD16_eabi.lib</file>
         <name>fd_tos_t2.asm.obj</name>
      </input_file>
      <input_file id="fl-d6">
         <path>C:\ti\ccs1110\ccs\tools\compiler\ti-cgt-arm_20.2.5.LTS\lib\</path>
         <kind>archive</kind>
         <file>rtsv7M4_T_le_v4SPD16_eabi.lib</file>
         <name>fd_tou_t2.asm.obj</name>
      </input_file>
      <input_file id="fl-d7">
         <path>C:\ti\ccs1110\ccs\tools\compiler\ti-cgt-arm_20.2.5.LTS\lib\</path>
         <kind>archive</kind>
         <file>rtsv7M4_T_le_v4SPD16_eabi.lib</file>
         <name>fs_tod_t2.asm.obj</name>
      </input_file>
      <input_file id="fl-d8">
         <path>C:\ti\ccs1110\ccs\tools\compiler\ti-cgt-arm_20.2.5.LTS\lib\</path>
         <kind>archive</kind>
         <file>rtsv7M4_T_le_v4SPD16_eabi.lib</file>
         <name>i_tofd_t2.asm.obj</name>
      </input_file>
      <input_file id="fl-d9">
         <path>C:\ti\ccs1110\ccs\tools\compiler\ti-cgt-arm_20.2.5.LTS\lib\</path>
         <kind>archive</kind>
         <file>rtsv7M4_T_le_v4SPD16_eabi.lib</file>
         <name>ll_tofd_t2.asm.obj</name>
      </input_file>
      <input_file id="fl-da">
         <path>C:\ti\ccs1110\ccs\tools\compiler\ti-cgt-arm_20.2.5.LTS\lib\</path>
         <kind>archive</kind>
         <file>rtsv7M4_T_le_v4SPD16_eabi.lib</file>
         <name>u_tofd_t2.asm.obj</name>
      </input_file>
      <input_file id="fl-db">
         <path>C:\ti\ccs1110\ccs\tools\compiler\ti-cgt-arm_20.2.5.LTS\lib\</path>
         <kind>archive</kind>
         <file>rtsv7M4_T_le_v4SPD16_eabi.lib</file>
         <name>ull_tofs_t2.asm.obj</name>
      </input_file>
      <input_file id="fl-dc">
         <path>C:\ti\ccs1110\ccs\tools\compiler\ti-cgt-arm_20.2.5.LTS\lib\</path>
         <kind>archive</kind>
         <file>rtsv7M4_T_le_v4SPD16_eabi.lib</file>
         <name>u_divt2.asm.obj</name>
      </input_file>
      <input_file id="fl-dd">
         <path>C:\ti\ccs1110\ccs\tools\compiler\ti-cgt-arm_20.2.5.LTS\lib\</path>
         <kind>archive</kind>
         <file>rtsv7M4_T_le_v4SPD16_eabi.lib</file>
         <name>memset_t2.asm.obj</name>
      </input_file>
      <input_file id="fl-de">
         <path>C:\ti\ccs1110\ccs\tools\compiler\ti-cgt-arm_20.2.5.LTS\lib\</path>
         <kind>archive</kind>
         <file>rtsv7M4_T_le_v4SPD16_eabi.lib</file>
         <name>copy_zero_init.c.obj</name>
      </input_file>
      <input_file id="fl-df">
         <path>C:\ti\ccs1110\ccs\tools\compiler\ti-cgt-arm_20.2.5.LTS\lib\</path>
         <kind>archive</kind>
         <file>rtsv7M4_T_le_v4SPD16_eabi.lib</file>
         <name>copy_decompress_none.c.obj</name>
      </input_file>
      <input_file id="fl-e0">
         <path>C:\ti\ccs1110\ccs\tools\compiler\ti-cgt-arm_20.2.5.LTS\lib\</path>
         <kind>archive</kind>
         <file>rtsv7M4_T_le_v4SPD16_eabi.lib</file>
         <name>copy_decompress_lzss.c.obj</name>
      </input_file>
      <input_file id="fl-e1">
         <path>C:\ti\ccs1110\ccs\tools\compiler\ti-cgt-arm_20.2.5.LTS\lib\</path>
         <kind>archive</kind>
         <file>rtsv7M4_T_le_v4SPD16_eabi.lib</file>
         <name>memory.c.obj</name>
      </input_file>
      <input_file id="fl-e2">
         <path>C:\ti\ccs1110\ccs\tools\compiler\ti-cgt-arm_20.2.5.LTS\lib\</path>
         <kind>archive</kind>
         <file>rtsv7M4_T_le_v4SPD16_eabi.lib</file>
         <name>errno.c.obj</name>
      </input_file>
      <input_file id="fl-e3">
         <path>C:\ti\ccs1110\ccs\tools\compiler\ti-cgt-arm_20.2.5.LTS\lib\</path>
         <kind>archive</kind>
         <file>rtsv7M4_T_le_v4SPD16_eabi.lib</file>
         <name>boot_cortex_m.c.obj</name>
      </input_file>
      <input_file id="fl-e4">
         <path>C:\ti\ccs1110\ccs\tools\compiler\ti-cgt-arm_20.2.5.LTS\lib\</path>
         <kind>archive</kind>
         <file>rtsv7M4_T_le_v4SPD16_eabi.lib</file>
         <name>div0.asm.obj</name>
      </input_file>
      <input_file id="fl-e5">
         <path>C:\ti\ccs1110\ccs\tools\compiler\ti-cgt-arm_20.2.5.LTS\lib\</path>
         <kind>archive</kind>
         <file>rtsv7M4_T_le_v4SPD16_eabi.lib</file>
         <name>memcpy_t2.asm.obj</name>
      </input_file>
      <input_file id="fl-e6">
         <path>C:\ti\ccs1110\ccs\tools\compiler\ti-cgt-arm_20.2.5.LTS\lib\</path>
         <kind>archive</kind>
         <file>rtsv7M4_T_le_v4SPD16_eabi.lib</file>
         <name>autoinit.c.obj</name>
      </input_file>
      <input_file id="fl-e7">
         <path>C:\ti\ccs1110\ccs\tools\compiler\ti-cgt-arm_20.2.5.LTS\lib\</path>
         <kind>archive</kind>
         <file>rtsv7M4_T_le_v4SPD16_eabi.lib</file>
         <name>pre_init.c.obj</name>
      </input_file>
      <input_file id="fl-e8">
         <path>C:\ti\ccs1110\ccs\tools\compiler\ti-cgt-arm_20.2.5.LTS\lib\</path>
         <kind>archive</kind>
         <file>rtsv7M4_T_le_v4SPD16_eabi.lib</file>
         <name>cpy_tbl.c.obj</name>
      </input_file>
      <input_file id="fl-e9">
         <path>C:\ti\ccs1110\ccs\tools\compiler\ti-cgt-arm_20.2.5.LTS\lib\</path>
         <kind>archive</kind>
         <file>rtsv7M4_T_le_v4SPD16_eabi.lib</file>
         <name>exit.c.obj</name>
      </input_file>
      <input_file id="fl-ea">
         <path>C:\ti\ccs1110\ccs\tools\compiler\ti-cgt-arm_20.2.5.LTS\lib\</path>
         <kind>archive</kind>
         <file>rtsv7M4_T_le_v4SPD16_eabi.lib</file>
         <name>_lock.c.obj</name>
      </input_file>
      <input_file id="fl-eb">
         <path>C:\ti\ccs1110\ccs\tools\compiler\ti-cgt-arm_20.2.5.LTS\lib\</path>
         <kind>archive</kind>
         <file>rtsv7M4_T_le_v4SPD16_eabi.lib</file>
         <name>args_main.c.obj</name>
      </input_file>
      <input_file id="fl-ec">
         <path>C:\ti\TivaWare_C_Series-2.2.0.295\driverlib\ccs\Debug\</path>
         <kind>archive</kind>
         <file>driverlib.lib</file>
         <name>flash.obj</name>
      </input_file>
      <input_file id="fl-ed">
         <path>C:\ti\TivaWare_C_Series-2.2.0.295\driverlib\ccs\Debug\</path>
         <kind>archive</kind>
         <file>driverlib.lib</file>
         <name>fpu.obj</name>
      </input_file>
      <input_file id="fl-ee">
         <path>C:\ti\TivaWare_C_Series-2.2.0.295\driverlib\ccs\Debug\</path>
         <kind>archive</kind>
         <file>driverlib.lib</file>
         <name>gpio.obj</name>
      </input_file>
      <input_file id="fl-ef">
         <path>C:\ti\TivaWare_C_Series-2.2.0.295\driverlib\ccs\Debug\</path>
         <kind>archive</kind>
         <file>driverlib.lib</file>
         <name>interrupt.obj</name>
      </input_file>
      <input_file id="fl-f0">
         <path>C:\ti\TivaWare_C_Series-2.2.0.295\driverlib\ccs\Debug\</path>
         <kind>archive</kind>
         <file>driverlib.lib</file>
         <name>sysctl.obj</name>
      </input_file>
      <input_file id="fl-f1">
         <path>C:\ti\TivaWare_C_Series-2.2.0.295\driverlib\ccs\Debug\</path>
         <kind>archive</kind>
         <file>driverlib.lib</file>
         <name>timer.obj</name>
      </input_file>
      <input_file id="fl-f2">
         <path>C:\ti\TivaWare_C_Series-2.2.0.295\driverlib\ccs\Debug\</path>
         <kind>archive</kind>
         <file>driverlib.lib</file>
         <name>uart.obj</name>
      </input_file>
      <input_file id="fl-f3">
         <path>C:\ti\TivaWare_C_Series-2.2.0.295\driverlib\ccs\Debug\</path>
         <kind>archive</kind>
         <file>driverlib.lib</file>
         <name>cpu.obj</name>
      </input_file>
   </input_file_list>
   <object_component_list>
      <object_component id="oc-12">
         <name>.intvecs</name>
         <load_address>0x0</load_address>
         <run_address>0x0</run_address>
         <size>0x26c</size>
         <input_file_ref idref="fl-b"/>
      </object_component>
      <object_component id="oc-a2">
         <name>.text</name>
         <load_address>0x270</load_address>
         <run_address>0x270</run_address>
         <size>0x1a74</size>
         <input_file_ref idref="fl-9"/>
      </object_component>
      <object_component id="oc-152">
         <name>.text:TimerIntClear</name>
         <load_address>0x1ce4</load_address>
         <run_address>0x1ce4</run_address>
         <size>0x4</size>
         <input_file_ref idref="fl-f1"/>
      </object_component>
      <object_component id="oc-fd">
         <name>.text</name>
         <load_address>0x1ce8</load_address>
         <run_address>0x1ce8</run_address>
         <size>0x1968</size>
         <input_file_ref idref="fl-4"/>
      </object_component>
      <object_component id="oc-10f">
         <name>.text</name>
         <load_address>0x3650</load_address>
         <run_address>0x3650</run_address>
         <size>0xad2</size>
         <input_file_ref idref="fl-7"/>
      </object_component>
      <object_component id="oc-353">
         <name>.text:_nop</name>
         <load_address>0x4122</load_address>
         <run_address>0x4122</run_address>
         <size>0x2</size>
         <input_file_ref idref="fl-ea"/>
      </object_component>
      <object_component id="oc-2bf">
         <name>.text:isqrt_table</name>
         <load_address>0x4124</load_address>
         <run_address>0x4124</run_address>
         <size>0x800</size>
         <input_file_ref idref="fl-19"/>
      </object_component>
      <object_component id="oc-243">
         <name>.text:UARTIntClear</name>
         <load_address>0x4924</load_address>
         <run_address>0x4924</run_address>
         <size>0x4</size>
         <input_file_ref idref="fl-f2"/>
      </object_component>
      <object_component id="oc-e9">
         <name>.text</name>
         <load_address>0x4928</load_address>
         <run_address>0x4928</run_address>
         <size>0x240</size>
         <input_file_ref idref="fl-3"/>
      </object_component>
      <object_component id="oc-d6">
         <name>.text</name>
         <load_address>0x4b68</load_address>
         <run_address>0x4b68</run_address>
         <size>0x206</size>
         <input_file_ref idref="fl-8"/>
      </object_component>
      <object_component id="oc-1ec">
         <name>.text</name>
         <load_address>0x4d6e</load_address>
         <run_address>0x4d6e</run_address>
         <size>0x1b6</size>
         <input_file_ref idref="fl-d0"/>
      </object_component>
      <object_component id="oc-9c">
         <name>.text:_system_pre_init</name>
         <load_address>0x4f24</load_address>
         <run_address>0x4f24</run_address>
         <size>0x4</size>
         <input_file_ref idref="fl-e7"/>
      </object_component>
      <object_component id="oc-158">
         <name>.text</name>
         <load_address>0x4f28</load_address>
         <run_address>0x4f28</run_address>
         <size>0x1a8</size>
         <input_file_ref idref="fl-2"/>
      </object_component>
      <object_component id="oc-309">
         <name>.text:GPIOPadConfigSet</name>
         <load_address>0x50d0</load_address>
         <run_address>0x50d0</run_address>
         <size>0x16c</size>
         <input_file_ref idref="fl-ee"/>
      </object_component>
      <object_component id="oc-169">
         <name>.text:abort:abort</name>
         <load_address>0x523c</load_address>
         <run_address>0x523c</run_address>
         <size>0x4</size>
         <input_file_ref idref="fl-e9"/>
      </object_component>
      <object_component id="oc-f7">
         <name>.text</name>
         <load_address>0x5240</load_address>
         <run_address>0x5240</run_address>
         <size>0x15a</size>
         <input_file_ref idref="fl-6"/>
      </object_component>
      <object_component id="oc-293">
         <name>.text:sqrt</name>
         <load_address>0x539c</load_address>
         <run_address>0x539c</run_address>
         <size>0x158</size>
         <input_file_ref idref="fl-cf"/>
      </object_component>
      <object_component id="oc-28e">
         <name>.text</name>
         <load_address>0x54f4</load_address>
         <run_address>0x54f4</run_address>
         <size>0x136</size>
         <input_file_ref idref="fl-d2"/>
      </object_component>
      <object_component id="oc-11b">
         <name>.text:SysCtlClockGet</name>
         <load_address>0x562c</load_address>
         <run_address>0x562c</run_address>
         <size>0x118</size>
         <input_file_ref idref="fl-f0"/>
      </object_component>
      <object_component id="oc-20b">
         <name>.text</name>
         <load_address>0x5744</load_address>
         <run_address>0x5744</run_address>
         <size>0xfc</size>
         <input_file_ref idref="fl-d3"/>
      </object_component>
      <object_component id="oc-109">
         <name>.text:SysCtlClockSet</name>
         <load_address>0x5840</load_address>
         <run_address>0x5840</run_address>
         <size>0xf4</size>
         <input_file_ref idref="fl-f0"/>
      </object_component>
      <object_component id="oc-1d7">
         <name>.text:free</name>
         <load_address>0x5934</load_address>
         <run_address>0x5934</run_address>
         <size>0xe4</size>
         <input_file_ref idref="fl-e1"/>
      </object_component>
      <object_component id="oc-3e">
         <name>.text</name>
         <load_address>0x5a18</load_address>
         <run_address>0x5a18</run_address>
         <size>0x9c</size>
         <input_file_ref idref="fl-e5"/>
      </object_component>
      <object_component id="oc-df">
         <name>.text:_IQ15div</name>
         <load_address>0x5ab4</load_address>
         <run_address>0x5ab4</run_address>
         <size>0x90</size>
         <input_file_ref idref="fl-16"/>
      </object_component>
      <object_component id="oc-f2">
         <name>.text:_IQ20div</name>
         <load_address>0x5b44</load_address>
         <run_address>0x5b44</run_address>
         <size>0x90</size>
         <input_file_ref idref="fl-16"/>
      </object_component>
      <object_component id="oc-96">
         <name>.text</name>
         <load_address>0x5bd4</load_address>
         <run_address>0x5bd4</run_address>
         <size>0x7a</size>
         <input_file_ref idref="fl-dd"/>
      </object_component>
      <object_component id="oc-15e">
         <name>.text</name>
         <load_address>0x5c4e</load_address>
         <run_address>0x5c4e</run_address>
         <size>0x6e</size>
         <input_file_ref idref="fl-d5"/>
      </object_component>
      <object_component id="oc-1c1">
         <name>.text:_IQ20sqrt</name>
         <load_address>0x5cbc</load_address>
         <run_address>0x5cbc</run_address>
         <size>0x6c</size>
         <input_file_ref idref="fl-18"/>
      </object_component>
      <object_component id="oc-1d1">
         <name>.text:FlashProgram</name>
         <load_address>0x5d28</load_address>
         <run_address>0x5d28</run_address>
         <size>0x68</size>
         <input_file_ref idref="fl-ec"/>
      </object_component>
      <object_component id="oc-127">
         <name>.text:IntEnable</name>
         <load_address>0x5d90</load_address>
         <run_address>0x5d90</run_address>
         <size>0x68</size>
         <input_file_ref idref="fl-ef"/>
      </object_component>
      <object_component id="oc-15">
         <name>.text:decompress:lzss:__TI_decompress_lzss</name>
         <load_address>0x5df8</load_address>
         <run_address>0x5df8</run_address>
         <size>0x68</size>
         <input_file_ref idref="fl-e0"/>
      </object_component>
      <object_component id="oc-115">
         <name>.text:TimerConfigure</name>
         <load_address>0x5e60</load_address>
         <run_address>0x5e60</run_address>
         <size>0x60</size>
         <input_file_ref idref="fl-f1"/>
      </object_component>
      <object_component id="oc-219">
         <name>.text:GPIOPinConfigure</name>
         <load_address>0x5ec0</load_address>
         <run_address>0x5ec0</run_address>
         <size>0x4c</size>
         <input_file_ref idref="fl-ee"/>
      </object_component>
      <object_component id="oc-26c">
         <name>.text:_TimerIntNumberGet</name>
         <load_address>0x5f0c</load_address>
         <run_address>0x5f0c</run_address>
         <size>0x4c</size>
         <input_file_ref idref="fl-f1"/>
      </object_component>
      <object_component id="oc-1f1">
         <name>.text</name>
         <load_address>0x5f58</load_address>
         <run_address>0x5f58</run_address>
         <size>0x48</size>
         <input_file_ref idref="fl-d4"/>
      </object_component>
      <object_component id="oc-225">
         <name>.text:UARTConfigSetExpClk</name>
         <load_address>0x5fa0</load_address>
         <run_address>0x5fa0</run_address>
         <size>0x46</size>
         <input_file_ref idref="fl-f2"/>
      </object_component>
      <object_component id="oc-175">
         <name>.text:__TI_auto_init_nobinit_nopinit:__TI_auto_init_nobinit_nopinit</name>
         <load_address>0x5fe8</load_address>
         <run_address>0x5fe8</run_address>
         <size>0x44</size>
         <input_file_ref idref="fl-e6"/>
      </object_component>
      <object_component id="oc-201">
         <name>.text</name>
         <load_address>0x602c</load_address>
         <run_address>0x602c</run_address>
         <size>0x44</size>
         <input_file_ref idref="fl-d6"/>
      </object_component>
      <object_component id="oc-31f">
         <name>.text:_UARTIntNumberGet</name>
         <load_address>0x6070</load_address>
         <run_address>0x6070</run_address>
         <size>0x40</size>
         <input_file_ref idref="fl-f2"/>
      </object_component>
      <object_component id="oc-284">
         <name>.text</name>
         <load_address>0x60b0</load_address>
         <run_address>0x60b0</run_address>
         <size>0x40</size>
         <input_file_ref idref="fl-d9"/>
      </object_component>
      <object_component id="oc-1e7">
         <name>.text</name>
         <load_address>0x60f0</load_address>
         <run_address>0x60f0</run_address>
         <size>0x38</size>
         <input_file_ref idref="fl-d7"/>
      </object_component>
      <object_component id="oc-1e2">
         <name>.text</name>
         <load_address>0x6128</load_address>
         <run_address>0x6128</run_address>
         <size>0x36</size>
         <input_file_ref idref="fl-db"/>
      </object_component>
      <object_component id="oc-272">
         <name>.text:IntRegister</name>
         <load_address>0x6160</load_address>
         <run_address>0x6160</run_address>
         <size>0x34</size>
         <input_file_ref idref="fl-ef"/>
      </object_component>
      <object_component id="oc-103">
         <name>.text:SysCtlPeripheralEnable</name>
         <load_address>0x6194</load_address>
         <run_address>0x6194</run_address>
         <size>0x34</size>
         <input_file_ref idref="fl-f0"/>
      </object_component>
      <object_component id="oc-5c">
         <name>.text:_c_int00_noargs:_c_int00_noargs</name>
         <load_address>0x61c8</load_address>
         <run_address>0x61c8</run_address>
         <size>0x34</size>
         <input_file_ref idref="fl-e3"/>
      </object_component>
      <object_component id="oc-1cb">
         <name>.text:FlashErase</name>
         <load_address>0x61fc</load_address>
         <run_address>0x61fc</run_address>
         <size>0x30</size>
         <input_file_ref idref="fl-ec"/>
      </object_component>
      <object_component id="oc-289">
         <name>.text</name>
         <load_address>0x622c</load_address>
         <run_address>0x622c</run_address>
         <size>0x2e</size>
         <input_file_ref idref="fl-d8"/>
      </object_component>
      <object_component id="oc-303">
         <name>.text:GPIODirModeSet</name>
         <load_address>0x625a</load_address>
         <run_address>0x625a</run_address>
         <size>0x2c</size>
         <input_file_ref idref="fl-ee"/>
      </object_component>
      <object_component id="oc-2cc">
         <name>.text:free_list_insert</name>
         <load_address>0x6288</load_address>
         <run_address>0x6288</run_address>
         <size>0x28</size>
         <input_file_ref idref="fl-e1"/>
      </object_component>
      <object_component id="oc-310">
         <name>.text:UARTDisable</name>
         <load_address>0x62b0</load_address>
         <run_address>0x62b0</run_address>
         <size>0x20</size>
         <input_file_ref idref="fl-f2"/>
      </object_component>
      <object_component id="oc-206">
         <name>.text</name>
         <load_address>0x62d0</load_address>
         <run_address>0x62d0</run_address>
         <size>0x20</size>
         <input_file_ref idref="fl-da"/>
      </object_component>
      <object_component id="oc-4a">
         <name>.text:decompress:ZI:__TI_zero_init_nomemset:__TI_zero_init_nomemset</name>
         <load_address>0x62f0</load_address>
         <run_address>0x62f0</run_address>
         <size>0x1c</size>
         <input_file_ref idref="fl-de"/>
      </object_component>
      <object_component id="oc-2c6">
         <name>.text:free_list_remove</name>
         <load_address>0x630c</load_address>
         <run_address>0x630c</run_address>
         <size>0x1c</size>
         <input_file_ref idref="fl-e1"/>
      </object_component>
      <object_component id="oc-2a">
         <name>.text</name>
         <load_address>0x6328</load_address>
         <run_address>0x6328</run_address>
         <size>0x1a</size>
         <input_file_ref idref="fl-b"/>
      </object_component>
      <object_component id="oc-133">
         <name>.text:TimerIntRegister</name>
         <load_address>0x6342</load_address>
         <run_address>0x6342</run_address>
         <size>0x18</size>
         <input_file_ref idref="fl-f1"/>
      </object_component>
      <object_component id="oc-237">
         <name>.text:UARTIntRegister</name>
         <load_address>0x635a</load_address>
         <run_address>0x635a</run_address>
         <size>0x18</size>
         <input_file_ref idref="fl-f2"/>
      </object_component>
      <object_component id="oc-21f">
         <name>.text:GPIOPinTypeUART</name>
         <load_address>0x6372</load_address>
         <run_address>0x6372</run_address>
         <size>0x16</size>
         <input_file_ref idref="fl-ee"/>
      </object_component>
      <object_component id="oc-316">
         <name>.text:UARTEnable</name>
         <load_address>0x6388</load_address>
         <run_address>0x6388</run_address>
         <size>0x14</size>
         <input_file_ref idref="fl-f2"/>
      </object_component>
      <object_component id="oc-121">
         <name>.text:TimerLoadSet</name>
         <load_address>0x639c</load_address>
         <run_address>0x639c</run_address>
         <size>0x12</size>
         <input_file_ref idref="fl-f1"/>
      </object_component>
      <object_component id="oc-14c">
         <name>.text:FPUEnable</name>
         <load_address>0x63b0</load_address>
         <run_address>0x63b0</run_address>
         <size>0x10</size>
         <input_file_ref idref="fl-ed"/>
      </object_component>
      <object_component id="oc-146">
         <name>.text:FPULazyStackingEnable</name>
         <load_address>0x63c0</load_address>
         <run_address>0x63c0</run_address>
         <size>0x10</size>
         <input_file_ref idref="fl-ed"/>
      </object_component>
      <object_component id="oc-13f">
         <name>.text:IntMasterEnable</name>
         <load_address>0x63d0</load_address>
         <run_address>0x63d0</run_address>
         <size>0x10</size>
         <input_file_ref idref="fl-ef"/>
      </object_component>
      <object_component id="oc-e4">
         <name>.text:_IQ20mpy</name>
         <load_address>0x63e0</load_address>
         <run_address>0x63e0</run_address>
         <size>0x10</size>
         <input_file_ref idref="fl-17"/>
      </object_component>
      <object_component id="oc-139">
         <name>.text:TimerEnable</name>
         <load_address>0x63f0</load_address>
         <run_address>0x63f0</run_address>
         <size>0xe</size>
         <input_file_ref idref="fl-f1"/>
      </object_component>
      <object_component id="oc-24f">
         <name>.text:UARTCharGetNonBlocking</name>
         <load_address>0x63fe</load_address>
         <run_address>0x63fe</run_address>
         <size>0xe</size>
         <input_file_ref idref="fl-f2"/>
      </object_component>
      <object_component id="oc-249">
         <name>.text:UARTCharsAvail</name>
         <load_address>0x640c</load_address>
         <run_address>0x640c</run_address>
         <size>0xe</size>
         <input_file_ref idref="fl-f2"/>
      </object_component>
      <object_component id="oc-1b">
         <name>.text:decompress:none:__TI_decompress_none</name>
         <load_address>0x641a</load_address>
         <run_address>0x641a</run_address>
         <size>0xe</size>
         <input_file_ref idref="fl-df"/>
      </object_component>
      <object_component id="oc-27a">
         <name>.text:CPUcpsie</name>
         <load_address>0x6428</load_address>
         <run_address>0x6428</run_address>
         <size>0xc</size>
         <input_file_ref idref="fl-f3"/>
      </object_component>
      <object_component id="oc-210">
         <name>.text:UARTCharPut</name>
         <load_address>0x6434</load_address>
         <run_address>0x6434</run_address>
         <size>0xa</size>
         <input_file_ref idref="fl-f2"/>
      </object_component>
      <object_component id="oc-22b">
         <name>.text:UARTFIFODisable</name>
         <load_address>0x643e</load_address>
         <run_address>0x643e</run_address>
         <size>0xa</size>
         <input_file_ref idref="fl-f2"/>
      </object_component>
      <object_component id="oc-23d">
         <name>.text:UARTIntStatus</name>
         <load_address>0x6448</load_address>
         <run_address>0x6448</run_address>
         <size>0xa</size>
         <input_file_ref idref="fl-f2"/>
      </object_component>
      <object_component id="oc-12d">
         <name>.text:TimerIntEnable</name>
         <load_address>0x6452</load_address>
         <run_address>0x6452</run_address>
         <size>0x8</size>
         <input_file_ref idref="fl-f1"/>
      </object_component>
      <object_component id="oc-255">
         <name>.text:UARTBusy</name>
         <load_address>0x645a</load_address>
         <run_address>0x645a</run_address>
         <size>0x8</size>
         <input_file_ref idref="fl-f2"/>
      </object_component>
      <object_component id="oc-231">
         <name>.text:UARTIntEnable</name>
         <load_address>0x6462</load_address>
         <run_address>0x6462</run_address>
         <size>0x8</size>
         <input_file_ref idref="fl-f2"/>
      </object_component>
      <object_component id="oc-344">
         <name>.text:__aeabi_errno_addr</name>
         <load_address>0x646c</load_address>
         <run_address>0x646c</run_address>
         <size>0x8</size>
         <input_file_ref idref="fl-e2"/>
      </object_component>
      <object_component id="oc-145">
         <name>.text:SysCtlDelay</name>
         <load_address>0x6474</load_address>
         <run_address>0x6474</run_address>
         <size>0x6</size>
         <input_file_ref idref="fl-f0"/>
      </object_component>
      <object_component id="oc-2fe">
         <name>.const:g_pui32GPIOBaseAddrs</name>
         <load_address>0x6480</load_address>
         <run_address>0x6480</run_address>
         <size>0x90</size>
         <input_file_ref idref="fl-ee"/>
      </object_component>
      <object_component id="oc-261">
         <name>.const:g_pui32Xtals</name>
         <load_address>0x6510</load_address>
         <run_address>0x6510</run_address>
         <size>0x6c</size>
         <input_file_ref idref="fl-f0"/>
      </object_component>
      <object_component id="oc-335">
         <name>.const:g_ppui32TimerIntMap</name>
         <load_address>0x657c</load_address>
         <run_address>0x657c</run_address>
         <size>0x60</size>
         <input_file_ref idref="fl-f1"/>
      </object_component>
      <object_component id="oc-1df">
         <name>.const:$O1$$</name>
         <load_address>0x65e0</load_address>
         <run_address>0x65e0</run_address>
         <size>0x50</size>
         <input_file_ref idref="fl-4"/>
      </object_component>
      <object_component id="oc-338">
         <name>.const:g_ppui32TimerIntMapSnowflake</name>
         <load_address>0x6630</load_address>
         <run_address>0x6630</run_address>
         <size>0x40</size>
         <input_file_ref idref="fl-f1"/>
      </object_component>
      <object_component id="oc-383">
         <name>.const:g_ppui32UARTIntMap</name>
         <load_address>0x6670</load_address>
         <run_address>0x6670</run_address>
         <size>0x40</size>
         <input_file_ref idref="fl-f2"/>
      </object_component>
      <object_component id="oc-386">
         <name>.const:g_ppui32UARTIntMapSnowflake</name>
         <load_address>0x66b0</load_address>
         <run_address>0x66b0</run_address>
         <size>0x40</size>
         <input_file_ref idref="fl-f2"/>
      </object_component>
      <object_component id="oc-266">
         <name>.const:g_pui32EnRegs</name>
         <load_address>0x66f0</load_address>
         <run_address>0x66f0</run_address>
         <size>0x14</size>
         <input_file_ref idref="fl-ef"/>
      </object_component>
      <object_component id="oc-3e1">
         <name>.cinit..data.load</name>
         <load_address>0x6708</load_address>
         <run_address>0x6708</run_address>
         <size>0x5e</size>
      </object_component>
      <object_component id="oc-3de">
         <name>__TI_handler_table</name>
         <load_address>0x6768</load_address>
         <run_address>0x6768</run_address>
         <size>0xc</size>
      </object_component>
      <object_component id="oc-3e0">
         <name>.cinit..vtable.load</name>
         <load_address>0x6778</load_address>
         <run_address>0x6778</run_address>
         <size>0x8</size>
      </object_component>
      <object_component id="oc-3df">
         <name>__TI_cinit_table</name>
         <load_address>0x6780</load_address>
         <run_address>0x6780</run_address>
         <size>0x10</size>
      </object_component>
      <object_component id="oc-33c">
         <name>.vtable</name>
         <uninitialized>true</uninitialized>
         <run_address>0x20000000</run_address>
         <size>0x26c</size>
         <input_file_ref idref="fl-ef"/>
      </object_component>
      <object_component id="oc-ef">
         <name>.data</name>
         <load_address>0x20002c10</load_address>
         <run_address>0x20002c10</run_address>
         <size>0x4</size>
         <input_file_ref idref="fl-3"/>
      </object_component>
      <object_component id="oc-216">
         <name>.data:$O1$$</name>
         <load_address>0x20002270</load_address>
         <run_address>0x20002270</run_address>
         <size>0x614</size>
         <input_file_ref idref="fl-7"/>
      </object_component>
      <object_component id="oc-dc">
         <name>.data:$O1$$</name>
         <load_address>0x20002884</load_address>
         <run_address>0x20002884</run_address>
         <size>0x37c</size>
         <input_file_ref idref="fl-9"/>
      </object_component>
      <object_component id="oc-374">
         <name>.data:$O1$$</name>
         <load_address>0x20002c08</load_address>
         <run_address>0x20002c08</run_address>
         <size>0x8</size>
         <input_file_ref idref="fl-e1"/>
      </object_component>
      <object_component id="oc-390">
         <name>.data</name>
         <load_address>0x20002c14</load_address>
         <run_address>0x20002c14</run_address>
         <size>0x4</size>
         <input_file_ref idref="fl-e2"/>
      </object_component>
      <object_component id="oc-29f">
         <name>.data:$O1$$</name>
         <load_address>0x20002c00</load_address>
         <run_address>0x20002c00</run_address>
         <size>0x8</size>
         <input_file_ref idref="fl-ea"/>
      </object_component>
      <object_component id="oc-24">
         <name>.sysmem</name>
         <uninitialized>true</uninitialized>
         <run_address>0x20001270</run_address>
         <size>0x10</size>
         <input_file_ref idref="fl-e1"/>
      </object_component>
      <object_component id="oc-3e4">
         <name>.sysmem</name>
         <uninitialized>true</uninitialized>
         <run_address>0x20001270</run_address>
         <size>0x0</size>
      </object_component>
      <object_component id="oc-27">
         <name>.stack</name>
         <uninitialized>true</uninitialized>
         <run_address>0x20000270</run_address>
         <size>0x4</size>
         <input_file_ref idref="fl-e3"/>
      </object_component>
      <object_component id="oc-3e3">
         <name>.stack</name>
         <uninitialized>true</uninitialized>
         <run_address>0x20000270</run_address>
         <size>0x0</size>
      </object_component>
      <object_component id="oc-c5">
         <name>.debug_info</name>
         <load_address>0x0</load_address>
         <run_address>0x0</run_address>
         <size>0x325</size>
         <input_file_ref idref="fl-2"/>
      </object_component>
      <object_component id="oc-15a">
         <name>.debug_info</name>
         <load_address>0x325</load_address>
         <run_address>0x325</run_address>
         <size>0x4f8</size>
         <input_file_ref idref="fl-2"/>
      </object_component>
      <object_component id="oc-77">
         <name>.debug_info</name>
         <load_address>0x81d</load_address>
         <run_address>0x81d</run_address>
         <size>0x26b</size>
         <input_file_ref idref="fl-2"/>
      </object_component>
      <object_component id="oc-39">
         <name>.debug_info</name>
         <load_address>0xa88</load_address>
         <run_address>0xa88</run_address>
         <size>0x84</size>
         <input_file_ref idref="fl-2"/>
      </object_component>
      <object_component id="oc-c0">
         <name>.debug_info</name>
         <load_address>0xb0c</load_address>
         <run_address>0xb0c</run_address>
         <size>0x2a4</size>
         <input_file_ref idref="fl-2"/>
      </object_component>
      <object_component id="oc-7c">
         <name>.debug_info</name>
         <load_address>0xdb0</load_address>
         <run_address>0xdb0</run_address>
         <size>0xbb</size>
         <input_file_ref idref="fl-2"/>
      </object_component>
      <object_component id="oc-1b7">
         <name>.debug_info</name>
         <load_address>0xe6b</load_address>
         <run_address>0xe6b</run_address>
         <size>0x1b2</size>
         <input_file_ref idref="fl-2"/>
      </object_component>
      <object_component id="oc-1a9">
         <name>.debug_info</name>
         <load_address>0x101d</load_address>
         <run_address>0x101d</run_address>
         <size>0x35</size>
         <input_file_ref idref="fl-2"/>
      </object_component>
      <object_component id="oc-1c7">
         <name>.debug_info</name>
         <load_address>0x1052</load_address>
         <run_address>0x1052</run_address>
         <size>0x37f</size>
         <input_file_ref idref="fl-3"/>
      </object_component>
      <object_component id="oc-f0">
         <name>.debug_info</name>
         <load_address>0x13d1</load_address>
         <run_address>0x13d1</run_address>
         <size>0xe6</size>
         <input_file_ref idref="fl-3"/>
      </object_component>
      <object_component id="oc-ea">
         <name>.debug_info</name>
         <load_address>0x14b7</load_address>
         <run_address>0x14b7</run_address>
         <size>0x810</size>
         <input_file_ref idref="fl-3"/>
      </object_component>
      <object_component id="oc-1b2">
         <name>.debug_info</name>
         <load_address>0x1cc7</load_address>
         <run_address>0x1cc7</run_address>
         <size>0x2ca</size>
         <input_file_ref idref="fl-3"/>
      </object_component>
      <object_component id="oc-1f7">
         <name>.debug_info</name>
         <load_address>0x1f91</load_address>
         <run_address>0x1f91</run_address>
         <size>0x33f</size>
         <input_file_ref idref="fl-4"/>
      </object_component>
      <object_component id="oc-1e0">
         <name>.debug_info</name>
         <load_address>0x22d0</load_address>
         <run_address>0x22d0</run_address>
         <size>0x104</size>
         <input_file_ref idref="fl-4"/>
      </object_component>
      <object_component id="oc-fe">
         <name>.debug_info</name>
         <load_address>0x23d4</load_address>
         <run_address>0x23d4</run_address>
         <size>0x29cb</size>
         <input_file_ref idref="fl-4"/>
      </object_component>
      <object_component id="oc-164">
         <name>.debug_info</name>
         <load_address>0x4d9f</load_address>
         <run_address>0x4d9f</run_address>
         <size>0x8b</size>
         <input_file_ref idref="fl-4"/>
      </object_component>
      <object_component id="oc-1de">
         <name>.debug_info</name>
         <load_address>0x4e2a</load_address>
         <run_address>0x4e2a</run_address>
         <size>0x36d</size>
         <input_file_ref idref="fl-6"/>
      </object_component>
      <object_component id="oc-f8">
         <name>.debug_info</name>
         <load_address>0x5197</load_address>
         <run_address>0x5197</run_address>
         <size>0x664</size>
         <input_file_ref idref="fl-6"/>
      </object_component>
      <object_component id="oc-2d5">
         <name>.debug_info</name>
         <load_address>0x57fb</load_address>
         <run_address>0x57fb</run_address>
         <size>0x86</size>
         <input_file_ref idref="fl-6"/>
      </object_component>
      <object_component id="oc-25c">
         <name>.debug_info</name>
         <load_address>0x5881</load_address>
         <run_address>0x5881</run_address>
         <size>0x7a0</size>
         <input_file_ref idref="fl-7"/>
      </object_component>
      <object_component id="oc-217">
         <name>.debug_info</name>
         <load_address>0x6021</load_address>
         <run_address>0x6021</run_address>
         <size>0x1d9</size>
         <input_file_ref idref="fl-7"/>
      </object_component>
      <object_component id="oc-110">
         <name>.debug_info</name>
         <load_address>0x61fa</load_address>
         <run_address>0x61fa</run_address>
         <size>0x11dc</size>
         <input_file_ref idref="fl-7"/>
      </object_component>
      <object_component id="oc-1af">
         <name>.debug_info</name>
         <load_address>0x73d6</load_address>
         <run_address>0x73d6</run_address>
         <size>0x26e</size>
         <input_file_ref idref="fl-8"/>
      </object_component>
      <object_component id="oc-d8">
         <name>.debug_info</name>
         <load_address>0x7644</load_address>
         <run_address>0x7644</run_address>
         <size>0x2fc</size>
         <input_file_ref idref="fl-8"/>
      </object_component>
      <object_component id="oc-1bc">
         <name>.debug_info</name>
         <load_address>0x7940</load_address>
         <run_address>0x7940</run_address>
         <size>0x11d9</size>
         <input_file_ref idref="fl-9"/>
      </object_component>
      <object_component id="oc-dd">
         <name>.debug_info</name>
         <load_address>0x8b19</load_address>
         <run_address>0x8b19</run_address>
         <size>0x885</size>
         <input_file_ref idref="fl-9"/>
      </object_component>
      <object_component id="oc-a4">
         <name>.debug_info</name>
         <load_address>0x939e</load_address>
         <run_address>0x939e</run_address>
         <size>0x1705</size>
         <input_file_ref idref="fl-9"/>
      </object_component>
      <object_component id="oc-32">
         <name>.debug_info</name>
         <load_address>0xaaa3</load_address>
         <run_address>0xaaa3</run_address>
         <size>0x2b7</size>
         <input_file_ref idref="fl-b"/>
      </object_component>
      <object_component id="oc-13">
         <name>.debug_info</name>
         <load_address>0xad5a</load_address>
         <run_address>0xad5a</run_address>
         <size>0xf6</size>
         <input_file_ref idref="fl-b"/>
      </object_component>
      <object_component id="oc-2d">
         <name>.debug_info</name>
         <load_address>0xae50</load_address>
         <run_address>0xae50</run_address>
         <size>0x272</size>
         <input_file_ref idref="fl-b"/>
      </object_component>
      <object_component id="oc-e0">
         <name>.debug_info</name>
         <load_address>0xb0c2</load_address>
         <run_address>0xb0c2</run_address>
         <size>0x1bf</size>
         <input_file_ref idref="fl-16"/>
      </object_component>
      <object_component id="oc-f3">
         <name>.debug_info</name>
         <load_address>0xb281</load_address>
         <run_address>0xb281</run_address>
         <size>0x1bf</size>
         <input_file_ref idref="fl-16"/>
      </object_component>
      <object_component id="oc-e7">
         <name>.debug_info</name>
         <load_address>0xb440</load_address>
         <run_address>0xb440</run_address>
         <size>0x1b1</size>
         <input_file_ref idref="fl-17"/>
      </object_component>
      <object_component id="oc-1c4">
         <name>.debug_info</name>
         <load_address>0xb5f1</load_address>
         <run_address>0xb5f1</run_address>
         <size>0x1bb</size>
         <input_file_ref idref="fl-18"/>
      </object_component>
      <object_component id="oc-350">
         <name>.debug_info</name>
         <load_address>0xb7ac</load_address>
         <run_address>0xb7ac</run_address>
         <size>0x2c5</size>
         <input_file_ref idref="fl-cf"/>
      </object_component>
      <object_component id="oc-294">
         <name>.debug_info</name>
         <load_address>0xba71</load_address>
         <run_address>0xba71</run_address>
         <size>0x24e</size>
         <input_file_ref idref="fl-cf"/>
      </object_component>
      <object_component id="oc-395">
         <name>.debug_info</name>
         <load_address>0xbcbf</load_address>
         <run_address>0xbcbf</run_address>
         <size>0x46</size>
         <input_file_ref idref="fl-cf"/>
      </object_component>
      <object_component id="oc-34b">
         <name>.debug_info</name>
         <load_address>0xbd05</load_address>
         <run_address>0xbd05</run_address>
         <size>0x39</size>
         <input_file_ref idref="fl-cf"/>
      </object_component>
      <object_component id="oc-1ef">
         <name>.debug_info</name>
         <load_address>0xbd3e</load_address>
         <run_address>0xbd3e</run_address>
         <size>0x14c</size>
         <input_file_ref idref="fl-d0"/>
      </object_component>
      <object_component id="oc-291">
         <name>.debug_info</name>
         <load_address>0xbe8a</load_address>
         <run_address>0xbe8a</run_address>
         <size>0x13a</size>
         <input_file_ref idref="fl-d2"/>
      </object_component>
      <object_component id="oc-20c">
         <name>.debug_info</name>
         <load_address>0xbfc4</load_address>
         <run_address>0xbfc4</run_address>
         <size>0x13a</size>
         <input_file_ref idref="fl-d3"/>
      </object_component>
      <object_component id="oc-1f2">
         <name>.debug_info</name>
         <load_address>0xc0fe</load_address>
         <run_address>0xc0fe</run_address>
         <size>0x12e</size>
         <input_file_ref idref="fl-d4"/>
      </object_component>
      <object_component id="oc-160">
         <name>.debug_info</name>
         <load_address>0xc22c</load_address>
         <run_address>0xc22c</run_address>
         <size>0x13e</size>
         <input_file_ref idref="fl-d5"/>
      </object_component>
      <object_component id="oc-202">
         <name>.debug_info</name>
         <load_address>0xc36a</load_address>
         <run_address>0xc36a</run_address>
         <size>0x139</size>
         <input_file_ref idref="fl-d6"/>
      </object_component>
      <object_component id="oc-1ea">
         <name>.debug_info</name>
         <load_address>0xc4a3</load_address>
         <run_address>0xc4a3</run_address>
         <size>0x12c</size>
         <input_file_ref idref="fl-d7"/>
      </object_component>
      <object_component id="oc-28c">
         <name>.debug_info</name>
         <load_address>0xc5cf</load_address>
         <run_address>0xc5cf</run_address>
         <size>0x12c</size>
         <input_file_ref idref="fl-d8"/>
      </object_component>
      <object_component id="oc-285">
         <name>.debug_info</name>
         <load_address>0xc6fb</load_address>
         <run_address>0xc6fb</run_address>
         <size>0x127</size>
         <input_file_ref idref="fl-d9"/>
      </object_component>
      <object_component id="oc-209">
         <name>.debug_info</name>
         <load_address>0xc822</load_address>
         <run_address>0xc822</run_address>
         <size>0x12e</size>
         <input_file_ref idref="fl-da"/>
      </object_component>
      <object_component id="oc-1e5">
         <name>.debug_info</name>
         <load_address>0xc950</load_address>
         <run_address>0xc950</run_address>
         <size>0x12d</size>
         <input_file_ref idref="fl-db"/>
      </object_component>
      <object_component id="oc-98">
         <name>.debug_info</name>
         <load_address>0xca7d</load_address>
         <run_address>0xca7d</run_address>
         <size>0x147</size>
         <input_file_ref idref="fl-dd"/>
      </object_component>
      <object_component id="oc-95">
         <name>.debug_info</name>
         <load_address>0xcbc4</load_address>
         <run_address>0xcbc4</run_address>
         <size>0x2d4</size>
         <input_file_ref idref="fl-de"/>
      </object_component>
      <object_component id="oc-4e">
         <name>.debug_info</name>
         <load_address>0xce98</load_address>
         <run_address>0xce98</run_address>
         <size>0x1d2</size>
         <input_file_ref idref="fl-de"/>
      </object_component>
      <object_component id="oc-90">
         <name>.debug_info</name>
         <load_address>0xd06a</load_address>
         <run_address>0xd06a</run_address>
         <size>0x46</size>
         <input_file_ref idref="fl-de"/>
      </object_component>
      <object_component id="oc-cd">
         <name>.debug_info</name>
         <load_address>0xd0b0</load_address>
         <run_address>0xd0b0</run_address>
         <size>0x2c</size>
         <input_file_ref idref="fl-de"/>
      </object_component>
      <object_component id="oc-49">
         <name>.debug_info</name>
         <load_address>0xd0dc</load_address>
         <run_address>0xd0dc</run_address>
         <size>0x2a8</size>
         <input_file_ref idref="fl-df"/>
      </object_component>
      <object_component id="oc-1d">
         <name>.debug_info</name>
         <load_address>0xd384</load_address>
         <run_address>0xd384</run_address>
         <size>0x1ea</size>
         <input_file_ref idref="fl-df"/>
      </object_component>
      <object_component id="oc-44">
         <name>.debug_info</name>
         <load_address>0xd56e</load_address>
         <run_address>0xd56e</run_address>
         <size>0x46</size>
         <input_file_ref idref="fl-df"/>
      </object_component>
      <object_component id="oc-88">
         <name>.debug_info</name>
         <load_address>0xd5b4</load_address>
         <run_address>0xd5b4</run_address>
         <size>0x2c</size>
         <input_file_ref idref="fl-df"/>
      </object_component>
      <object_component id="oc-86">
         <name>.debug_info</name>
         <load_address>0xd5e0</load_address>
         <run_address>0xd5e0</run_address>
         <size>0x29e</size>
         <input_file_ref idref="fl-e0"/>
      </object_component>
      <object_component id="oc-18">
         <name>.debug_info</name>
         <load_address>0xd87e</load_address>
         <run_address>0xd87e</run_address>
         <size>0x250</size>
         <input_file_ref idref="fl-e0"/>
      </object_component>
      <object_component id="oc-34">
         <name>.debug_info</name>
         <load_address>0xdace</load_address>
         <run_address>0xdace</run_address>
         <size>0x60</size>
         <input_file_ref idref="fl-e0"/>
      </object_component>
      <object_component id="oc-c6">
         <name>.debug_info</name>
         <load_address>0xdb2e</load_address>
         <run_address>0xdb2e</run_address>
         <size>0x46</size>
         <input_file_ref idref="fl-e0"/>
      </object_component>
      <object_component id="oc-81">
         <name>.debug_info</name>
         <load_address>0xdb74</load_address>
         <run_address>0xdb74</run_address>
         <size>0x39</size>
         <input_file_ref idref="fl-e0"/>
      </object_component>
      <object_component id="oc-70">
         <name>.debug_info</name>
         <load_address>0xdbad</load_address>
         <run_address>0xdbad</run_address>
         <size>0x3b2</size>
         <input_file_ref idref="fl-e1"/>
      </object_component>
      <object_component id="oc-25">
         <name>.debug_info</name>
         <load_address>0xdf5f</load_address>
         <run_address>0xdf5f</run_address>
         <size>0x10c</size>
         <input_file_ref idref="fl-e1"/>
      </object_component>
      <object_component id="oc-375">
         <name>.debug_info</name>
         <load_address>0xe06b</load_address>
         <run_address>0xe06b</run_address>
         <size>0x13f</size>
         <input_file_ref idref="fl-e1"/>
      </object_component>
      <object_component id="oc-2ca">
         <name>.debug_info</name>
         <load_address>0xe1aa</load_address>
         <run_address>0xe1aa</run_address>
         <size>0x18e</size>
         <input_file_ref idref="fl-e1"/>
      </object_component>
      <object_component id="oc-2d0">
         <name>.debug_info</name>
         <load_address>0xe338</load_address>
         <run_address>0xe338</run_address>
         <size>0x19f</size>
         <input_file_ref idref="fl-e1"/>
      </object_component>
      <object_component id="oc-1db">
         <name>.debug_info</name>
         <load_address>0xe4d7</load_address>
         <run_address>0xe4d7</run_address>
         <size>0x203</size>
         <input_file_ref idref="fl-e1"/>
      </object_component>
      <object_component id="oc-bb">
         <name>.debug_info</name>
         <load_address>0xe6da</load_address>
         <run_address>0xe6da</run_address>
         <size>0xb2</size>
         <input_file_ref idref="fl-e1"/>
      </object_component>
      <object_component id="oc-b6">
         <name>.debug_info</name>
         <load_address>0xe78c</load_address>
         <run_address>0xe78c</run_address>
         <size>0x2c</size>
         <input_file_ref idref="fl-e1"/>
      </object_component>
      <object_component id="oc-394">
         <name>.debug_info</name>
         <load_address>0xe7b8</load_address>
         <run_address>0xe7b8</run_address>
         <size>0x289</size>
         <input_file_ref idref="fl-e2"/>
      </object_component>
      <object_component id="oc-391">
         <name>.debug_info</name>
         <load_address>0xea41</load_address>
         <run_address>0xea41</run_address>
         <size>0x10e</size>
         <input_file_ref idref="fl-e2"/>
      </object_component>
      <object_component id="oc-347">
         <name>.debug_info</name>
         <load_address>0xeb4f</load_address>
         <run_address>0xeb4f</run_address>
         <size>0x14e</size>
         <input_file_ref idref="fl-e2"/>
      </object_component>
      <object_component id="oc-28">
         <name>.debug_info</name>
         <load_address>0xec9d</load_address>
         <run_address>0xec9d</run_address>
         <size>0x10b</size>
         <input_file_ref idref="fl-e3"/>
      </object_component>
      <object_component id="oc-5e">
         <name>.debug_info</name>
         <load_address>0xeda8</load_address>
         <run_address>0xeda8</run_address>
         <size>0x1a9</size>
         <input_file_ref idref="fl-e3"/>
      </object_component>
      <object_component id="oc-41">
         <name>.debug_info</name>
         <load_address>0xef51</load_address>
         <run_address>0xef51</run_address>
         <size>0x119</size>
         <input_file_ref idref="fl-e5"/>
      </object_component>
      <object_component id="oc-2a6">
         <name>.debug_info</name>
         <load_address>0xf06a</load_address>
         <run_address>0xf06a</run_address>
         <size>0x4b3</size>
         <input_file_ref idref="fl-e6"/>
      </object_component>
      <object_component id="oc-176">
         <name>.debug_info</name>
         <load_address>0xf51d</load_address>
         <run_address>0xf51d</run_address>
         <size>0x1a6</size>
         <input_file_ref idref="fl-e6"/>
      </object_component>
      <object_component id="oc-361">
         <name>.debug_info</name>
         <load_address>0xf6c3</load_address>
         <run_address>0xf6c3</run_address>
         <size>0x39</size>
         <input_file_ref idref="fl-e6"/>
      </object_component>
      <object_component id="oc-39f">
         <name>.debug_info</name>
         <load_address>0xf6fc</load_address>
         <run_address>0xf6fc</run_address>
         <size>0x39</size>
         <input_file_ref idref="fl-e6"/>
      </object_component>
      <object_component id="oc-366">
         <name>.debug_info</name>
         <load_address>0xf735</load_address>
         <run_address>0xf735</run_address>
         <size>0x39</size>
         <input_file_ref idref="fl-e6"/>
      </object_component>
      <object_component id="oc-36b">
         <name>.debug_info</name>
         <load_address>0xf76e</load_address>
         <run_address>0xf76e</run_address>
         <size>0xcd</size>
         <input_file_ref idref="fl-e6"/>
      </object_component>
      <object_component id="oc-9d">
         <name>.debug_info</name>
         <load_address>0xf83b</load_address>
         <run_address>0xf83b</run_address>
         <size>0x153</size>
         <input_file_ref idref="fl-e7"/>
      </object_component>
      <object_component id="oc-16d">
         <name>.debug_info</name>
         <load_address>0xf98e</load_address>
         <run_address>0xf98e</run_address>
         <size>0x122</size>
         <input_file_ref idref="fl-e9"/>
      </object_component>
      <object_component id="oc-35b">
         <name>.debug_info</name>
         <load_address>0xfab0</load_address>
         <run_address>0xfab0</run_address>
         <size>0x2c9</size>
         <input_file_ref idref="fl-ea"/>
      </object_component>
      <object_component id="oc-2a0">
         <name>.debug_info</name>
         <load_address>0xfd79</load_address>
         <run_address>0xfd79</run_address>
         <size>0x11e</size>
         <input_file_ref idref="fl-ea"/>
      </object_component>
      <object_component id="oc-354">
         <name>.debug_info</name>
         <load_address>0xfe97</load_address>
         <run_address>0xfe97</run_address>
         <size>0x12e</size>
         <input_file_ref idref="fl-ea"/>
      </object_component>
      <object_component id="oc-2c4">
         <name>.debug_info</name>
         <load_address>0xffc5</load_address>
         <run_address>0xffc5</run_address>
         <size>0x3ac</size>
         <input_file_ref idref="fl-ec"/>
      </object_component>
      <object_component id="oc-1d3">
         <name>.debug_info</name>
         <load_address>0x10371</load_address>
         <run_address>0x10371</run_address>
         <size>0x2d1</size>
         <input_file_ref idref="fl-ec"/>
      </object_component>
      <object_component id="oc-1cd">
         <name>.debug_info</name>
         <load_address>0x10642</load_address>
         <run_address>0x10642</run_address>
         <size>0x260</size>
         <input_file_ref idref="fl-ec"/>
      </object_component>
      <object_component id="oc-2f2">
         <name>.debug_info</name>
         <load_address>0x108a2</load_address>
         <run_address>0x108a2</run_address>
         <size>0x26b</size>
         <input_file_ref idref="fl-ec"/>
      </object_component>
      <object_component id="oc-2e2">
         <name>.debug_info</name>
         <load_address>0x10b0d</load_address>
         <run_address>0x10b0d</run_address>
         <size>0x297</size>
         <input_file_ref idref="fl-ec"/>
      </object_component>
      <object_component id="oc-2ed">
         <name>.debug_info</name>
         <load_address>0x10da4</load_address>
         <run_address>0x10da4</run_address>
         <size>0xef</size>
         <input_file_ref idref="fl-ec"/>
      </object_component>
      <object_component id="oc-1fa">
         <name>.debug_info</name>
         <load_address>0x10e93</load_address>
         <run_address>0x10e93</run_address>
         <size>0xbb</size>
         <input_file_ref idref="fl-ec"/>
      </object_component>
      <object_component id="oc-148">
         <name>.debug_info</name>
         <load_address>0x10f4e</load_address>
         <run_address>0x10f4e</run_address>
         <size>0x22e</size>
         <input_file_ref idref="fl-ed"/>
      </object_component>
      <object_component id="oc-14d">
         <name>.debug_info</name>
         <load_address>0x1117c</load_address>
         <run_address>0x1117c</run_address>
         <size>0x216</size>
         <input_file_ref idref="fl-ed"/>
      </object_component>
      <object_component id="oc-302">
         <name>.debug_info</name>
         <load_address>0x11392</load_address>
         <run_address>0x11392</run_address>
         <size>0x3e4</size>
         <input_file_ref idref="fl-ee"/>
      </object_component>
      <object_component id="oc-2ff">
         <name>.debug_info</name>
         <load_address>0x11776</load_address>
         <run_address>0x11776</run_address>
         <size>0x164</size>
         <input_file_ref idref="fl-ee"/>
      </object_component>
      <object_component id="oc-306">
         <name>.debug_info</name>
         <load_address>0x118da</load_address>
         <run_address>0x118da</run_address>
         <size>0x2bc</size>
         <input_file_ref idref="fl-ee"/>
      </object_component>
      <object_component id="oc-30c">
         <name>.debug_info</name>
         <load_address>0x11b96</load_address>
         <run_address>0x11b96</run_address>
         <size>0x31f</size>
         <input_file_ref idref="fl-ee"/>
      </object_component>
      <object_component id="oc-222">
         <name>.debug_info</name>
         <load_address>0x11eb5</load_address>
         <run_address>0x11eb5</run_address>
         <size>0x29b</size>
         <input_file_ref idref="fl-ee"/>
      </object_component>
      <object_component id="oc-21b">
         <name>.debug_info</name>
         <load_address>0x12150</load_address>
         <run_address>0x12150</run_address>
         <size>0x289</size>
         <input_file_ref idref="fl-ee"/>
      </object_component>
      <object_component id="oc-26a">
         <name>.debug_info</name>
         <load_address>0x123d9</load_address>
         <run_address>0x123d9</run_address>
         <size>0x3b7</size>
         <input_file_ref idref="fl-ef"/>
      </object_component>
      <object_component id="oc-267">
         <name>.debug_info</name>
         <load_address>0x12790</load_address>
         <run_address>0x12790</run_address>
         <size>0x15b</size>
         <input_file_ref idref="fl-ef"/>
      </object_component>
      <object_component id="oc-33d">
         <name>.debug_info</name>
         <load_address>0x128eb</load_address>
         <run_address>0x128eb</run_address>
         <size>0x160</size>
         <input_file_ref idref="fl-ef"/>
      </object_component>
      <object_component id="oc-273">
         <name>.debug_info</name>
         <load_address>0x12a4b</load_address>
         <run_address>0x12a4b</run_address>
         <size>0x2ca</size>
         <input_file_ref idref="fl-ef"/>
      </object_component>
      <object_component id="oc-141">
         <name>.debug_info</name>
         <load_address>0x12d15</load_address>
         <run_address>0x12d15</run_address>
         <size>0x247</size>
         <input_file_ref idref="fl-ef"/>
      </object_component>
      <object_component id="oc-128">
         <name>.debug_info</name>
         <load_address>0x12f5c</load_address>
         <run_address>0x12f5c</run_address>
         <size>0x271</size>
         <input_file_ref idref="fl-ef"/>
      </object_component>
      <object_component id="oc-1ff">
         <name>.debug_info</name>
         <load_address>0x131cd</load_address>
         <run_address>0x131cd</run_address>
         <size>0x441</size>
         <input_file_ref idref="fl-f0"/>
      </object_component>
      <object_component id="oc-262">
         <name>.debug_info</name>
         <load_address>0x1360e</load_address>
         <run_address>0x1360e</run_address>
         <size>0x156</size>
         <input_file_ref idref="fl-f0"/>
      </object_component>
      <object_component id="oc-104">
         <name>.debug_info</name>
         <load_address>0x13764</load_address>
         <run_address>0x13764</run_address>
         <size>0x286</size>
         <input_file_ref idref="fl-f0"/>
      </object_component>
      <object_component id="oc-10a">
         <name>.debug_info</name>
         <load_address>0x139ea</load_address>
         <run_address>0x139ea</run_address>
         <size>0x2e4</size>
         <input_file_ref idref="fl-f0"/>
      </object_component>
      <object_component id="oc-11c">
         <name>.debug_info</name>
         <load_address>0x13cce</load_address>
         <run_address>0x13cce</run_address>
         <size>0x2be</size>
         <input_file_ref idref="fl-f0"/>
      </object_component>
      <object_component id="oc-2e9">
         <name>.debug_info</name>
         <load_address>0x13f8c</load_address>
         <run_address>0x13f8c</run_address>
         <size>0x51</size>
         <input_file_ref idref="fl-f0"/>
      </object_component>
      <object_component id="oc-260">
         <name>.debug_info</name>
         <load_address>0x13fdd</load_address>
         <run_address>0x13fdd</run_address>
         <size>0x3c7</size>
         <input_file_ref idref="fl-f1"/>
      </object_component>
      <object_component id="oc-336">
         <name>.debug_info</name>
         <load_address>0x143a4</load_address>
         <run_address>0x143a4</run_address>
         <size>0x163</size>
         <input_file_ref idref="fl-f1"/>
      </object_component>
      <object_component id="oc-339">
         <name>.debug_info</name>
         <load_address>0x14507</load_address>
         <run_address>0x14507</run_address>
         <size>0x175</size>
         <input_file_ref idref="fl-f1"/>
      </object_component>
      <object_component id="oc-123">
         <name>.debug_info</name>
         <load_address>0x1467c</load_address>
         <run_address>0x1467c</run_address>
         <size>0x2c3</size>
         <input_file_ref idref="fl-f1"/>
      </object_component>
      <object_component id="oc-26e">
         <name>.debug_info</name>
         <load_address>0x1493f</load_address>
         <run_address>0x1493f</run_address>
         <size>0x2f4</size>
         <input_file_ref idref="fl-f1"/>
      </object_component>
      <object_component id="oc-135">
         <name>.debug_info</name>
         <load_address>0x14c33</load_address>
         <run_address>0x14c33</run_address>
         <size>0x2ed</size>
         <input_file_ref idref="fl-f1"/>
      </object_component>
      <object_component id="oc-12e">
         <name>.debug_info</name>
         <load_address>0x14f20</load_address>
         <run_address>0x14f20</run_address>
         <size>0x29d</size>
         <input_file_ref idref="fl-f1"/>
      </object_component>
      <object_component id="oc-153">
         <name>.debug_info</name>
         <load_address>0x151bd</load_address>
         <run_address>0x151bd</run_address>
         <size>0x29b</size>
         <input_file_ref idref="fl-f1"/>
      </object_component>
      <object_component id="oc-13a">
         <name>.debug_info</name>
         <load_address>0x15458</load_address>
         <run_address>0x15458</run_address>
         <size>0x288</size>
         <input_file_ref idref="fl-f1"/>
      </object_component>
      <object_component id="oc-116">
         <name>.debug_info</name>
         <load_address>0x156e0</load_address>
         <run_address>0x156e0</run_address>
         <size>0x295</size>
         <input_file_ref idref="fl-f1"/>
      </object_component>
      <object_component id="oc-2fb">
         <name>.debug_info</name>
         <load_address>0x15975</load_address>
         <run_address>0x15975</run_address>
         <size>0x3cb</size>
         <input_file_ref idref="fl-f2"/>
      </object_component>
      <object_component id="oc-384">
         <name>.debug_info</name>
         <load_address>0x15d40</load_address>
         <run_address>0x15d40</run_address>
         <size>0x160</size>
         <input_file_ref idref="fl-f2"/>
      </object_component>
      <object_component id="oc-387">
         <name>.debug_info</name>
         <load_address>0x15ea0</load_address>
         <run_address>0x15ea0</run_address>
         <size>0x172</size>
         <input_file_ref idref="fl-f2"/>
      </object_component>
      <object_component id="oc-320">
         <name>.debug_info</name>
         <load_address>0x16012</load_address>
         <run_address>0x16012</run_address>
         <size>0x287</size>
         <input_file_ref idref="fl-f2"/>
      </object_component>
      <object_component id="oc-23e">
         <name>.debug_info</name>
         <load_address>0x16299</load_address>
         <run_address>0x16299</run_address>
         <size>0x288</size>
         <input_file_ref idref="fl-f2"/>
      </object_component>
      <object_component id="oc-238">
         <name>.debug_info</name>
         <load_address>0x16521</load_address>
         <run_address>0x16521</run_address>
         <size>0x2cc</size>
         <input_file_ref idref="fl-f2"/>
      </object_component>
      <object_component id="oc-232">
         <name>.debug_info</name>
         <load_address>0x167ed</load_address>
         <run_address>0x167ed</run_address>
         <size>0x298</size>
         <input_file_ref idref="fl-f2"/>
      </object_component>
      <object_component id="oc-244">
         <name>.debug_info</name>
         <load_address>0x16a85</load_address>
         <run_address>0x16a85</run_address>
         <size>0x296</size>
         <input_file_ref idref="fl-f2"/>
      </object_component>
      <object_component id="oc-22c">
         <name>.debug_info</name>
         <load_address>0x16d1b</load_address>
         <run_address>0x16d1b</run_address>
         <size>0x25a</size>
         <input_file_ref idref="fl-f2"/>
      </object_component>
      <object_component id="oc-317">
         <name>.debug_info</name>
         <load_address>0x16f75</load_address>
         <run_address>0x16f75</run_address>
         <size>0x250</size>
         <input_file_ref idref="fl-f2"/>
      </object_component>
      <object_component id="oc-311">
         <name>.debug_info</name>
         <load_address>0x171c5</load_address>
         <run_address>0x171c5</run_address>
         <size>0x252</size>
         <input_file_ref idref="fl-f2"/>
      </object_component>
      <object_component id="oc-226">
         <name>.debug_info</name>
         <load_address>0x17417</load_address>
         <run_address>0x17417</run_address>
         <size>0x32f</size>
         <input_file_ref idref="fl-f2"/>
      </object_component>
      <object_component id="oc-24a">
         <name>.debug_info</name>
         <load_address>0x17746</load_address>
         <run_address>0x17746</run_address>
         <size>0x25c</size>
         <input_file_ref idref="fl-f2"/>
      </object_component>
      <object_component id="oc-211">
         <name>.debug_info</name>
         <load_address>0x179a2</load_address>
         <run_address>0x179a2</run_address>
         <size>0x27c</size>
         <input_file_ref idref="fl-f2"/>
      </object_component>
      <object_component id="oc-250">
         <name>.debug_info</name>
         <load_address>0x17c1e</load_address>
         <run_address>0x17c1e</run_address>
         <size>0x26c</size>
         <input_file_ref idref="fl-f2"/>
      </object_component>
      <object_component id="oc-256">
         <name>.debug_info</name>
         <load_address>0x17e8a</load_address>
         <run_address>0x17e8a</run_address>
         <size>0x250</size>
         <input_file_ref idref="fl-f2"/>
      </object_component>
      <object_component id="oc-27d">
         <name>.debug_info</name>
         <load_address>0x180da</load_address>
         <run_address>0x180da</run_address>
         <size>0x21b</size>
         <input_file_ref idref="fl-f3"/>
      </object_component>
      <object_component id="oc-3e5">
         <name>.debug_info</name>
         <load_address>0x182f5</load_address>
         <run_address>0x182f5</run_address>
         <size>0xa9</size>
      </object_component>
      <object_component id="oc-1a8">
         <name>.debug_line</name>
         <load_address>0x0</load_address>
         <run_address>0x0</run_address>
         <size>0x7a</size>
         <input_file_ref idref="fl-2"/>
      </object_component>
      <object_component id="oc-159">
         <name>.debug_line</name>
         <load_address>0x7a</load_address>
         <run_address>0x7a</run_address>
         <size>0xcb</size>
         <input_file_ref idref="fl-2"/>
      </object_component>
      <object_component id="oc-7a">
         <name>.debug_line</name>
         <load_address>0x145</load_address>
         <run_address>0x145</run_address>
         <size>0x6f</size>
         <input_file_ref idref="fl-2"/>
      </object_component>
      <object_component id="oc-3c">
         <name>.debug_line</name>
         <load_address>0x1b4</load_address>
         <run_address>0x1b4</run_address>
         <size>0x20</size>
         <input_file_ref idref="fl-2"/>
      </object_component>
      <object_component id="oc-c3">
         <name>.debug_line</name>
         <load_address>0x1d4</load_address>
         <run_address>0x1d4</run_address>
         <size>0x73</size>
         <input_file_ref idref="fl-2"/>
      </object_component>
      <object_component id="oc-7f">
         <name>.debug_line</name>
         <load_address>0x247</load_address>
         <run_address>0x247</run_address>
         <size>0x70</size>
         <input_file_ref idref="fl-2"/>
      </object_component>
      <object_component id="oc-1ba">
         <name>.debug_line</name>
         <load_address>0x2b7</load_address>
         <run_address>0x2b7</run_address>
         <size>0x39</size>
         <input_file_ref idref="fl-2"/>
      </object_component>
      <object_component id="oc-1ac">
         <name>.debug_line</name>
         <load_address>0x2f0</load_address>
         <run_address>0x2f0</run_address>
         <size>0x74</size>
         <input_file_ref idref="fl-2"/>
      </object_component>
      <object_component id="oc-2c2">
         <name>.debug_line</name>
         <load_address>0x364</load_address>
         <run_address>0x364</run_address>
         <size>0x39</size>
         <input_file_ref idref="fl-3"/>
      </object_component>
      <object_component id="oc-1c9">
         <name>.debug_line</name>
         <load_address>0x39d</load_address>
         <run_address>0x39d</run_address>
         <size>0x31</size>
         <input_file_ref idref="fl-3"/>
      </object_component>
      <object_component id="oc-ed">
         <name>.debug_line</name>
         <load_address>0x3ce</load_address>
         <run_address>0x3ce</run_address>
         <size>0x172</size>
         <input_file_ref idref="fl-3"/>
      </object_component>
      <object_component id="oc-1b5">
         <name>.debug_line</name>
         <load_address>0x540</load_address>
         <run_address>0x540</run_address>
         <size>0x31</size>
         <input_file_ref idref="fl-3"/>
      </object_component>
      <object_component id="oc-2e1">
         <name>.debug_line</name>
         <load_address>0x571</load_address>
         <run_address>0x571</run_address>
         <size>0x20</size>
         <input_file_ref idref="fl-4"/>
      </object_component>
      <object_component id="oc-2db">
         <name>.debug_line</name>
         <load_address>0x591</load_address>
         <run_address>0x591</run_address>
         <size>0x3c</size>
         <input_file_ref idref="fl-4"/>
      </object_component>
      <object_component id="oc-102">
         <name>.debug_line</name>
         <load_address>0x5cd</load_address>
         <run_address>0x5cd</run_address>
         <size>0xd91</size>
         <input_file_ref idref="fl-4"/>
      </object_component>
      <object_component id="oc-167">
         <name>.debug_line</name>
         <load_address>0x135e</load_address>
         <run_address>0x135e</run_address>
         <size>0x20</size>
         <input_file_ref idref="fl-4"/>
      </object_component>
      <object_component id="oc-2d4">
         <name>.debug_line</name>
         <load_address>0x137e</load_address>
         <run_address>0x137e</run_address>
         <size>0xa2</size>
         <input_file_ref idref="fl-6"/>
      </object_component>
      <object_component id="oc-fb">
         <name>.debug_line</name>
         <load_address>0x1420</load_address>
         <run_address>0x1420</run_address>
         <size>0x141</size>
         <input_file_ref idref="fl-6"/>
      </object_component>
      <object_component id="oc-2d8">
         <name>.debug_line</name>
         <load_address>0x1561</load_address>
         <run_address>0x1561</run_address>
         <size>0x36</size>
         <input_file_ref idref="fl-6"/>
      </object_component>
      <object_component id="oc-32c">
         <name>.debug_line</name>
         <load_address>0x1597</load_address>
         <run_address>0x1597</run_address>
         <size>0x128</size>
         <input_file_ref idref="fl-7"/>
      </object_component>
      <object_component id="oc-2fd">
         <name>.debug_line</name>
         <load_address>0x16bf</load_address>
         <run_address>0x16bf</run_address>
         <size>0x2d</size>
         <input_file_ref idref="fl-7"/>
      </object_component>
      <object_component id="oc-114">
         <name>.debug_line</name>
         <load_address>0x16ec</load_address>
         <run_address>0x16ec</run_address>
         <size>0x75b</size>
         <input_file_ref idref="fl-7"/>
      </object_component>
      <object_component id="oc-2bc">
         <name>.debug_line</name>
         <load_address>0x1e47</load_address>
         <run_address>0x1e47</run_address>
         <size>0x20</size>
         <input_file_ref idref="fl-8"/>
      </object_component>
[...]
         <name>ch5</name>
         <value>0x200028a8</value>
         <object_component_ref idref="oc-dc"/>
      </symbol>
      <symbol id="sm-2d5">
         <name>ch4</name>
         <value>0x200028a4</value>
         <object_component_ref idref="oc-dc"/>
      </symbol>
      <symbol id="sm-2d6">
         <name>ch1</name>
         <value>0x200028a0</value>
         <object_component_ref idref="oc-dc"/>
      </symbol>
      <symbol id="sm-2d7">
         <name>cons_u_k</name>
         <value>0x200028f4</value>
         <object_component_ref idref="oc-dc"/>
      </symbol>
      <symbol id="sm-2d8">
         <name>cons_u_b</name>
         <value>0x200028f8</value>
         <object_component_ref idref="oc-dc"/>
      </symbol>
      <symbol id="sm-2d9">
         <name>PID</name>
         <value>0x1b39</value>
         <object_component_ref idref="oc-a2"/>
      </symbol>
      <symbol id="sm-2da">
         <name>main</name>
         <value>0x1151</value>
         <object_component_ref idref="oc-a2"/>
      </symbol>
      <symbol id="sm-2db">
         <name>I_in_U</name>
         <value>0x20002960</value>
         <object_component_ref idref="oc-dc"/>
      </symbol>
      <symbol id="sm-2dc">
         <name>protect_flag</name>
         <value>0x2000288c</value>
         <object_component_ref idref="oc-dc"/>
      </symbol>
      <symbol id="sm-2dd">
         <name>U_in_U</name>
         <value>0x20002958</value>
         <object_component_ref idref="oc-dc"/>
      </symbol>
      <symbol id="sm-2de">
         <name>Timer1AIntHandler</name>
         <value>0x1a99</value>
         <object_component_ref idref="oc-a2"/>
      </symbol>
      <symbol id="sm-2df">
         <name>cons_37_55</name>
         <value>0x200028e8</value>
         <object_component_ref idref="oc-dc"/>
      </symbol>
      <symbol id="sm-2e0">
         <name>d_kp</name>
         <value>0x200028fc</value>
         <object_component_ref idref="oc-dc"/>
      </symbol>
      <symbol id="sm-2e1">
         <name>d_ki</name>
         <value>0x20002900</value>
         <object_component_ref idref="oc-dc"/>
      </symbol>
      <symbol id="sm-2e2">
         <name>d_kd</name>
         <value>0x20002904</value>
         <object_component_ref idref="oc-dc"/>
      </symbol>
      <symbol id="sm-2e3">
         <name>udc</name>
         <value>0x200028ac</value>
         <object_component_ref idref="oc-dc"/>
      </symbol>
      <symbol id="sm-2e4">
         <name>init</name>
         <value>0x949</value>
         <object_component_ref idref="oc-a2"/>
      </symbol>
      <symbol id="sm-2e5">
         <name>I_pop</name>
         <value>0x200028c4</value>
         <object_component_ref idref="oc-dc"/>
      </symbol>
      <symbol id="sm-2e6">
         <name>U_out_dq</name>
         <value>0x20002968</value>
         <object_component_ref idref="oc-dc"/>
      </symbol>
      <symbol id="sm-2e7">
         <name>vsi_loop</name>
         <value>0x20002a30</value>
         <object_component_ref idref="oc-dc"/>
      </symbol>
      <symbol id="sm-2e8">
         <name>I_alpha_beta</name>
         <value>0x20002948</value>
         <object_component_ref idref="oc-dc"/>
      </symbol>
      <symbol id="sm-2e9">
         <name>cons_10_24</name>
         <value>0x200028c8</value>
         <object_component_ref idref="oc-dc"/>
      </symbol>
      <symbol id="sm-2ea">
         <name>cons_5_12</name>
         <value>0x200028d8</value>
         <object_component_ref idref="oc-dc"/>
      </symbol>
      <symbol id="sm-2eb">
         <name>u_rms</name>
         <value>0x20002924</value>
         <object_component_ref idref="oc-dc"/>
      </symbol>
      <symbol id="sm-2ec">
         <name>ubus_s</name>
         <value>0x200028b0</value>
         <object_component_ref idref="oc-dc"/>
      </symbol>
      <symbol id="sm-2ed">
         <name>U_now</name>
         <value>0x200028b8</value>
         <object_component_ref idref="oc-dc"/>
      </symbol>
      <symbol id="sm-2ee">
         <name>paremeter_display</name>
         <value>0x609</value>
         <object_component_ref idref="oc-a2"/>
      </symbol>
      <symbol id="sm-2ef">
         <name>model_func_pointer</name>
         <value>0x20002978</value>
         <object_component_ref idref="oc-dc"/>
      </symbol>
      <symbol id="sm-2f0">
         <name>paremeter_add</name>
         <value>0x849</value>
         <object_component_ref idref="oc-a2"/>
      </symbol>
      <symbol id="sm-2f1">
         <name>cons_100</name>
         <value>0x200028d0</value>
         <object_component_ref idref="oc-dc"/>
      </symbol>
      <symbol id="sm-2f2">
         <name>paremeter_group_flag</name>
         <value>0x2000292c</value>
         <object_component_ref idref="oc-dc"/>
      </symbol>
      <symbol id="sm-2f3">
         <name>paremeter_group_add</name>
         <value>0x5a9</value>
         <object_component_ref idref="oc-a2"/>
      </symbol>
      <symbol id="sm-2f4">
         <name>paremeter_choose_flag</name>
         <value>0x20002930</value>
         <object_component_ref idref="oc-dc"/>
      </symbol>
      <symbol id="sm-2f5">
         <name>a_last</name>
         <value>0x2000293c</value>
         <object_component_ref idref="oc-dc"/>
      </symbol>
      <symbol id="sm-2f6">
         <name>cons_512</name>
         <value>0x200028d4</value>
         <object_component_ref idref="oc-dc"/>
      </symbol>
      <symbol id="sm-2f7">
         <name>U_out_alpha_beta</name>
         <value>0x20002950</value>
         <object_component_ref idref="oc-dc"/>
      </symbol>
      <symbol id="sm-2f8">
         <name>paremeter</name>
         <value>0x20002980</value>
         <object_component_ref idref="oc-dc"/>
      </symbol>
      <symbol id="sm-2f9">
         <name>Timer0IntHandler</name>
         <value>0x1cc1</value>
         <object_component_ref idref="oc-a2"/>
      </symbol>
      <symbol id="sm-2fa">
         <name>cons_iqref</name>
         <value>0x200028e0</value>
         <object_component_ref idref="oc-dc"/>
      </symbol>
      <symbol id="sm-2fb">
         <name>paremeter_choose_add</name>
         <value>0x7e9</value>
         <object_component_ref idref="oc-a2"/>
      </symbol>
      <symbol id="sm-2fc">
         <name>cons_idref</name>
         <value>0x200028e4</value>
         <object_component_ref idref="oc-dc"/>
      </symbol>
      <symbol id="sm-2fd">
         <name>time_flag</name>
         <value>0x20002890</value>
         <object_component_ref idref="oc-dc"/>
      </symbol>
      <symbol id="sm-31a">
         <name>ResetISR</name>
         <value>0x6329</value>
         <object_component_ref idref="oc-2a"/>
      </symbol>
      <symbol id="sm-31b">
         <name>g_pfnVectors</name>
         <value>0x0</value>
         <object_component_ref idref="oc-12"/>
      </symbol>
      <symbol id="sm-330">
         <name>_IQ15div</name>
         <value>0x5ab5</value>
         <object_component_ref idref="oc-df"/>
      </symbol>
      <symbol id="sm-331">
         <name>_IQ20div</name>
         <value>0x5b45</value>
         <object_component_ref idref="oc-f2"/>
      </symbol>
      <symbol id="sm-33a">
         <name>_IQ20mpy</name>
         <value>0x63e1</value>
         <object_component_ref idref="oc-e4"/>
      </symbol>
      <symbol id="sm-347">
         <name>_IQ20sqrt</name>
         <value>0x5cbd</value>
         <object_component_ref idref="oc-1c1"/>
      </symbol>
      <symbol id="sm-34b">
         <name>isqrt_table</name>
         <value>0x4124</value>
         <object_component_ref idref="oc-2bf"/>
      </symbol>
      <symbol id="sm-377">
         <name>sqrtl</name>
         <value>0x539d</value>
         <object_component_ref idref="oc-293"/>
      </symbol>
      <symbol id="sm-378">
         <name>sqrt</name>
         <value>0x539d</value>
         <object_component_ref idref="oc-293"/>
      </symbol>
      <symbol id="sm-38f">
         <name>__aeabi_dsub</name>
         <value>0x4d6f</value>
         <object_component_ref idref="oc-1ec"/>
      </symbol>
      <symbol id="sm-390">
         <name>__aeabi_dadd</name>
         <value>0x4d79</value>
         <object_component_ref idref="oc-1ec"/>
      </symbol>
      <symbol id="sm-3a5">
         <name>__aeabi_ddiv</name>
         <value>0x54f5</value>
         <object_component_ref idref="oc-28e"/>
      </symbol>
      <symbol id="sm-3b0">
         <name>__aeabi_dmul</name>
         <value>0x5745</value>
         <object_component_ref idref="oc-20b"/>
      </symbol>
      <symbol id="sm-3ba">
         <name>__aeabi_d2iz</name>
         <value>0x5f59</value>
         <object_component_ref idref="oc-1f1"/>
      </symbol>
      <symbol id="sm-3c6">
         <name>__aeabi_d2f</name>
         <value>0x5c4f</value>
         <object_component_ref idref="oc-15e"/>
      </symbol>
      <symbol id="sm-3d0">
         <name>__aeabi_d2uiz</name>
         <value>0x602d</value>
         <object_component_ref idref="oc-201"/>
      </symbol>
      <symbol id="sm-3db">
         <name>__aeabi_f2d</name>
         <value>0x60f1</value>
         <object_component_ref idref="oc-1e7"/>
      </symbol>
      <symbol id="sm-3e5">
         <name>__aeabi_i2d</name>
         <value>0x622d</value>
         <object_component_ref idref="oc-289"/>
      </symbol>
      <symbol id="sm-3ef">
         <name>__aeabi_l2d</name>
         <value>0x60b1</value>
         <object_component_ref idref="oc-284"/>
      </symbol>
      <symbol id="sm-3f9">
         <name>__aeabi_ui2d</name>
         <value>0x62d1</value>
         <object_component_ref idref="oc-206"/>
      </symbol>
      <symbol id="sm-404">
         <name>__aeabi_ul2f</name>
         <value>0x6129</value>
         <object_component_ref idref="oc-1e2"/>
      </symbol>
      <symbol id="sm-414">
         <name>__aeabi_memset</name>
         <value>0x5bd7</value>
         <object_component_ref idref="oc-96"/>
      </symbol>
      <symbol id="sm-415">
         <name>memset</name>
         <value>0x5bdd</value>
         <object_component_ref idref="oc-96"/>
      </symbol>
      <symbol id="sm-416">
         <name>__aeabi_memset8</name>
         <value>0x5bd7</value>
         <object_component_ref idref="oc-96"/>
      </symbol>
      <symbol id="sm-417">
         <name>__aeabi_memset4</name>
         <value>0x5bd7</value>
         <object_component_ref idref="oc-96"/>
      </symbol>
      <symbol id="sm-418">
         <name>__aeabi_memclr8</name>
         <value>0x5bd5</value>
         <object_component_ref idref="oc-96"/>
      </symbol>
      <symbol id="sm-419">
         <name>__aeabi_memclr4</name>
         <value>0x5bd5</value>
         <object_component_ref idref="oc-96"/>
      </symbol>
      <symbol id="sm-41a">
         <name>__aeabi_memclr</name>
         <value>0x5bd5</value>
         <object_component_ref idref="oc-96"/>
      </symbol>
      <symbol id="sm-433">
         <name>__TI_zero_init_nomemset</name>
         <value>0x62f1</value>
         <object_component_ref idref="oc-4a"/>
      </symbol>
      <symbol id="sm-44a">
         <name>__TI_decompress_none</name>
         <value>0x641b</value>
         <object_component_ref idref="oc-1b"/>
      </symbol>
      <symbol id="sm-46d">
         <name>__TI_decompress_lzss</name>
         <value>0x5df9</value>
         <object_component_ref idref="oc-15"/>
      </symbol>
      <symbol id="sm-4c2">
         <name>_sys_memory</name>
         <value>0x20001270</value>
         <object_component_ref idref="oc-24"/>
      </symbol>
      <symbol id="sm-4c3">
         <name>free</name>
         <value>0x5935</value>
         <object_component_ref idref="oc-1d7"/>
      </symbol>
      <symbol id="sm-4d9">
         <name>__aeabi_errno_addr</name>
         <value>0x646d</value>
         <object_component_ref idref="oc-344"/>
      </symbol>
      <symbol id="sm-4da">
         <name>errno</name>
         <value>0x20002c14</value>
         <object_component_ref idref="oc-390"/>
      </symbol>
      <symbol id="sm-4ed">
         <name>__stack</name>
         <value>0x20000270</value>
         <object_component_ref idref="oc-27"/>
      </symbol>
      <symbol id="sm-4ee">
         <name>_c_int00_noargs</name>
         <value>0x61c9</value>
         <object_component_ref idref="oc-5c"/>
      </symbol>
      <symbol id="sm-50a">
         <name>memcpy</name>
         <value>0x5a19</value>
         <object_component_ref idref="oc-3e"/>
      </symbol>
      <symbol id="sm-50b">
         <name>__aeabi_memcpy</name>
         <value>0x5a19</value>
         <object_component_ref idref="oc-3e"/>
      </symbol>
      <symbol id="sm-50c">
         <name>__aeabi_memcpy8</name>
         <value>0x5a19</value>
         <object_component_ref idref="oc-3e"/>
      </symbol>
      <symbol id="sm-50d">
         <name>__aeabi_memcpy4</name>
         <value>0x5a19</value>
         <object_component_ref idref="oc-3e"/>
      </symbol>
      <symbol id="sm-535">
         <name>__TI_auto_init_nobinit_nopinit</name>
         <value>0x5fe9</value>
         <object_component_ref idref="oc-175"/>
      </symbol>
      <symbol id="sm-53f">
         <name>_system_pre_init</name>
         <value>0x4f25</value>
         <object_component_ref idref="oc-9c"/>
      </symbol>
      <symbol id="sm-54b">
         <name>C$$EXIT</name>
         <value>0x523d</value>
         <object_component_ref idref="oc-169"/>
      </symbol>
      <symbol id="sm-54c">
         <name>abort</name>
         <value>0x523d</value>
         <object_component_ref idref="oc-169"/>
      </symbol>
      <symbol id="sm-561">
         <name>_nop</name>
         <value>0x4123</value>
         <object_component_ref idref="oc-353"/>
      </symbol>
      <symbol id="sm-562">
         <name>_lock</name>
         <value>0x20002c00</value>
         <object_component_ref idref="oc-29f"/>
      </symbol>
      <symbol id="sm-563">
         <name>_unlock</name>
         <value>0x20002c04</value>
         <object_component_ref idref="oc-29f"/>
      </symbol>
      <symbol id="sm-59b">
         <name>FlashErase</name>
         <value>0x61fd</value>
         <object_component_ref idref="oc-1cb"/>
      </symbol>
      <symbol id="sm-59c">
         <name>FlashProgram</name>
         <value>0x5d29</value>
         <object_component_ref idref="oc-1d1"/>
      </symbol>
      <symbol id="sm-5b2">
         <name>FPULazyStackingEnable</name>
         <value>0x63c1</value>
         <object_component_ref idref="oc-146"/>
      </symbol>
      <symbol id="sm-5b3">
         <name>FPUEnable</name>
         <value>0x63b1</value>
         <object_component_ref idref="oc-14c"/>
      </symbol>
      <symbol id="sm-5ed">
         <name>GPIOPinConfigure</name>
         <value>0x5ec1</value>
         <object_component_ref idref="oc-219"/>
      </symbol>
      <symbol id="sm-5ee">
         <name>GPIOPinTypeUART</name>
         <value>0x6373</value>
         <object_component_ref idref="oc-21f"/>
      </symbol>
      <symbol id="sm-5ef">
         <name>GPIODirModeSet</name>
         <value>0x625b</value>
         <object_component_ref idref="oc-303"/>
      </symbol>
      <symbol id="sm-5f0">
         <name>GPIOPadConfigSet</name>
         <value>0x50d1</value>
         <object_component_ref idref="oc-309"/>
      </symbol>
      <symbol id="sm-62a">
         <name>IntEnable</name>
         <value>0x5d91</value>
         <object_component_ref idref="oc-127"/>
      </symbol>
      <symbol id="sm-62b">
         <name>IntRegister</name>
         <value>0x6161</value>
         <object_component_ref idref="oc-272"/>
      </symbol>
      <symbol id="sm-62c">
         <name>g_pfnRAMVectors</name>
         <value>0x20000000</value>
         <object_component_ref idref="oc-33c"/>
      </symbol>
      <symbol id="sm-62d">
         <name>IntMasterEnable</name>
         <value>0x63d1</value>
         <object_component_ref idref="oc-13f"/>
      </symbol>
      <symbol id="sm-680">
         <name>SysCtlClockSet</name>
         <value>0x5841</value>
         <object_component_ref idref="oc-109"/>
      </symbol>
      <symbol id="sm-681">
         <name>SysCtlDelay</name>
         <value>0x6475</value>
         <object_component_ref idref="oc-145"/>
      </symbol>
      <symbol id="sm-682">
         <name>SysCtlPeripheralEnable</name>
         <value>0x6195</value>
         <object_component_ref idref="oc-103"/>
      </symbol>
      <symbol id="sm-683">
         <name>SysCtlClockGet</name>
         <value>0x562d</value>
         <object_component_ref idref="oc-11b"/>
      </symbol>
      <symbol id="sm-6de">
         <name>TimerLoadSet</name>
         <value>0x639d</value>
         <object_component_ref idref="oc-121"/>
      </symbol>
      <symbol id="sm-6df">
         <name>TimerIntRegister</name>
         <value>0x6343</value>
         <object_component_ref idref="oc-133"/>
      </symbol>
      <symbol id="sm-6e0">
         <name>TimerEnable</name>
         <value>0x63f1</value>
         <object_component_ref idref="oc-139"/>
      </symbol>
      <symbol id="sm-6e1">
         <name>TimerIntEnable</name>
         <value>0x6453</value>
         <object_component_ref idref="oc-12d"/>
      </symbol>
      <symbol id="sm-6e2">
         <name>TimerConfigure</name>
         <value>0x5e61</value>
         <object_component_ref idref="oc-115"/>
      </symbol>
      <symbol id="sm-6e3">
         <name>TimerIntClear</name>
         <value>0x1ce5</value>
         <object_component_ref idref="oc-152"/>
      </symbol>
      <symbol id="sm-76c">
         <name>UARTFIFODisable</name>
         <value>0x643f</value>
         <object_component_ref idref="oc-22b"/>
      </symbol>
      <symbol id="sm-76d">
         <name>UARTConfigSetExpClk</name>
         <value>0x5fa1</value>
         <object_component_ref idref="oc-225"/>
      </symbol>
      <symbol id="sm-76e">
         <name>UARTDisable</name>
         <value>0x62b1</value>
         <object_component_ref idref="oc-310"/>
      </symbol>
      <symbol id="sm-76f">
         <name>UARTBusy</name>
         <value>0x645b</value>
         <object_component_ref idref="oc-255"/>
      </symbol>
      <symbol id="sm-770">
         <name>UARTIntEnable</name>
         <value>0x6463</value>
         <object_component_ref idref="oc-231"/>
      </symbol>
      <symbol id="sm-771">
         <name>UARTCharsAvail</name>
         <value>0x640d</value>
         <object_component_ref idref="oc-249"/>
      </symbol>
      <symbol id="sm-772">
         <name>UARTCharGetNonBlocking</name>
         <value>0x63ff</value>
         <object_component_ref idref="oc-24f"/>
      </symbol>
      <symbol id="sm-773">
         <name>UARTCharPut</name>
         <value>0x6435</value>
         <object_component_ref idref="oc-210"/>
      </symbol>
      <symbol id="sm-774">
         <name>UARTEnable</name>
         <value>0x6389</value>
         <object_component_ref idref="oc-316"/>
      </symbol>
      <symbol id="sm-775">
         <name>UARTIntClear</name>
         <value>0x4925</value>
         <object_component_ref idref="oc-243"/>
      </symbol>
      <symbol id="sm-776">
         <name>UARTIntStatus</name>
         <value>0x6449</value>
         <object_component_ref idref="oc-23d"/>
      </symbol>
      <symbol id="sm-777">
         <name>UARTIntRegister</name>
         <value>0x635b</value>
         <object_component_ref idref="oc-237"/>
      </symbol>
      <symbol id="sm-781">
         <name>CPUcpsie</name>
         <value>0x6429</value>
         <object_component_ref idref="oc-27a"/>
      </symbol>
      <symbol id="sm-782">
         <name>__TI_static_base__</name>
         <value>0x0</value>
      </symbol>
      <symbol id="sm-785">
         <name>__mpu_init</name>
         <value>0x0</value>
      </symbol>
      <symbol id="sm-786">
         <name>_system_post_cinit</name>
         <value>0x0</value>
      </symbol>
   </symbol_table>
   <title>Link successful</title>
</link_info>
